W/Resources(   38): Preloaded drawable resource #0x108027b (android:drawable/fastscroll_track_default_holo_dark) that varies with configuration!!
W/Resources(   38): Preloaded drawable resource #0x1080274 (android:drawable/fastscroll_label_left_holo_dark) that varies with configuration!!
D/dalvikvm(   38): GC_EXPLICIT freed 74K, 26% free 2358K/3156K, paused 3ms+3ms, total 89ms
W/Resources(   38): Preloaded drawable resource #0x1080276 (android:drawable/fastscroll_label_right_holo_dark) that varies with configuration!!
D/dalvikvm(   38): GC_EXPLICIT freed 50K, 26% free 2357K/3156K, paused 2ms+3ms, total 129ms
W/Resources(   38): Preloaded drawable resource #0x1080280 (android:drawable/fastscroll_track_pressed_holo_light) that varies with configuration!!
W/Resources(   38): Preloaded drawable resource #0x108027c (android:drawable/fastscroll_track_default_holo_light) that varies with configuration!!
W/Resources(   38): Preloaded drawable resource #0x108027c (android:drawable/fastscroll_track_default_holo_light) that varies with configuration!!
W/Resources(   38): Preloaded drawable resource #0x1080280 (android:drawable/fastscroll_track_pressed_holo_light) that varies with configuration!!
W/Resources(   38): Preloaded drawable resource #0x108027c (android:drawable/fastscroll_track_default_holo_light) that varies with configuration!!
W/Resources(   38): Preloaded drawable resource #0x1080275 (android:drawable/fastscroll_label_left_holo_light) that varies with configuration!!
D/dalvikvm(   38): GC_EXPLICIT freed 57K, 26% free 2359K/3156K, paused 2ms+5ms, total 87ms
W/Resources(   38): Preloaded drawable resource #0x1080277 (android:drawable/fastscroll_label_right_holo_light) that varies with configuration!!
D/dalvikvm(   38): GC_EXPLICIT freed 50K, 26% free 2358K/3156K, paused 3ms+3ms, total 128ms
W/Resources(   38): Preloaded drawable resource #0x1080259 (android:drawable/editbox_dropdown_background_dark) that varies with configuration!!
W/Resources(   38): Preloaded drawable resource #0x10805f8 (android:drawable/textfield_search_selected_holo_dark) that varies with configuration!!
W/Resources(   38): Preloaded drawable resource #0x10805ec (android:drawable/textfield_search_default_holo_dark) that varies with configuration!!
W/Resources(   38): Preloaded drawable resource #0x10805ec (android:drawable/textfield_search_default_holo_dark) that varies with configuration!!
W/Resources(   38): Preloaded drawable resource #0x10805f5 (android:drawable/textfield_search_right_selected_holo_dark) that varies with configuration!!
W/Resources(   38): Preloaded drawable resource #0x10805f3 (android:drawable/textfield_search_right_default_holo_dark) that varies with configuration!!
W/Resources(   38): Preloaded drawable resource #0x10805f3 (android:drawable/textfield_search_right_default_holo_dark) that varies with configuration!!
W/Resources(   38): Preloaded drawable resource #0x10805f9 (android:drawable/textfield_search_selected_holo_light) that varies with configuration!!
W/Resources(   38): Preloaded drawable resource #0x10805ed (android:drawable/textfield_search_default_holo_light) that varies with configuration!!
W/Resources(   38): Preloaded drawable resource #0x10805ed (android:drawable/textfield_search_default_holo_light) that varies with configuration!!
W/Resources(   38): Preloaded drawable resource #0x10805f6 (android:drawable/textfield_search_right_selected_holo_light) that varies with configuration!!
W/Resources(   38): Preloaded drawable resource #0x10805f4 (android:drawable/textfield_search_right_default_holo_light) that varies with configuration!!
W/Resources(   38): Preloaded drawable resource #0x10805f4 (android:drawable/textfield_search_right_default_holo_light) that varies with configuration!!
W/Resources(   38): Preloaded drawable resource #0x10805f8 (android:drawable/textfield_search_selected_holo_dark) that varies with configuration!!
W/Resources(   38): Preloaded drawable resource #0x10805ec (android:drawable/textfield_search_default_holo_dark) that varies with configuration!!
W/Resources(   38): Preloaded drawable resource #0x10805f5 (android:drawable/textfield_search_right_selected_holo_dark) that varies with configuration!!
W/Resources(   38): Preloaded drawable resource #0x10805f3 (android:drawable/textfield_search_right_default_holo_dark) that varies with configuration!!
W/Resources(   38): Preloaded drawable resource #0x10805f9 (android:drawable/textfield_search_selected_holo_light) that varies with configuration!!
W/Resources(   38): Preloaded drawable resource #0x10805ed (android:drawable/textfield_search_default_holo_light) that varies with configuration!!
W/Resources(   38): Preloaded drawable resource #0x10805f6 (android:drawable/textfield_search_right_selected_holo_light) that varies with configuration!!
W/Resources(   38): Preloaded drawable resource #0x10805f4 (android:drawable/textfield_search_right_default_holo_light) that varies with configuration!!
D/dalvikvm(   38): GC_EXPLICIT freed 47K, 26% free 2364K/3156K, paused 12ms+14ms, total 98ms
W/Resources(   38): Preloaded drawable resource #0x10805c1 (android:drawable/tab_unselected_holo) that varies with configuration!!
W/Resources(   38): Preloaded drawable resource #0x10805bc (android:drawable/tab_selected_holo) that varies with configuration!!
W/Resources(   38): Preloaded drawable resource #0x10805c0 (android:drawable/tab_unselected_focused_holo) that varies with configuration!!
W/Resources(   38): Preloaded drawable resource #0x10805bb (android:drawable/tab_selected_focused_holo) that varies with configuration!!
W/Resources(   38): Preloaded drawable resource #0x10805c2 (android:drawable/tab_unselected_pressed_holo) that varies with configuration!!
W/Resources(   38): Preloaded drawable resource #0x10805bd (android:drawable/tab_selected_pressed_holo) that varies with configuration!!
W/Resources(   38): Preloaded drawable resource #0x10805c2 (android:drawable/tab_unselected_pressed_holo) that varies with configuration!!
W/Resources(   38): Preloaded drawable resource #0x10805bd (android:drawable/tab_selected_pressed_holo) that varies with configuration!!
W/Resources(   38): Preloaded drawable resource #0x10805bd (android:drawable/tab_selected_pressed_holo) that varies with configuration!!
W/Resources(   38): Preloaded drawable resource #0x10805c1 (android:drawable/tab_unselected_holo) that varies with configuration!!
W/Resources(   38): Preloaded drawable resource #0x10805bc (android:drawable/tab_selected_holo) that varies with configuration!!
W/Resources(   38): Preloaded drawable resource #0x10805c0 (android:drawable/tab_unselected_focused_holo) that varies with configuration!!
W/Resources(   38): Preloaded drawable resource #0x10805bb (android:drawable/tab_selected_focused_holo) that varies with configuration!!
W/Resources(   38): Preloaded drawable resource #0x10805c2 (android:drawable/tab_unselected_pressed_holo) that varies with configuration!!
W/Resources(   38): Preloaded drawable resource #0x10805bd (android:drawable/tab_selected_pressed_holo) that varies with configuration!!
W/Resources(   38): Preloaded drawable resource #0x10804a5 (android:drawable/quickcontact_badge_overlay_pressed_dark) that varies with configuration!!
W/Resources(   38): Preloaded drawable resource #0x10804a0 (android:drawable/quickcontact_badge_overlay_focused_dark) that varies with configuration!!
W/Resources(   38): Preloaded drawable resource #0x10804a3 (android:drawable/quickcontact_badge_overlay_normal_dark) that varies with configuration!!
W/Resources(   38): Preloaded drawable resource #0x10804a3 (android:drawable/quickcontact_badge_overlay_normal_dark) that varies with configuration!!
W/Resources(   38): Preloaded drawable resource #0x10804a3 (android:drawable/quickcontact_badge_overlay_normal_dark) that varies with configuration!!
D/dalvikvm(   38): GC_EXPLICIT freed 56K, 26% free 2365K/3156K, paused 2ms+3ms, total 50ms
W/Resources(   38): Preloaded drawable resource #0x10804a5 (android:drawable/quickcontact_badge_overlay_pressed_dark) that varies with configuration!!
W/Resources(   38): Preloaded drawable resource #0x10804a6 (android:drawable/quickcontact_badge_overlay_pressed_light) that varies with configuration!!
W/Resources(   38): Preloaded drawable resource #0x10804a1 (android:drawable/quickcontact_badge_overlay_focused_light) that varies with configuration!!
W/Resources(   38): Preloaded drawable resource #0x10804a4 (android:drawable/quickcontact_badge_overlay_normal_light) that varies with configuration!!
W/Resources(   38): Preloaded drawable resource #0x10804a4 (android:drawable/quickcontact_badge_overlay_normal_light) that varies with configuration!!
W/Resources(   38): Preloaded drawable resource #0x10804a4 (android:drawable/quickcontact_badge_overlay_normal_light) that varies with configuration!!
W/Resources(   38): Preloaded drawable resource #0x10804a6 (android:drawable/quickcontact_badge_overlay_pressed_light) that varies with configuration!!
I/Zygote  (   38): ...preloaded 270 resources in 9299ms.
D/dalvikvm(   38): GC_EXPLICIT freed 48K, 25% free 2369K/3156K, paused 2ms+4ms, total 32ms
I/Zygote  (   38): ...preloaded 31 resources in 80ms.
D/dalvikvm(   38): GC_EXPLICIT freed 9K, 25% free 2377K/3156K, paused 2ms+4ms, total 32ms
D/dalvikvm(   38): GC_EXPLICIT freed 7K, 25% free 2369K/3156K, paused 2ms+3ms, total 46ms
D/dalvikvm(   38): GC_EXPLICIT freed <1K, 25% free 2369K/3156K, paused 2ms+3ms, total 30ms
I/dalvikvm(   38): System server process 295 has been created
I/Zygote  (   38): Accepting command socket connections
E/BatteryService(  295): usbOnlinePath not found
E/BatteryService(  295): wirelessOnlinePath not found
E/BatteryService(  295): batteryVoltagePath not found
E/BatteryService(  295): batteryTemperaturePath not found
I/sysproc (  295): Entered system_init()
I/sysproc (  295): ServiceManager: 0x2a183dd0
D/SensorService(  295): nuSensorService starting...
I/SensorService(  295): Goldfish 3-axis Accelerometer
I/SensorService(  295): Goldfish 3-axis Magnetic field sensor
I/SensorService(  295): Goldfish Orientation sensor
I/SensorService(  295): Goldfish Temperature sensor
I/SensorService(  295): Goldfish Proximity sensor
I/sysproc (  295): System server: starting Android runtime.
I/sysproc (  295): System server: starting Android services.
I/SystemServer(  295): Entered the Android system server!
D/SensorService(  295): nuSensorService thread starting...
I/sysproc (  295): System server: entering thread pool.
I/SystemServer(  295): Waiting for installd to be ready.
I/Installer(  295): connecting...
I/SystemServer(  295): Enabled StrictMode logging for UI Looper
I/SystemServer(  295): Enabled StrictMode logging for WM Looper
I/installd(   41): new connection
I/SystemServer(  295): Entropy Mixer
I/SystemServer(  295): Power Manager
E/PowerManagerService-JNI(  295): Couldn't load power module (No such file or directory)
I/SystemServer(  295): Activity Manager
I/ActivityManager(  295): Memory class: 48
W/UsageStats(  295): Usage stats version changed; dropping
I/ActivityManager(  295): Enabled StrictMode logging for AThread's Looper
I/SystemServer(  295): Display Manager
E/SurfaceFlinger(   37): ro.sf.lcd_density must be defined as a build property
I/DisplayManagerService(  295): Display device added: DisplayDeviceInfo{"Built-in Screen": 480 x 800, 260.416 fps, density 240, 240.0 x 240.0 dpi, touch INTERNAL, FLAG_DEFAULT_DISPLAY, FLAG_ROTATES_WITH_CONTENT, FLAG_SECURE, FLAG_SUPPORTS_PROTECTED_BUFFERS, rotation 0, type BUILT_IN, address null}
I/SystemServer(  295): Telephony Registry
I/SystemServer(  295): Scheduling Policy
I/SystemServer(  295): Package Manager
D/dalvikvm(  295): GC_CONCURRENT freed 314K, 14% free 2546K/2928K, paused 78ms+3ms, total 369ms
D/dalvikvm(  295): WAIT_FOR_CONCURRENT_GC blocked 12ms
W/PackageManager(  295): Running ENG build: no pre-dexopt!
D/dalvikvm(  295): GC_CONCURRENT freed 271K, 11% free 2695K/3028K, paused 4ms+45ms, total 212ms
D/dalvikvm(  295): GC_CONCURRENT freed 134K, 7% free 2978K/3172K, paused 5ms+7ms, total 197ms
W/PackageParser(  295): No actions in intent filter at /system/app/Contacts.apk Binary XML file line #533
D/dalvikvm(  295): GC_CONCURRENT freed 244K, 9% free 3144K/3448K, paused 8ms+4ms, total 79ms
D/dalvikvm(  295): GC_CONCURRENT freed 206K, 8% free 3346K/3612K, paused 5ms+5ms, total 108ms
W/PackageManager(  295): Package com.android.camera desires unavailable shared library com.google.android.media.effects; ignoring!
D/PackageManager(  295): No files in app dir /vendor/app
D/dalvikvm(  295): GC_CONCURRENT freed 216K, 8% free 3581K/3860K, paused 4ms+14ms, total 92ms
W/PackageParser(  295): No actions in intent filter at /data/app/ApiDemos.apk Binary XML file line #2737
W/PackageParser(  295): No actions in intent filter at /data/app/ApiDemos.apk Binary XML file line #2743
W/PackageManager(  295): Package com.example.android.apis desires unavailable shared library com.example.will.never.exist; ignoring!
I/PackageManager(  295): Time to scan packages: 4.666 seconds
W/PackageManager(  295): Unknown permission com.google.android.googleapps.permission.GOOGLE_AUTH.mail in package com.android.contacts
W/PackageManager(  295): Unknown permission android.permission.ADD_SYSTEM_SERVICE in package com.android.phone
W/PackageManager(  295): Unknown permission com.android.smspush.WAPPUSH_MANAGER_BIND in package com.android.phone
W/PackageManager(  295): Unknown permission com.google.android.googleapps.permission.GOOGLE_AUTH in package com.android.providers.calendar
W/PackageManager(  295): Unknown permission com.google.android.googleapps.permission.GOOGLE_AUTH.cl in package com.android.providers.calendar
W/PackageManager(  295): Unknown permission com.google.android.googleapps.permission.GOOGLE_AUTH.mail in package com.android.calendar
W/PackageManager(  295): Not granting permission android.permission.SEND_DOWNLOAD_COMPLETED_INTENTS to package com.android.browser (protectionLevel=2 flags=0x9be45)
W/PackageManager(  295): Not granting permission android.permission.BIND_APPWIDGET to package com.android.widgetpreview (protectionLevel=18 flags=0x8be44)
W/PackageManager(  295): Unknown permission com.google.android.googleapps.permission.GOOGLE_AUTH in package com.android.settings
W/PackageManager(  295): Unknown permission com.google.android.gallery3d.permission.GALLERY_PROVIDER in package com.android.exchange
W/PackageManager(  295): Unknown permission com.google.android.googleapps.permission.ACCESS_GOOGLE_PASSWORD in package com.android.development
W/PackageManager(  295): Unknown permission com.google.android.googleapps.permission.GOOGLE_AUTH in package com.android.development
W/PackageManager(  295): Unknown permission com.google.android.googleapps.permission.GOOGLE_AUTH.ALL_SERVICES in package com.android.development
W/PackageManager(  295): Unknown permission com.google.android.googleapps.permission.GOOGLE_AUTH.YouTubeUser in package com.android.development
W/PackageManager(  295): Unknown permission com.google.android.gallery3d.permission.GALLERY_PROVIDER in package com.android.email
W/PackageManager(  295): Not granting permission android.permission.DEVICE_POWER to package com.android.deskclock (protectionLevel=2 flags=0x8be45)
D/dalvikvm(  295): GC_CONCURRENT freed 234K, 8% free 3743K/4036K, paused 5ms+5ms, total 112ms
D/dalvikvm(  295): GC_EXPLICIT freed 221K, 11% free 3623K/4068K, paused 3ms+63ms, total 256ms
I/SystemServer(  295): User Service
I/SystemServer(  295): Account Manager
I/SystemServer(  295): Content Manager
I/SystemServer(  295): System Content Providers
I/SystemServer(  295): Lights Service
I/SystemServer(  295): Battery Service
I/SystemServer(  295): Vibrator Service
I/libsuspend(  295): Selected early suspend
I/libsuspend(  295): Starting early suspend unblocker thread
D/PermissionCache(   37): checking android.permission.ACCESS_SURFACE_FLINGER for uid=1000 => granted (2333 us)
D/SurfaceFlinger(   37): Screen acquired, type=0 flinger=0x2a007318
D/SurfaceFlinger(   37):  screen was previously acquired
I/SystemServer(  295): Alarm Manager
D/AlarmManagerService(  295): Kernel timezone updated to 0 minutes west of GMT
I/SystemServer(  295): Init Watchdog
I/SystemServer(  295): Input Manager
I/InputManager(  295): Initializing input manager, mUseDevInputEventForAudioJack=false
I/SystemServer(  295): Window Manager
E/SoundPool(  295): error loading /system/media/audio/ui/Lock.ogg
W/KeyguardViewMediator(  295): failed to load lock sound from /system/media/audio/ui/Lock.ogg
E/SoundPool(  295): error loading /system/media/audio/ui/Unlock.ogg
W/KeyguardViewMediator(  295): failed to load unlock sound from /system/media/audio/ui/Unlock.ogg
I/InputManager(  295): Starting input manager
I/SystemServer(  295): No Bluetooh Service (emulator)
I/SystemServer(  295): Input Method Service
W/InputMethodManagerService(  295): Couldn't create dir.: /data/system/inputmethod
I/EventHub(  295): New device: id=1, fd=89, path='/dev/input/event0', name='qwerty2', classes=0x2d, configuration='/system/usr/idc/qwerty2.idc', keyLayout='/system/usr/keylayout/qwerty.kl', keyCharacterMap='/system/usr/keychars/qwerty2.kcm', builtinKeyboard=true, usingSuspendBlockIoctl=false, usingClockIoctl=false
E/EventHub(  295): could not get driver version for /dev/input/mouse0, Not a typewriter
E/EventHub(  295): could not get driver version for /dev/input/mice, Not a typewriter
I/InputReader(  295): Device added: id=-1, name='Virtual', sources=0x00000301
I/InputReader(  295):   Touch device 'qwerty2' could not query the properties of its associated display.  The device will be inoperable until the display size becomes available.
I/InputReader(  295): Device added: id=0, name='qwerty2', sources=0x00011307
E/Trace   (  295): error opening trace file: No such file or directory (2)
D/dalvikvm(  295): GC_CONCURRENT freed 296K, 9% free 3834K/4204K, paused 46ms+5ms, total 518ms
D/dalvikvm(  295): WAIT_FOR_CONCURRENT_GC blocked 263ms
I/SystemServer(  295): Accessibility Manager
I/ActivityManager(  295): Config changes=15f8 {1.0 ?mcc?mnc en_US ldltr sw320dp w320dp h508dp 240dpi nrml long port ?uimode ?night finger -keyb/v/h tball/v s.2}
I/InputReader(  295): Reconfiguring input devices.  changes=0x00000004
I/InputReader(  295): Device reconfigured: id=0, name='qwerty2', size 480x800, orientation 0, mode 1, display id 0
I/InputReader(  295): Reconfiguring input devices.  changes=0x00000004
I/InputReader(  295): Device reconfigured: id=0, name='qwerty2', size 480x800, orientation 0, mode 1, display id 0
I/SystemServer(  295): Mount Service
D/MountService(  295): got storage path: /mnt/sdcard description: USB storage primary: true removable: false emulated: false mtpReserve: 0 allowMassStorage: false maxFileSize: 0
D/MountService(  295): addVolumeLocked() StorageVolume [mStorageId=0 mPath=/mnt/sdcard mDescriptionId=17040615 mPrimary=true mRemovable=false mEmulated=false mMtpReserveSpace=0 mAllowMassStorage=false mMaxFileSize=0 mOwner=null]
I/SystemServer(  295): LockSettingsService
I/SystemServer(  295): Device Policy
I/SystemServer(  295): Status Bar
D/dalvikvm(  295): GREF has increased to 201
D/MountService(  295): volume state changed for /mnt/sdcard (null -> unmounted)
I/PackageManager(  295): Updating external media status from unmounted to unmounted
W/MountService(  295): getSecureContainerList() called when storage not mounted
I/PackageManager(  295): No secure containers on sdcard
W/PackageManager(  295): Unknown permission com.google.android.googleapps.permission.GOOGLE_AUTH.mail in package com.android.contacts
W/PackageManager(  295): Unknown permission android.permission.ADD_SYSTEM_SERVICE in package com.android.phone
W/PackageManager(  295): Unknown permission com.android.smspush.WAPPUSH_MANAGER_BIND in package com.android.phone
W/PackageManager(  295): Unknown permission com.google.android.googleapps.permission.GOOGLE_AUTH in package com.android.providers.calendar
W/PackageManager(  295): Unknown permission com.google.android.googleapps.permission.GOOGLE_AUTH.cl in package com.android.providers.calendar
W/PackageManager(  295): Unknown permission com.google.android.googleapps.permission.GOOGLE_AUTH.mail in package com.android.calendar
W/PackageManager(  295): Not granting permission android.permission.SEND_DOWNLOAD_COMPLETED_INTENTS to package com.android.browser (protectionLevel=2 flags=0x89be45)
W/PackageManager(  295): Not granting permission android.permission.BIND_APPWIDGET to package com.android.widgetpreview (protectionLevel=18 flags=0x8be44)
W/PackageManager(  295): Unknown permission com.google.android.googleapps.permission.GOOGLE_AUTH in package com.android.settings
W/PackageManager(  295): Unknown permission com.google.android.gallery3d.permission.GALLERY_PROVIDER in package com.android.exchange
W/PackageManager(  295): Unknown permission com.google.android.googleapps.permission.ACCESS_GOOGLE_PASSWORD in package com.android.development
W/PackageManager(  295): Unknown permission com.google.android.googleapps.permission.GOOGLE_AUTH in package com.android.development
W/PackageManager(  295): Unknown permission com.google.android.googleapps.permission.GOOGLE_AUTH.ALL_SERVICES in package com.android.development
W/PackageManager(  295): Unknown permission com.google.android.googleapps.permission.GOOGLE_AUTH.YouTubeUser in package com.android.development
W/PackageManager(  295): Unknown permission com.google.android.gallery3d.permission.GALLERY_PROVIDER in package com.android.email
W/PackageManager(  295): Not granting permission android.permission.DEVICE_POWER to package com.android.deskclock (protectionLevel=2 flags=0x88be45)
I/SystemServer(  295): Clipboard Service
I/SystemServer(  295): NetworkManagement Service
I/SystemServer(  295): Text Service Manager Service
D/dalvikvm(  295): GC_CONCURRENT freed 282K, 9% free 3947K/4300K, paused 54ms+3ms, total 104ms
I/SystemServer(  295): NetworkStats Service
I/SystemServer(  295): NetworkPolicy Service
I/SystemServer(  295): Wi-Fi P2pService
I/SystemServer(  295): Wi-Fi Service
E/CommandListener(   34): Failed to open /proc/sys/net/ipv6/conf/wlan0/disable_ipv6: No such file or directory
E/WifiStateMachine(  295): Failed to disable IPv6: java.lang.IllegalStateException: command '1 interface ipv6 wlan0 disable' failed with '400 1 Failed to change IPv6 state (No such file or directory)'
I/SystemServer(  295): Connectivity Service
D/ConnectivityService(  295): ConnectivityService starting up
E/MobileDataStateTracker(  295): default: Ignoring feature request because could not acquire PhoneService
E/MobileDataStateTracker(  295): default: Could not enable APN type "default"
I/WifiService(  295): WifiService starting up with Wi-Fi disabled
I/SystemServer(  295): Network Service Discovery Service
D/NsdService(  295): Network service discovery enabled true
I/SystemServer(  295): Throttle Service
I/SystemServer(  295): UpdateLock Service
I/SystemServer(  295): Notification Manager
I/SystemServer(  295): Device Storage Monitor
I/SystemServer(  295): Location Manager
I/SystemServer(  295): Country Detector
I/SystemServer(  295): Search Service
I/SystemServer(  295): DropBox Service
I/SystemServer(  295): Wallpaper Service
I/SystemServer(  295): Audio Service
D/dalvikvm(  295): GC_CONCURRENT freed 236K, 7% free 4196K/4492K, paused 4ms+5ms, total 249ms
I/SystemServer(  295): Dock Observer
W/DockObserver(  295): This kernel does not have dock station support
I/SystemServer(  295): Wired Accessory Manager
W/WiredAccessoryManager(  295): This kernel does not have wired headset support
W/WiredAccessoryManager(  295): This kernel does not have usb audio support
W/WiredAccessoryManager(  295): This kernel does not have HDMI audio support
I/SystemServer(  295): USB Service
I/SystemServer(  295): Serial Service
I/SystemServer(  295): Twilight Service
I/SystemServer(  295): UI Mode Manager Service
I/SystemServer(  295): Backup Service
V/BackupManagerService(  295): No ancestral data
I/BackupManagerService(  295): Found stale backup journal, scheduling
I/BackupManagerService(  295):   android
I/BackupManagerService(  295):   com.android.browser
I/BackupManagerService(  295):   com.android.calendar
I/BackupManagerService(  295):   com.android.inputmethod.latin
I/BackupManagerService(  295):   com.android.providers.settings
I/BackupManagerService(  295):   com.android.providers.userdictionary
I/BackupManagerService(  295):   com.android.sharedstoragebackup
I/BackupManagerService(  295): Backup enabled => true
I/SystemServer(  295): AppWidget Service
I/SystemServer(  295): Recognition Service
I/SystemServer(  295): DiskStats Service
I/SystemServer(  295): SamplingProfiler Service
I/SystemServer(  295): NetworkTimeUpdateService
I/SystemServer(  295): CommonTimeManagementService
I/SystemServer(  295): CertBlacklister
I/SystemServer(  295): Dreams Service
I/WindowManager(  295): SAFE MODE not enabled
D/dalvikvm(  295): JIT started for system_server
D/dalvikvm(  295): GC_CONCURRENT freed 354K, 9% free 4280K/4696K, paused 5ms+7ms, total 364ms
I/ActivityManager(  295): System now ready
I/SystemServer(  295): Making services ready
I/Zygote  (  295): Process: zygote socket opened
I/ActivityManager(  295): Start proc com.android.systemui for service com.android.systemui/.SystemUIService: pid=364 uid=10034 gids={50034, 1028, 1015, 3002, 3001}
I/Vold    (   32): /dev/block/vold/179:0 being considered for volume sdcard
D/Vold    (   32): Volume sdcard state changing 1 (Idle-Unmounted) -> 3 (Checking)
I//system/bin/fsck_msdos(   32): ** /dev/block/vold/179:0
D/MountService(  295): volume state changed for /mnt/sdcard (unmounted -> checking)
D/MountService(  295): sendStorageIntent Intent { act=android.intent.action.MEDIA_CHECKING dat=file:///mnt/sdcard (has extras) } to UserHandle{-1}
D/NetworkManagementService(  295): not enabling bandwidth control
I/keystore(   42): uid: 1000 action: e -> 7 state: 3 -> 3 retry: 4
W/NetworkStats(  295): bandwidth controls disabled, unable to track stats
W/NetworkPolicy(  295): bandwidth controls disabled, unable to enforce policy
I/keystore(   42): uid: 1000 action: e -> 7 state: 3 -> 3 retry: 4
I/ActivityManager(  295): Config changes=200 {1.0 ?mcc?mnc en_US ldltr sw320dp w320dp h508dp 240dpi nrml long port finger -keyb/v/h tball/v s.3}
W/RecognitionManagerService(  295): no available voice recognition services found for user 0
I//system/bin/fsck_msdos(   32): ** Phase 1 - Read and Compare FATs
I//system/bin/fsck_msdos(   32): Attempting to allocate 2044 KB for FAT
E/Trace   (  364): error opening trace file: No such file or directory (2)
D/dalvikvm(  295): GC_CONCURRENT freed 80K, 5% free 4635K/4840K, paused 5ms+41ms, total 205ms
D/dalvikvm(  295): WAIT_FOR_CONCURRENT_GC blocked 194ms
D/SystemUIService(  364): loading: class com.android.systemui.statusbar.phone.PhoneStatusBar
D/SystemUIService(  364): running: com.android.systemui.statusbar.phone.PhoneStatusBar@40cd4458
W/InputMethodManagerService(  295): Ignoring setImeWindowStatus of uid 1000 token: null
I/StatusBarManagerService(  295): registerStatusBar bar=com.android.internal.statusbar.IStatusBar$Stub$Proxy@40f57938
W/InputMethodManagerService(  295): Found no subtypes in a system IME: com.android.inputmethod.pinyin
I/ActivityManager(  295): Start proc com.android.inputmethod.latin for service com.android.inputmethod.latin/.LatinIME: pid=396 uid=10010 gids={50010, 1028}
I/CommonTimeManagementService(  295): No common time service detected on this platform.  Common time services will be unavailable.
D/dalvikvm(  295): GC_CONCURRENT freed 320K, 8% free 4881K/5268K, paused 74ms+35ms, total 552ms
D/dalvikvm(  295): WAIT_FOR_CONCURRENT_GC blocked 261ms
D/dalvikvm(  295): WAIT_FOR_CONCURRENT_GC blocked 260ms
D/dalvikvm(  295): WAIT_FOR_CONCURRENT_GC blocked 209ms
D/dalvikvm(  295): WAIT_FOR_CONCURRENT_GC blocked 177ms
D/dalvikvm(  295): WAIT_FOR_CONCURRENT_GC blocked 273ms
D/dalvikvm(  295): WAIT_FOR_CONCURRENT_GC blocked 272ms
D/dalvikvm(  295): WAIT_FOR_CONCURRENT_GC blocked 259ms
E/Trace   (  396): error opening trace file: No such file or directory (2)
D/dalvikvm(  295): GC_FOR_ALLOC freed 29K, 8% free 5085K/5476K, paused 781ms, total 783ms
D/dalvikvm(  364): GC_FOR_ALLOC freed 90K, 6% free 2664K/2816K, paused 248ms, total 297ms
I/dalvikvm-heap(  364): Grow heap (frag case) to 3.263MB for 635812-byte allocation
D/dalvikvm(  295): WAIT_FOR_CONCURRENT_GC blocked 1490ms
D/dalvikvm(  364): GC_CONCURRENT freed 5K, 5% free 3280K/3440K, paused 15ms+2ms, total 92ms
D/dalvikvm(  364): WAIT_FOR_CONCURRENT_GC blocked 47ms
I/ActivityManager(  295): Start proc com.android.phone for added application com.android.phone: pid=415 uid=1001 gids={41001, 3002, 3001, 3003, 1015, 1028}
I/LocationBlacklist(  295): whitelist: []
I/LocationBlacklist(  295): blacklist: []
I/ActivityManager(  295): START u0 {act=android.intent.action.MAIN cat=[android.intent.category.HOME] flg=0x10000000 cmp=com.android.launcher/com.android.launcher2.Launcher} from pid 0
I/InputReader(  295): Reconfiguring input devices.  changes=0x00000020
I/InputReader(  295): Reconfiguring input devices.  changes=0x00000010
I/ActivityManager(  295): Start proc com.android.launcher for activity com.android.launcher/com.android.launcher2.Launcher: pid=425 uid=10020 gids={50020, 1028}
I/SystemServer(  295): Enabled StrictMode for system server main thread.
E/ThrottleService(  295): problem during onPollAlarm: java.lang.IllegalStateException: problem parsing stats: java.io.FileNotFoundException: /proc/net/xt_qtaguid/iface_stat_all: open failed: ENOENT (No such file or directory)
E/BluetoothAdapter(  364): Bluetooth binder is null
E/BluetoothAdapter(  364): Bluetooth binder is null
D/dalvikvm(  295): GC_CONCURRENT freed 403K, 9% free 5363K/5832K, paused 5ms+6ms, total 776ms
D/dalvikvm(  295): WAIT_FOR_CONCURRENT_GC blocked 93ms
D/dalvikvm(  295): WAIT_FOR_CONCURRENT_GC blocked 238ms
D/dalvikvm(  295): WAIT_FOR_CONCURRENT_GC blocked 179ms
D/dalvikvm(  295): WAIT_FOR_CONCURRENT_GC blocked 108ms
I/LatinIME(  396): Hardware accelerated drawing: false
E/Trace   (  425): error opening trace file: No such file or directory (2)
D/dalvikvm(  295): WAIT_FOR_CONCURRENT_GC blocked 345ms
E/BluetoothAdapter(  364): Bluetooth binder is null
E/Trace   (  415): error opening trace file: No such file or directory (2)
E/SurfaceFlinger(   37): ro.sf.lcd_density must be defined as a build property
D/gralloc_goldfish(  295): Emulator without GPU emulation detected.
W/InputAttributes(  396): No editor info for this field. Bug?
D/dalvikvm(  364): GC_CONCURRENT freed 68K, 4% free 3647K/3776K, paused 4ms+7ms, total 510ms
E/ActivityThread(  396): Failed to find provider info for com.android.inputmethod.latin.dictionarypack
E/BinaryDictionaryGetter(  396): Could not find a dictionary pack
D/dalvikvm(  295): GREF has increased to 301
E/BluetoothAdapter(  364): Bluetooth binder is null
D/dalvikvm(  295): GC_CONCURRENT freed 694K, 13% free 5419K/6180K, paused 311ms+27ms, total 765ms
D/dalvikvm(  295): WAIT_FOR_CONCURRENT_GC blocked 143ms
D/dalvikvm(  295): WAIT_FOR_CONCURRENT_GC blocked 431ms
D/dalvikvm(  295): WAIT_FOR_CONCURRENT_GC blocked 203ms
D/dalvikvm(  295): WAIT_FOR_CONCURRENT_GC blocked 230ms
I/ActivityManager(  295): Start proc android.process.acore for content provider com.android.providers.userdictionary/.UserDictionaryProvider: pid=456 uid=10001 gids={50001, 3003, 1015, 1028}
W/TelephonyProvider(  415): onCreate: confFile=/system/etc/apns-conf.xml oldCheckSum=-1
D/TelephonyManager(  415): getLteOnCdmaMode=0 curVal=-1 product_type='' lteOnCdmaProductType=''
W/InputMethodManagerService(  295): Found no subtypes in a system IME: com.android.inputmethod.pinyin
I/Choreographer(  295): Skipped 3212 frames!  The application may be doing too much work on its main thread.
D/TelephonyManager(  415): getLteOnCdmaMode=0 curVal=-1 product_type='' lteOnCdmaProductType=''
E/Trace   (  456): error opening trace file: No such file or directory (2)
I/dalvikvm(  473): Turning on JNI app bug workarounds for target SDK version 9...
D/dalvikvm(  295): GC_CONCURRENT freed 735K, 13% free 5447K/6248K, paused 141ms+7ms, total 444ms
D/dalvikvm(  295): WAIT_FOR_CONCURRENT_GC blocked 161ms
D/dalvikvm(  295): WAIT_FOR_CONCURRENT_GC blocked 193ms
D/dalvikvm(  295): WAIT_FOR_CONCURRENT_GC blocked 166ms
D/dalvikvm(  295): WAIT_FOR_CONCURRENT_GC blocked 215ms
D/dalvikvm(  295): WAIT_FOR_CONCURRENT_GC blocked 201ms
I/ActivityManager(  295): Start proc com.android.music for broadcast com.android.music/.MediaButtonIntentReceiver: pid=473 uid=10025 gids={50025, 3003, 1015, 1028}
D/TelephonyManager(  415): getLteOnCdmaMode=0 curVal=-1 product_type='' lteOnCdmaProductType=''
E/Trace   (  473): error opening trace file: No such file or directory (2)
V/TAG     (  295): bug 7643792: fitSystemWindows([0,0][0,0])
I/AudioService(  295):   Remote Control   registerMediaButtonIntent() for PendingIntent{40edf230: PendingIntentRecord{40fd5938 com.android.music broadcastIntent}}
I/ActivityManager(  295): Start proc android.process.media for content provider com.android.providers.media/.MediaProvider: pid=495 uid=10000 gids={50000, 1015, 1023, 1024, 1028, 1006, 2001, 3003, 3007}
W/Settings(  415): Setting airplane_mode_on has moved from android.provider.Settings.System to android.provider.Settings.Global, returning read-only value.
W/Settings(  415): Setting auto_time has moved from android.provider.Settings.System to android.provider.Settings.Global, returning read-only global URI.
W/Settings(  415): Setting auto_time_zone has moved from android.provider.Settings.System to android.provider.Settings.Global, returning read-only global URI.
V/TAG     (  295): bug 7643792: fitSystemWindows([0,0][0,0])
W/ActivityManager(  295): Unable to start service Intent { act=com.android.internal.telephony.IWapPushManager } U=0: not found
D/        (  415): [ApnContext:default] set reason as dataEnabled,current state IDLE
D/        (  415): [ApnContext:default] setRetryCount: 0
D/        (  415): [ApnContext:mms] set reason as dataEnabled,current state IDLE
D/        (  415): [ApnContext:mms] setRetryCount: 0
D/        (  415): [ApnContext:supl] set reason as dataEnabled,current state IDLE
D/        (  415): [ApnContext:supl] setRetryCount: 0
D/        (  415): [ApnContext:hipri] set reason as dataEnabled,current state IDLE
D/        (  415): [ApnContext:hipri] setRetryCount: 0
D/        (  415): [ApnContext:fota] set reason as dataEnabled,current state IDLE
D/        (  415): [ApnContext:fota] setRetryCount: 0
D/        (  415): [ApnContext:ims] set reason as dataEnabled,current state IDLE
D/        (  415): [ApnContext:ims] setRetryCount: 0
D/        (  415): [ApnContext:cbs] set reason as dataEnabled,current state IDLE
D/        (  415): [ApnContext:cbs] setRetryCount: 0
D/TelephonyManager(  415): getLteOnCdmaMode=0 curVal=-1 product_type='' lteOnCdmaProductType=''
I/Choreographer(  295): Skipped 224 frames!  The application may be doing too much work on its main thread.
D/PhoneStatusBar(  364): disable: < expand icons alerts ticker system_info back home recent clock search >
E/SurfaceFlinger(   37): ro.sf.lcd_density must be defined as a build property
D/dalvikvm(  415): GC_CONCURRENT freed 203K, 10% free 2577K/2840K, paused 22ms+3ms, total 1028ms
D/dalvikvm(  295): GC_FOR_ALLOC freed 491K, 14% free 5396K/6248K, paused 372ms, total 386ms
I/dalvikvm-heap(  295): Grow heap (frag case) to 6.410MB for 1128976-byte allocation
D/dalvikvm(  295): GC_FOR_ALLOC freed 5K, 12% free 6493K/7352K, paused 78ms, total 78ms
W/WindowManager(  295): Window freeze timeout expired.
W/WindowManager(  295): Force clearing orientation change: Window{40e83850 u0 Keyguard}
D/CallManager(  415): registerPhone(GSM Handler (com.android.internal.telephony.PhoneProxy) {40d037b8})
E/Trace   (  495): error opening trace file: No such file or directory (2)
E/BluetoothAdapter(  415): Bluetooth binder is null
D/dalvikvm(  295): GC_CONCURRENT freed 22K, 12% free 6501K/7352K, paused 7ms+48ms, total 904ms
E/BluetoothAdapter(  364): Bluetooth binder is null
D/SystemUIService(  364): loading: class com.android.systemui.power.PowerUI
D/SystemUIService(  364): running: com.android.systemui.power.PowerUI@40e40b50
D/SystemUIService(  364): loading: class com.android.systemui.media.RingtonePlayer
D/SystemUIService(  364): running: com.android.systemui.media.RingtonePlayer@40e41930
E/BluetoothAdapter(  415): Bluetooth binder is null
I/Choreographer(  364): Skipped 3221 frames!  The application may be doing too much work on its main thread.
E/UserHistoryDictionary(  396): when loading: file not foundjava.io.FileNotFoundException: /data/data/com.android.inputmethod.latin/files/UserHistoryDictionary.en_US.dict: open failed: ENOENT (No such file or directory)
D/dalvikvm(  456): GC_CONCURRENT freed 164K, 9% free 2632K/2864K, paused 117ms+758ms, total 1158ms
D/dalvikvm(  396): GC_CONCURRENT freed 245K, 11% free 2535K/2840K, paused 4ms+26ms, total 2033ms
E/StrictMode(  396): A resource was acquired at attached stack trace but never released. See java.io.Closeable for information on avoiding resource leaks.
E/StrictMode(  396): java.lang.Throwable: Explicit termination method 'close' not called
E/StrictMode(  396): 	at dalvik.system.CloseGuard.open(CloseGuard.java:184)
E/StrictMode(  396): 	at android.os.ParcelFileDescriptor.<init>(ParcelFileDescriptor.java:412)
E/StrictMode(  396): 	at android.content.res.AssetManager.openNonAssetFdNative(Native Method)
E/StrictMode(  396): 	at android.content.res.AssetManager.openNonAssetFd(AssetManager.java:428)
E/StrictMode(  396): 	at android.content.res.Resources.openRawResourceFd(Resources.java:979)
E/StrictMode(  396): 	at com.android.inputmethod.latin.BinaryDictionaryGetter.loadFallbackResource(BinaryDictionaryGetter.java:183)
E/StrictMode(  396): 	at com.android.inputmethod.latin.BinaryDictionaryGetter.getDictionaryFiles(BinaryDictionaryGetter.java:456)
E/StrictMode(  396): 	at com.android.inputmethod.latin.DictionaryFactory.createMainDictionaryFromManager(DictionaryFactory.java:57)
E/StrictMode(  396): 	at com.android.inputmethod.latin.DictionaryFactory.createMainDictionaryFromManager(DictionaryFactory.java:87)
E/StrictMode(  396): 	at com.android.inputmethod.latin.Suggest$1.run(Suggest.java:108)
I/DownloadManager(  495): in removeSpuriousFiles
D/DebugService(  415): DebugService DebugService:
D/TelephonyDebugService(  415): TelephonyDebugService()
D/dalvikvm(  295): GREF has increased to 401
D/dalvikvm(  415): GC_CONCURRENT freed 320K, 13% free 2645K/3024K, paused 2ms+280ms, total 377ms
I/Choreographer(  295): Skipped 1957 frames!  The application may be doing too much work on its main thread.
E/SurfaceFlinger(   37): ro.sf.lcd_density must be defined as a build property
W/Settings(  415): Setting auto_time_zone has moved from android.provider.Settings.System to android.provider.Settings.Global, returning read-only value.
I/Choreographer(  295): Skipped 154 frames!  The application may be doing too much work on its main thread.
D/PhoneStatusBar(  364): disable: < expand icons alerts ticker system_info BACK* HOME* RECENT* clock SEARCH* >
V/TAG     (  295): bug 7643792: fitSystemWindows([0,38][0,0])
I/Choreographer(  364): Skipped 1462 frames!  The application may be doing too much work on its main thread.
D/gralloc_goldfish(  364): Emulator without GPU emulation detected.
W/WindowManager(  295): Window freeze timeout expired.
W/WindowManager(  295): Force clearing orientation change: Window{40e83850 u0 Keyguard}
I/Choreographer(  364): Skipped 111 frames!  The application may be doing too much work on its main thread.
I/Choreographer(  295): Skipped 282 frames!  The application may be doing too much work on its main thread.
D/dalvikvm(  364): GC_CONCURRENT freed 264K, 8% free 3775K/4100K, paused 5ms+13ms, total 376ms
I//system/bin/fsck_msdos(   32): Attempting to allocate 2044 KB for FAT
D/CAT     (  415): CatService: Running CAT service. STK app installed:false
D/CAT     (  415): CatService: NEW sInstance
D/CAT     (  415): CatService: SIM ready. Reporting STK service running now...
D/dalvikvm(  415): GC_CONCURRENT freed 270K, 11% free 2768K/3100K, paused 117ms+3ms, total 196ms
D/MccTable(  415): updateMccMncConfiguration: mcc=310, mnc=260
D/TelephonyManager(  415): getLteOnCdmaMode=0 curVal=-1 product_type='' lteOnCdmaProductType=''
D/MccTable(  415): locale set to en_us
D/MccTable(  415): WIFI_COUNTRY_CODE set to us
I/WifiService(  295): WifiService trying to set country code to us with persist set to true
I/ActivityManager(  295): Config changes=1403 {1.0 310mcc260mnc en_US ldltr sw320dp w320dp h508dp 240dpi nrml long port finger -keyb/v/h tball/v s.4}
W/SurfaceFlinger(   37): createScreenshotSurface failed (Function not implemented)
I/Choreographer(  364): Skipped 47 frames!  The application may be doing too much work on its main thread.
W/Settings(  415): Setting auto_time_zone has moved from android.provider.Settings.System to android.provider.Settings.Global, returning read-only value.
I//system/bin/fsck_msdos(   32): ** Phase 2 - Check Cluster Chains
I//system/bin/fsck_msdos(   32): ** Phase 3 - Checking Directories
I//system/bin/fsck_msdos(   32): ** Phase 4 - Checking for Lost Files
I//system/bin/fsck_msdos(   32): Next free cluster in FSInfo block (14) not free
I//system/bin/fsck_msdos(   32): FIXED
I//system/bin/fsck_msdos(   32): 12 files, 1044448 free (522224 clusters)
I/Vold    (   32): Filesystem check completed OK
I/Vold    (   32): Device /dev/block/vold/179:0, target /mnt/sdcard mounted @ /mnt/secure/staging
D/Vold    (   32): Volume sdcard state changing 3 (Checking) -> 4 (Mounted)
D/MountService(  295): volume state changed for /mnt/sdcard (checking -> mounted)
E/VoldConnector(  295): NDC Command {3 volume mount /mnt/sdcard} took too long (29435ms)
I/PackageManager(  295): Updating external media status from unmounted to mounted
W/WindowManager(  295): Window freeze timeout expired.
D/dalvikvm(  295): GC_CONCURRENT freed 1509K, 21% free 6028K/7604K, paused 884ms+18ms, total 1355ms
D/dalvikvm(  295): WAIT_FOR_CONCURRENT_GC blocked 86ms
D/MccTable(  415): updateMccMncConfiguration: mcc=310, mnc=260
D/TelephonyManager(  415): getLteOnCdmaMode=0 curVal=-1 product_type='' lteOnCdmaProductType=''
D/MccTable(  415): locale set to en_us
D/MccTable(  415): WIFI_COUNTRY_CODE set to us
I/WifiService(  295): WifiService trying to set country code to us with persist set to true
D/dalvikvm(  295): WAIT_FOR_CONCURRENT_GC blocked 214ms
D/MountService(  295): sendStorageIntent Intent { act=android.intent.action.MEDIA_MOUNTED dat=file:///mnt/sdcard (has extras) } to UserHandle{-1}
I/ActivityManager(  295): Config changes=1400 {1.0 310mcc260mnc en_US ldltr sw320dp w320dp h508dp 240dpi nrml long port finger -keyb/v/h tball/v s.5}
D/dalvikvm(  295): WAIT_FOR_CONCURRENT_GC blocked 397ms
D/dalvikvm(  295): WAIT_FOR_CONCURRENT_GC blocked 156ms
W/WindowManager(  295): Force clearing orientation change: Window{40e83850 u0 Keyguard}
D/dalvikvm(  425): GC_CONCURRENT freed 180K, 9% free 2606K/2848K, paused 3ms+159ms, total 306ms
W/GpsLocationProvider(  295): Could not open GPS configuration file /etc/gps.conf
W/ServiceWatcher(  295): com.google.android.location not found
W/ServiceWatcher(  295): com.google.android.location not found
D/dalvikvm(  415): GC_CONCURRENT freed 299K, 11% free 2920K/3280K, paused 101ms+124ms, total 305ms
E/VoldConnector(  295): NDC Command {4 asec list} took too long (846ms)
I/PackageManager(  295): No secure containers on sdcard
W/LocationManagerService(  295): no network location provider found
D/dalvikvm(  295): GC_CONCURRENT freed 352K, 14% free 6586K/7604K, paused 5ms+33ms, total 190ms
D/dalvikvm(  295): WAIT_FOR_CONCURRENT_GC blocked 128ms
D/dalvikvm(  425): GC_FOR_ALLOC freed 56K, 4% free 2858K/2976K, paused 23ms, total 37ms
I/dalvikvm-heap(  425): Grow heap (frag case) to 4.219MB for 1440016-byte allocation
D/dalvikvm(  425): GC_CONCURRENT freed 12K, 3% free 4252K/4384K, paused 5ms+2ms, total 92ms
W/PackageManager(  295): Unknown permission com.google.android.googleapps.permission.GOOGLE_AUTH.mail in package com.android.contacts
W/WindowManager(  295): App freeze timeout expired.
W/WindowManager(  295): Force clearing freeze: AppWindowToken{40f5d890 token=Token{40f57120 ActivityRecord{40f62820 u0 com.android.launcher/com.android.launcher2.Launcher}}}
W/PackageManager(  295): Unknown permission android.permission.ADD_SYSTEM_SERVICE in package com.android.phone
W/PackageManager(  295): Unknown permission com.android.smspush.WAPPUSH_MANAGER_BIND in package com.android.phone
W/PackageManager(  295): Unknown permission com.google.android.googleapps.permission.GOOGLE_AUTH in package com.android.providers.calendar
W/PackageManager(  295): Unknown permission com.google.android.googleapps.permission.GOOGLE_AUTH.cl in package com.android.providers.calendar
W/PackageManager(  295): Unknown permission com.google.android.googleapps.permission.GOOGLE_AUTH.mail in package com.android.calendar
W/PackageManager(  295): Not granting permission android.permission.SEND_DOWNLOAD_COMPLETED_INTENTS to package com.android.browser (protectionLevel=2 flags=0x89be45)
W/PackageManager(  295): Not granting permission android.permission.BIND_APPWIDGET to package com.android.widgetpreview (protectionLevel=18 flags=0x8be44)
W/PackageManager(  295): Unknown permission com.google.android.googleapps.permission.GOOGLE_AUTH in package com.android.settings
W/PackageManager(  295): Unknown permission com.google.android.gallery3d.permission.GALLERY_PROVIDER in package com.android.exchange
W/PackageManager(  295): Unknown permission com.google.android.googleapps.permission.ACCESS_GOOGLE_PASSWORD in package com.android.development
W/PackageManager(  295): Unknown permission com.google.android.googleapps.permission.GOOGLE_AUTH in package com.android.development
W/PackageManager(  295): Unknown permission com.google.android.googleapps.permission.GOOGLE_AUTH.ALL_SERVICES in package com.android.development
W/PackageManager(  295): Unknown permission com.google.android.googleapps.permission.GOOGLE_AUTH.YouTubeUser in package com.android.development
W/PackageManager(  295): Unknown permission com.google.android.gallery3d.permission.GALLERY_PROVIDER in package com.android.email
W/PackageManager(  295): Not granting permission android.permission.DEVICE_POWER to package com.android.deskclock (protectionLevel=2 flags=0x88be45)
W/ServiceWatcher(  295): com.google.android.location not found
I/Choreographer(  295): Skipped 1765 frames!  The application may be doing too much work on its main thread.
I/ActivityManager(  295): Start proc com.android.location.fused for service com.android.location.fused/.FusedLocationService: pid=559 uid=10022 gids={50022, 1028}
W/ServiceWatcher(  295): com.google.android.location not found
E/LocationManagerService(  295): no geocoder provider found
D/dalvikvm(  415): GC_CONCURRENT freed 449K, 16% free 2860K/3372K, paused 9ms+2ms, total 115ms
I/Choreographer(  295): Skipped 191 frames!  The application may be doing too much work on its main thread.
D/dalvikvm(  295): GC_FOR_ALLOC freed 685K, 14% free 6608K/7604K, paused 192ms, total 203ms
I/dalvikvm-heap(  295): Grow heap (frag case) to 7.593MB for 1128976-byte allocation
D/dalvikvm(  295): GC_FOR_ALLOC freed 870K, 22% free 6840K/8708K, paused 68ms, total 68ms
E/Trace   (  559): error opening trace file: No such file or directory (2)
W/ActivityManager(  295): Activity idle timeout for ActivityRecord{40f62820 u0 com.android.launcher/com.android.launcher2.Launcher}
D/dalvikvm(  295): GC_CONCURRENT freed 53K, 21% free 6880K/8708K, paused 45ms+97ms, total 2216ms
D/dalvikvm(  295): WAIT_FOR_CONCURRENT_GC blocked 1524ms
D/dalvikvm(  295): GC_EXPLICIT freed 32K, 22% free 6861K/8708K, paused 29ms+9ms, total 314ms
I/Choreographer(  295): Skipped 824 frames!  The application may be doing too much work on its main thread.
D/dalvikvm(  425): GC_CONCURRENT freed 191K, 6% free 4634K/4884K, paused 55ms+5ms, total 830ms
I/Choreographer(  295): Skipped 139 frames!  The application may be doing too much work on its main thread.
E/SurfaceFlinger(   37): ro.sf.lcd_density must be defined as a build property
D/dalvikvm(  364): GC_FOR_ALLOC freed 57K, 6% free 3891K/4100K, paused 134ms, total 158ms
I/dalvikvm-heap(  364): Grow heap (frag case) to 9.968MB for 6410576-byte allocation
D/dalvikvm(  364): GC_CONCURRENT freed 2K, 3% free 10148K/10364K, paused 3ms+3ms, total 123ms
W/Launcher.Model(  425): LoaderTask running with no launcher (loadAllAppsByBatch)
W/WindowManager(  295): Window freeze timeout expired.
W/WindowManager(  295): Force clearing orientation change: Window{40f440d8 u0 com.android.systemui.ImageWallpaper}
D/MediaScannerReceiver(  495): action: android.intent.action.MEDIA_MOUNTED path: /mnt/sdcard
D/dalvikvm(  364): GC_FOR_ALLOC freed <1K, 3% free 10149K/10364K, paused 23ms, total 23ms
I/dalvikvm-heap(  364): Grow heap (frag case) to 12.664MB for 2828816-byte allocation
D/dalvikvm(  364): GC_CONCURRENT freed 0K, 2% free 12911K/13128K, paused 5ms+14ms, total 102ms
D/dalvikvm(  364): WAIT_FOR_CONCURRENT_GC blocked 76ms
I/SurfaceFlinger(   37): Boot is finished (84474 ms)
I/ActivityManager(  295): Config changes=1400 {1.0 310mcc260mnc en_US ldltr sw320dp w320dp h508dp 240dpi nrml long port finger -keyb/v/h tball/v s.6}
I/PowerManagerService(  295): Boot animation finished.
E/BluetoothAdapter(  295): Bluetooth binder is null
E/BluetoothAdapter(  295): Bluetooth binder is null
V/WiredAccessoryManager(  295): init()
I/Choreographer(  295): Skipped 47 frames!  The application may be doing too much work on its main thread.
E/SoundPool(  295): error loading /system/media/audio/ui/Effect_Tick.ogg
W/AudioService(  295): Soundpool could not load file: /system/media/audio/ui/Effect_Tick.ogg
E/SoundPool(  295): error loading /system/media/audio/ui/Effect_Tick.ogg
