W/BroadcastQueue(  292): 	at com.android.server.am.BroadcastQueue$1.handleMessage(BroadcastQueue.java:140)
W/BroadcastQueue(  292): 	at android.os.Handler.dispatchMessage(Handler.java:99)
W/BroadcastQueue(  292): 	at android.os.Looper.loop(Looper.java:137)
W/BroadcastQueue(  292): 	at com.android.server.am.ActivityManagerService$AThread.run(ActivityManagerService.java:1480)
E/JavaBinder(  292): !!! FAILED BINDER TRANSACTION !!!
W/BroadcastQueue(  292): Failure sending broadcast Intent { act=android.intent.action.CONFIGURATION_CHANGED flg=0x70000010 }
W/BroadcastQueue(  292): android.os.TransactionTooLargeException
W/BroadcastQueue(  292): 	at android.os.BinderProxy.transact(Native Method)
W/BroadcastQueue(  292): 	at android.app.ApplicationThreadProxy.scheduleRegisteredReceiver(ApplicationThreadNative.java:1009)
W/BroadcastQueue(  292): 	at com.android.server.am.BroadcastQueue.performReceiveLocked(BroadcastQueue.java:373)
W/BroadcastQueue(  292): 	at com.android.server.am.BroadcastQueue.deliverToRegisteredReceiverLocked(BroadcastQueue.java:439)
W/BroadcastQueue(  292): 	at com.android.server.am.BroadcastQueue.processNextBroadcast(BroadcastQueue.java:487)
W/BroadcastQueue(  292): 	at com.android.server.am.BroadcastQueue$1.handleMessage(BroadcastQueue.java:140)
W/BroadcastQueue(  292): 	at android.os.Handler.dispatchMessage(Handler.java:99)
W/BroadcastQueue(  292): 	at android.os.Looper.loop(Looper.java:137)
W/BroadcastQueue(  292): 	at com.android.server.am.ActivityManagerService$AThread.run(ActivityManagerService.java:1480)
E/JavaBinder(  292): !!! FAILED BINDER TRANSACTION !!!
W/BroadcastQueue(  292): Failure sending broadcast Intent { act=android.intent.action.CONFIGURATION_CHANGED flg=0x70000010 }
W/BroadcastQueue(  292): android.os.TransactionTooLargeException
W/BroadcastQueue(  292): 	at android.os.BinderProxy.transact(Native Method)
W/BroadcastQueue(  292): 	at android.app.ApplicationThreadProxy.scheduleRegisteredReceiver(ApplicationThreadNative.java:1009)
W/BroadcastQueue(  292): 	at com.android.server.am.BroadcastQueue.performReceiveLocked(BroadcastQueue.java:373)
W/BroadcastQueue(  292): 	at com.android.server.am.BroadcastQueue.deliverToRegisteredReceiverLocked(BroadcastQueue.java:439)
W/BroadcastQueue(  292): 	at com.android.server.am.BroadcastQueue.processNextBroadcast(BroadcastQueue.java:487)
W/BroadcastQueue(  292): 	at com.android.server.am.BroadcastQueue$1.handleMessage(BroadcastQueue.java:140)
W/BroadcastQueue(  292): 	at android.os.Handler.dispatchMessage(Handler.java:99)
W/BroadcastQueue(  292): 	at android.os.Looper.loop(Looper.java:137)
W/BroadcastQueue(  292): 	at com.android.server.am.ActivityManagerService$AThread.run(ActivityManagerService.java:1480)
E/JavaBinder(  292): !!! FAILED BINDER TRANSACTION !!!
W/BroadcastQueue(  292): Failure sending broadcast Intent { act=android.intent.action.CONFIGURATION_CHANGED flg=0x70000010 }
W/BroadcastQueue(  292): android.os.TransactionTooLargeException
W/BroadcastQueue(  292): 	at android.os.BinderProxy.transact(Native Method)
W/BroadcastQueue(  292): 	at android.app.ApplicationThreadProxy.scheduleRegisteredReceiver(ApplicationThreadNative.java:1009)
W/BroadcastQueue(  292): 	at com.android.server.am.BroadcastQueue.performReceiveLocked(BroadcastQueue.java:373)
W/BroadcastQueue(  292): 	at com.android.server.am.BroadcastQueue.deliverToRegisteredReceiverLocked(BroadcastQueue.java:439)
W/BroadcastQueue(  292): 	at com.android.server.am.BroadcastQueue.processNextBroadcast(BroadcastQueue.java:487)
W/BroadcastQueue(  292): 	at com.android.server.am.BroadcastQueue$1.handleMessage(BroadcastQueue.java:140)
W/BroadcastQueue(  292): 	at android.os.Handler.dispatchMessage(Handler.java:99)
W/BroadcastQueue(  292): 	at android.os.Looper.loop(Looper.java:137)
W/BroadcastQueue(  292): 	at com.android.server.am.ActivityManagerService$AThread.run(ActivityManagerService.java:1480)
E/JavaBinder(  292): !!! FAILED BINDER TRANSACTION !!!
W/BroadcastQueue(  292): Failure sending broadcast Intent { act=android.intent.action.SIM_STATE_CHANGED flg=0x20000010 (has extras) }
W/BroadcastQueue(  292): android.os.TransactionTooLargeException
W/BroadcastQueue(  292): 	at android.os.BinderProxy.transact(Native Method)
W/BroadcastQueue(  292): 	at android.app.ApplicationThreadProxy.scheduleRegisteredReceiver(ApplicationThreadNative.java:1009)
W/BroadcastQueue(  292): 	at com.android.server.am.BroadcastQueue.performReceiveLocked(BroadcastQueue.java:373)
W/BroadcastQueue(  292): 	at com.android.server.am.BroadcastQueue.deliverToRegisteredReceiverLocked(BroadcastQueue.java:439)
W/BroadcastQueue(  292): 	at com.android.server.am.BroadcastQueue.processNextBroadcast(BroadcastQueue.java:487)
W/BroadcastQueue(  292): 	at com.android.server.am.BroadcastQueue$1.handleMessage(BroadcastQueue.java:140)
W/BroadcastQueue(  292): 	at android.os.Handler.dispatchMessage(Handler.java:99)
W/BroadcastQueue(  292): 	at android.os.Looper.loop(Looper.java:137)
W/BroadcastQueue(  292): 	at com.android.server.am.ActivityManagerService$AThread.run(ActivityManagerService.java:1480)
E/JavaBinder(  292): !!! FAILED BINDER TRANSACTION !!!
W/BroadcastQueue(  292): Failure sending broadcast Intent { act=android.intent.action.SIM_STATE_CHANGED flg=0x20000010 (has extras) }
W/BroadcastQueue(  292): android.os.TransactionTooLargeException
W/BroadcastQueue(  292): 	at android.os.BinderProxy.transact(Native Method)
W/BroadcastQueue(  292): 	at android.app.ApplicationThreadProxy.scheduleRegisteredReceiver(ApplicationThreadNative.java:1009)
W/BroadcastQueue(  292): 	at com.android.server.am.BroadcastQueue.performReceiveLocked(BroadcastQueue.java:373)
W/BroadcastQueue(  292): 	at com.android.server.am.BroadcastQueue.deliverToRegisteredReceiverLocked(BroadcastQueue.java:439)
W/BroadcastQueue(  292): 	at com.android.server.am.BroadcastQueue.processNextBroadcast(BroadcastQueue.java:487)
W/BroadcastQueue(  292): 	at com.android.server.am.BroadcastQueue$1.handleMessage(BroadcastQueue.java:140)
W/BroadcastQueue(  292): 	at android.os.Handler.dispatchMessage(Handler.java:99)
W/BroadcastQueue(  292): 	at android.os.Looper.loop(Looper.java:137)
W/BroadcastQueue(  292): 	at com.android.server.am.ActivityManagerService$AThread.run(ActivityManagerService.java:1480)
D/dalvikvm(  409): GC_CONCURRENT freed 292K, 12% free 2779K/3132K, paused 88ms+125ms, total 408ms
E/SurfaceFlinger(   37): ro.sf.lcd_density must be defined as a build property
I/Choreographer(  292): Skipped 39 frames!  The application may be doing too much work on its main thread.
E/JavaBinder(  292): !!! FAILED BINDER TRANSACTION !!!
W/BroadcastQueue(  292): Failure sending broadcast Intent { act=android.provider.Telephony.SPN_STRINGS_UPDATED flg=0x20000010 (has extras) }
W/BroadcastQueue(  292): android.os.TransactionTooLargeException
W/BroadcastQueue(  292): 	at android.os.BinderProxy.transact(Native Method)
W/BroadcastQueue(  292): 	at android.app.ApplicationThreadProxy.scheduleRegisteredReceiver(ApplicationThreadNative.java:1009)
W/BroadcastQueue(  292): 	at com.android.server.am.BroadcastQueue.performReceiveLocked(BroadcastQueue.java:373)
W/BroadcastQueue(  292): 	at com.android.server.am.BroadcastQueue.deliverToRegisteredReceiverLocked(BroadcastQueue.java:439)
W/BroadcastQueue(  292): 	at com.android.server.am.BroadcastQueue.processNextBroadcast(BroadcastQueue.java:487)
W/BroadcastQueue(  292): 	at com.android.server.am.BroadcastQueue$1.handleMessage(BroadcastQueue.java:140)
W/BroadcastQueue(  292): 	at android.os.Handler.dispatchMessage(Handler.java:99)
W/BroadcastQueue(  292): 	at android.os.Looper.loop(Looper.java:137)
W/BroadcastQueue(  292): 	at com.android.server.am.ActivityManagerService$AThread.run(ActivityManagerService.java:1480)
W/Settings(  409): Setting auto_time_zone has moved from android.provider.Settings.System to android.provider.Settings.Global, returning read-only value.
E/JavaBinder(  292): !!! FAILED BINDER TRANSACTION !!!
D/dalvikvm(  292): GC_FOR_ALLOC freed 894K, 16% free 5928K/7004K, paused 160ms, total 168ms
D/MccTable(  409): updateMccMncConfiguration: mcc=310, mnc=260
D/TelephonyManager(  409): getLteOnCdmaMode=0 curVal=-1 product_type='' lteOnCdmaProductType=''
D/MccTable(  409): locale set to en_us
D/MccTable(  409): WIFI_COUNTRY_CODE set to us
I/WifiService(  292): WifiService trying to set country code to us with persist set to true
I/ActivityManager(  292): Config changes=1400 {1.0 310mcc260mnc en_US ldltr sw320dp w320dp h508dp 240dpi nrml long port finger -keyb/v/h tball/v s.5}
E/JavaBinder(  292): !!! FAILED BINDER TRANSACTION !!!
E/JavaBinder(  292): !!! FAILED BINDER TRANSACTION !!!
W/BroadcastQueue(  292): Failure sending broadcast Intent { act=android.intent.action.CONFIGURATION_CHANGED flg=0x70000010 }
W/BroadcastQueue(  292): android.os.TransactionTooLargeException
W/BroadcastQueue(  292): 	at android.os.BinderProxy.transact(Native Method)
W/BroadcastQueue(  292): 	at android.app.ApplicationThreadProxy.scheduleRegisteredReceiver(ApplicationThreadNative.java:1009)
W/BroadcastQueue(  292): 	at com.android.server.am.BroadcastQueue.performReceiveLocked(BroadcastQueue.java:373)
W/BroadcastQueue(  292): 	at com.android.server.am.BroadcastQueue.deliverToRegisteredReceiverLocked(BroadcastQueue.java:439)
W/BroadcastQueue(  292): 	at com.android.server.am.BroadcastQueue.processNextBroadcast(BroadcastQueue.java:487)
W/BroadcastQueue(  292): 	at com.android.server.am.BroadcastQueue$1.handleMessage(BroadcastQueue.java:140)
W/BroadcastQueue(  292): 	at android.os.Handler.dispatchMessage(Handler.java:99)
W/BroadcastQueue(  292): 	at android.os.Looper.loop(Looper.java:137)
W/BroadcastQueue(  292): 	at com.android.server.am.ActivityManagerService$AThread.run(ActivityManagerService.java:1480)
E/JavaBinder(  292): !!! FAILED BINDER TRANSACTION !!!
W/BroadcastQueue(  292): Failure sending broadcast Intent { act=android.intent.action.CONFIGURATION_CHANGED flg=0x70000010 }
W/BroadcastQueue(  292): android.os.TransactionTooLargeException
W/BroadcastQueue(  292): 	at android.os.BinderProxy.transact(Native Method)
W/BroadcastQueue(  292): 	at android.app.ApplicationThreadProxy.scheduleRegisteredReceiver(ApplicationThreadNative.java:1009)
W/BroadcastQueue(  292): 	at com.android.server.am.BroadcastQueue.performReceiveLocked(BroadcastQueue.java:373)
W/BroadcastQueue(  292): 	at com.android.server.am.BroadcastQueue.deliverToRegisteredReceiverLocked(BroadcastQueue.java:439)
W/BroadcastQueue(  292): 	at com.android.server.am.BroadcastQueue.processNextBroadcast(BroadcastQueue.java:487)
W/BroadcastQueue(  292): 	at com.android.server.am.BroadcastQueue$1.handleMessage(BroadcastQueue.java:140)
W/BroadcastQueue(  292): 	at android.os.Handler.dispatchMessage(Handler.java:99)
W/BroadcastQueue(  292): 	at android.os.Looper.loop(Looper.java:137)
W/BroadcastQueue(  292): 	at com.android.server.am.ActivityManagerService$AThread.run(ActivityManagerService.java:1480)
E/JavaBinder(  292): !!! FAILED BINDER TRANSACTION !!!
W/BroadcastQueue(  292): Failure sending broadcast Intent { act=android.intent.action.CONFIGURATION_CHANGED flg=0x70000010 }
W/BroadcastQueue(  292): android.os.TransactionTooLargeException
W/BroadcastQueue(  292): 	at android.os.BinderProxy.transact(Native Method)
W/BroadcastQueue(  292): 	at android.app.ApplicationThreadProxy.scheduleRegisteredReceiver(ApplicationThreadNative.java:1009)
W/BroadcastQueue(  292): 	at com.android.server.am.BroadcastQueue.performReceiveLocked(BroadcastQueue.java:373)
W/BroadcastQueue(  292): 	at com.android.server.am.BroadcastQueue.deliverToRegisteredReceiverLocked(BroadcastQueue.java:439)
W/BroadcastQueue(  292): 	at com.android.server.am.BroadcastQueue.processNextBroadcast(BroadcastQueue.java:487)
W/BroadcastQueue(  292): 	at com.android.server.am.BroadcastQueue$1.handleMessage(BroadcastQueue.java:140)
W/BroadcastQueue(  292): 	at android.os.Handler.dispatchMessage(Handler.java:99)
W/BroadcastQueue(  292): 	at android.os.Looper.loop(Looper.java:137)
W/BroadcastQueue(  292): 	at com.android.server.am.ActivityManagerService$AThread.run(ActivityManagerService.java:1480)
E/JavaBinder(  292): !!! FAILED BINDER TRANSACTION !!!
W/BroadcastQueue(  292): Failure sending broadcast Intent { act=android.intent.action.CONFIGURATION_CHANGED flg=0x70000010 }
W/BroadcastQueue(  292): android.os.TransactionTooLargeException
W/BroadcastQueue(  292): 	at android.os.BinderProxy.transact(Native Method)
W/BroadcastQueue(  292): 	at android.app.ApplicationThreadProxy.scheduleRegisteredReceiver(ApplicationThreadNative.java:1009)
W/BroadcastQueue(  292): 	at com.android.server.am.BroadcastQueue.performReceiveLocked(BroadcastQueue.java:373)
W/BroadcastQueue(  292): 	at com.android.server.am.BroadcastQueue.deliverToRegisteredReceiverLocked(BroadcastQueue.java:439)
W/BroadcastQueue(  292): 	at com.android.server.am.BroadcastQueue.processNextBroadcast(BroadcastQueue.java:487)
W/BroadcastQueue(  292): 	at com.android.server.am.BroadcastQueue$1.handleMessage(BroadcastQueue.java:140)
W/BroadcastQueue(  292): 	at android.os.Handler.dispatchMessage(Handler.java:99)
W/BroadcastQueue(  292): 	at android.os.Looper.loop(Looper.java:137)
W/BroadcastQueue(  292): 	at com.android.server.am.ActivityManagerService$AThread.run(ActivityManagerService.java:1480)
D/dalvikvm(  292): GC_CONCURRENT freed 320K, 8% free 6492K/7004K, paused 5ms+222ms, total 740ms
D/dalvikvm(  292): WAIT_FOR_CONCURRENT_GC blocked 561ms
D/dalvikvm(  409): GC_CONCURRENT freed 315K, 12% free 2953K/3332K, paused 20ms+247ms, total 376ms
E/JavaBinder(  292): !!! FAILED BINDER TRANSACTION !!!
W/BroadcastQueue(  292): Failure sending broadcast Intent { act=android.provider.Telephony.SPN_STRINGS_UPDATED flg=0x20000010 (has extras) }
W/BroadcastQueue(  292): android.os.TransactionTooLargeException
W/BroadcastQueue(  292): 	at android.os.BinderProxy.transact(Native Method)
W/BroadcastQueue(  292): 	at android.app.ApplicationThreadProxy.scheduleRegisteredReceiver(ApplicationThreadNative.java:1009)
W/BroadcastQueue(  292): 	at com.android.server.am.BroadcastQueue.performReceiveLocked(BroadcastQueue.java:373)
W/BroadcastQueue(  292): 	at com.android.server.am.BroadcastQueue.deliverToRegisteredReceiverLocked(BroadcastQueue.java:439)
W/BroadcastQueue(  292): 	at com.android.server.am.BroadcastQueue.processNextBroadcast(BroadcastQueue.java:487)
W/BroadcastQueue(  292): 	at com.android.server.am.BroadcastQueue$1.handleMessage(BroadcastQueue.java:140)
W/BroadcastQueue(  292): 	at android.os.Handler.dispatchMessage(Handler.java:99)
W/BroadcastQueue(  292): 	at android.os.Looper.loop(Looper.java:137)
W/BroadcastQueue(  292): 	at com.android.server.am.ActivityManagerService$AThread.run(ActivityManagerService.java:1480)
I/Choreographer(  292): Skipped 1109 frames!  The application may be doing too much work on its main thread.
D/dalvikvm(  427): GC_FOR_ALLOC freed 177K, 5% free 4891K/5128K, paused 252ms, total 266ms
I/dalvikvm-heap(  427): Grow heap (frag case) to 6.205MB for 1440016-byte allocation
W/WindowManager(  292): App freeze timeout expired.
W/WindowManager(  292): Force clearing freeze: AppWindowToken{40f89098 token=Token{40f85ec0 ActivityRecord{40f85a88 u0 com.android.launcher/com.android.launcher2.Launcher}}}
D/dalvikvm(  427): GC_FOR_ALLOC freed 25K, 5% free 6272K/6536K, paused 509ms, total 512ms
D/dalvikvm(  427): GC_CONCURRENT freed 21K, 4% free 6292K/6536K, paused 4ms+53ms, total 679ms
I/Choreographer(  292): Skipped 64 frames!  The application may be doing too much work on its main thread.
D/dalvikvm(  409): GC_CONCURRENT freed 472K, 15% free 2934K/3452K, paused 4ms+113ms, total 179ms
I//system/bin/fsck_msdos(   32): Attempting to allocate 2044 KB for FAT
D/dalvikvm(  292): GC_CONCURRENT freed 776K, 12% free 6680K/7528K, paused 6ms+302ms, total 754ms
D/dalvikvm(  292): WAIT_FOR_CONCURRENT_GC blocked 631ms
I/dalvikvm-heap(  292): Grow heap (frag case) to 7.665MB for 1128976-byte allocation
D/dalvikvm(  292): WAIT_FOR_CONCURRENT_GC blocked 99ms
W/InputDispatcher(  292): channel '4105bc30 StatusBar (server)' ~ Consumer closed input channel or an error occurred.  events=0x9
E/InputDispatcher(  292): channel '4105bc30 StatusBar (server)' ~ Channel is unrecoverably broken and will be disposed!
D/dalvikvm(  292): GC_EXPLICIT freed 899K, 21% free 6883K/8632K, paused 161ms+50ms, total 685ms
D/dalvikvm(  292): WAIT_FOR_CONCURRENT_GC blocked 811ms
D/dalvikvm(  292): WAIT_FOR_CONCURRENT_GC blocked 562ms
D/dalvikvm(  292): WAIT_FOR_CONCURRENT_GC blocked 567ms
I/WindowState(  292): WIN DEATH: Window{4105bc30 u0 StatusBar}
W/InputDispatcher(  292): Attempted to unregister already unregistered input channel '4105bc30 StatusBar (server)'
D/dalvikvm(  292): WAIT_FOR_CONCURRENT_GC blocked 570ms
I/ActivityManager(  292): Process com.android.systemui (pid 364) has died.
W/ActivityManager(  292): Scheduling restart of crashed service com.android.systemui/.ImageWallpaper in 0ms
W/ActivityManager(  292): Scheduling restart of crashed service com.android.systemui/.SystemUIService in 0ms
D/dalvikvm(  292): WAIT_FOR_CONCURRENT_GC blocked 561ms
D/dalvikvm(  292): WAIT_FOR_CONCURRENT_GC blocked 533ms
D/dalvikvm(  292): WAIT_FOR_CONCURRENT_GC blocked 574ms
D/dalvikvm(  292): WAIT_FOR_CONCURRENT_GC blocked 384ms
I/ActivityManager(  292): Start proc com.android.systemui for restart com.android.systemui: pid=538 uid=10034 gids={50034, 1028, 1015, 3002, 3001}
I/Choreographer(  292): Skipped 549 frames!  The application may be doing too much work on its main thread.
I/Choreographer(  292): Skipped 35 frames!  The application may be doing too much work on its main thread.
V/TAG     (  292): bug 7643792: fitSystemWindows([0,0][0,0])
E/Trace   (  538): error opening trace file: No such file or directory (2)
D/SystemUIService(  538): loading: class com.android.systemui.statusbar.phone.PhoneStatusBar
D/SystemUIService(  538): running: com.android.systemui.statusbar.phone.PhoneStatusBar@40cdadd0
I/Choreographer(  292): Skipped 380 frames!  The application may be doing too much work on its main thread.
I/StatusBarManagerService(  292): registerStatusBar bar=com.android.internal.statusbar.IStatusBar$Stub$Proxy@411b6020
D/Launcher.Model(  427): Reload apps on config change. curr_mcc:310 prevmcc:0
I/Choreographer(  427): Skipped 2629 frames!  The application may be doing too much work on its main thread.
D/dalvikvm(  538): GC_CONCURRENT freed 113K, 7% free 2670K/2844K, paused 8ms+6ms, total 303ms
D/dalvikvm(  538): WAIT_FOR_CONCURRENT_GC blocked 295ms
I/dalvikvm-heap(  538): Grow heap (frag case) to 3.269MB for 635812-byte allocation
E/SurfaceFlinger(   37): ro.sf.lcd_density must be defined as a build property
I/Choreographer(  427): Skipped 45 frames!  The application may be doing too much work on its main thread.
D/dalvikvm(  538): GC_FOR_ALLOC freed 5K, 6% free 3286K/3468K, paused 254ms, total 254ms
D/gralloc_goldfish(  427): Emulator without GPU emulation detected.
E/BluetoothAdapter(  538): Bluetooth binder is null
E/BluetoothAdapter(  538): Bluetooth binder is null
D/dalvikvm(  292): GREF has increased to 401
E/BluetoothAdapter(  538): Bluetooth binder is null
D/dalvikvm(  538): GC_CONCURRENT freed 67K, 4% free 3656K/3780K, paused 5ms+3ms, total 91ms
D/dalvikvm(  427): GC_FOR_ALLOC freed 1641K, 26% free 5042K/6792K, paused 74ms, total 143ms
I/dalvikvm-heap(  427): Grow heap (frag case) to 6.445MB for 1536016-byte allocation
D/dalvikvm(  427): GC_FOR_ALLOC freed 9K, 22% free 6533K/8296K, paused 148ms, total 148ms
D/dalvikvm(  427): GC_CONCURRENT freed 1K, 22% free 6534K/8296K, paused 9ms+4ms, total 246ms
D/dalvikvm(  427): WAIT_FOR_CONCURRENT_GC blocked 237ms
I/dalvikvm-heap(  427): Grow heap (frag case) to 7.901MB for 1536016-byte allocation
E/BluetoothAdapter(  538): Bluetooth binder is null
D/dalvikvm(  427): GC_FOR_ALLOC freed 0K, 19% free 8034K/9800K, paused 95ms, total 95ms
I/ActivityManager(  292): Displayed com.android.launcher/com.android.launcher2.Launcher: +45s833ms
I/Choreographer(  427): Skipped 408 frames!  The application may be doing too much work on its main thread.
D/PhoneStatusBar(  538): disable: < expand icons alerts ticker system_info BACK* HOME* RECENT* CLOCK* SEARCH* >
E/BluetoothAdapter(  538): Bluetooth binder is null
D/SystemUIService(  538): loading: class com.android.systemui.power.PowerUI
D/SystemUIService(  538): running: com.android.systemui.power.PowerUI@40e43bd0
D/SystemUIService(  538): loading: class com.android.systemui.media.RingtonePlayer
D/SystemUIService(  538): running: com.android.systemui.media.RingtonePlayer@40e44a30
I/Choreographer(  538): Skipped 701 frames!  The application may be doing too much work on its main thread.
E/SurfaceFlinger(   37): ro.sf.lcd_density must be defined as a build property
V/TAG     (  292): bug 7643792: fitSystemWindows([0,38][0,0])
I/Choreographer(  538): Skipped 476 frames!  The application may be doing too much work on its main thread.
I/Choreographer(  292): Skipped 83 frames!  The application may be doing too much work on its main thread.
D/gralloc_goldfish(  538): Emulator without GPU emulation detected.
D/dalvikvm(  427): GC_FOR_ALLOC freed 3546K, 32% free 4643K/6792K, paused 281ms, total 440ms
I/dalvikvm-heap(  427): Grow heap (frag case) to 5.985MB for 1463056-byte allocation
I/Choreographer(  292): Skipped 60 frames!  The application may be doing too much work on its main thread.
D/dalvikvm(  427): GC_FOR_ALLOC freed 13K, 27% free 6058K/8224K, paused 178ms, total 178ms
D/dalvikvm(  427): GC_CONCURRENT freed <1K, 27% free 6062K/8224K, paused 89ms+4ms, total 189ms
D/dalvikvm(  427): WAIT_FOR_CONCURRENT_GC blocked 18ms
I/dalvikvm-heap(  427): Grow heap (frag case) to 7.371MB for 1463056-byte allocation
D/dalvikvm(  427): GC_FOR_ALLOC freed <1K, 23% free 7491K/9656K, paused 142ms, total 143ms
D/dalvikvm(  538): GC_CONCURRENT freed 242K, 8% free 3895K/4200K, paused 4ms+177ms, total 285ms
I//system/bin/fsck_msdos(   32): ** Phase 2 - Check Cluster Chains
I//system/bin/fsck_msdos(   32): ** Phase 3 - Checking Directories
I//system/bin/fsck_msdos(   32): ** Phase 4 - Checking for Lost Files
I//system/bin/fsck_msdos(   32): 13 files, 1044446 free (522223 clusters)
W/GpsLocationProvider(  292): Could not open GPS configuration file /etc/gps.conf
I/Vold    (   32): Filesystem check completed OK
I/Vold    (   32): Device /dev/block/vold/179:0, target /mnt/sdcard mounted @ /mnt/secure/staging
D/Vold    (   32): Volume sdcard state changing 3 (Checking) -> 4 (Mounted)
D/MountService(  292): volume state changed for /mnt/sdcard (checking -> mounted)
I/PackageManager(  292): Updating external media status from unmounted to mounted
D/MountService(  292): sendStorageIntent Intent { act=android.intent.action.MEDIA_MOUNTED dat=file:///mnt/sdcard (has extras) } to UserHandle{-1}
E/VoldConnector(  292): NDC Command {3 volume mount /mnt/sdcard} took too long (55444ms)
W/ServiceWatcher(  292): com.google.android.location not found
W/ServiceWatcher(  292): com.google.android.location not found
W/LocationManagerService(  292): no network location provider found
W/ServiceWatcher(  292): com.google.android.location not found
I/PackageManager(  292): No secure containers on sdcard
W/PackageManager(  292): Unknown permission com.google.android.googleapps.permission.GOOGLE_AUTH.mail in package com.android.contacts
W/PackageManager(  292): Unknown permission android.permission.ADD_SYSTEM_SERVICE in package com.android.phone
W/PackageManager(  292): Unknown permission com.android.smspush.WAPPUSH_MANAGER_BIND in package com.android.phone
W/PackageManager(  292): Unknown permission com.google.android.googleapps.permission.GOOGLE_AUTH in package com.android.providers.calendar
W/PackageManager(  292): Unknown permission com.google.android.googleapps.permission.GOOGLE_AUTH.cl in package com.android.providers.calendar
W/PackageManager(  292): Unknown permission com.google.android.googleapps.permission.GOOGLE_AUTH.mail in package com.android.calendar
W/PackageManager(  292): Not granting permission android.permission.SEND_DOWNLOAD_COMPLETED_INTENTS to package com.android.browser (protectionLevel=2 flags=0x89be45)
W/PackageManager(  292): Not granting permission android.permission.BIND_APPWIDGET to package com.android.widgetpreview (protectionLevel=18 flags=0x8be44)
W/PackageManager(  292): Unknown permission com.google.android.googleapps.permission.GOOGLE_AUTH in package com.android.settings
W/PackageManager(  292): Unknown permission com.google.android.gallery3d.permission.GALLERY_PROVIDER in package com.android.exchange
W/PackageManager(  292): Unknown permission com.google.android.googleapps.permission.ACCESS_GOOGLE_PASSWORD in package com.android.development
W/PackageManager(  292): Unknown permission com.google.android.googleapps.permission.GOOGLE_AUTH in package com.android.development
W/PackageManager(  292): Unknown permission com.google.android.googleapps.permission.GOOGLE_AUTH.ALL_SERVICES in package com.android.development
W/PackageManager(  292): Unknown permission com.google.android.googleapps.permission.GOOGLE_AUTH.YouTubeUser in package com.android.development
W/PackageManager(  292): Unknown permission com.google.android.gallery3d.permission.GALLERY_PROVIDER in package com.android.email
W/PackageManager(  292): Not granting permission android.permission.DEVICE_POWER to package com.android.deskclock (protectionLevel=2 flags=0x88be45)
I/ActivityManager(  292): Start proc com.android.location.fused for service com.android.location.fused/.FusedLocationService: pid=564 uid=10022 gids={50022, 1028}
W/ServiceWatcher(  292): com.google.android.location not found
E/LocationManagerService(  292): no geocoder provider found
E/Trace   (  564): error opening trace file: No such file or directory (2)
D/dalvikvm(  292): GC_CONCURRENT freed 2158K, 33% free 5854K/8628K, paused 6ms+112ms, total 519ms
D/dalvikvm(  292): WAIT_FOR_CONCURRENT_GC blocked 307ms
D/dalvikvm(  292): WAIT_FOR_CONCURRENT_GC blocked 338ms
D/dalvikvm(  292): WAIT_FOR_CONCURRENT_GC blocked 494ms
I/Choreographer(  427): Skipped 132 frames!  The application may be doing too much work on its main thread.
D/dalvikvm(  292): WAIT_FOR_CONCURRENT_GC blocked 501ms
I/ActivityManager(  292): Start proc com.android.music for broadcast com.android.music/.MediaButtonIntentReceiver: pid=583 uid=10025 gids={50025, 3003, 1015, 1028}
D/dalvikvm(  427): GC_FOR_ALLOC freed 1620K, 25% free 7275K/9648K, paused 81ms, total 110ms
W/WallpaperService(  292): Failed attaching wallpaper; clearing
W/WallpaperService(  292): android.os.DeadObjectException
W/WallpaperService(  292): 	at android.os.BinderProxy.transact(Native Method)
W/WallpaperService(  292): 	at android.service.wallpaper.IWallpaperService$Stub$Proxy.attach(IWallpaperService.java:95)
W/WallpaperService(  292): 	at com.android.server.WallpaperManagerService.attachServiceLocked(WallpaperManagerService.java:960)
W/WallpaperService(  292): 	at com.android.server.WallpaperManagerService$WallpaperConnection.onServiceConnected(WallpaperManagerService.java:233)
W/WallpaperService(  292): 	at android.app.LoadedApk$ServiceDispatcher.doConnected(LoadedApk.java:1101)
W/WallpaperService(  292): 	at android.app.LoadedApk$ServiceDispatcher$RunConnection.run(LoadedApk.java:1118)
W/WallpaperService(  292): 	at android.os.Handler.handleCallback(Handler.java:725)
W/WallpaperService(  292): 	at android.os.Handler.dispatchMessage(Handler.java:92)
W/WallpaperService(  292): 	at android.os.Looper.loop(Looper.java:137)
W/WallpaperService(  292): 	at com.android.server.ServerThread.run(SystemServer.java:1000)
D/dalvikvm(  427): GREF has increased to 201
I/dalvikvm(  583): Turning on JNI app bug workarounds for target SDK version 9...
I/Choreographer(  427): Skipped 213 frames!  The application may be doing too much work on its main thread.
E/Trace   (  583): error opening trace file: No such file or directory (2)
I/ActivityManager(  292): Start proc com.android.contacts for broadcast com.android.contacts/.calllog.CallLogReceiver: pid=597 uid=10001 gids={50001, 3003, 1015, 1028}
I/AudioService(  292):   Remote Control   registerMediaButtonIntent() for PendingIntent{40f61a40: PendingIntentRecord{41022038 com.android.music broadcastIntent}}
D/dalvikvm(   38): GC_EXPLICIT freed 35K, 4% free 2381K/2476K, paused 3ms+3ms, total 73ms
D/dalvikvm(   38): GC_EXPLICIT freed <1K, 4% free 2381K/2476K, paused 3ms+3ms, total 61ms
D/dalvikvm(   38): GC_EXPLICIT freed <1K, 4% free 2381K/2476K, paused 2ms+3ms, total 67ms
I/ActivityManager(  292): Start proc android.process.media for content provider com.android.providers.media/.MediaProvider: pid=608 uid=10000 gids={50000, 1015, 1023, 1024, 1028, 1006, 2001, 3003, 3007}
E/Trace   (  597): error opening trace file: No such file or directory (2)
E/Trace   (  608): error opening trace file: No such file or directory (2)
D/ConnectivityService(  292): ConnectivityChange for mobile: CONNECTED/CONNECTED
E/BluetoothAdapter(  292): Bluetooth binder is null
D/dalvikvm(  292): GC_CONCURRENT freed 950K, 24% free 5776K/7528K, paused 6ms+8ms, total 1214ms
D/dalvikvm(  292): WAIT_FOR_CONCURRENT_GC blocked 348ms
D/dalvikvm(  292): WAIT_FOR_CONCURRENT_GC blocked 477ms
E/NetdConnector(  292): NDC Command {9 resolver flushif eth0} took too long (518ms)
D/dalvikvm(  292): WAIT_FOR_CONCURRENT_GC blocked 483ms
D/dalvikvm(  292): WAIT_FOR_CONCURRENT_GC blocked 482ms
D/dalvikvm(  292): WAIT_FOR_CONCURRENT_GC blocked 482ms
E/SoundPool(  292): error loading /system/media/audio/ui/Effect_Tick.ogg
W/AudioService(  292): Soundpool could not load file: /system/media/audio/ui/Effect_Tick.ogg
E/SoundPool(  292): error loading /system/media/audio/ui/Effect_Tick.ogg
W/AudioService(  292): Soundpool could not load file: /system/media/audio/ui/Effect_Tick.ogg
E/SoundPool(  292): error loading /system/media/audio/ui/Effect_Tick.ogg
W/AudioService(  292): Soundpool could not load file: /system/media/audio/ui/Effect_Tick.ogg
E/SoundPool(  292): error loading /system/media/audio/ui/Effect_Tick.ogg
W/AudioService(  292): Soundpool could not load file: /system/media/audio/ui/Effect_Tick.ogg
E/SoundPool(  292): error loading /system/media/audio/ui/Effect_Tick.ogg
W/AudioService(  292): Soundpool could not load file: /system/media/audio/ui/Effect_Tick.ogg
E/SoundPool(  292): error loading /system/media/audio/ui/KeypressStandard.ogg
W/AudioService(  292): Soundpool could not load file: /system/media/audio/ui/KeypressStandard.ogg
E/SoundPool(  292): error loading /system/media/audio/ui/KeypressSpacebar.ogg
W/AudioService(  292): Soundpool could not load file: /system/media/audio/ui/KeypressSpacebar.ogg
E/SoundPool(  292): error loading /system/media/audio/ui/KeypressDelete.ogg
W/AudioService(  292): Soundpool could not load file: /system/media/audio/ui/KeypressDelete.ogg
E/SoundPool(  292): error loading /system/media/audio/ui/KeypressReturn.ogg
W/AudioService(  292): Soundpool could not load file: /system/media/audio/ui/KeypressReturn.ogg
W/AudioService(  292): loadSoundEffects(), Error -1 while loading samples
D/dalvikvm(  292): WAIT_FOR_CONCURRENT_GC blocked 502ms
E/BluetoothAdapter(  292): Bluetooth binder is null
V/WiredAccessoryManager(  292): init()
D/dalvikvm(  292): WAIT_FOR_CONCURRENT_GC blocked 417ms
E/SurfaceFlinger(   37): ro.sf.lcd_density must be defined as a build property
I/RecoverySystem(  292): No recovery log file
D/dalvikvm(  538): GC_FOR_ALLOC freed 30K, 8% free 3903K/4200K, paused 166ms, total 253ms
I/dalvikvm-heap(  538): Grow heap (frag case) to 9.981MB for 6410576-byte allocation
D/dalvikvm(  538): GC_CONCURRENT freed <1K, 3% free 10163K/10464K, paused 4ms+7ms, total 314ms
D/dalvikvm(  292): GC_CONCURRENT freed 721K, 22% free 5908K/7528K, paused 5ms+276ms, total 1035ms
D/dalvikvm(  292): WAIT_FOR_CONCURRENT_GC blocked 215ms
D/dalvikvm(  292): WAIT_FOR_CONCURRENT_GC blocked 848ms
D/dalvikvm(  292): WAIT_FOR_CONCURRENT_GC blocked 669ms
D/dalvikvm(  292): WAIT_FOR_CONCURRENT_GC blocked 1017ms
I/DownloadManager(  608): in removeSpuriousFiles
I/Choreographer(  427): Skipped 1877 frames!  The application may be doing too much work on its main thread.
W/WindowManager(  292): Window freeze timeout expired.
W/WindowManager(  292): Force clearing orientation change: Window{40ee5848 u0 com.android.systemui.ImageWallpaper}
I/Choreographer(  292): Skipped 1615 frames!  The application may be doing too much work on its main thread.
I/ActivityManager(  292): Start proc com.android.deskclock for broadcast com.android.deskclock/.AlarmInitReceiver: pid=645 uid=10006 gids={50006, 1028}
I/Choreographer(  292): Skipped 139 frames!  The application may be doing too much work on its main thread.
D/Tethering(  292): MasterInitialState.processMessage what=3
D/dalvikvm(  292): GC_FOR_ALLOC freed 253K, 23% free 5832K/7528K, paused 851ms, total 873ms
I/dalvikvm-heap(  292): Grow heap (frag case) to 6.836MB for 1128976-byte allocation
D/dalvikvm(  292): GC_FOR_ALLOC freed 197K, 22% free 6737K/8632K, paused 91ms, total 91ms
D/dalvikvm(  538): GC_FOR_ALLOC freed <1K, 3% free 10163K/10464K, paused 183ms, total 183ms
E/Trace   (  645): error opening trace file: No such file or directory (2)
I/dalvikvm-heap(  538): Grow heap (frag case) to 12.678MB for 2828816-byte allocation
D/dalvikvm(  292): GC_CONCURRENT freed 14K, 23% free 6731K/8632K, paused 99ms+8ms, total 736ms
I/Choreographer(  292): Skipped 668 frames!  The application may be doing too much work on its main thread.
I/FusedLocation(  564): engine started (com.android.location.fused)
D/dalvikvm(  538): GC_CONCURRENT freed 0K, 3% free 12926K/13228K, paused 5ms+15ms, total 745ms
D/dalvikvm(  538): WAIT_FOR_CONCURRENT_GC blocked 725ms
I/Choreographer(  427): Skipped 197 frames!  The application may be doing too much work on its main thread.
I/SurfaceFlinger(   37): Boot is finished (114335 ms)
I/ActivityManager(  292): Config changes=1400 {1.0 310mcc260mnc en_US ldltr sw320dp w320dp h508dp 240dpi nrml long port finger -keyb/v/h tball/v s.6}
I/Choreographer(  292): Skipped 170 frames!  The application may be doing too much work on its main thread.
I/Choreographer(  292): Skipped 70 frames!  The application may be doing too much work on its main thread.
I/PowerManagerService(  292): Boot animation finished.
I/Choreographer(  292): Skipped 59 frames!  The application may be doing too much work on its main thread.
V/AlarmClock(  645): No next alarm
V/AlarmClock(  645): AlarmInitReceiver - Reset timers and clear stopwatch data
V/AlarmClock(  645): No next alarm
V/AlarmClock(  645): AlarmInitReceiver finished
I/ActivityManager(  292): Start proc com.android.email for broadcast com.android.email/.service.EmailBroadcastReceiver: pid=674 uid=10019 gids={50019, 3003, 1015, 1028}
E/Trace   (  674): error opening trace file: No such file or directory (2)
I/ActivityManager(  292): Start proc com.android.exchange for service com.android.exchange/.ExchangeService: pid=691 uid=10032 gids={50032, 3003, 1015, 1028}
I/ActivityManager(  292): Start proc com.android.providers.calendar for broadcast com.android.providers.calendar/.CalendarReceiver: pid=698 uid=10023 gids={50023, 3003, 1015, 1028}
D/GpsLocationProvider(  292): NTP server returned: 1479395950453 (Thu Nov 17 15:19:10 GMT 2016) reference: 122448 certainty: 121 system time offset: 135
E/Trace   (  691): error opening trace file: No such file or directory (2)
E/Trace   (  698): error opening trace file: No such file or directory (2)
I/ActivityManager(  292): Start proc com.android.mms for broadcast com.android.mms/.transaction.MmsSystemEventReceiver: pid=723 uid=10029 gids={50029, 3003, 1015, 1028}
E/Trace   (  723): error opening trace file: No such file or directory (2)
D/ExchangeService(  691): !!! EAS ExchangeService, onCreate
D/ExchangeService(  691): !!! EAS ExchangeService, onStartCommand, startingUp = false, running = false
D/CountryDetector(  292): The first listener is added
D/dalvikvm(  292): GREF has increased to 501
V/MmsConfig(  723): mnc/mcc: 310260
V/MmsConfig(  723): tag: bool value: enabledMMS - true
V/MmsConfig(  723): tag: int value: maxMessageSize - 307200
V/MmsConfig(  723): tag: int value: maxImageHeight - 480
V/MmsConfig(  723): tag: int value: maxImageWidth - 640
V/MmsConfig(  723): tag: int value: defaultSMSMessagesPerThread - 500
V/MmsConfig(  723): tag: int value: defaultMMSMessagesPerThread - 50
V/MmsConfig(  723): tag: int value: minMessageCountPerThread - 10
V/MmsConfig(  723): tag: int value: maxMessageCountPerThread - 5000
V/MmsConfig(  723): tag: string value: uaProfUrl - http://www.google.com/oha/rdf/ua-profile-kila.xml
V/MmsConfig(  723): tag: int value: recipientLimit - -1
V/MmsConfig(  723): tag: bool value: enableMultipartSMS - true
V/MmsConfig(  723): tag: int value: smsToMmsTextThreshold - -1
V/MmsConfig(  723): tag: bool value: enableSlideDuration - true
V/MmsConfig(  723): tag: int value: maxMessageTextSize - -1
D/Eas Debug(  691): Logging: 
D/ExchangeService(  691): !!! EAS ExchangeService, onStartCommand, startingUp = true, running = false
D/Mms:app (  723): cancelNotification
D/MediaScannerReceiver(  608): action: android.intent.action.MEDIA_MOUNTED path: /mnt/sdcard
I/ActivityManager(  292): Start proc com.android.settings for broadcast com.android.settings/.widget.SettingsAppWidgetProvider: pid=759 uid=1000 gids={41000, 1015, 1028, 3002, 3001, 3003}
E/Trace   (  759): error opening trace file: No such file or directory (2)
D/ExchangeService(  691): !!! EAS ExchangeService, onStartCommand, startingUp = true, running = false
E/BluetoothAdapter(  759): Bluetooth binder is null
E/BluetoothAdapter(  759): Bluetooth binder is null
D/SystemClock(  292): Setting time of day to sec=1479395952
W/SystemClock(  292): Unable to set rtc to 1479395952: Invalid argument
I/Choreographer(  427): Skipped 33 frames!  The application may be doing too much work on its main thread.
E/BluetoothAdapter(  759): Bluetooth binder is null
I/CalendarProvider2(  698): Sending notification intent: Intent { act=android.intent.action.PROVIDER_CHANGED dat=content://com.android.calendar }
W/ContentResolver(  698): Failed to get type for: content://com.android.calendar (Unknown URL content://com.android.calendar)
D/dalvikvm(  427): GC_FOR_ALLOC freed 171K, 13% free 8464K/9648K, paused 44ms, total 60ms
D/dalvikvm(  427): GC_FOR_ALLOC freed 12K, 12% free 8958K/10156K, paused 24ms, total 25ms
I/ActivityManager(  292): Start proc com.android.calendar for broadcast com.android.calendar/.widget.CalendarAppWidgetService$CalendarFactory: pid=775 uid=10004 gids={50004, 3003, 1028}
E/Trace   (  775): error opening trace file: No such file or directory (2)
V/AlarmClock(  645): No next alarm
V/AlarmClock(  645): AlarmInitReceiver finished
D/AlertReceiver(  775): onReceive: a=android.intent.action.PROVIDER_CHANGED Intent { act=android.intent.action.PROVIDER_CHANGED dat=content://com.android.calendar flg=0x10 cmp=com.android.calendar/.alerts.AlertReceiver }
D/Eas Debug(  691): Logging: 
D/AlertService(  775): 0 Action = android.intent.action.PROVIDER_CHANGED
D/AlertService(  775): Beginning updateAlertNotification
I/dalvikvm(  292): Jit: resizing JitTable from 4096 to 8192
D/MmsSmsDatabaseHelper(  409): [MmsSmsDb] tableName: threads hasAutoIncrement: CREATE TABLE threads (_id INTEGER PRIMARY KEY AUTOINCREMENT,date INTEGER DEFAULT 0,message_count INTEGER DEFAULT 0,recipient_ids TEXT,snippet TEXT,snippet_cs INTEGER DEFAULT 0,read INTEGER DEFAULT 1,type INTEGER DEFAULT 0,error INTEGER DEFAULT 0,has_attachment INTEGER DEFAULT 0) result: true
D/MmsSmsDatabaseHelper(  409): [MmsSmsDb] tableName: canonical_addresses hasAutoIncrement: CREATE TABLE canonical_addresses (_id INTEGER PRIMARY KEY AUTOINCREMENT,address TEXT) result: true
D/MmsSmsDatabaseHelper(  409): [MmsSmsDb] tableName: part hasAutoIncrement: CREATE TABLE part (_id INTEGER PRIMARY KEY AUTOINCREMENT,mid INTEGER,seq INTEGER DEFAULT 0,ct TEXT,name TEXT,chset INTEGER,cd TEXT,fn TEXT,cid TEXT,cl TEXT,ctt_s INTEGER,ctt_t TEXT,_data TEXT,text TEXT) result: true
D/MmsSmsDatabaseHelper(  409): [MmsSmsDb] tableName: pdu hasAutoIncrement: CREATE TABLE pdu (_id INTEGER PRIMARY KEY AUTOINCREMENT,thread_id INTEGER,date INTEGER,date_sent INTEGER DEFAULT 0,msg_box INTEGER,read INTEGER DEFAULT 0,m_id TEXT,sub TEXT,sub_cs INTEGER,ct_t TEXT,ct_l TEXT,exp INTEGER,m_cls TEXT,m_type INTEGER,v INTEGER,m_size INTEGER,pri INTEGER,rr INTEGER,rpt_a INTEGER,resp_st INTEGER,st INTEGER,tr_id TEXT,retr_st INTEGER,retr_txt TEXT,retr_txt_cs INTEGER,read_status INTEGER,ct_cls INTEGER,resp_txt TEXT,d_tm INTEGER,d_rpt INTEGER,locked INTEGER DEFAULT 0,seen INTEGER DEFAULT 0,text_only INTEGER DEFAULT 0) result: true
D/MmsSmsDatabaseHelper(  409): [getWritableDatabase] hasAutoIncrementThreads: true hasAutoIncrementAddresses: true hasAutoIncrementPart: true hasAutoIncrementPdu: true
I/AccountTypeManager(  597): Loaded meta-data for 1 account types, 0 accounts in 74ms(wall) 23ms(cpu)
D/AlertService(  775): No fired or scheduled alerts
D/dalvikvm(  409): GREF has increased to 201
D/Mms:app (  723): cancelNotification
D/dalvikvm(  608): GC_CONCURRENT freed 214K, 10% free 2554K/2832K, paused 9ms+3ms, total 64ms
D/EmailProvider(  674): fromDatabase accounts: 0
D/EmailProvider(  674): ending toDatabase transaction; copyCount = 0
D/EmailProvider(  674): ending fromDatabase transaction; copyCount = 0
D/dalvikvm(  608): GREF has increased to 201
W/ActivityManager(  292): Unable to start service Intent { cmp=com.android.email/.service.AttachmentDownloadService } U=0: not found
W/ActivityManager(  292): Unable to start service Intent { cmp=com.android.email/.service.AttachmentDownloadService } U=0: not found
D/ExchangeService(  691): !!! EAS ExchangeService, onStartCommand, startingUp = true, running = false
D/dalvikvm(  674): GC_CONCURRENT freed 194K, 10% free 2581K/2840K, paused 4ms+3ms, total 52ms
W/MediaScanner(  608): Error opening directory '/mnt/sdcard/.android_secure/', skipping: Permission denied.
D/dalvikvm(  292): GC_EXPLICIT freed 1447K, 34% free 5717K/8628K, paused 8ms+12ms, total 185ms
W/ActivityManager(  292): Unable to start service Intent { cmp=com.android.email/.service.AttachmentDownloadService } U=0: not found
V/MediaScanner(  608): pruneDeadThumbnailFiles... android.database.sqlite.SQLiteCursor@40d09370
V/MediaScanner(  608): /pruneDeadThumbnailFiles... android.database.sqlite.SQLiteCursor@40d09370
W/MediaScanner(  608): Error opening directory '/mnt/sdcard/.android_secure/', skipping: Permission denied.
V/MediaScanner(  608): pruneDeadThumbnailFiles... android.database.sqlite.SQLiteCursor@40cef710
V/MediaScanner(  608): /pruneDeadThumbnailFiles... android.database.sqlite.SQLiteCursor@40cef710
D/dalvikvm(  292): GC_EXPLICIT freed 111K, 34% free 5706K/8628K, paused 5ms+6ms, total 75ms
D/AndroidRuntime(  826): 
D/AndroidRuntime(  826): >>>>>> AndroidRuntime START com.android.internal.os.RuntimeInit <<<<<<
D/AndroidRuntime(  826): CheckJNI is ON
D/dalvikvm(  826): Trying to load lib libjavacore.so 0x0
D/dalvikvm(  826): Added shared lib libjavacore.so 0x0
D/dalvikvm(  826): Trying to load lib libnativehelper.so 0x0
D/dalvikvm(  826): Added shared lib libnativehelper.so 0x0
D/AndroidRuntime(  826): Calling main entry com.android.commands.input.Input
I/Input   (  826): injectKeyEvent: KeyEvent { action=ACTION_DOWN, keyCode=KEYCODE_MENU, scanCode=0, metaState=0, flags=0x0, repeatCount=0, eventTime=134900, downTime=134900, deviceId=-1, source=0x101 }
I/Input   (  826): injectKeyEvent: KeyEvent { action=ACTION_UP, keyCode=KEYCODE_MENU, scanCode=0, metaState=0, flags=0x0, repeatCount=0, eventTime=134900, downTime=134900, deviceId=-1, source=0x101 }
D/InputEventConsistencyVerifier(  292): KeyEvent: ACTION_UP but key was not down.
D/InputEventConsistencyVerifier(  292):   in com.android.internal.policy.impl.keyguard.KeyguardHostView{40f2fec8 V.E..... ......I. 0,38-480,800 #10202b0 android:id/keyguard_host_view}
D/InputEventConsistencyVerifier(  292):   0: sent at 134900000000, KeyEvent { action=ACTION_UP, keyCode=KEYCODE_MENU, scanCode=0, metaState=0, flags=0x0, repeatCount=0, eventTime=134900, downTime=134900, deviceId=-1, source=0x101 }
D/AndroidRuntime(  826): Shutting down VM
D/dalvikvm(  826): GC_CONCURRENT freed 97K, 18% free 462K/560K, paused 0ms+0ms, total 9ms
D/jdwp    (  826): Got wake-up signal, bailing out of select
D/dalvikvm(  826): Debugger has detached; object registry had 1 entries
W/SoundPool(  292):   sample 0 not READY
D/PhoneStatusBar(  538): disable: < expand icons alerts ticker system_info BACK HOME recent* CLOCK search* >
D/PhoneStatusBar(  538): disable: < expand icons alerts ticker system_info back* home* recent clock* search >
I/ARMAssembler(   37): generated scanline__00000077:03515104_00009001_00000000 [131 ipp] (153 ins) at [0x409731f0:0x40973454] in 6040000 ns
V/TAG     (  292): bug 7643792: fitSystemWindows([0,38][0,0])
I/Choreographer(  292): Skipped 35 frames!  The application may be doing too much work on its main thread.
I/Choreographer(  292): Skipped 37 frames!  The application may be doing too much work on its main thread.
I/Choreographer(  292): Skipped 30 frames!  The application may be doing too much work on its main thread.
D/AndroidRuntime(  841): 
D/AndroidRuntime(  841): >>>>>> AndroidRuntime START com.android.internal.os.RuntimeInit <<<<<<
D/AndroidRuntime(  841): CheckJNI is ON
D/dalvikvm(  841): Trying to load lib libjavacore.so 0x0
D/dalvikvm(  841): Added shared lib libjavacore.so 0x0
D/dalvikvm(  841): Trying to load lib libnativehelper.so 0x0
D/dalvikvm(  841): Added shared lib libnativehelper.so 0x0
D/AndroidRuntime(  841): Calling main entry com.android.commands.am.Am
D/dalvikvm(  841): Note: class Landroid/app/ActivityManagerNative; has 157 unimplemented (abstract) methods
I/ActivityManager(  292): Force stopping package net.mandaria.tippytipper appid=10047 user=0
D/dalvikvm(  851): Not late-enabling CheckJNI (already on)
I/ActivityManager(  292): Start proc net.mandaria.tippytipper for added application net.mandaria.tippytipper: pid=851 uid=10047 gids={50047, 1015, 3003, 1028}
I/dalvikvm(  851): Turning on JNI app bug workarounds for target SDK version 4...
E/Trace   (  851): error opening trace file: No such file or directory (2)
D/dalvikvm(  851): GC_CONCURRENT freed 223K, 10% free 2610K/2896K, paused 4ms+5ms, total 54ms
I/System.out(  851): EMMA: collecting runtime coverage data ...
D/androidripper(  851): Updating node 
D/androidripper(  851): Loading node 
I/androidripper(  851): Preferences file found.
D/dalvikvm(  851): GC_CONCURRENT freed 302K, 12% free 2730K/3096K, paused 5ms+4ms, total 36ms
V/androidripper(  851): Updating value ACTIVITY_DESCRIPTION_IN_SESSION
V/androidripper(  851): Updating value ADDITIONAL_CRITERIAS
V/androidripper(  851): Updating value ADDITIONAL_EVENTS
V/androidripper(  851): Updating value ADDITIONAL_INPUTS
V/androidripper(  851): Updating value CLASS_NAME
D/androidripper(  851): Updated value of parameter CLASS_NAME to net.mandaria.tippytipper.activities.TippyTipper (default = app.package.class)
V/androidripper(  851): Updating value ENABLE_MODEL
V/androidripper(  851): Updating value ENABLE_RESUME
V/androidripper(  851): Updating value INTENT_ACTION
V/androidripper(  851): Updating value INTENT_ACTIVITY
V/androidripper(  851): Updating value INTENT_CATEGORY
V/androidripper(  851): Updating value INTENT_DATA
V/androidripper(  851): Updating value INTENT_FLAGS
V/androidripper(  851): Updating value INTENT_TYPE
V/androidripper(  851): Updating value PACKAGE_NAME
D/androidripper(  851): Updated value of parameter PACKAGE_NAME to net.mandaria.tippytipper (default = app.package)
V/androidripper(  851): Updating value RANDOM_SEED
D/androidripper(  851): Updated value of parameter RANDOM_SEED to -4244019791393197310 (default = 5466516511651561651)
V/androidripper(  851): Updating value RETRY_FAILED_TRACES
V/androidripper(  851): Updating value theClass
D/androidripper(  851): Updating node scheduler
D/androidripper(  851): Loading node scheduler
V/androidripper(  851): Updating value ACTIONBARHOME_EVENTS
V/androidripper(  851): Updating value ALL_EVENTS_ON_PREFERENCES
V/androidripper(  851): Updating value BACK_BUTTON_EVENT
V/androidripper(  851): Updating value DICTIONARY_FIXED_VALUE
V/androidripper(  851): Updating value DICTIONARY_IGNORE_CONTENT_TYPES
V/androidripper(  851): Updating value EMULATOR_PORT
V/androidripper(  851): Updating value EVENTS
D/androidripper(  851): Updated values of array parameter EVENTS
V/androidripper(  851): Updating value EVENT_WHEN_NO_ID
V/androidripper(  851): Updating value EXCLUDE_WIDGETS_INPUTS_IN_GPS_EVENTS
V/androidripper(  851): Updating value EXCLUDE_WIDGETS_INPUTS_IN_SENSORS_EVENTS
V/androidripper(  851): Updating value FIX_GPS_POSITION
V/androidripper(  851): Updating value INPUTS
D/androidripper(  851): Updated values of array parameter INPUTS
V/androidripper(  851): Updating value KEY_EVENTS
V/androidripper(  851): Updating value MAX_EVENTS_PER_WIDGET
V/androidripper(  851): Updating value MAX_TASKS_IN_SCHEDULER
V/androidripper(  851): Updating value MAX_TASKS_PER_EVENT
V/androidripper(  851): Updating value MENU_EVENTS
V/androidripper(  851): Updating value ORIENTATION_EVENTS
V/androidripper(  851): Updating value PLANNER
V/androidripper(  851): Updating value REFLECT_ACTIVITY_LISTENERS
V/androidripper(  851): Updating value REFLECT_WIDGETS
V/androidripper(  851): Updating value SCHEDULER_ALGORITHM
V/androidripper(  851): Updating value SCROLL_DOWN_EVENT
V/androidripper(  851): Updating value SENSOR_TYPES
V/androidripper(  851): Updating value SIMULATE_INCOMING_CALL
V/androidripper(  851): Updating value SIMULATE_INCOMING_SMS
V/androidripper(  851): Updating value TAB_EVENTS_START_ONLY
V/androidripper(  851): Updating value TEST_LOCATION_PROVIDER
V/androidripper(  851): Updating value TEXT_VALUES_FROM_DICTIONARY
V/androidripper(  851): Updating value TEXT_VALUES_ID_HASH
V/androidripper(  851): Updating value USE_GPS
V/androidripper(  851): Updating value USE_SENSORS
