D/androidripper(  825): Saving new found state 'a1' on disk
V/androidripper(  825): Opening state file in overwrite mode.
D/dalvikvm(  825): GC_CONCURRENT freed 293K, 11% free 3118K/3472K, paused 4ms+8ms, total 58ms
D/dalvikvm(  825): GC_FOR_ALLOC freed 134K, 11% free 3134K/3512K, paused 42ms, total 42ms
I/dalvikvm-heap(  825): Grow heap (frag case) to 4.581MB for 1536016-byte allocation
D/dalvikvm(  825): GC_FOR_ALLOC freed <1K, 8% free 4634K/5016K, paused 29ms, total 29ms
D/dalvikvm(  825): GC_CONCURRENT freed <1K, 8% free 4634K/5016K, paused 14ms+13ms, total 66ms
D/dalvikvm(  825): GC_FOR_ALLOC freed <1K, 8% free 4634K/5016K, paused 25ms, total 25ms
I/dalvikvm-heap(  825): Grow heap (frag case) to 6.045MB for 1536016-byte allocation
D/dalvikvm(  825): GC_CONCURRENT freed 0K, 6% free 6134K/6520K, paused 5ms+3ms, total 39ms
D/dalvikvm(  825): WAIT_FOR_CONCURRENT_GC blocked 23ms
I/androidripper(  825): Saved image on disk: a1.jpg
I/androidripper(  825): Planning for new Activity TippyTipper
D/androidripper(  825): Handling event 'click' on widget id=2131361793 type=button name=7
D/androidripper(  825): Handling input 'writeText' on widget id=2131361792 type=editText name=
V/androidripper(  825): Using value: 15
D/androidripper(  825): Handling event 'click' on widget id=2131361794 type=button name=8
D/androidripper(  825): Handling input 'writeText' on widget id=2131361792 type=editText name=
V/androidripper(  825): Using value: 15
D/androidripper(  825): Handling event 'click' on widget id=2131361795 type=button name=9
D/androidripper(  825): Handling input 'writeText' on widget id=2131361792 type=editText name=
V/androidripper(  825): Using value: 15
D/androidripper(  825): Handling event 'click' on widget id=2131361796 type=button name=4
D/androidripper(  825): Handling input 'writeText' on widget id=2131361792 type=editText name=
V/androidripper(  825): Using value: 15
D/androidripper(  825): Handling event 'click' on widget id=2131361797 type=button name=5
D/androidripper(  825): Handling input 'writeText' on widget id=2131361792 type=editText name=
V/androidripper(  825): Using value: 15
D/androidripper(  825): Handling event 'click' on widget id=2131361798 type=button name=6
D/androidripper(  825): Handling input 'writeText' on widget id=2131361792 type=editText name=
V/androidripper(  825): Using value: 15
D/androidripper(  825): Handling event 'click' on widget id=2131361799 type=button name=1
D/androidripper(  825): Handling input 'writeText' on widget id=2131361792 type=editText name=
V/androidripper(  825): Using value: 15
D/androidripper(  825): Handling event 'click' on widget id=2131361800 type=button name=2
D/androidripper(  825): Handling input 'writeText' on widget id=2131361792 type=editText name=
V/androidripper(  825): Using value: 15
D/androidripper(  825): Handling event 'click' on widget id=2131361801 type=button name=3
D/androidripper(  825): Handling input 'writeText' on widget id=2131361792 type=editText name=
V/androidripper(  825): Using value: 15
D/androidripper(  825): Handling event 'click' on widget id=2131361802 type=button name=DEL
D/androidripper(  825): Handling input 'writeText' on widget id=2131361792 type=editText name=
V/androidripper(  825): Using value: 15
D/androidripper(  825): Handling event 'click' on widget id=2131361803 type=button name=0
D/androidripper(  825): Handling input 'writeText' on widget id=2131361792 type=editText name=
V/androidripper(  825): Using value: 15
D/androidripper(  825): Handling event 'click' on widget id=2131361804 type=button name=OK
D/androidripper(  825): Handling input 'writeText' on widget id=2131361792 type=editText name=
V/androidripper(  825): Using value: 15
I/androidripper(  825): Created trace to press the menu button
I/androidripper(  825): Created trace to change orientation
I/androidripper(  825): Dispatching new task. 14 more tasks remaining.
D/androidripper(  825): Saving task list on disk
V/androidripper(  825): Backing up trace #0 to disk.
V/androidripper(  825): Backing up trace #1 to disk.
V/androidripper(  825): Backing up trace #2 to disk.
V/androidripper(  825): Backing up trace #3 to disk.
V/androidripper(  825): Backing up trace #4 to disk.
V/androidripper(  825): Backing up trace #5 to disk.
V/androidripper(  825): Backing up trace #6 to disk.
V/androidripper(  825): Backing up trace #7 to disk.
V/androidripper(  825): Backing up trace #8 to disk.
V/androidripper(  825): Backing up trace #9 to disk.
V/androidripper(  825): Backing up trace #10 to disk.
V/androidripper(  825): Backing up trace #11 to disk.
V/androidripper(  825): Backing up trace #12 to disk.
W/MediaScanner(  517): Error opening directory '/mnt/sdcard/.android_secure/', skipping: Permission denied.
D/dalvikvm(  825): GC_CONCURRENT freed 4176K, 57% free 3209K/7444K, paused 9ms+4ms, total 101ms
D/dalvikvm(  825): WAIT_FOR_CONCURRENT_GC blocked 28ms
V/androidripper(  825): Backing up trace #13 to disk.
I/androidripper(  825): Restarting
V/MediaScanner(  517): pruneDeadThumbnailFiles... android.database.sqlite.SQLiteCursor@40cc9b78
V/MediaScanner(  517): /pruneDeadThumbnailFiles... android.database.sqlite.SQLiteCursor@40cc9b78
I/androidripper(  825): Waiting for 1 sec.
D/androidripper(  825): Ready to operate after restarting...
I/androidripper(  825): Retrieving widgets
D/androidripper(  825): Found widget: id=-1 (android.widget.LinearLayout{40d02118 V.E..... ......I. 0,0-480,800})
D/androidripper(  825): Found widget: id=16909140 (android.view.ViewStub{40d03b98 G.E..... ......I. 0,0-0,0 #1020354})
D/androidripper(  825): Found widget: id=-1 (android.widget.FrameLayout{40d2e130 V.E..... ......I. 0,38-480,76})
D/androidripper(  825): Found widget: id=16908310 (android.widget.TextView{40d30948 V.ED.... ......I. 6,1-474,36 #1020016 android:id/title}): Tippy Tipper
D/androidripper(  825): Found widget: id=16908290 (android.widget.FrameLayout{40d31898 V.E..... ......I. 0,76-480,800 #1020002 android:id/content})
D/androidripper(  825): Found widget: id=-1 (android.widget.LinearLayout{40d32340 V.E..... ......I. 0,0-480,724})
D/androidripper(  825): Found widget: id=-1 (android.widget.TextView{40d358a0 V.ED.... ......I. 15,0-252,71}): Enter bill amount:
D/androidripper(  825): Found widget: id=2131361792 (android.widget.EditText{40d35f60 VFED..CL .F....I. 15,71-465,149 #7f0a0000 app:id/txt_amount}): $0.00
D/androidripper(  825): Found widget: id=-1 (android.widget.LinearLayout{40d16c30 V.E..... ......I. 15,187-465,724})
D/androidripper(  825): Found widget: id=-1 (android.widget.LinearLayout{40d6fab8 V.E..... ......I. 0,0-450,84})
D/androidripper(  825): Found widget: id=2131361793 (android.widget.Button{40d6ffa8 VFED..C. ......I. 6,6-144,78 #7f0a0001 app:id/btn_seven}): 7
D/androidripper(  825): Found widget: id=2131361794 (android.widget.Button{40d7e9a8 VFED..C. ......I. 156,6-294,78 #7f0a0002 app:id/btn_eight}): 8
D/androidripper(  825): Found widget: id=2131361795 (android.widget.Button{40d7f438 VFED..C. ......I. 306,6-444,78 #7f0a0003 app:id/btn_nine}): 9
D/androidripper(  825): Found widget: id=-1 (android.widget.LinearLayout{40d7fec8 V.E..... ......I. 0,84-450,168})
D/androidripper(  825): Found widget: id=2131361796 (android.widget.Button{40d80270 VFED..C. ......I. 6,6-144,78 #7f0a0004 app:id/btn_four}): 4
D/androidripper(  825): Found widget: id=2131361797 (android.widget.Button{40d80d00 VFED..C. ......I. 156,6-294,78 #7f0a0005 app:id/btn_five}): 5
D/androidripper(  825): Found widget: id=2131361798 (android.widget.Button{40d81790 VFED..C. ......I. 306,6-444,78 #7f0a0006 app:id/btn_six}): 6
D/androidripper(  825): Found widget: id=-1 (android.widget.LinearLayout{40d82270 V.E..... ......I. 0,168-450,252})
D/androidripper(  825): Found widget: id=2131361799 (android.widget.Button{40d82618 VFED..C. ......I. 6,6-144,78 #7f0a0007 app:id/btn_one}): 1
D/androidripper(  825): Found widget: id=2131361800 (android.widget.Button{40d830a8 VFED..C. ......I. 156,6-294,78 #7f0a0008 app:id/btn_two}): 2
D/androidripper(  825): Found widget: id=2131361801 (android.widget.Button{40d83b38 VFED..C. ......I. 306,6-444,78 #7f0a0009 app:id/btn_three}): 3
D/androidripper(  825): Found widget: id=-1 (android.widget.LinearLayout{40d3eed0 V.E..... ......I. 0,252-450,336})
D/androidripper(  825): Found widget: id=2131361802 (android.widget.Button{40cc7e28 VFED..CL ......I. 6,6-144,78 #7f0a000a app:id/btn_delete}): DEL
D/androidripper(  825): Found widget: id=2131361803 (android.widget.Button{40cc31c0 VFED..C. ......I. 156,6-294,78 #7f0a000b app:id/btn_zero}): 0
D/androidripper(  825): Found widget: id=2131361804 (android.widget.Button{40cc79f8 VFED..C. ......I. 306,6-444,78 #7f0a000c app:id/btn_ok}): OK
D/androidripper(  825): Found widget: id=-1 (com.android.internal.policy.impl.PhoneWindow$DecorView{40d01058 V.E..... R.....I. 0,0-480,800})
I/androidripper(  825): Playing Trace 0
I/androidripper(  825): Setting input: type= writeText id=2131361792 value=15
D/androidripper(  825): Added to return list id=2131361792
I/androidripper(  825): Retrieved from return list id=2131361792
D/androidripper(  825): Testing for type (android.widget.EditText) against the original (android.widget.EditText)
D/androidripper(  825): Testing for name () against the original ()
I/Choreographer(  825): Skipped 132 frames!  The application may be doing too much work on its main thread.
D/dalvikvm(  825): GC_CONCURRENT freed 404K, 57% free 3203K/7444K, paused 4ms+4ms, total 47ms
I/androidripper(  825): Retrieved from return list id=2131361793
D/androidripper(  825): Testing for type (android.widget.Button) against the original (android.widget.Button)
D/androidripper(  825): Testing for name (7) against the original (7)
I/androidripper(  825): Firing event: type= click index=10 widget=android.widget.Button
D/androidripper(  825): Event description: 7
D/dalvikvm(  296): GC_EXPLICIT freed 437K, 24% free 5794K/7548K, paused 4ms+9ms, total 98ms
I/androidripper(  825): Waiting for 1 sec.
I/androidripper(  825): Current activity is activities.TippyTipper
I/androidripper(  825): Retrieving widgets
D/androidripper(  825): Found widget: id=-1 (android.widget.LinearLayout{40d02118 V.E..... ......I. 0,0-480,800})
D/androidripper(  825): Found widget: id=16909140 (android.view.ViewStub{40d03b98 G.E..... ......I. 0,0-0,0 #1020354})
D/androidripper(  825): Found widget: id=-1 (android.widget.FrameLayout{40d2e130 V.E..... ......I. 0,38-480,76})
D/androidripper(  825): Found widget: id=16908310 (android.widget.TextView{40d30948 V.ED.... ......I. 6,1-474,36 #1020016 android:id/title}): Tippy Tipper
D/androidripper(  825): Found widget: id=16908290 (android.widget.FrameLayout{40d31898 V.E..... ......I. 0,76-480,800 #1020002 android:id/content})
D/androidripper(  825): Found widget: id=-1 (android.widget.LinearLayout{40d32340 V.E..... ......I. 0,0-480,724})
D/androidripper(  825): Found widget: id=-1 (android.widget.TextView{40d358a0 V.ED.... ......I. 15,0-252,71}): Enter bill amount:
D/androidripper(  825): Found widget: id=2131361792 (android.widget.EditText{40d35f60 VFED..CL ......I. 15,71-465,149 #7f0a0000 app:id/txt_amount}): $0.07
D/androidripper(  825): Found widget: id=-1 (android.widget.LinearLayout{40d16c30 V.E..... ......I. 15,187-465,724})
D/androidripper(  825): Found widget: id=-1 (android.widget.LinearLayout{40d6fab8 V.E..... ......I. 0,0-450,84})
D/androidripper(  825): Found widget: id=2131361793 (android.widget.Button{40d6ffa8 VFED..C. ......I. 6,6-144,78 #7f0a0001 app:id/btn_seven}): 7
D/androidripper(  825): Found widget: id=2131361794 (android.widget.Button{40d7e9a8 VFED..C. ......I. 156,6-294,78 #7f0a0002 app:id/btn_eight}): 8
D/androidripper(  825): Found widget: id=2131361795 (android.widget.Button{40d7f438 VFED..C. ......I. 306,6-444,78 #7f0a0003 app:id/btn_nine}): 9
D/androidripper(  825): Found widget: id=-1 (android.widget.LinearLayout{40d7fec8 V.E..... ......I. 0,84-450,168})
D/androidripper(  825): Found widget: id=2131361796 (android.widget.Button{40d80270 VFED..C. ......I. 6,6-144,78 #7f0a0004 app:id/btn_four}): 4
D/androidripper(  825): Found widget: id=2131361797 (android.widget.Button{40d80d00 VFED..C. ......I. 156,6-294,78 #7f0a0005 app:id/btn_five}): 5
D/androidripper(  825): Found widget: id=2131361798 (android.widget.Button{40d81790 VFED..C. ......I. 306,6-444,78 #7f0a0006 app:id/btn_six}): 6
D/androidripper(  825): Found widget: id=-1 (android.widget.LinearLayout{40d82270 V.E..... ......I. 0,168-450,252})
D/androidripper(  825): Found widget: id=2131361799 (android.widget.Button{40d82618 VFED..C. ......I. 6,6-144,78 #7f0a0007 app:id/btn_one}): 1
D/androidripper(  825): Found widget: id=2131361800 (android.widget.Button{40d830a8 VFED..C. ......I. 156,6-294,78 #7f0a0008 app:id/btn_two}): 2
D/androidripper(  825): Found widget: id=2131361801 (android.widget.Button{40d83b38 VFED..C. ......I. 306,6-444,78 #7f0a0009 app:id/btn_three}): 3
D/androidripper(  825): Found widget: id=-1 (android.widget.LinearLayout{40d3eed0 V.E..... ......I. 0,252-450,336})
D/androidripper(  825): Found widget: id=2131361802 (android.widget.Button{40cc7e28 VFED..CL ......I. 6,6-144,78 #7f0a000a app:id/btn_delete}): DEL
D/androidripper(  825): Found widget: id=2131361803 (android.widget.Button{40cc31c0 VFED..C. ......I. 156,6-294,78 #7f0a000b app:id/btn_zero}): 0
D/androidripper(  825): Found widget: id=2131361804 (android.widget.Button{40cc79f8 VFED..C. ......I. 306,6-444,78 #7f0a000c app:id/btn_ok}): OK
D/androidripper(  825): Found widget: id=-1 (com.android.internal.policy.impl.PhoneWindow$DecorView{40d01058 V.E..... R.....I. 0,0-480,800})
V/androidripper(  825): TextualID : null
V/androidripper(  825): ContentType detected : default
V/androidripper(  825): TextualID : null
V/androidripper(  825): ContentType detected : default
E/androidripper(  825): java.lang.NoSuchFieldException: mOnFocusChangeListener
V/androidripper(  825): android.widget.EditText > mOnFocusChangeListener NOT FOUND
V/androidripper(  825): TextualID : txt_amount
V/androidripper(  825): ContentType detected : default
V/androidripper(  825): TextualID : btn_seven
V/androidripper(  825): ContentType detected : default
V/androidripper(  825): TextualID : btn_eight
V/androidripper(  825): ContentType detected : default
V/androidripper(  825): TextualID : btn_nine
V/androidripper(  825): ContentType detected : default
V/androidripper(  825): TextualID : btn_four
V/androidripper(  825): ContentType detected : default
V/androidripper(  825): TextualID : btn_five
V/androidripper(  825): ContentType detected : default
V/androidripper(  825): TextualID : btn_six
V/androidripper(  825): ContentType detected : default
V/androidripper(  825): TextualID : btn_one
V/androidripper(  825): ContentType detected : default
V/androidripper(  825): TextualID : btn_two
V/androidripper(  825): ContentType detected : default
V/androidripper(  825): TextualID : btn_three
V/androidripper(  825): ContentType detected : default
V/androidripper(  825): TextualID : btn_delete
V/androidripper(  825): ContentType detected : default
V/androidripper(  825): TextualID : btn_zero
V/androidripper(  825): ContentType detected : default
V/androidripper(  825): TextualID : btn_ok
V/androidripper(  825): ContentType detected : default
I/androidripper(  825): Performing comparation for activity TippyTipper
D/androidripper(  825): Comparing against activity TippyTipper
D/androidripper(  825): Looking for additional widgets
D/androidripper(  825): Comparator found widget -1 (type = linearLayout)
D/androidripper(  825): Comparator found widget -1 (type = )
D/androidripper(  825): Comparator found widget 16908310 (type = text)
V/androidripper(  825): Comparing text #16908310
D/androidripper(  825): Comparator found widget 16908290 (type = )
D/androidripper(  825): Comparator found widget -1 (type = linearLayout)
D/androidripper(  825): Comparator found widget -1 (type = text)
D/androidripper(  825): Comparator found widget 2131361792 (type = editText)
V/androidripper(  825): Comparing editText #2131361792
D/androidripper(  825): Comparator found widget -1 (type = linearLayout)
D/androidripper(  825): Comparator found widget -1 (type = linearLayout)
D/androidripper(  825): Comparator found widget 2131361793 (type = button)
V/androidripper(  825): Comparing button #2131361793
D/androidripper(  825): Comparator found widget 2131361794 (type = button)
V/androidripper(  825): Comparing button #2131361794
D/androidripper(  825): Comparator found widget 2131361795 (type = button)
V/androidripper(  825): Comparing button #2131361795
D/androidripper(  825): Comparator found widget -1 (type = linearLayout)
D/androidripper(  825): Comparator found widget 2131361796 (type = button)
V/androidripper(  825): Comparing button #2131361796
D/androidripper(  825): Comparator found widget 2131361797 (type = button)
V/androidripper(  825): Comparing button #2131361797
D/androidripper(  825): Comparator found widget 2131361798 (type = button)
V/androidripper(  825): Comparing button #2131361798
D/androidripper(  825): Comparator found widget -1 (type = linearLayout)
D/androidripper(  825): Comparator found widget 2131361799 (type = button)
V/androidripper(  825): Comparing button #2131361799
D/androidripper(  825): Comparator found widget 2131361800 (type = button)
V/androidripper(  825): Comparing button #2131361800
D/androidripper(  825): Comparator found widget 2131361801 (type = button)
V/androidripper(  825): Comparing button #2131361801
D/androidripper(  825): Comparator found widget -1 (type = linearLayout)
D/androidripper(  825): Comparator found widget 2131361802 (type = button)
V/androidripper(  825): Comparing button #2131361802
D/androidripper(  825): Comparator found widget 2131361803 (type = button)
V/androidripper(  825): Comparing button #2131361803
D/androidripper(  825): Comparator found widget 2131361804 (type = button)
V/androidripper(  825): Comparing button #2131361804
D/androidripper(  825): Comparator found widget -1 (type = )
D/androidripper(  825): Looking for missing widgets
D/androidripper(  825): Comparator found widget -1 (type = linearLayout)
D/androidripper(  825): Comparator found widget -1 (type = )
D/androidripper(  825): Comparator found widget 16908310 (type = text)
D/androidripper(  825): Comparator found widget 16908290 (type = )
D/androidripper(  825): Comparator found widget -1 (type = linearLayout)
D/androidripper(  825): Comparator found widget -1 (type = text)
D/androidripper(  825): Comparator found widget 2131361792 (type = editText)
D/androidripper(  825): Comparator found widget -1 (type = linearLayout)
D/androidripper(  825): Comparator found widget -1 (type = linearLayout)
D/androidripper(  825): Comparator found widget 2131361793 (type = button)
D/androidripper(  825): Comparator found widget 2131361794 (type = button)
D/androidripper(  825): Comparator found widget 2131361795 (type = button)
D/androidripper(  825): Comparator found widget -1 (type = linearLayout)
D/androidripper(  825): Comparator found widget 2131361796 (type = button)
D/androidripper(  825): Comparator found widget 2131361797 (type = button)
D/androidripper(  825): Comparator found widget 2131361798 (type = button)
D/androidripper(  825): Comparator found widget -1 (type = linearLayout)
D/androidripper(  825): Comparator found widget 2131361799 (type = button)
D/androidripper(  825): Comparator found widget 2131361800 (type = button)
D/androidripper(  825): Comparator found widget 2131361801 (type = button)
D/androidripper(  825): Comparator found widget -1 (type = linearLayout)
D/androidripper(  825): Comparator found widget 2131361802 (type = button)
D/androidripper(  825): Comparator found widget 2131361803 (type = button)
D/androidripper(  825): Comparator found widget 2131361804 (type = button)
D/dalvikvm(  825): GC_CONCURRENT freed 449K, 57% free 3256K/7444K, paused 5ms+11ms, total 367ms
D/androidripper(  825): Comparator found widget -1 (type = )
D/androidripper(  825): This activity state is equivalent to a1
D/dalvikvm(  825): GC_FOR_ALLOC freed 27K, 57% free 3231K/7444K, paused 29ms, total 30ms
I/dalvikvm-heap(  825): Grow heap (frag case) to 4.674MB for 1536016-byte allocation
D/dalvikvm(  825): GC_FOR_ALLOC freed <1K, 37% free 4730K/7444K, paused 30ms, total 30ms
D/dalvikvm(  825): GC_CONCURRENT freed <1K, 37% free 4731K/7444K, paused 14ms+3ms, total 67ms
D/dalvikvm(  825): WAIT_FOR_CONCURRENT_GC blocked 8ms
I/dalvikvm-heap(  825): Grow heap (frag case) to 6.139MB for 1536016-byte allocation
D/dalvikvm(  825): GC_CONCURRENT freed <1K, 17% free 6231K/7444K, paused 3ms+3ms, total 35ms
D/dalvikvm(  825): WAIT_FOR_CONCURRENT_GC blocked 29ms
I/androidripper(  825): Saved image on disk: a2.jpg
I/androidripper(  825): Waiting for 1 sec.
I/androidripper(  825): Session count is 1. Will dump to disk at 1
I/androidripper(  825): Saving the session on disk. This is the first batch: the file will be created.
D/dalvikvm(  825): GC_EXPLICIT freed 3115K, 57% free 3227K/7444K, paused 3ms+4ms, total 46ms
I/androidripper(  825): Check for pause: 0 steps left of 1
I/androidripper(  825): Saving the session on disk. This is the last batch. The session will be terminated.
D/androidripper(  825): Performing backup of the old task list on disk
D/androidripper(  825): Saving task list on disk
V/androidripper(  825): Backing up trace #1 to disk.
V/androidripper(  825): Backing up trace #2 to disk.
V/androidripper(  825): Backing up trace #3 to disk.
V/androidripper(  825): Backing up trace #4 to disk.
V/androidripper(  825): Backing up trace #5 to disk.
V/androidripper(  825): Backing up trace #6 to disk.
V/androidripper(  825): Backing up trace #7 to disk.
V/androidripper(  825): Backing up trace #8 to disk.
V/androidripper(  825): Backing up trace #9 to disk.
V/androidripper(  825): Backing up trace #10 to disk.
V/androidripper(  825): Backing up trace #11 to disk.
V/androidripper(  825): Backing up trace #12 to disk.
D/dalvikvm(  825): GC_CONCURRENT freed 459K, 56% free 3279K/7444K, paused 7ms+3ms, total 76ms
D/dalvikvm(  825): WAIT_FOR_CONCURRENT_GC blocked 19ms
V/androidripper(  825): Backing up trace #13 to disk.
D/androidripper(  825): Deleting backup of the old task list from disk
W/WindowManager(  296): Failure taking screenshot for (246x410) to layer 21010
W/ActivityManager(  296): Duplicate finish request for ActivityRecord{40eb82f8 u0 net.mandaria.tippytipper/.activities.TippyTipper}
D/dalvikvm(  825): GC_EXPLICIT freed 94K, 57% free 3226K/7444K, paused 6ms+21ms, total 155ms
D/dalvikvm(  825): GC_EXPLICIT freed <1K, 57% free 3225K/7444K, paused 34ms+23ms, total 146ms
I/TestRunner(  825): finished: testAndCrawl(it.unina.androidripper.guitree.GuiTreeEngine)
I/TestRunner(  825): passed: testAndCrawl(it.unina.androidripper.guitree.GuiTreeEngine)
D/AndroidRuntime(  813): Shutting down VM
D/dalvikvm(  813): GC_CONCURRENT freed 98K, 18% free 470K/572K, paused 0ms+0ms, total 9ms
D/jdwp    (  813): Got wake-up signal, bailing out of select
D/dalvikvm(  813): Debugger has detached; object registry had 1 entries
D/dalvikvm(  429): GC_CONCURRENT freed 919K, 11% free 8441K/9420K, paused 4ms+171ms, total 349ms
I/ActivityManager(  296): Force stopping package net.mandaria.tippytipper appid=10047 user=0
I/ActivityManager(  296): Killing proc 825:net.mandaria.tippytipper/u0a10047: force stop net.mandaria.tippytipper
I/WindowState(  296): WIN DEATH: Window{40e7a0c0 u0 net.mandaria.tippytipper/net.mandaria.tippytipper.activities.TippyTipper EXITING}
I/Choreographer(  429): Skipped 181 frames!  The application may be doing too much work on its main thread.
I/Choreographer(  296): Skipped 65 frames!  The application may be doing too much work on its main thread.
E/SurfaceFlinger(   37): ro.sf.lcd_density must be defined as a build property
W/InputMethodManagerService(  296): Got RemoteException sending setActive(false) notification to pid 825 uid 10047
D/AndroidRuntime(  856): 
D/AndroidRuntime(  856): >>>>>> AndroidRuntime START com.android.internal.os.RuntimeInit <<<<<<
D/AndroidRuntime(  856): CheckJNI is ON
D/dalvikvm(  856): Trying to load lib libjavacore.so 0x0
D/dalvikvm(  856): Added shared lib libjavacore.so 0x0
D/dalvikvm(  856): Trying to load lib libnativehelper.so 0x0
D/dalvikvm(  856): Added shared lib libnativehelper.so 0x0
I/Choreographer(  296): Skipped 31 frames!  The application may be doing too much work on its main thread.
D/AndroidRuntime(  856): Calling main entry com.android.commands.am.Am
D/dalvikvm(  856): Note: class Landroid/app/ActivityManagerNative; has 157 unimplemented (abstract) methods
D/dalvikvm(  866): Not late-enabling CheckJNI (already on)
I/ActivityManager(  296): Start proc net.mandaria.tippytipper for broadcast net.mandaria.tippytipper/.EmmaInstrument.SMSInstrumentedReceiver: pid=866 uid=10047 gids={50047, 1015, 3003, 1028}
I/dalvikvm(  866): Turning on JNI app bug workarounds for target SDK version 4...
E/Trace   (  866): error opening trace file: No such file or directory (2)
D/dalvikvm(  866): GC_CONCURRENT freed 219K, 10% free 2607K/2884K, paused 4ms+3ms, total 56ms
I/System.out(  866): EMMA: collecting runtime coverage data ...
D/EmmaInstrumentation:(  866): Intermidate Dump Called with file name :/mnt/sdcard/coverage.ec
D/EmmaInstrumentation:(  866): generateCoverageReport()
I/System.out(  866): EMMA: runtime coverage data merged into [/mnt/sdcard/coverage.ec] {in 14 ms}
D/AndroidRuntime(  856): Shutting down VM
D/dalvikvm(  856): GC_CONCURRENT freed 95K, 17% free 501K/600K, paused 0ms+2ms, total 10ms
D/jdwp    (  856): Got wake-up signal, bailing out of select
D/dalvikvm(  856): Debugger has detached; object registry had 1 entries
W/Resources(   38): Preloaded drawable resource #0x10805bc (android:drawable/tab_selected_holo) that varies with configuration!!
W/Resources(   38): Preloaded drawable resource #0x10805c0 (android:drawable/tab_unselected_focused_holo) that varies with configuration!!
W/Resources(   38): Preloaded drawable resource #0x10805bb (android:drawable/tab_selected_focused_holo) that varies with configuration!!
W/Resources(   38): Preloaded drawable resource #0x10805c2 (android:drawable/tab_unselected_pressed_holo) that varies with configuration!!
W/Resources(   38): Preloaded drawable resource #0x10805bd (android:drawable/tab_selected_pressed_holo) that varies with configuration!!
W/Resources(   38): Preloaded drawable resource #0x10805c2 (android:drawable/tab_unselected_pressed_holo) that varies with configuration!!
W/Resources(   38): Preloaded drawable resource #0x10805bd (android:drawable/tab_selected_pressed_holo) that varies with configuration!!
W/Resources(   38): Preloaded drawable resource #0x10805bd (android:drawable/tab_selected_pressed_holo) that varies with configuration!!
W/Resources(   38): Preloaded drawable resource #0x10805c1 (android:drawable/tab_unselected_holo) that varies with configuration!!
W/Resources(   38): Preloaded drawable resource #0x10805bc (android:drawable/tab_selected_holo) that varies with configuration!!
W/Resources(   38): Preloaded drawable resource #0x10805c0 (android:drawable/tab_unselected_focused_holo) that varies with configuration!!
W/Resources(   38): Preloaded drawable resource #0x10805bb (android:drawable/tab_selected_focused_holo) that varies with configuration!!
W/Resources(   38): Preloaded drawable resource #0x10805c2 (android:drawable/tab_unselected_pressed_holo) that varies with configuration!!
W/Resources(   38): Preloaded drawable resource #0x10805bd (android:drawable/tab_selected_pressed_holo) that varies with configuration!!
W/Resources(   38): Preloaded drawable resource #0x10804a5 (android:drawable/quickcontact_badge_overlay_pressed_dark) that varies with configuration!!
W/Resources(   38): Preloaded drawable resource #0x10804a0 (android:drawable/quickcontact_badge_overlay_focused_dark) that varies with configuration!!
W/Resources(   38): Preloaded drawable resource #0x10804a3 (android:drawable/quickcontact_badge_overlay_normal_dark) that varies with configuration!!
W/Resources(   38): Preloaded drawable resource #0x10804a3 (android:drawable/quickcontact_badge_overlay_normal_dark) that varies with configuration!!
W/Resources(   38): Preloaded drawable resource #0x10804a3 (android:drawable/quickcontact_badge_overlay_normal_dark) that varies with configuration!!
D/dalvikvm(   38): GC_EXPLICIT freed 56K, 26% free 2365K/3156K, paused 2ms+3ms, total 87ms
W/Resources(   38): Preloaded drawable resource #0x10804a5 (android:drawable/quickcontact_badge_overlay_pressed_dark) that varies with configuration!!
W/Resources(   38): Preloaded drawable resource #0x10804a6 (android:drawable/quickcontact_badge_overlay_pressed_light) that varies with configuration!!
W/Resources(   38): Preloaded drawable resource #0x10804a1 (android:drawable/quickcontact_badge_overlay_focused_light) that varies with configuration!!
W/Resources(   38): Preloaded drawable resource #0x10804a4 (android:drawable/quickcontact_badge_overlay_normal_light) that varies with configuration!!
W/Resources(   38): Preloaded drawable resource #0x10804a4 (android:drawable/quickcontact_badge_overlay_normal_light) that varies with configuration!!
W/Resources(   38): Preloaded drawable resource #0x10804a4 (android:drawable/quickcontact_badge_overlay_normal_light) that varies with configuration!!
W/Resources(   38): Preloaded drawable resource #0x10804a6 (android:drawable/quickcontact_badge_overlay_pressed_light) that varies with configuration!!
I/Zygote  (   38): ...preloaded 270 resources in 10171ms.
D/dalvikvm(   38): GC_EXPLICIT freed 48K, 25% free 2369K/3156K, paused 55ms+3ms, total 98ms
I/Zygote  (   38): ...preloaded 31 resources in 181ms.
D/dalvikvm(   38): GC_EXPLICIT freed 9K, 25% free 2377K/3156K, paused 13ms+4ms, total 140ms
D/dalvikvm(   38): GC_EXPLICIT freed 7K, 25% free 2369K/3156K, paused 3ms+3ms, total 47ms
D/dalvikvm(   38): GC_EXPLICIT freed <1K, 25% free 2369K/3156K, paused 2ms+3ms, total 30ms
I/dalvikvm(   38): System server process 296 has been created
I/Zygote  (   38): Accepting command socket connections
E/BatteryService(  296): usbOnlinePath not found
E/BatteryService(  296): wirelessOnlinePath not found
E/BatteryService(  296): batteryVoltagePath not found
E/BatteryService(  296): batteryTemperaturePath not found
I/sysproc (  296): Entered system_init()
I/sysproc (  296): ServiceManager: 0x2a1a13d0
D/SensorService(  296): nuSensorService starting...
I/SensorService(  296): Goldfish 3-axis Accelerometer
I/SensorService(  296): Goldfish 3-axis Magnetic field sensor
I/SensorService(  296): Goldfish Orientation sensor
I/SensorService(  296): Goldfish Temperature sensor
I/SensorService(  296): Goldfish Proximity sensor
I/sysproc (  296): System server: starting Android runtime.
I/sysproc (  296): System server: starting Android services.
I/SystemServer(  296): Entered the Android system server!
I/sysproc (  296): System server: entering thread pool.
D/SensorService(  296): nuSensorService thread starting...
I/SystemServer(  296): Enabled StrictMode logging for UI Looper
I/SystemServer(  296): Waiting for installd to be ready.
I/Installer(  296): connecting...
I/installd(   41): new connection
I/SystemServer(  296): Entropy Mixer
I/SystemServer(  296): Enabled StrictMode logging for WM Looper
I/SystemServer(  296): Power Manager
E/PowerManagerService-JNI(  296): Couldn't load power module (No such file or directory)
I/SystemServer(  296): Activity Manager
I/ActivityManager(  296): Memory class: 48
W/UsageStats(  296): Usage stats version changed; dropping
I/ActivityManager(  296): Enabled StrictMode logging for AThread's Looper
I/SystemServer(  296): Display Manager
E/SurfaceFlinger(   37): ro.sf.lcd_density must be defined as a build property
I/DisplayManagerService(  296): Display device added: DisplayDeviceInfo{"Built-in Screen": 480 x 800, 260.416 fps, density 240, 240.0 x 240.0 dpi, touch INTERNAL, FLAG_DEFAULT_DISPLAY, FLAG_ROTATES_WITH_CONTENT, FLAG_SECURE, FLAG_SUPPORTS_PROTECTED_BUFFERS, rotation 0, type BUILT_IN, address null}
I/SystemServer(  296): Telephony Registry
I/SystemServer(  296): Scheduling Policy
I/SystemServer(  296): Package Manager
D/dalvikvm(  296): GC_CONCURRENT freed 257K, 12% free 2562K/2880K, paused 4ms+4ms, total 101ms
W/PackageManager(  296): Running ENG build: no pre-dexopt!
D/dalvikvm(  296): GC_CONCURRENT freed 229K, 10% free 2748K/3032K, paused 4ms+5ms, total 96ms
D/dalvikvm(  296): GC_CONCURRENT freed 207K, 9% free 2945K/3208K, paused 5ms+70ms, total 109ms
W/PackageParser(  296): No actions in intent filter at /system/app/Contacts.apk Binary XML file line #533
D/dalvikvm(  296): GC_CONCURRENT freed 222K, 9% free 3133K/3412K, paused 60ms+4ms, total 158ms
D/dalvikvm(  296): GC_CONCURRENT freed 210K, 8% free 3334K/3592K, paused 4ms+4ms, total 84ms
W/PackageManager(  296): Package com.android.camera desires unavailable shared library com.google.android.media.effects; ignoring!
D/PackageManager(  296): No files in app dir /vendor/app
D/dalvikvm(  296): GC_CONCURRENT freed 207K, 7% free 3524K/3788K, paused 46ms+6ms, total 147ms
W/PackageParser(  296): No actions in intent filter at /data/app/ApiDemos.apk Binary XML file line #2737
W/PackageParser(  296): No actions in intent filter at /data/app/ApiDemos.apk Binary XML file line #2743
W/PackageManager(  296): Package com.example.android.apis desires unavailable shared library com.example.will.never.exist; ignoring!
I/PackageManager(  296): Time to scan packages: 4.479 seconds
W/PackageManager(  296): Unknown permission com.google.android.googleapps.permission.GOOGLE_AUTH.mail in package com.android.contacts
W/PackageManager(  296): Unknown permission android.permission.ADD_SYSTEM_SERVICE in package com.android.phone
W/PackageManager(  296): Unknown permission com.android.smspush.WAPPUSH_MANAGER_BIND in package com.android.phone
W/PackageManager(  296): Unknown permission com.google.android.googleapps.permission.GOOGLE_AUTH in package com.android.providers.calendar
W/PackageManager(  296): Unknown permission com.google.android.googleapps.permission.GOOGLE_AUTH.cl in package com.android.providers.calendar
W/PackageManager(  296): Unknown permission com.google.android.googleapps.permission.GOOGLE_AUTH.mail in package com.android.calendar
W/PackageManager(  296): Not granting permission android.permission.SEND_DOWNLOAD_COMPLETED_INTENTS to package com.android.browser (protectionLevel=2 flags=0x9be45)
W/PackageManager(  296): Not granting permission android.permission.BIND_APPWIDGET to package com.android.widgetpreview (protectionLevel=18 flags=0x8be44)
W/PackageManager(  296): Unknown permission com.google.android.googleapps.permission.GOOGLE_AUTH in package com.android.settings
W/PackageManager(  296): Unknown permission com.google.android.gallery3d.permission.GALLERY_PROVIDER in package com.android.exchange
W/PackageManager(  296): Unknown permission com.google.android.googleapps.permission.ACCESS_GOOGLE_PASSWORD in package com.android.development
W/PackageManager(  296): Unknown permission com.google.android.googleapps.permission.GOOGLE_AUTH in package com.android.development
W/PackageManager(  296): Unknown permission com.google.android.googleapps.permission.GOOGLE_AUTH.ALL_SERVICES in package com.android.development
W/PackageManager(  296): Unknown permission com.google.android.googleapps.permission.GOOGLE_AUTH.YouTubeUser in package com.android.development
W/PackageManager(  296): Unknown permission com.google.android.gallery3d.permission.GALLERY_PROVIDER in package com.android.email
W/PackageManager(  296): Not granting permission android.permission.DEVICE_POWER to package com.android.deskclock (protectionLevel=2 flags=0x8be45)
D/dalvikvm(  296): GC_CONCURRENT freed 268K, 8% free 3766K/4088K, paused 4ms+18ms, total 102ms
D/dalvikvm(  296): WAIT_FOR_CONCURRENT_GC blocked 5ms
D/dalvikvm(  296): GC_EXPLICIT freed 237K, 13% free 3629K/4140K, paused 3ms+4ms, total 68ms
I/SystemServer(  296): User Service
I/SystemServer(  296): Account Manager
I/SystemServer(  296): Content Manager
I/SystemServer(  296): System Content Providers
I/SystemServer(  296): Lights Service
I/SystemServer(  296): Battery Service
I/SystemServer(  296): Vibrator Service
I/libsuspend(  296): Selected early suspend
I/libsuspend(  296): Starting early suspend unblocker thread
D/PermissionCache(   37): checking android.permission.ACCESS_SURFACE_FLINGER for uid=1000 => granted (2500 us)
D/SurfaceFlinger(   37): Screen acquired, type=0 flinger=0x2a007318
D/SurfaceFlinger(   37):  screen was previously acquired
I/SystemServer(  296): Alarm Manager
D/AlarmManagerService(  296): Kernel timezone updated to 0 minutes west of GMT
I/SystemServer(  296): Init Watchdog
I/SystemServer(  296): Input Manager
I/InputManager(  296): Initializing input manager, mUseDevInputEventForAudioJack=false
I/SystemServer(  296): Window Manager
E/SoundPool(  296): error loading /system/media/audio/ui/Lock.ogg
W/KeyguardViewMediator(  296): failed to load lock sound from /system/media/audio/ui/Lock.ogg
E/SoundPool(  296): error loading /system/media/audio/ui/Unlock.ogg
W/KeyguardViewMediator(  296): failed to load unlock sound from /system/media/audio/ui/Unlock.ogg
D/dalvikvm(  296): GC_CONCURRENT freed 252K, 8% free 3816K/4140K, paused 46ms+7ms, total 207ms
I/InputManager(  296): Starting input manager
I/SystemServer(  296): No Bluetooh Service (emulator)
I/SystemServer(  296): Input Method Service
W/InputMethodManagerService(  296): Couldn't create dir.: /data/system/inputmethod
I/EventHub(  296): New device: id=1, fd=90, path='/dev/input/event0', name='qwerty2', classes=0x2d, configuration='/system/usr/idc/qwerty2.idc', keyLayout='/system/usr/keylayout/qwerty.kl', keyCharacterMap='/system/usr/keychars/qwerty2.kcm', builtinKeyboard=true, usingSuspendBlockIoctl=false, usingClockIoctl=false
E/EventHub(  296): could not get driver version for /dev/input/mouse0, Not a typewriter
E/EventHub(  296): could not get driver version for /dev/input/mice, Not a typewriter
I/InputReader(  296): Device added: id=-1, name='Virtual', sources=0x00000301
I/InputReader(  296):   Touch device 'qwerty2' could not query the properties of its associated display.  The device will be inoperable until the display size becomes available.
I/InputReader(  296): Device added: id=0, name='qwerty2', sources=0x00011307
E/Trace   (  296): error opening trace file: No such file or directory (2)
I/SystemServer(  296): Accessibility Manager
I/ActivityManager(  296): Config changes=15f8 {1.0 ?mcc?mnc en_US ldltr sw320dp w320dp h508dp 240dpi nrml long port ?uimode ?night finger -keyb/v/h tball/v s.2}
I/InputReader(  296): Reconfiguring input devices.  changes=0x00000004
I/InputReader(  296): Device reconfigured: id=0, name='qwerty2', size 480x800, orientation 0, mode 1, display id 0
I/InputReader(  296): Reconfiguring input devices.  changes=0x00000004
I/InputReader(  296): Device reconfigured: id=0, name='qwerty2', size 480x800, orientation 0, mode 1, display id 0
I/SystemServer(  296): Mount Service
D/MountService(  296): got storage path: /mnt/sdcard description: USB storage primary: true removable: false emulated: false mtpReserve: 0 allowMassStorage: false maxFileSize: 0
D/MountService(  296): addVolumeLocked() StorageVolume [mStorageId=0 mPath=/mnt/sdcard mDescriptionId=17040615 mPrimary=true mRemovable=false mEmulated=false mMtpReserveSpace=0 mAllowMassStorage=false mMaxFileSize=0 mOwner=null]
I/SystemServer(  296): LockSettingsService
I/SystemServer(  296): Device Policy
I/SystemServer(  296): Status Bar
I/SystemServer(  296): Clipboard Service
I/SystemServer(  296): NetworkManagement Service
D/dalvikvm(  296): GREF has increased to 201
I/SystemServer(  296): Text Service Manager Service
I/SystemServer(  296): NetworkStats Service
D/MountService(  296): volume state changed for /mnt/sdcard (null -> unmounted)
I/PackageManager(  296): Updating external media status from unmounted to unmounted
W/MountService(  296): getSecureContainerList() called when storage not mounted
I/SystemServer(  296): NetworkPolicy Service
I/PackageManager(  296): No secure containers on sdcard
W/PackageManager(  296): Unknown permission com.google.android.googleapps.permission.GOOGLE_AUTH.mail in package com.android.contacts
W/PackageManager(  296): Unknown permission android.permission.ADD_SYSTEM_SERVICE in package com.android.phone
W/PackageManager(  296): Unknown permission com.android.smspush.WAPPUSH_MANAGER_BIND in package com.android.phone
W/PackageManager(  296): Unknown permission com.google.android.googleapps.permission.GOOGLE_AUTH in package com.android.providers.calendar
W/PackageManager(  296): Unknown permission com.google.android.googleapps.permission.GOOGLE_AUTH.cl in package com.android.providers.calendar
W/PackageManager(  296): Unknown permission com.google.android.googleapps.permission.GOOGLE_AUTH.mail in package com.android.calendar
W/PackageManager(  296): Not granting permission android.permission.SEND_DOWNLOAD_COMPLETED_INTENTS to package com.android.browser (protectionLevel=2 flags=0x89be45)
W/PackageManager(  296): Not granting permission android.permission.BIND_APPWIDGET to package com.android.widgetpreview (protectionLevel=18 flags=0x8be44)
W/PackageManager(  296): Unknown permission com.google.android.googleapps.permission.GOOGLE_AUTH in package com.android.settings
I/SystemServer(  296): Wi-Fi P2pService
W/PackageManager(  296): Unknown permission com.google.android.gallery3d.permission.GALLERY_PROVIDER in package com.android.exchange
W/PackageManager(  296): Unknown permission com.google.android.googleapps.permission.ACCESS_GOOGLE_PASSWORD in package com.android.development
W/PackageManager(  296): Unknown permission com.google.android.googleapps.permission.GOOGLE_AUTH in package com.android.development
W/PackageManager(  296): Unknown permission com.google.android.googleapps.permission.GOOGLE_AUTH.ALL_SERVICES in package com.android.development
W/PackageManager(  296): Unknown permission com.google.android.googleapps.permission.GOOGLE_AUTH.YouTubeUser in package com.android.development
W/PackageManager(  296): Unknown permission com.google.android.gallery3d.permission.GALLERY_PROVIDER in package com.android.email
W/PackageManager(  296): Not granting permission android.permission.DEVICE_POWER to package com.android.deskclock (protectionLevel=2 flags=0x88be45)
D/dalvikvm(  296): GC_CONCURRENT freed 279K, 9% free 3959K/4304K, paused 5ms+17ms, total 99ms
I/SystemServer(  296): Wi-Fi Service
I/SystemServer(  296): Connectivity Service
D/ConnectivityService(  296): ConnectivityService starting up
E/CommandListener(   34): Failed to open /proc/sys/net/ipv6/conf/wlan0/disable_ipv6: No such file or directory
E/WifiStateMachine(  296): Failed to disable IPv6: java.lang.IllegalStateException: command '1 interface ipv6 wlan0 disable' failed with '400 1 Failed to change IPv6 state (No such file or directory)'
E/MobileDataStateTracker(  296): default: Ignoring feature request because could not acquire PhoneService
E/MobileDataStateTracker(  296): default: Could not enable APN type "default"
I/WifiService(  296): WifiService starting up with Wi-Fi disabled
I/SystemServer(  296): Network Service Discovery Service
D/NsdService(  296): Network service discovery enabled true
I/SystemServer(  296): Throttle Service
I/SystemServer(  296): UpdateLock Service
I/SystemServer(  296): Notification Manager
I/SystemServer(  296): Device Storage Monitor
I/SystemServer(  296): Location Manager
I/SystemServer(  296): Country Detector
I/SystemServer(  296): Search Service
I/SystemServer(  296): DropBox Service
I/SystemServer(  296): Wallpaper Service
I/SystemServer(  296): Audio Service
D/dalvikvm(  296): GC_CONCURRENT freed 303K, 9% free 4140K/4508K, paused 5ms+7ms, total 276ms
I/SystemServer(  296): Dock Observer
W/DockObserver(  296): This kernel does not have dock station support
I/SystemServer(  296): Wired Accessory Manager
W/WiredAccessoryManager(  296): This kernel does not have wired headset support
W/WiredAccessoryManager(  296): This kernel does not have usb audio support
W/WiredAccessoryManager(  296): This kernel does not have HDMI audio support
I/SystemServer(  296): USB Service
I/SystemServer(  296): Serial Service
I/SystemServer(  296): Twilight Service
I/SystemServer(  296): UI Mode Manager Service
I/SystemServer(  296): Backup Service
V/BackupManagerService(  296): No ancestral data
I/BackupManagerService(  296): Found stale backup journal, scheduling
I/BackupManagerService(  296):   android
I/BackupManagerService(  296):   com.android.browser
I/BackupManagerService(  296):   com.android.calendar
I/BackupManagerService(  296):   com.android.inputmethod.latin
I/BackupManagerService(  296):   com.android.providers.settings
I/BackupManagerService(  296):   com.android.providers.userdictionary
I/BackupManagerService(  296):   com.android.sharedstoragebackup
I/BackupManagerService(  296): Backup enabled => true
I/SystemServer(  296): AppWidget Service
I/SystemServer(  296): Recognition Service
I/SystemServer(  296): DiskStats Service
I/SystemServer(  296): SamplingProfiler Service
I/SystemServer(  296): NetworkTimeUpdateService
I/SystemServer(  296): CommonTimeManagementService
I/SystemServer(  296): CertBlacklister
I/SystemServer(  296): Dreams Service
I/WindowManager(  296): SAFE MODE not enabled
D/dalvikvm(  296): JIT started for system_server
D/dalvikvm(  296): GC_CONCURRENT freed 290K, 8% free 4244K/4600K, paused 5ms+61ms, total 133ms
I/ActivityManager(  296): System now ready
I/SystemServer(  296): Making services ready
I/Zygote  (  296): Process: zygote socket opened
I/ActivityManager(  296): Start proc com.android.systemui for service com.android.systemui/.SystemUIService: pid=364 uid=10034 gids={50034, 1028, 1015, 3002, 3001}
I/Vold    (   32): /dev/block/vold/179:0 being considered for volume sdcard
D/Vold    (   32): Volume sdcard state changing 1 (Idle-Unmounted) -> 3 (Checking)
D/MountService(  296): volume state changed for /mnt/sdcard (unmounted -> checking)
I//system/bin/fsck_msdos(   32): ** /dev/block/vold/179:0
I//system/bin/fsck_msdos(   32): ** Phase 1 - Read and Compare FATs
I//system/bin/fsck_msdos(   32): Attempting to allocate 2044 KB for FAT
D/MountService(  296): sendStorageIntent Intent { act=android.intent.action.MEDIA_CHECKING dat=file:///mnt/sdcard (has extras) } to UserHandle{-1}
D/NetworkManagementService(  296): not enabling bandwidth control
I/keystore(   42): uid: 1000 action: e -> 7 state: 3 -> 3 retry: 4
W/NetworkStats(  296): bandwidth controls disabled, unable to track stats
W/NetworkPolicy(  296): bandwidth controls disabled, unable to enforce policy
I/keystore(   42): uid: 1000 action: e -> 7 state: 3 -> 3 retry: 4
I/ActivityManager(  296): Config changes=200 {1.0 ?mcc?mnc en_US ldltr sw320dp w320dp h508dp 240dpi nrml long port finger -keyb/v/h tball/v s.3}
W/RecognitionManagerService(  296): no available voice recognition services found for user 0
E/Trace   (  364): error opening trace file: No such file or directory (2)
D/dalvikvm(  296): GC_CONCURRENT freed 106K, 4% free 4651K/4820K, paused 7ms+36ms, total 315ms
D/dalvikvm(  296): WAIT_FOR_CONCURRENT_GC blocked 287ms
W/InputMethodManagerService(  296): Ignoring setImeWindowStatus of uid 1000 token: null
D/SystemUIService(  364): loading: class com.android.systemui.statusbar.phone.PhoneStatusBar
D/SystemUIService(  364): running: com.android.systemui.statusbar.phone.PhoneStatusBar@40cd3380
I/StatusBarManagerService(  296): registerStatusBar bar=com.android.internal.statusbar.IStatusBar$Stub$Proxy@40edad98
W/InputMethodManagerService(  296): Found no subtypes in a system IME: com.android.inputmethod.pinyin
I/ActivityManager(  296): Start proc com.android.inputmethod.latin for service com.android.inputmethod.latin/.LatinIME: pid=397 uid=10010 gids={50010, 1028}
I/CommonTimeManagementService(  296): No common time service detected on this platform.  Common time services will be unavailable.
I/InputReader(  296): Reconfiguring input devices.  changes=0x00000020
W/SocketClient(   34): write error (Broken pipe)
W/SocketClient(   34): write error (Broken pipe)
I/ActivityManager(  296): Start proc com.android.phone for added application com.android.phone: pid=414 uid=1001 gids={41001, 3002, 3001, 3003, 1015, 1028}
I/InputReader(  296): Reconfiguring input devices.  changes=0x00000010
E/ThrottleService(  296): problem during onPollAlarm: java.lang.IllegalStateException: problem parsing stats: java.io.FileNotFoundException: /proc/net/xt_qtaguid/iface_stat_all: open failed: ENOENT (No such file or directory)
I/ActivityManager(  296): START u0 {act=android.intent.action.MAIN cat=[android.intent.category.HOME] flg=0x10000000 cmp=com.android.launcher/com.android.launcher2.Launcher} from pid 0
I/ActivityManager(  296): Start proc com.android.launcher for activity com.android.launcher/com.android.launcher2.Launcher: pid=430 uid=10020 gids={50020, 1028}
I/SystemServer(  296): Enabled StrictMode for system server main thread.
E/Trace   (  397): error opening trace file: No such file or directory (2)
D/dalvikvm(  364): GC_FOR_ALLOC freed 90K, 6% free 2664K/2812K, paused 83ms, total 87ms
I/dalvikvm-heap(  364): Grow heap (frag case) to 3.259MB for 635812-byte allocation
D/dalvikvm(  364): GC_CONCURRENT freed 5K, 5% free 3280K/3436K, paused 35ms+2ms, total 130ms
D/dalvikvm(  364): WAIT_FOR_CONCURRENT_GC blocked 59ms
D/dalvikvm(  296): GC_CONCURRENT freed 381K, 9% free 4841K/5284K, paused 590ms+5ms, total 767ms
D/dalvikvm(  296): WAIT_FOR_CONCURRENT_GC blocked 59ms
D/dalvikvm(  296): WAIT_FOR_CONCURRENT_GC blocked 82ms
D/dalvikvm(  296): WAIT_FOR_CONCURRENT_GC blocked 91ms
D/dalvikvm(  296): WAIT_FOR_CONCURRENT_GC blocked 170ms
E/Trace   (  414): error opening trace file: No such file or directory (2)
E/Trace   (  430): error opening trace file: No such file or directory (2)
E/SurfaceFlinger(   37): ro.sf.lcd_density must be defined as a build property
