D/androidripper(  816): Found widget: id=2131361802 (android.widget.Button{40d59168 VFED..CL ......I. 6,6-144,78 #7f0a000a app:id/btn_delete}): DEL
D/androidripper(  816): Found widget: id=2131361803 (android.widget.Button{40d06eb8 VFED..C. ......I. 156,6-294,78 #7f0a000b app:id/btn_zero}): 0
D/androidripper(  816): Found widget: id=2131361804 (android.widget.Button{40d0f120 VFED..C. ......I. 306,6-444,78 #7f0a000c app:id/btn_ok}): OK
D/androidripper(  816): Found widget: id=-1 (com.android.internal.policy.impl.PhoneWindow$DecorView{40d001a8 V.E..... R.....I. 0,0-480,800})
V/androidripper(  816): TextualID : null
V/androidripper(  816): ContentType detected : default
V/androidripper(  816): TextualID : null
V/androidripper(  816): ContentType detected : default
E/androidripper(  816): java.lang.NoSuchFieldException: mOnFocusChangeListener
V/androidripper(  816): android.widget.EditText > mOnFocusChangeListener NOT FOUND
V/androidripper(  816): TextualID : txt_amount
V/androidripper(  816): ContentType detected : default
V/androidripper(  816): TextualID : btn_seven
V/androidripper(  816): ContentType detected : default
V/androidripper(  816): TextualID : btn_eight
V/androidripper(  816): ContentType detected : default
V/androidripper(  816): TextualID : btn_nine
V/androidripper(  816): ContentType detected : default
V/androidripper(  816): TextualID : btn_four
V/androidripper(  816): ContentType detected : default
V/androidripper(  816): TextualID : btn_five
V/androidripper(  816): ContentType detected : default
V/androidripper(  816): TextualID : btn_six
V/androidripper(  816): ContentType detected : default
V/androidripper(  816): TextualID : btn_one
V/androidripper(  816): ContentType detected : default
V/androidripper(  816): TextualID : btn_two
V/androidripper(  816): ContentType detected : default
V/androidripper(  816): TextualID : btn_three
V/androidripper(  816): ContentType detected : default
V/androidripper(  816): TextualID : btn_delete
V/androidripper(  816): ContentType detected : default
V/androidripper(  816): TextualID : btn_zero
V/androidripper(  816): ContentType detected : default
V/androidripper(  816): TextualID : btn_ok
V/androidripper(  816): ContentType detected : default
I/androidripper(  816): Performing comparation for activity TippyTipper
D/androidripper(  816): Comparing against activity TippyTipper
D/androidripper(  816): Looking for additional widgets
D/androidripper(  816): Comparator found widget -1 (type = linearLayout)
D/androidripper(  816): Comparator found widget -1 (type = )
D/androidripper(  816): Comparator found widget 16908310 (type = text)
V/androidripper(  816): Comparing text #16908310
D/androidripper(  816): Comparator found widget 16908290 (type = )
D/androidripper(  816): Comparator found widget -1 (type = linearLayout)
D/androidripper(  816): Comparator found widget -1 (type = text)
D/androidripper(  816): Comparator found widget 2131361792 (type = editText)
V/androidripper(  816): Comparing editText #2131361792
D/androidripper(  816): Comparator found widget -1 (type = linearLayout)
D/androidripper(  816): Comparator found widget -1 (type = linearLayout)
D/androidripper(  816): Comparator found widget 2131361793 (type = button)
V/androidripper(  816): Comparing button #2131361793
D/androidripper(  816): Comparator found widget 2131361794 (type = button)
V/androidripper(  816): Comparing button #2131361794
D/androidripper(  816): Comparator found widget 2131361795 (type = button)
V/androidripper(  816): Comparing button #2131361795
D/androidripper(  816): Comparator found widget -1 (type = linearLayout)
D/dalvikvm(  816): GC_CONCURRENT freed 468K, 17% free 3244K/3904K, paused 6ms+43ms, total 237ms
D/androidripper(  816): Comparator found widget 2131361796 (type = button)
V/androidripper(  816): Comparing button #2131361796
D/androidripper(  816): Comparator found widget 2131361797 (type = button)
V/androidripper(  816): Comparing button #2131361797
D/androidripper(  816): Comparator found widget 2131361798 (type = button)
V/androidripper(  816): Comparing button #2131361798
D/androidripper(  816): Comparator found widget -1 (type = linearLayout)
D/androidripper(  816): Comparator found widget 2131361799 (type = button)
V/androidripper(  816): Comparing button #2131361799
D/androidripper(  816): Comparator found widget 2131361800 (type = button)
V/androidripper(  816): Comparing button #2131361800
D/androidripper(  816): Comparator found widget 2131361801 (type = button)
V/androidripper(  816): Comparing button #2131361801
D/androidripper(  816): Comparator found widget -1 (type = linearLayout)
D/androidripper(  816): Comparator found widget 2131361802 (type = button)
V/androidripper(  816): Comparing button #2131361802
D/androidripper(  816): Comparator found widget 2131361803 (type = button)
V/androidripper(  816): Comparing button #2131361803
D/androidripper(  816): Comparator found widget 2131361804 (type = button)
V/androidripper(  816): Comparing button #2131361804
D/androidripper(  816): Comparator found widget -1 (type = )
D/androidripper(  816): Looking for missing widgets
D/androidripper(  816): Comparator found widget -1 (type = linearLayout)
D/androidripper(  816): Comparator found widget -1 (type = )
D/androidripper(  816): Comparator found widget 16908310 (type = text)
D/androidripper(  816): Comparator found widget 16908290 (type = )
D/androidripper(  816): Comparator found widget -1 (type = linearLayout)
D/androidripper(  816): Comparator found widget -1 (type = text)
D/androidripper(  816): Comparator found widget 2131361792 (type = editText)
D/androidripper(  816): Comparator found widget -1 (type = linearLayout)
D/androidripper(  816): Comparator found widget -1 (type = linearLayout)
D/androidripper(  816): Comparator found widget 2131361793 (type = button)
D/androidripper(  816): Comparator found widget 2131361794 (type = button)
D/androidripper(  816): Comparator found widget 2131361795 (type = button)
D/androidripper(  816): Comparator found widget -1 (type = linearLayout)
D/androidripper(  816): Comparator found widget 2131361796 (type = button)
D/androidripper(  816): Comparator found widget 2131361797 (type = button)
D/androidripper(  816): Comparator found widget 2131361798 (type = button)
D/androidripper(  816): Comparator found widget -1 (type = linearLayout)
D/androidripper(  816): Comparator found widget 2131361799 (type = button)
D/androidripper(  816): Comparator found widget 2131361800 (type = button)
D/androidripper(  816): Comparator found widget 2131361801 (type = button)
D/androidripper(  816): Comparator found widget -1 (type = linearLayout)
D/androidripper(  816): Comparator found widget 2131361802 (type = button)
D/androidripper(  816): Comparator found widget 2131361803 (type = button)
D/androidripper(  816): Comparator found widget 2131361804 (type = button)
D/androidripper(  816): Comparator found widget -1 (type = )
D/androidripper(  816): This activity state is equivalent to a1
D/dalvikvm(  816): GC_FOR_ALLOC freed 42K, 18% free 3230K/3904K, paused 26ms, total 27ms
I/dalvikvm-heap(  816): Grow heap (frag case) to 4.678MB for 1536016-byte allocation
D/dalvikvm(  816): GC_FOR_ALLOC freed <1K, 13% free 4730K/5408K, paused 27ms, total 27ms
D/dalvikvm(  816): GC_CONCURRENT freed <1K, 13% free 4730K/5408K, paused 12ms+5ms, total 62ms
D/dalvikvm(  816): GC_FOR_ALLOC freed <1K, 13% free 4730K/5408K, paused 25ms, total 25ms
I/dalvikvm-heap(  816): Grow heap (frag case) to 6.143MB for 1536016-byte allocation
D/dalvikvm(  816): GC_CONCURRENT freed 0K, 10% free 6230K/6912K, paused 4ms+4ms, total 34ms
D/dalvikvm(  816): WAIT_FOR_CONCURRENT_GC blocked 25ms
I/androidripper(  816): Saved image on disk: a2.jpg
I/androidripper(  816): Waiting for 1 sec.
I/androidripper(  816): Session count is 1. Will dump to disk at 1
I/androidripper(  816): Saving the session on disk. This is the first batch: the file will be created.
I/AudioService(  295):  AudioFocus  abandonAudioFocus() from android.media.AudioManager@40cda978com.android.music.MediaPlaybackService$3@40cd9598
D/dalvikvm(  816): GC_EXPLICIT freed 3115K, 18% free 3227K/3900K, paused 3ms+4ms, total 64ms
I/androidripper(  816): Check for pause: 0 steps left of 1
I/androidripper(  816): Saving the session on disk. This is the last batch. The session will be terminated.
D/androidripper(  816): Performing backup of the old task list on disk
D/androidripper(  816): Saving task list on disk
V/androidripper(  816): Backing up trace #1 to disk.
V/androidripper(  816): Backing up trace #2 to disk.
V/androidripper(  816): Backing up trace #3 to disk.
V/androidripper(  816): Backing up trace #4 to disk.
V/androidripper(  816): Backing up trace #5 to disk.
V/androidripper(  816): Backing up trace #6 to disk.
V/androidripper(  816): Backing up trace #7 to disk.
V/androidripper(  816): Backing up trace #8 to disk.
V/androidripper(  816): Backing up trace #9 to disk.
D/dalvikvm(  816): GC_FOR_ALLOC freed 359K, 17% free 3241K/3900K, paused 27ms, total 28ms
V/androidripper(  816): Backing up trace #10 to disk.
V/androidripper(  816): Backing up trace #11 to disk.
V/androidripper(  816): Backing up trace #12 to disk.
V/androidripper(  816): Backing up trace #13 to disk.
D/androidripper(  816): Deleting backup of the old task list from disk
W/WindowManager(  295): Failure taking screenshot for (246x410) to layer 21010
W/ActivityManager(  295): Duplicate finish request for ActivityRecord{41071ef8 u0 net.mandaria.tippytipper/.activities.TippyTipper}
D/dalvikvm(  816): GC_EXPLICIT freed 196K, 18% free 3225K/3900K, paused 8ms+10ms, total 140ms
D/dalvikvm(  816): GC_EXPLICIT freed <1K, 18% free 3225K/3900K, paused 3ms+56ms, total 145ms
I/TestRunner(  816): finished: testAndCrawl(it.unina.androidripper.guitree.GuiTreeEngine)
I/TestRunner(  816): passed: testAndCrawl(it.unina.androidripper.guitree.GuiTreeEngine)
D/AndroidRuntime(  806): Shutting down VM
D/dalvikvm(  806): GC_CONCURRENT freed 98K, 18% free 470K/572K, paused 1ms+1ms, total 10ms
D/jdwp    (  806): Got wake-up signal, bailing out of select
D/dalvikvm(  806): Debugger has detached; object registry had 1 entries
I/ActivityManager(  295): Force stopping package net.mandaria.tippytipper appid=10047 user=0
I/ActivityManager(  295): Killing proc 816:net.mandaria.tippytipper/u0a10047: force stop net.mandaria.tippytipper
I/WindowState(  295): WIN DEATH: Window{40eca240 u0 net.mandaria.tippytipper/net.mandaria.tippytipper.activities.TippyTipper EXITING}
I/Choreographer(  425): Skipped 170 frames!  The application may be doing too much work on its main thread.
I/Choreographer(  295): Skipped 53 frames!  The application may be doing too much work on its main thread.
E/SurfaceFlinger(   37): ro.sf.lcd_density must be defined as a build property
W/InputMethodManagerService(  295): Got RemoteException sending setActive(false) notification to pid 816 uid 10047
I/Choreographer(  425): Skipped 35 frames!  The application may be doing too much work on its main thread.
D/AndroidRuntime(  842): 
D/AndroidRuntime(  842): >>>>>> AndroidRuntime START com.android.internal.os.RuntimeInit <<<<<<
D/AndroidRuntime(  842): CheckJNI is ON
D/dalvikvm(  842): Trying to load lib libjavacore.so 0x0
D/dalvikvm(  842): Added shared lib libjavacore.so 0x0
D/dalvikvm(  842): Trying to load lib libnativehelper.so 0x0
D/dalvikvm(  842): Added shared lib libnativehelper.so 0x0
I/dalvikvm(  295): Jit: resizing JitTable from 4096 to 8192
D/AndroidRuntime(  842): Calling main entry com.android.commands.am.Am
D/dalvikvm(  842): Note: class Landroid/app/ActivityManagerNative; has 157 unimplemented (abstract) methods
D/dalvikvm(  853): Not late-enabling CheckJNI (already on)
I/ActivityManager(  295): Start proc net.mandaria.tippytipper for broadcast net.mandaria.tippytipper/.EmmaInstrument.SMSInstrumentedReceiver: pid=853 uid=10047 gids={50047, 1015, 3003, 1028}
I/dalvikvm(  853): Turning on JNI app bug workarounds for target SDK version 4...
E/Trace   (  853): error opening trace file: No such file or directory (2)
D/dalvikvm(  853): GC_CONCURRENT freed 206K, 10% free 2616K/2888K, paused 4ms+14ms, total 51ms
I/System.out(  853): EMMA: collecting runtime coverage data ...
D/EmmaInstrumentation:(  853): Intermidate Dump Called with file name :/mnt/sdcard/coverage.ec
D/EmmaInstrumentation:(  853): generateCoverageReport()
I/System.out(  853): EMMA: runtime coverage data merged into [/mnt/sdcard/coverage.ec] {in 14 ms}
D/AndroidRuntime(  842): Shutting down VM
D/dalvikvm(  842): GC_CONCURRENT freed 95K, 17% free 501K/600K, paused 1ms+2ms, total 9ms
D/jdwp    (  842): Got wake-up signal, bailing out of select
D/dalvikvm(  842): Debugger has detached; object registry had 1 entries
W/PackageManager(  280): Not granting permission android.permission.BIND_APPWIDGET to package com.android.widgetpreview (protectionLevel=18 flags=0x8be44)
W/PackageManager(  280): Unknown permission com.google.android.googleapps.permission.GOOGLE_AUTH in package com.android.settings
W/PackageManager(  280): Unknown permission com.google.android.gallery3d.permission.GALLERY_PROVIDER in package com.android.exchange
W/PackageManager(  280): Unknown permission com.google.android.googleapps.permission.ACCESS_GOOGLE_PASSWORD in package com.android.development
W/PackageManager(  280): Unknown permission com.google.android.googleapps.permission.GOOGLE_AUTH in package com.android.development
W/PackageManager(  280): Unknown permission com.google.android.googleapps.permission.GOOGLE_AUTH.ALL_SERVICES in package com.android.development
W/PackageManager(  280): Unknown permission com.google.android.googleapps.permission.GOOGLE_AUTH.YouTubeUser in package com.android.development
W/PackageManager(  280): Unknown permission com.google.android.gallery3d.permission.GALLERY_PROVIDER in package com.android.email
W/PackageManager(  280): Not granting permission android.permission.DEVICE_POWER to package com.android.deskclock (protectionLevel=2 flags=0x8be45)
D/dalvikvm(  280): GC_CONCURRENT freed 267K, 8% free 3745K/4068K, paused 5ms+9ms, total 91ms
D/dalvikvm(  280): WAIT_FOR_CONCURRENT_GC blocked 4ms
D/dalvikvm(  280): GC_EXPLICIT freed 246K, 13% free 3626K/4136K, paused 2ms+12ms, total 160ms
I/SystemServer(  280): User Service
I/SystemServer(  280): Account Manager
I/SystemServer(  280): Content Manager
I/SystemServer(  280): System Content Providers
I/SystemServer(  280): Lights Service
I/SystemServer(  280): Battery Service
I/SystemServer(  280): Vibrator Service
I/libsuspend(  280): Selected early suspend
I/libsuspend(  280): Starting early suspend unblocker thread
D/PermissionCache(   37): checking android.permission.ACCESS_SURFACE_FLINGER for uid=1000 => granted (2048 us)
D/SurfaceFlinger(   37): Screen acquired, type=0 flinger=0x2a007318
D/SurfaceFlinger(   37):  screen was previously acquired
I/SystemServer(  280): Alarm Manager
D/AlarmManagerService(  280): Kernel timezone updated to 0 minutes west of GMT
I/SystemServer(  280): Init Watchdog
I/SystemServer(  280): Input Manager
I/InputManager(  280): Initializing input manager, mUseDevInputEventForAudioJack=false
I/SystemServer(  280): Window Manager
E/SoundPool(  280): error loading /system/media/audio/ui/Lock.ogg
W/KeyguardViewMediator(  280): failed to load lock sound from /system/media/audio/ui/Lock.ogg
E/SoundPool(  280): error loading /system/media/audio/ui/Unlock.ogg
W/KeyguardViewMediator(  280): failed to load unlock sound from /system/media/audio/ui/Unlock.ogg
I/InputManager(  280): Starting input manager
I/SystemServer(  280): No Bluetooh Service (emulator)
I/SystemServer(  280): Input Method Service
I/EventHub(  280): New device: id=1, fd=88, path='/dev/input/event0', name='qwerty2', classes=0x2d, configuration='/system/usr/idc/qwerty2.idc', keyLayout='/system/usr/keylayout/qwerty.kl', keyCharacterMap='/system/usr/keychars/qwerty2.kcm', builtinKeyboard=true, usingSuspendBlockIoctl=false, usingClockIoctl=false
E/EventHub(  280): could not get driver version for /dev/input/mouse0, Not a typewriter
E/EventHub(  280): could not get driver version for /dev/input/mice, Not a typewriter
I/InputReader(  280): Device added: id=-1, name='Virtual', sources=0x00000301
I/InputReader(  280):   Touch device 'qwerty2' could not query the properties of its associated display.  The device will be inoperable until the display size becomes available.
I/InputReader(  280): Device added: id=0, name='qwerty2', sources=0x00011307
E/Trace   (  280): error opening trace file: No such file or directory (2)
W/InputMethodManagerService(  280): Couldn't create dir.: /data/system/inputmethod
D/dalvikvm(  280): GC_CONCURRENT freed 297K, 9% free 3835K/4200K, paused 5ms+12ms, total 344ms
D/dalvikvm(  280): WAIT_FOR_CONCURRENT_GC blocked 43ms
I/SystemServer(  280): Accessibility Manager
I/ActivityManager(  280): Config changes=15f8 {1.0 ?mcc?mnc en_US ldltr sw320dp w320dp h508dp 240dpi nrml long port ?uimode ?night finger -keyb/v/h tball/v s.2}
I/InputReader(  280): Reconfiguring input devices.  changes=0x00000004
I/InputReader(  280): Device reconfigured: id=0, name='qwerty2', size 480x800, orientation 0, mode 1, display id 0
I/SystemServer(  280): Mount Service
D/MountService(  280): got storage path: /mnt/sdcard description: USB storage primary: true removable: false emulated: false mtpReserve: 0 allowMassStorage: false maxFileSize: 0
D/MountService(  280): addVolumeLocked() StorageVolume [mStorageId=0 mPath=/mnt/sdcard mDescriptionId=17040615 mPrimary=true mRemovable=false mEmulated=false mMtpReserveSpace=0 mAllowMassStorage=false mMaxFileSize=0 mOwner=null]
I/SystemServer(  280): LockSettingsService
I/SystemServer(  280): Device Policy
I/SystemServer(  280): Status Bar
I/SystemServer(  280): Clipboard Service
I/SystemServer(  280): NetworkManagement Service
D/dalvikvm(  280): GREF has increased to 201
I/SystemServer(  280): Text Service Manager Service
I/SystemServer(  280): NetworkStats Service
D/MountService(  280): volume state changed for /mnt/sdcard (null -> unmounted)
I/PackageManager(  280): Updating external media status from unmounted to unmounted
W/MountService(  280): getSecureContainerList() called when storage not mounted
I/SystemServer(  280): NetworkPolicy Service
I/PackageManager(  280): No secure containers on sdcard
W/PackageManager(  280): Unknown permission com.google.android.googleapps.permission.GOOGLE_AUTH.mail in package com.android.contacts
W/PackageManager(  280): Unknown permission android.permission.ADD_SYSTEM_SERVICE in package com.android.phone
W/PackageManager(  280): Unknown permission com.android.smspush.WAPPUSH_MANAGER_BIND in package com.android.phone
W/PackageManager(  280): Unknown permission com.google.android.googleapps.permission.GOOGLE_AUTH in package com.android.providers.calendar
W/PackageManager(  280): Unknown permission com.google.android.googleapps.permission.GOOGLE_AUTH.cl in package com.android.providers.calendar
W/PackageManager(  280): Unknown permission com.google.android.googleapps.permission.GOOGLE_AUTH.mail in package com.android.calendar
W/PackageManager(  280): Not granting permission android.permission.SEND_DOWNLOAD_COMPLETED_INTENTS to package com.android.browser (protectionLevel=2 flags=0x89be45)
W/PackageManager(  280): Not granting permission android.permission.BIND_APPWIDGET to package com.android.widgetpreview (protectionLevel=18 flags=0x8be44)
W/PackageManager(  280): Unknown permission com.google.android.googleapps.permission.GOOGLE_AUTH in package com.android.settings
I/SystemServer(  280): Wi-Fi P2pService
W/PackageManager(  280): Unknown permission com.google.android.gallery3d.permission.GALLERY_PROVIDER in package com.android.exchange
W/PackageManager(  280): Unknown permission com.google.android.googleapps.permission.ACCESS_GOOGLE_PASSWORD in package com.android.development
W/PackageManager(  280): Unknown permission com.google.android.googleapps.permission.GOOGLE_AUTH in package com.android.development
W/PackageManager(  280): Unknown permission com.google.android.googleapps.permission.GOOGLE_AUTH.ALL_SERVICES in package com.android.development
W/PackageManager(  280): Unknown permission com.google.android.googleapps.permission.GOOGLE_AUTH.YouTubeUser in package com.android.development
W/PackageManager(  280): Unknown permission com.google.android.gallery3d.permission.GALLERY_PROVIDER in package com.android.email
W/PackageManager(  280): Not granting permission android.permission.DEVICE_POWER to package com.android.deskclock (protectionLevel=2 flags=0x88be45)
I/SystemServer(  280): Wi-Fi Service
D/dalvikvm(  280): GC_CONCURRENT freed 309K, 9% free 3991K/4364K, paused 4ms+6ms, total 108ms
E/CommandListener(   34): Failed to open /proc/sys/net/ipv6/conf/wlan0/disable_ipv6: No such file or directory
E/WifiStateMachine(  280): Failed to disable IPv6: java.lang.IllegalStateException: command '1 interface ipv6 wlan0 disable' failed with '400 1 Failed to change IPv6 state (No such file or directory)'
I/SystemServer(  280): Connectivity Service
D/ConnectivityService(  280): ConnectivityService starting up
E/MobileDataStateTracker(  280): default: Ignoring feature request because could not acquire PhoneService
E/MobileDataStateTracker(  280): default: Could not enable APN type "default"
I/WifiService(  280): WifiService starting up with Wi-Fi disabled
I/SystemServer(  280): Network Service Discovery Service
D/NsdService(  280): Network service discovery enabled true
I/SystemServer(  280): Throttle Service
I/SystemServer(  280): UpdateLock Service
I/SystemServer(  280): Notification Manager
I/SystemServer(  280): Device Storage Monitor
I/SystemServer(  280): Location Manager
I/SystemServer(  280): Country Detector
I/SystemServer(  280): Search Service
I/SystemServer(  280): DropBox Service
I/SystemServer(  280): Wallpaper Service
I/SystemServer(  280): Audio Service
D/dalvikvm(  280): GC_CONCURRENT freed 233K, 7% free 4152K/4452K, paused 5ms+25ms, total 124ms
I/SystemServer(  280): Dock Observer
W/DockObserver(  280): This kernel does not have dock station support
I/SystemServer(  280): Wired Accessory Manager
W/WiredAccessoryManager(  280): This kernel does not have wired headset support
W/WiredAccessoryManager(  280): This kernel does not have usb audio support
W/WiredAccessoryManager(  280): This kernel does not have HDMI audio support
I/SystemServer(  280): USB Service
I/SystemServer(  280): Serial Service
I/SystemServer(  280): Twilight Service
I/SystemServer(  280): UI Mode Manager Service
I/SystemServer(  280): Backup Service
V/BackupManagerService(  280): No ancestral data
I/BackupManagerService(  280): Found stale backup journal, scheduling
I/BackupManagerService(  280):   android
I/BackupManagerService(  280):   com.android.browser
I/BackupManagerService(  280):   com.android.calendar
I/BackupManagerService(  280):   com.android.inputmethod.latin
I/BackupManagerService(  280):   com.android.providers.settings
I/BackupManagerService(  280):   com.android.providers.userdictionary
I/BackupManagerService(  280):   com.android.sharedstoragebackup
I/BackupManagerService(  280): Backup enabled => true
I/SystemServer(  280): AppWidget Service
I/SystemServer(  280): Recognition Service
I/SystemServer(  280): DiskStats Service
I/SystemServer(  280): SamplingProfiler Service
I/SystemServer(  280): NetworkTimeUpdateService
I/SystemServer(  280): CommonTimeManagementService
I/SystemServer(  280): CertBlacklister
I/SystemServer(  280): Dreams Service
I/WindowManager(  280): SAFE MODE not enabled
D/dalvikvm(  280): JIT started for system_server
D/dalvikvm(  280): GC_CONCURRENT freed 324K, 9% free 4300K/4688K, paused 6ms+34ms, total 295ms
I/ActivityManager(  280): System now ready
I/SystemServer(  280): Making services ready
I/Zygote  (  280): Process: zygote socket opened
I/ActivityManager(  280): Start proc com.android.systemui for service com.android.systemui/.SystemUIService: pid=343 uid=10034 gids={50034, 1028, 1015, 3002, 3001}
I/Vold    (   32): /dev/block/vold/179:0 being considered for volume sdcard
D/Vold    (   32): Volume sdcard state changing 1 (Idle-Unmounted) -> 3 (Checking)
D/MountService(  280): volume state changed for /mnt/sdcard (unmounted -> checking)
D/MountService(  280): sendStorageIntent Intent { act=android.intent.action.MEDIA_CHECKING dat=file:///mnt/sdcard (has extras) } to UserHandle{-1}
I//system/bin/fsck_msdos(   32): ** /dev/block/vold/179:0
D/NetworkManagementService(  280): not enabling bandwidth control
I/keystore(   42): uid: 1000 action: e -> 7 state: 3 -> 3 retry: 4
W/NetworkStats(  280): bandwidth controls disabled, unable to track stats
W/NetworkPolicy(  280): bandwidth controls disabled, unable to enforce policy
I/keystore(   42): uid: 1000 action: e -> 7 state: 3 -> 3 retry: 4
I/ActivityManager(  280): Config changes=200 {1.0 ?mcc?mnc en_US ldltr sw320dp w320dp h508dp 240dpi nrml long port finger -keyb/v/h tball/v s.3}
W/RecognitionManagerService(  280): no available voice recognition services found for user 0
I//system/bin/fsck_msdos(   32): ** Phase 1 - Read and Compare FATs
I//system/bin/fsck_msdos(   32): Attempting to allocate 2044 KB for FAT
E/Trace   (  343): error opening trace file: No such file or directory (2)
W/InputMethodManagerService(  280): Ignoring setImeWindowStatus of uid 1000 token: null
D/SystemUIService(  343): loading: class com.android.systemui.statusbar.phone.PhoneStatusBar
D/SystemUIService(  343): running: com.android.systemui.statusbar.phone.PhoneStatusBar@40cd2b60
D/dalvikvm(  280): GC_CONCURRENT freed 129K, 4% free 4648K/4840K, paused 5ms+24ms, total 352ms
D/dalvikvm(  280): WAIT_FOR_CONCURRENT_GC blocked 341ms
I/StatusBarManagerService(  280): registerStatusBar bar=com.android.internal.statusbar.IStatusBar$Stub$Proxy@40f1b050
W/InputMethodManagerService(  280): Found no subtypes in a system IME: com.android.inputmethod.pinyin
I/ActivityManager(  280): Start proc com.android.inputmethod.latin for service com.android.inputmethod.latin/.LatinIME: pid=372 uid=10010 gids={50010, 1028}
I/CommonTimeManagementService(  280): No common time service detected on this platform.  Common time services will be unavailable.
I/InputReader(  280): Reconfiguring input devices.  changes=0x00000020
I/InputReader(  280): Reconfiguring input devices.  changes=0x00000010
I/ActivityManager(  280): Start proc com.android.phone for added application com.android.phone: pid=388 uid=1001 gids={41001, 3002, 3001, 3003, 1015, 1028}
I/ActivityManager(  280): START u0 {act=android.intent.action.MAIN cat=[android.intent.category.HOME] flg=0x10000000 cmp=com.android.launcher/com.android.launcher2.Launcher} from pid 0
E/ThrottleService(  280): problem during onPollAlarm: java.lang.IllegalStateException: problem parsing stats: java.io.FileNotFoundException: /proc/net/xt_qtaguid/iface_stat_all: open failed: ENOENT (No such file or directory)
D/dalvikvm(  343): GC_FOR_ALLOC freed 88K, 6% free 2664K/2808K, paused 47ms, total 52ms
I/dalvikvm-heap(  343): Grow heap (frag case) to 3.259MB for 635812-byte allocation
D/dalvikvm(  280): GC_CONCURRENT freed 318K, 8% free 4850K/5232K, paused 120ms+376ms, total 1066ms
D/dalvikvm(  280): WAIT_FOR_CONCURRENT_GC blocked 651ms
I/ActivityManager(  280): Start proc com.android.launcher for activity com.android.launcher/com.android.launcher2.Launcher: pid=407 uid=10020 gids={50020, 1028}
D/dalvikvm(  343): GC_CONCURRENT freed 5K, 5% free 3279K/3432K, paused 11ms+2ms, total 264ms
D/dalvikvm(  343): WAIT_FOR_CONCURRENT_GC blocked 240ms
I/SystemServer(  280): Enabled StrictMode for system server main thread.
I/LocationBlacklist(  280): whitelist: []
I/LocationBlacklist(  280): blacklist: []
D/dalvikvm(  280): GC_FOR_ALLOC freed 87K, 8% free 5039K/5440K, paused 324ms, total 327ms
E/Trace   (  372): error opening trace file: No such file or directory (2)
E/Trace   (  388): error opening trace file: No such file or directory (2)
E/SurfaceFlinger(   37): ro.sf.lcd_density must be defined as a build property
D/dalvikvm(  280): GC_CONCURRENT freed 330K, 7% free 5374K/5768K, paused 13ms+57ms, total 693ms
D/dalvikvm(  280): WAIT_FOR_CONCURRENT_GC blocked 623ms
I/LatinIME(  372): Hardware accelerated drawing: false
W/TelephonyProvider(  388): onCreate: confFile=/system/etc/apns-conf.xml oldCheckSum=-1
D/TelephonyManager(  388): getLteOnCdmaMode=0 curVal=-1 product_type='' lteOnCdmaProductType=''
D/gralloc_goldfish(  280): Emulator without GPU emulation detected.
W/InputAttributes(  372): No editor info for this field. Bug?
D/TelephonyManager(  388): getLteOnCdmaMode=0 curVal=-1 product_type='' lteOnCdmaProductType=''
E/Trace   (  407): error opening trace file: No such file or directory (2)
D/TelephonyManager(  388): getLteOnCdmaMode=0 curVal=-1 product_type='' lteOnCdmaProductType=''
I/Choreographer(  280): Skipped 3190 frames!  The application may be doing too much work on its main thread.
E/BluetoothAdapter(  343): Bluetooth binder is null
E/BluetoothAdapter(  343): Bluetooth binder is null
E/ActivityThread(  372): Failed to find provider info for com.android.inputmethod.latin.dictionarypack
D/dalvikvm(  280): GREF has increased to 301
E/BinaryDictionaryGetter(  372): Could not find a dictionary pack
E/BluetoothAdapter(  343): Bluetooth binder is null
W/InputMethodManagerService(  280): Found no subtypes in a system IME: com.android.inputmethod.pinyin
I/ActivityManager(  280): Start proc android.process.acore for content provider com.android.providers.userdictionary/.UserDictionaryProvider: pid=433 uid=10001 gids={50001, 3003, 1015, 1028}
D/dalvikvm(  280): GC_CONCURRENT freed 685K, 13% free 5443K/6188K, paused 347ms+214ms, total 1661ms
D/dalvikvm(  280): WAIT_FOR_CONCURRENT_GC blocked 1056ms
D/dalvikvm(  280): WAIT_FOR_CONCURRENT_GC blocked 1065ms
D/dalvikvm(  280): WAIT_FOR_CONCURRENT_GC blocked 1010ms
V/TAG     (  280): bug 7643792: fitSystemWindows([0,0][0,0])
W/Settings(  388): Setting airplane_mode_on has moved from android.provider.Settings.System to android.provider.Settings.Global, returning read-only value.
W/Settings(  388): Setting auto_time has moved from android.provider.Settings.System to android.provider.Settings.Global, returning read-only global URI.
W/Settings(  388): Setting auto_time_zone has moved from android.provider.Settings.System to android.provider.Settings.Global, returning read-only global URI.
W/ActivityManager(  280): Unable to start service Intent { act=com.android.internal.telephony.IWapPushManager } U=0: not found
E/Trace   (  433): error opening trace file: No such file or directory (2)
V/TAG     (  280): bug 7643792: fitSystemWindows([0,0][0,0])
I/Choreographer(  280): Skipped 124 frames!  The application may be doing too much work on its main thread.
D/        (  388): [ApnContext:default] set reason as dataEnabled,current state IDLE
D/        (  388): [ApnContext:default] setRetryCount: 0
D/        (  388): [ApnContext:mms] set reason as dataEnabled,current state IDLE
D/        (  388): [ApnContext:mms] setRetryCount: 0
D/        (  388): [ApnContext:supl] set reason as dataEnabled,current state IDLE
D/        (  388): [ApnContext:supl] setRetryCount: 0
D/        (  388): [ApnContext:hipri] set reason as dataEnabled,current state IDLE
D/        (  388): [ApnContext:hipri] setRetryCount: 0
D/        (  388): [ApnContext:fota] set reason as dataEnabled,current state IDLE
D/        (  388): [ApnContext:fota] setRetryCount: 0
D/        (  388): [ApnContext:ims] set reason as dataEnabled,current state IDLE
D/        (  388): [ApnContext:ims] setRetryCount: 0
D/        (  388): [ApnContext:cbs] set reason as dataEnabled,current state IDLE
D/        (  388): [ApnContext:cbs] setRetryCount: 0
D/dalvikvm(  280): GC_CONCURRENT freed 781K, 14% free 5432K/6276K, paused 446ms+30ms, total 1368ms
D/dalvikvm(  280): WAIT_FOR_CONCURRENT_GC blocked 146ms
D/dalvikvm(  280): WAIT_FOR_CONCURRENT_GC blocked 359ms
D/dalvikvm(  280): WAIT_FOR_CONCURRENT_GC blocked 351ms
D/dalvikvm(  280): WAIT_FOR_CONCURRENT_GC blocked 444ms
D/dalvikvm(  280): WAIT_FOR_CONCURRENT_GC blocked 310ms
W/WindowManager(  280): Window freeze timeout expired.
W/WindowManager(  280): Force clearing orientation change: Window{40edbb88 u0 Keyguard}
D/TelephonyManager(  388): getLteOnCdmaMode=0 curVal=-1 product_type='' lteOnCdmaProductType=''
D/dalvikvm(  388): GC_CONCURRENT freed 197K, 9% free 2575K/2828K, paused 6ms+3ms, total 748ms
I/Choreographer(  280): Skipped 403 frames!  The application may be doing too much work on its main thread.
D/CallManager(  388): registerPhone(GSM Handler (com.android.internal.telephony.PhoneProxy) {40d01d90})
E/BluetoothAdapter(  388): Bluetooth binder is null
E/SurfaceFlinger(   37): ro.sf.lcd_density must be defined as a build property
I/ActivityManager(  280): Start proc com.android.music for broadcast com.android.music/.MediaButtonIntentReceiver: pid=450 uid=10025 gids={50025, 3003, 1015, 1028}
D/dalvikvm(  343): GC_CONCURRENT freed 66K, 4% free 3636K/3760K, paused 6ms+41ms, total 1899ms
W/ActivityManager(  280): Timeout executing service: ServiceRecord{40e801d8 u0 com.android.systemui/.SystemUIService}
I/dalvikvm(  450): Turning on JNI app bug workarounds for target SDK version 9...
D/dalvikvm(  280): GC_FOR_ALLOC freed 92K, 14% free 5400K/6276K, paused 1165ms, total 1174ms
I/dalvikvm-heap(  280): Grow heap (frag case) to 6.410MB for 1128976-byte allocation
D/dalvikvm(  280): GC_FOR_ALLOC freed <1K, 12% free 6502K/7380K, paused 155ms, total 155ms
E/BluetoothAdapter(  388): Bluetooth binder is null
I/Process (  280): Sending signal. PID: 343 SIG: 3
I/dalvikvm(  343): threadid=3: reacting to signal 3
E/Trace   (  450): error opening trace file: No such file or directory (2)
I/Process (  280): Sending signal. PID: 280 SIG: 3
I/dalvikvm(  280): threadid=3: reacting to signal 3
I/dalvikvm(  343): Wrote stack traces to '/data/anr/traces.txt'
D/dalvikvm(  343): GC_CONCURRENT freed 121K, 6% free 3560K/3772K, paused 12ms+51ms, total 185ms
E/BluetoothAdapter(  343): Bluetooth binder is null
I/dalvikvm(  280): Wrote stack traces to '/data/anr/traces.txt'
I/Process (  280): Sending signal. PID: 388 SIG: 3
I/dalvikvm(  388): threadid=3: reacting to signal 3
D/dalvikvm(  280): GC_CONCURRENT freed 27K, 12% free 6524K/7380K, paused 98ms+3081ms, total 4270ms
I/Choreographer(  280): Skipped 2481 frames!  The application may be doing too much work on its main thread.
W/GpsLocationProvider(  280): Could not open GPS configuration file /etc/gps.conf
I/dalvikvm(  388): Wrote stack traces to '/data/anr/traces.txt'
I/AudioService(  280):   Remote Control   registerMediaButtonIntent() for PendingIntent{41035f18: PendingIntentRecord{40f758f0 com.android.music broadcastIntent}}
W/ServiceWatcher(  280): com.google.android.location not found
I/Choreographer(  280): Skipped 357 frames!  The application may be doing too much work on its main thread.
I/ActivityManager(  280): Start proc android.process.media for content provider com.android.providers.media/.MediaProvider: pid=480 uid=10000 gids={50000, 1015, 1023, 1024, 1028, 1006, 2001, 3003, 3007}
D/PhoneStatusBar(  343): disable: < expand icons alerts ticker system_info back home recent clock search >
E/UserHistoryDictionary(  372): when loading: file not foundjava.io.FileNotFoundException: /data/data/com.android.inputmethod.latin/files/UserHistoryDictionary.en_US.dict: open failed: ENOENT (No such file or directory)
D/dalvikvm(  433): GC_CONCURRENT freed 183K, 9% free 2619K/2860K, paused 1036ms+4ms, total 3178ms
E/BluetoothAdapter(  343): Bluetooth binder is null
D/dalvikvm(  372): GC_CONCURRENT freed 245K, 11% free 2535K/2836K, paused 7ms+5ms, total 2000ms
E/StrictMode(  372): A resource was acquired at attached stack trace but never released. See java.io.Closeable for information on avoiding resource leaks.
E/StrictMode(  372): java.lang.Throwable: Explicit termination method 'close' not called
E/StrictMode(  372): 	at dalvik.system.CloseGuard.open(CloseGuard.java:184)
E/StrictMode(  372): 	at android.os.ParcelFileDescriptor.<init>(ParcelFileDescriptor.java:412)
E/StrictMode(  372): 	at android.content.res.AssetManager.openNonAssetFdNative(Native Method)
E/StrictMode(  372): 	at android.content.res.AssetManager.openNonAssetFd(AssetManager.java:428)
E/StrictMode(  372): 	at android.content.res.Resources.openRawResourceFd(Resources.java:979)
E/StrictMode(  372): 	at com.android.inputmethod.latin.BinaryDictionaryGetter.loadFallbackResource(BinaryDictionaryGetter.java:183)
E/StrictMode(  372): 	at com.android.inputmethod.latin.BinaryDictionaryGetter.getDictionaryFiles(BinaryDictionaryGetter.java:456)
E/StrictMode(  372): 	at com.android.inputmethod.latin.DictionaryFactory.createMainDictionaryFromManager(DictionaryFactory.java:57)
E/StrictMode(  372): 	at com.android.inputmethod.latin.DictionaryFactory.createMainDictionaryFromManager(DictionaryFactory.java:87)
E/StrictMode(  372): 	at com.android.inputmethod.latin.Suggest$1.run(Suggest.java:108)
D/SystemUIService(  343): loading: class com.android.systemui.power.PowerUI
E/Trace   (  480): error opening trace file: No such file or directory (2)
W/dalvikvm(  280): threadid=15: spin on suspend #1 threadid=54 (pcf=0)
D/dalvikvm(  280): Temporarily moving tid 377 to fg (was 0)
D/dalvikvm(  280): Temporarily raised priority on tid 377 (10 -> 0)
W/dalvikvm(  280): threadid=15: spin on suspend resolved in 1180 msec
D/dalvikvm(  280): Restored policy of 377 to 0
D/dalvikvm(  280): Restored priority on 377 to 10
W/ServiceWatcher(  280): com.google.android.location not found
D/SystemUIService(  343): running: com.android.systemui.power.PowerUI@40e20dd8
D/SystemUIService(  343): loading: class com.android.systemui.media.RingtonePlayer
D/SystemUIService(  343): running: com.android.systemui.media.RingtonePlayer@40e222e0
D/dalvikvm(  280): GC_EXPLICIT freed 1429K, 25% free 5592K/7380K, paused 1238ms+342ms, total 3301ms
D/dalvikvm(  407): GC_CONCURRENT freed 186K, 9% free 2622K/2864K, paused 5ms+1012ms, total 3092ms
I/Choreographer(  343): Skipped 10575 frames!  The application may be doing too much work on its main thread.
D/DebugService(  388): DebugService DebugService:
D/TelephonyDebugService(  388): TelephonyDebugService()
D/dalvikvm(  388): GC_CONCURRENT freed 318K, 13% free 2647K/3020K, paused 5ms+631ms, total 1522ms
I/DownloadManager(  480): in removeSpuriousFiles
I/Process (  280): Sending signal. PID: 407 SIG: 3
I/dalvikvm(  407): threadid=3: reacting to signal 3
I/Process (  280): Sending signal. PID: 433 SIG: 3
I/dalvikvm(  433): threadid=3: reacting to signal 3
W/Settings(  388): Setting auto_time_zone has moved from android.provider.Settings.System to android.provider.Settings.Global, returning read-only value.
W/dalvikvm(  433): threadid=3: spin on suspend #1 threadid=1 (pcf=0)
I/dalvikvm(  407): Wrote stack traces to '/data/anr/traces.txt'
W/dalvikvm(  433): threadid=3: spin on suspend #2 threadid=1 (pcf=0)
I/dalvikvm(  433): "Signal Catcher" daemon prio=5 tid=3 RUNNABLE
I/dalvikvm(  433):   | group="system" sCount=0 dsCount=0 obj=0x40cc8f28 self=0x2a18df70
I/dalvikvm(  433):   | sysTid=438 nice=0 sched=0/0 cgrp=apps handle=704808456
I/dalvikvm(  433):   | state=R schedstat=( 9854000 92546012 32 ) utm=0 stm=0 core=0
I/dalvikvm(  433):   at dalvik.system.NativeStart.run(Native Method)
I/dalvikvm(  433): 
I/dalvikvm(  433): "main" prio=5 tid=1 RUNNABLE
I/dalvikvm(  433):   | group="main" sCount=1 dsCount=0 obj=0x40a729a0 self=0x2a00bba8
I/dalvikvm(  433):   | sysTid=433 nice=0 sched=0/0 cgrp=apps handle=1073849308
I/dalvikvm(  433):   | state=S schedstat=( 1916118105 18757945181 360 ) utm=95 stm=96 core=0
E/ActivityManager(  280): ANR in com.android.systemui
E/ActivityManager(  280): Reason: Executing service com.android.systemui/.SystemUIService
E/ActivityManager(  280): Load: 8.5 / 2.34 / 0.8
E/ActivityManager(  280): CPU usage from 0ms to 30420ms later:
E/ActivityManager(  280):   20% 37/surfaceflinger: 17% user + 3.5% kernel
E/ActivityManager(  280):   13% 280/system_server: 8.3% user + 5.3% kernel / faults: 2886 minor 6 major
E/ActivityManager(  280):   4.6% 343/com.android.systemui: 3% user + 1.6% kernel / faults: 1066 minor 3 major
E/ActivityManager(  280):   4.5% 433/android.process.acore: 2.8% user + 1.7% kernel / faults: 2203 minor 9 major
E/ActivityManager(  280):   3.4% 407/com.android.launcher: 3% user + 0.4% kernel / faults: 1364 minor 2 major
E/ActivityManager(  280):   3.3% 388/com.android.phone: 2.1% user + 1.2% kernel / faults: 620 minor 1 major
E/ActivityManager(  280):   3% 77/bootanimation: 2.3% user + 0.7% kernel
E/ActivityManager(  280):   1.6% 450/com.android.music: 0.7% user + 0.9% kernel / faults: 1415 minor 3 major
E/ActivityManager(  280):   0.5% 47/adbd: 0.1% user + 0.4% kernel / faults: 58 minor
E/ActivityManager(  280):   0.6% 372/com.android.inputmethod.latin: 0.3% user + 0.2% kernel / faults: 685 minor 1 major
E/ActivityManager(  280):   0.3% 348/fsck_msdos: 0% user + 0.2% kernel / faults: 743 minor
E/ActivityManager(  280):   0.1% 31/servicemanager: 0% user + 0.1% kernel / faults: 6 minor
E/ActivityManager(  280):   0% 1//init: 0% user + 0% kernel / faults: 40 minor
E/ActivityManager(  280):   0% 36/rild: 0% user + 0% kernel / faults: 3 minor
E/ActivityManager(  280):   0% 38/zygote: 0% user + 0% kernel / faults: 129 minor
E/ActivityManager(  280):   0% 40/mediaserver: 0% user + 0% kernel / faults: 6 minor
E/ActivityManager(  280):  +0% 480/android.process.media: 0% user + 0% kernel
E/ActivityManager(  280): 100% TOTAL: 67% user + 31% kernel + 0.1% irq + 0.5% softirq
E/ActivityManager(  280): CPU usage from 22476ms to 27382ms later:
E/ActivityManager(  280):   20% 37/surfaceflinger: 17% user + 2.8% kernel
E/ActivityManager(  280):     16% 63/SurfaceFlinger: 15% user + 1.9% kernel
E/ActivityManager(  280):     2.1% 313/Binder_2: 1.3% user + 0.7% kernel
E/ActivityManager(  280):     1.5% 75/EventThread: 0.3% user + 1.1% kernel
E/ActivityManager(  280):     1.3% 71/VSyncThread: 0.3% user + 0.9% kernel
E/ActivityManager(  280):     0.3% 37/surfaceflinger: 0% user + 0.3% kernel
E/ActivityManager(  280):     0.3% 76/Binder_1: 0.1% user + 0.1% kernel
E/ActivityManager(  280):   11% 280/system_server: 6% user + 5.4% kernel / faults: 171 minor
E/ActivityManager(  280):     9.5% 297/ActivityManager: 3.6% user + 5.8% kernel
E/ActivityManager(  280):     6.6% 287/Compiler: 3.8% user + 2.7% kernel
E/ActivityManager(  280):     1.7% 418/Binder_3: 1.3% user + 0.3% kernel
E/ActivityManager(  280):     0.5% 422/Binder_5: 0.5% user + 0% kernel
E/ActivityManager(  280):     0.3% 280/system_server: 0.3% user + 0% kernel
E/ActivityManager(  280):     0.3% 431/Binder_6: 0% user + 0.3% kernel
E/ActivityManager(  280):     0.1% 292/Binder_2: 0.1% user + 0% kernel
E/ActivityManager(  280):     0.1% 294/er.ServerThread: 0% user + 0.1% kernel
E/ActivityManager(  280):     0.1% 308/PowerManagerSer: 0.1% user + 0% kernel
E/ActivityManager(  280):     0.1% 314/er$SensorThread: 0% user + 0.1% kernel
E/ActivityManager(  280):     0.1% 421/Binder_4: 0% user + 0.1% kernel
E/ActivityManager(  280):     0.1% 465/Binder_7: 0% user + 0.1% kernel
E/ActivityManager(  280):     0.1% 472/Binder_8: 0.1% user + 0% kernel
E/ActivityManager(  280):   4.7% 343/com.android.systemui: 3.1% user + 1.5% kernel / faults: 211 minor
E/ActivityManager(  280):     5.8% 343/ndroid.systemui: 4.4% user + 1.4% kernel
E/ActivityManager(  280):     4.7% 353/Compiler: 2.4% user + 2.3% kernel
E/ActivityManager(  280):   5.3% 388/com.android.phone: 4% user + 1.3% kernel / faults: 64 minor
E/ActivityManager(  280):     5.8% 388/m.android.phone: 3.8% user + 2% kernel
E/ActivityManager(  280):     2.2% 390/GC: 2% user + 0.2% kernel
E/ActivityManager(  280):     0.4% 396/Compiler: 0.2% user + 0.2% kernel
E/ActivityManager(  280):     0.2% 429/RILSender: 0.2% user + 0% kernel
E/ActivityManager(  280):     0.2% 430/RILReceiver: 0.2% user + 0% kernel
E/ActivityManager(  280):   3.4% 77/bootanimation: 2.7% user + 0.7% kernel
E/ActivityManager(  280):     3.6% 99/BootAnimation: 2.9% user + 0.7% kernel
E/ActivityManager(  280):   4.8% 480/android.process.media: 2.2% user + 2.5% kernel / faults: 240 minor 4 major
E/ActivityManager(  280):     6.1% 480/d.process.media: 0.6% user + 5.4% kernel
E/ActivityManager(  280):     4.8% 487/Compiler: 4.8% user + 0% kernel
E/ActivityManager(  280):     0.3% 499/Binder_1: 0.3% user + 0% kernel
E/ActivityManager(  280):    +0% 520/Thread-37: 0% user + 0% kernel
E/ActivityManager(  280):   3.3% 407/com.android.launcher: 2.6% user + 0.7% kernel / faults: 105 minor
E/ActivityManager(  280):     8.5% 407/ndroid.launcher: 6.3% user + 2.1% kernel
E/ActivityManager(  280):     0.2% 411/GC: 0.2% user + 0% kernel
E/ActivityManager(  280):     0.2% 414/Compiler: 0.2% user + 0% kernel
E/ActivityManager(  280):   1.1% 433/android.process.acore: 0.9% user + 0.2% kernel / faults: 14 minor
E/ActivityManager(  280):     1.4% 445/Binder_1: 1.4% user + 0% kernel
E/ActivityManager(  280):     0.2% 470/ApplicationsPro: 0.2% user + 0% kernel
E/ActivityManager(  280):   0.5% 47/adbd: 0% user + 0.5% kernel / faults: 12 minor
E/ActivityManager(  280):     1.1% 495/adbd: 0.1% user + 0.9% kernel
E/ActivityManager(  280):     0.1% 47/adbd: 0% user + 0.1% kernel
E/ActivityManager(  280):   0.4% 348/fsck_msdos: 0.2% user + 0.2% kernel / faults: 29 minor
E/ActivityManager(  280):   0.2% 1//init: 0% user + 0.2% kernel / faults: 3 minor
E/ActivityManager(  280):   0.2% 31/servicemanager: 0% user + 0.2% kernel
E/ActivityManager(  280):   0.1% 36/rild: 0.1% user + 0% kernel / faults: 2 minor
E/ActivityManager(  280):     0.1% 90/rild: 
W/ActivityManager(  280): Killing ProcessRecord{40e22168 343:com.android.systemui/u0a10034}: background ANR
D/dalvikvm(  280): GC_FOR_ALLOC freed 445K, 23% free 5739K/7380K, paused 1961ms, total 1968ms
I/dalvikvm(  433):   at dalvik.system.VMRuntime.startJitCompilation(Native Method)
I/dalvikvm(  433):   at android.app.ActivityThread.ensureJitEnabled(ActivityThread.java:1935)
I/dalvikvm(  433):   at android.app.ActivityThread$H.handleMessage(ActivityThread.java:1393)
I/dalvikvm(  433):   at android.os.Handler.dispatchMessage(Handler.java:99)
I/dalvikvm(  433):   at android.os.Looper.loop(Looper.java:137)
I/dalvikvm(  433):   at android.app.ActivityThread.main(ActivityThread.java:5041)
I/dalvikvm(  433):   at java.lang.reflect.Method.invokeNative(Native Method)
I/dalvikvm(  433):   at java.lang.reflect.Method.invoke(Method.java:511)
I/dalvikvm(  433):   at com.android.internal.os.ZygoteInit$MethodAndArgsCaller.run(ZygoteInit.java:793)
I/dalvikvm(  433):   at com.android.internal.os.ZygoteInit.main(ZygoteInit.java:560)
I/dalvikvm(  433):   at dalvik.system.NativeStart.main(Native Method)
I/dalvikvm(  433): 
I/Process (  280): Sending signal. PID: 280 SIG: 3
I/dalvikvm(  280): threadid=3: reacting to signal 3
W/dalvikvm(  433): threadid=3: spin on suspend #3 threadid=1 (pcf=0)
I/dalvikvm(  433): "Signal Catcher" daemon prio=5 tid=3 RUNNABLE
I/dalvikvm(  433):   | group="system" sCount=0 dsCount=0 obj=0x40cc8f28 self=0x2a18df70
I/dalvikvm(  433):   | sysTid=438 nice=0 sched=0/0 cgrp=apps handle=704808456
I/dalvikvm(  433):   | state=R schedstat=( 27243001 5910742358 46 ) utm=2 stm=0 core=0
I/dalvikvm(  433):   at dalvik.system.NativeStart.run(Native Method)
I/dalvikvm(  433): 
I/dalvikvm(  433): "main" prio=5 tid=1 RUNNABLE
I/dalvikvm(  433):   | group="main" sCount=1 dsCount=0 obj=0x40a729a0 self=0x2a00bba8
I/dalvikvm(  433):   | sysTid=433 nice=0 sched=0/0 cgrp=apps handle=1073849308
I/dalvikvm(  433):   | state=S schedstat=( 1916118105 18757945181 360 ) utm=95 stm=96 core=0
I/dalvikvm(  433):   at dalvik.system.VMRuntime.startJitCompilation(Native Method)
I/dalvikvm(  433):   at android.app.ActivityThread.ensureJitEnabled(ActivityThread.java:1935)
I/dalvikvm(  433):   at android.app.ActivityThread$H.handleMessage(ActivityThread.java:1393)
I/dalvikvm(  433):   at android.os.Handler.dispatchMessage(Handler.java:99)
I/dalvikvm(  433):   at android.os.Looper.loop(Looper.java:137)
I/dalvikvm(  433):   at android.app.ActivityThread.main(ActivityThread.java:5041)
I/dalvikvm(  433):   at java.lang.reflect.Method.invokeNative(Native Method)
I/dalvikvm(  433):   at java.lang.reflect.Method.invoke(Method.java:511)
I/dalvikvm(  433):   at com.android.internal.os.ZygoteInit$MethodAndArgsCaller.run(ZygoteInit.java:793)
I/dalvikvm(  433):   at com.android.internal.os.ZygoteInit.main(ZygoteInit.java:560)
I/dalvikvm(  433):   at dalvik.system.NativeStart.main(Native Method)
I/dalvikvm(  433): 
W/dalvikvm(  433): threadid=3: spin on suspend resolved in 9260 msec
I/dalvikvm(  433): Wrote stack traces to '/data/anr/traces.txt'
E/NativeDaemonConnector.ResponseQueue(  280): Timeout waiting for response
E/VoldConnector(  280): timed-out waiting for response to 3 volume mount /mnt/sdcard
D/dalvikvm(  280): GREF has increased to 401
W/ProcessStats(  280): Skipping unknown process pid 529
W/ProcessStats(  280): Skipping unknown process pid 531
E/MountService(  280): Boot-time mount exception
E/MountService(  280): java.lang.NullPointerException
E/MountService(  280): 	at com.android.server.NativeDaemonConnectorException.getCode(NativeDaemonConnectorException.java:44)
E/MountService(  280): 	at com.android.server.MountService.doMountVolume(MountService.java:937)
E/MountService(  280): 	at com.android.server.MountService.handleSystemReady(MountService.java:527)
E/MountService(  280): 	at com.android.server.MountService.access$500(MountService.java:103)
E/MountService(  280): 	at com.android.server.MountService$MountServiceHandler.handleMessage(MountService.java:478)
E/MountService(  280): 	at android.os.Handler.dispatchMessage(Handler.java:99)
E/MountService(  280): 	at android.os.Looper.loop(Looper.java:137)
E/MountService(  280): 	at android.os.HandlerThread.run(HandlerThread.java:60)
I/dalvikvm(  280): Wrote stack traces to '/data/anr/traces.txt'
D/dalvikvm(  407): GC_FOR_ALLOC freed 49K, 4% free 2855K/2960K, paused 150ms, total 168ms
