I/SystemServer(  276): SamplingProfiler Service
I/SystemServer(  276): NetworkTimeUpdateService
I/SystemServer(  276): CommonTimeManagementService
I/SystemServer(  276): CertBlacklister
D/dalvikvm(  276): GC_CONCURRENT freed 327K, 9% free 4253K/4644K, paused 54ms+4ms, total 219ms
I/SystemServer(  276): Dreams Service
I/WindowManager(  276): SAFE MODE not enabled
D/dalvikvm(  276): JIT started for system_server
I/ActivityManager(  276): System now ready
I/SystemServer(  276): Making services ready
I/Zygote  (  276): Process: zygote socket opened
I/ActivityManager(  276): Start proc com.android.systemui for service com.android.systemui/.SystemUIService: pid=336 uid=10034 gids={50034, 1028, 1015, 3002, 3001}
I/Vold    (   32): /dev/block/vold/179:0 being considered for volume sdcard
D/Vold    (   32): Volume sdcard state changing 1 (Idle-Unmounted) -> 3 (Checking)
D/MountService(  276): volume state changed for /mnt/sdcard (unmounted -> checking)
D/MountService(  276): sendStorageIntent Intent { act=android.intent.action.MEDIA_CHECKING dat=file:///mnt/sdcard (has extras) } to UserHandle{-1}
D/NetworkManagementService(  276): not enabling bandwidth control
I/keystore(   42): uid: 1000 action: e -> 7 state: 3 -> 3 retry: 4
I//system/bin/fsck_msdos(   32): ** /dev/block/vold/179:0
W/NetworkStats(  276): bandwidth controls disabled, unable to track stats
W/NetworkPolicy(  276): bandwidth controls disabled, unable to enforce policy
I/keystore(   42): uid: 1000 action: e -> 7 state: 3 -> 3 retry: 4
I/ActivityManager(  276): Config changes=200 {1.0 ?mcc?mnc en_US ldltr sw320dp w320dp h508dp 240dpi nrml long port finger -keyb/v/h tball/v s.3}
W/RecognitionManagerService(  276): no available voice recognition services found for user 0
I//system/bin/fsck_msdos(   32): ** Phase 1 - Read and Compare FATs
I//system/bin/fsck_msdos(   32): Attempting to allocate 2044 KB for FAT
E/Trace   (  336): error opening trace file: No such file or directory (2)
D/dalvikvm(  276): GC_CONCURRENT freed 138K, 5% free 4606K/4816K, paused 8ms+9ms, total 397ms
D/dalvikvm(  276): WAIT_FOR_CONCURRENT_GC blocked 380ms
D/SystemUIService(  336): loading: class com.android.systemui.statusbar.phone.PhoneStatusBar
D/SystemUIService(  336): running: com.android.systemui.statusbar.phone.PhoneStatusBar@40cd3990
W/InputMethodManagerService(  276): Ignoring setImeWindowStatus of uid 1000 token: null
I/StatusBarManagerService(  276): registerStatusBar bar=com.android.internal.statusbar.IStatusBar$Stub$Proxy@40e97f60
W/InputMethodManagerService(  276): Found no subtypes in a system IME: com.android.inputmethod.pinyin
I/ActivityManager(  276): Start proc com.android.inputmethod.latin for service com.android.inputmethod.latin/.LatinIME: pid=364 uid=10010 gids={50010, 1028}
I/CommonTimeManagementService(  276): No common time service detected on this platform.  Common time services will be unavailable.
I/ActivityManager(  276): Start proc com.android.phone for added application com.android.phone: pid=377 uid=1001 gids={41001, 3002, 3001, 3003, 1015, 1028}
D/dalvikvm(  276): GC_CONCURRENT freed 344K, 8% free 4822K/5232K, paused 6ms+54ms, total 889ms
D/dalvikvm(  276): WAIT_FOR_CONCURRENT_GC blocked 4ms
D/dalvikvm(  276): WAIT_FOR_CONCURRENT_GC blocked 669ms
D/dalvikvm(  276): WAIT_FOR_CONCURRENT_GC blocked 182ms
I/ActivityManager(  276): START u0 {act=android.intent.action.MAIN cat=[android.intent.category.HOME] flg=0x10000000 cmp=com.android.launcher/com.android.launcher2.Launcher} from pid 0
I/InputReader(  276): Reconfiguring input devices.  changes=0x00000020
I/InputReader(  276): Reconfiguring input devices.  changes=0x00000010
I/ActivityManager(  276): Start proc com.android.launcher for activity com.android.launcher/com.android.launcher2.Launcher: pid=386 uid=10020 gids={50020, 1028}
I/SystemServer(  276): Enabled StrictMode for system server main thread.
E/ThrottleService(  276): problem during onPollAlarm: java.lang.IllegalStateException: problem parsing stats: java.io.FileNotFoundException: /proc/net/xt_qtaguid/iface_stat_all: open failed: ENOENT (No such file or directory)
D/dalvikvm(  276): GC_FOR_ALLOC freed 78K, 8% free 5029K/5440K, paused 579ms, total 587ms
E/NetdConnector(  276): NDC Command {4 interface setthrottle rmnet0 -1 -1} took too long (665ms)
D/dalvikvm(  336): GC_FOR_ALLOC freed 88K, 6% free 2664K/2812K, paused 467ms, total 471ms
I/dalvikvm-heap(  336): Grow heap (frag case) to 3.263MB for 635812-byte allocation
E/Trace   (  364): error opening trace file: No such file or directory (2)
D/dalvikvm(  336): GC_CONCURRENT freed 5K, 5% free 3280K/3436K, paused 4ms+2ms, total 193ms
D/dalvikvm(  336): WAIT_FOR_CONCURRENT_GC blocked 157ms
E/Trace   (  377): error opening trace file: No such file or directory (2)
E/Trace   (  386): error opening trace file: No such file or directory (2)
I/LatinIME(  364): Hardware accelerated drawing: false
D/dalvikvm(  276): GC_CONCURRENT freed 299K, 7% free 5398K/5764K, paused 32ms+116ms, total 1212ms
D/dalvikvm(  276): WAIT_FOR_CONCURRENT_GC blocked 41ms
E/BluetoothAdapter(  336): Bluetooth binder is null
E/BluetoothAdapter(  336): Bluetooth binder is null
E/BluetoothAdapter(  336): Bluetooth binder is null
W/TelephonyProvider(  377): onCreate: confFile=/system/etc/apns-conf.xml oldCheckSum=-1
D/TelephonyManager(  377): getLteOnCdmaMode=0 curVal=-1 product_type='' lteOnCdmaProductType=''
W/InputAttributes(  364): No editor info for this field. Bug?
D/dalvikvm(  276): GREF has increased to 301
D/TelephonyManager(  377): getLteOnCdmaMode=0 curVal=-1 product_type='' lteOnCdmaProductType=''
E/ActivityThread(  364): Failed to find provider info for com.android.inputmethod.latin.dictionarypack
E/SurfaceFlinger(   37): ro.sf.lcd_density must be defined as a build property
D/gralloc_goldfish(  276): Emulator without GPU emulation detected.
D/dalvikvm(  364): GC_CONCURRENT freed 264K, 12% free 2499K/2820K, paused 3ms+2ms, total 395ms
E/BinaryDictionaryGetter(  364): Could not find a dictionary pack
D/dalvikvm(  336): GC_CONCURRENT freed 66K, 4% free 3645K/3776K, paused 6ms+4ms, total 929ms
D/TelephonyManager(  377): getLteOnCdmaMode=0 curVal=-1 product_type='' lteOnCdmaProductType=''
I/ActivityManager(  276): Start proc android.process.acore for content provider com.android.providers.userdictionary/.UserDictionaryProvider: pid=422 uid=10001 gids={50001, 3003, 1015, 1028}
I/Choreographer(  276): Skipped 2633 frames!  The application may be doing too much work on its main thread.
W/InputMethodManagerService(  276): Found no subtypes in a system IME: com.android.inputmethod.pinyin
E/BluetoothAdapter(  336): Bluetooth binder is null
D/dalvikvm(  276): GC_CONCURRENT freed 742K, 13% free 5415K/6224K, paused 5ms+45ms, total 1001ms
D/dalvikvm(  276): WAIT_FOR_CONCURRENT_GC blocked 141ms
D/dalvikvm(  276): WAIT_FOR_CONCURRENT_GC blocked 153ms
D/dalvikvm(  276): WAIT_FOR_CONCURRENT_GC blocked 156ms
D/dalvikvm(  276): WAIT_FOR_CONCURRENT_GC blocked 583ms
D/dalvikvm(  276): WAIT_FOR_CONCURRENT_GC blocked 192ms
V/TAG     (  276): bug 7643792: fitSystemWindows([0,0][0,0])
D/dalvikvm(  276): GC_CONCURRENT freed 701K, 13% free 5475K/6244K, paused 5ms+150ms, total 460ms
D/dalvikvm(  276): WAIT_FOR_CONCURRENT_GC blocked 8ms
D/dalvikvm(  276): WAIT_FOR_CONCURRENT_GC blocked 48ms
D/dalvikvm(  276): WAIT_FOR_CONCURRENT_GC blocked 47ms
D/dalvikvm(  276): WAIT_FOR_CONCURRENT_GC blocked 47ms
D/dalvikvm(  276): WAIT_FOR_CONCURRENT_GC blocked 316ms
D/dalvikvm(  276): WAIT_FOR_CONCURRENT_GC blocked 311ms
V/TAG     (  276): bug 7643792: fitSystemWindows([0,0][0,0])
W/Settings(  377): Setting airplane_mode_on has moved from android.provider.Settings.System to android.provider.Settings.Global, returning read-only value.
E/Trace   (  422): error opening trace file: No such file or directory (2)
I/ActivityManager(  276): Start proc com.android.music for broadcast com.android.music/.MediaButtonIntentReceiver: pid=443 uid=10025 gids={50025, 3003, 1015, 1028}
W/Settings(  377): Setting auto_time has moved from android.provider.Settings.System to android.provider.Settings.Global, returning read-only global URI.
W/Settings(  377): Setting auto_time_zone has moved from android.provider.Settings.System to android.provider.Settings.Global, returning read-only global URI.
I/Choreographer(  276): Skipped 167 frames!  The application may be doing too much work on its main thread.
W/ActivityManager(  276): Unable to start service Intent { act=com.android.internal.telephony.IWapPushManager } U=0: not found
D/PhoneStatusBar(  336): disable: < expand icons alerts ticker system_info back home recent clock search >
E/SurfaceFlinger(   37): ro.sf.lcd_density must be defined as a build property
I/dalvikvm(  443): Turning on JNI app bug workarounds for target SDK version 9...
D/        (  377): [ApnContext:default] set reason as dataEnabled,current state IDLE
D/        (  377): [ApnContext:default] setRetryCount: 0
D/dalvikvm(  386): GC_CONCURRENT freed 179K, 9% free 2611K/2852K, paused 5ms+96ms, total 295ms
D/        (  377): [ApnContext:mms] set reason as dataEnabled,current state IDLE
D/        (  377): [ApnContext:mms] setRetryCount: 0
D/        (  377): [ApnContext:supl] set reason as dataEnabled,current state IDLE
D/        (  377): [ApnContext:supl] setRetryCount: 0
D/        (  377): [ApnContext:hipri] set reason as dataEnabled,current state IDLE
D/        (  377): [ApnContext:hipri] setRetryCount: 0
D/        (  377): [ApnContext:fota] set reason as dataEnabled,current state IDLE
D/        (  377): [ApnContext:fota] setRetryCount: 0
D/        (  377): [ApnContext:ims] set reason as dataEnabled,current state IDLE
D/        (  377): [ApnContext:ims] setRetryCount: 0
D/        (  377): [ApnContext:cbs] set reason as dataEnabled,current state IDLE
D/        (  377): [ApnContext:cbs] setRetryCount: 0
D/dalvikvm(  276): GC_FOR_ALLOC freed 264K, 14% free 5407K/6244K, paused 349ms, total 361ms
I/dalvikvm-heap(  276): Grow heap (frag case) to 6.420MB for 1128976-byte allocation
D/dalvikvm(  276): GC_FOR_ALLOC freed 4K, 12% free 6506K/7348K, paused 210ms, total 210ms
W/ActivityManager(  276): Activity idle timeout for ActivityRecord{40cc59a8 u0 com.android.launcher/com.android.launcher2.Launcher}
W/WindowManager(  276): Window freeze timeout expired.
W/WindowManager(  276): Force clearing orientation change: Window{40e99238 u0 Keyguard}
E/BluetoothAdapter(  336): Bluetooth binder is null
E/Trace   (  443): error opening trace file: No such file or directory (2)
E/BluetoothAdapter(  276): Bluetooth binder is null
D/TelephonyManager(  377): getLteOnCdmaMode=0 curVal=-1 product_type='' lteOnCdmaProductType=''
E/BluetoothAdapter(  276): Bluetooth binder is null
V/WiredAccessoryManager(  276): init()
E/SoundPool(  276): error loading /system/media/audio/ui/Effect_Tick.ogg
W/AudioService(  276): Soundpool could not load file: /system/media/audio/ui/Effect_Tick.ogg
E/SoundPool(  276): error loading /system/media/audio/ui/Effect_Tick.ogg
W/AudioService(  276): Soundpool could not load file: /system/media/audio/ui/Effect_Tick.ogg
E/SoundPool(  276): error loading /system/media/audio/ui/Effect_Tick.ogg
W/AudioService(  276): Soundpool could not load file: /system/media/audio/ui/Effect_Tick.ogg
E/SoundPool(  276): error loading /system/media/audio/ui/Effect_Tick.ogg
W/AudioService(  276): Soundpool could not load file: /system/media/audio/ui/Effect_Tick.ogg
E/SoundPool(  276): error loading /system/media/audio/ui/Effect_Tick.ogg
W/AudioService(  276): Soundpool could not load file: /system/media/audio/ui/Effect_Tick.ogg
E/SoundPool(  276): error loading /system/media/audio/ui/KeypressStandard.ogg
W/AudioService(  276): Soundpool could not load file: /system/media/audio/ui/KeypressStandard.ogg
E/SoundPool(  276): error loading /system/media/audio/ui/KeypressSpacebar.ogg
W/AudioService(  276): Soundpool could not load file: /system/media/audio/ui/KeypressSpacebar.ogg
E/SoundPool(  276): error loading /system/media/audio/ui/KeypressDelete.ogg
W/AudioService(  276): Soundpool could not load file: /system/media/audio/ui/KeypressDelete.ogg
E/SoundPool(  276): error loading /system/media/audio/ui/KeypressReturn.ogg
W/AudioService(  276): Soundpool could not load file: /system/media/audio/ui/KeypressReturn.ogg
W/AudioService(  276): loadSoundEffects(), Error -1 while loading samples
D/SystemUIService(  336): loading: class com.android.systemui.power.PowerUI
D/SystemUIService(  336): running: com.android.systemui.power.PowerUI@40e40e00
D/SystemUIService(  336): loading: class com.android.systemui.media.RingtonePlayer
D/SystemUIService(  336): running: com.android.systemui.media.RingtonePlayer@40e41be0
I/Choreographer(  276): Skipped 127 frames!  The application may be doing too much work on its main thread.
D/dalvikvm(  377): GC_CONCURRENT freed 199K, 10% free 2575K/2836K, paused 3ms+3ms, total 685ms
I/Choreographer(  336): Skipped 2630 frames!  The application may be doing too much work on its main thread.
D/dalvikvm(  276): GC_CONCURRENT freed 57K, 11% free 6609K/7348K, paused 76ms+92ms, total 974ms
D/CallManager(  377): registerPhone(GSM Handler (com.android.internal.telephony.PhoneProxy) {40d03cd8})
I/Choreographer(  276): Skipped 722 frames!  The application may be doing too much work on its main thread.
I/LocationBlacklist(  276): whitelist: []
I/LocationBlacklist(  276): blacklist: []
I/ActivityManager(  276): Start proc com.android.contacts for broadcast com.android.contacts/.calllog.CallLogReceiver: pid=463 uid=10001 gids={50001, 3003, 1015, 1028}
I/AudioService(  276):   Remote Control   registerMediaButtonIntent() for PendingIntent{40f4a360: PendingIntentRecord{40e69850 com.android.music broadcastIntent}}
E/BluetoothAdapter(  377): Bluetooth binder is null
I/ActivityManager(  276): Start proc android.process.media for content provider com.android.providers.media/.MediaProvider: pid=479 uid=10000 gids={50000, 1015, 1023, 1024, 1028, 1006, 2001, 3003, 3007}
E/BluetoothAdapter(  377): Bluetooth binder is null
E/Trace   (  463): error opening trace file: No such file or directory (2)
I/Choreographer(  276): Skipped 230 frames!  The application may be doing too much work on its main thread.
W/WindowManager(  276): Window freeze timeout expired.
W/WindowManager(  276): Force clearing orientation change: Window{40e99238 u0 Keyguard}
V/TAG     (  276): bug 7643792: fitSystemWindows([0,38][0,0])
E/SurfaceFlinger(   37): ro.sf.lcd_density must be defined as a build property
I/Choreographer(  276): Skipped 402 frames!  The application may be doing too much work on its main thread.
E/Trace   (  479): error opening trace file: No such file or directory (2)
D/PhoneStatusBar(  336): disable: < expand icons alerts ticker system_info BACK* HOME* RECENT* CLOCK* SEARCH* >
W/WindowManager(  276): Window freeze timeout expired.
W/WindowManager(  276): Force clearing orientation change: Window{40f79df0 u0 StatusBar}
I/Choreographer(  276): Skipped 276 frames!  The application may be doing too much work on its main thread.
I/Choreographer(  276): Skipped 57 frames!  The application may be doing too much work on its main thread.
D/DebugService(  377): DebugService DebugService:
D/TelephonyDebugService(  377): TelephonyDebugService()
D/dalvikvm(  377): GC_CONCURRENT freed 318K, 13% free 2652K/3028K, paused 2ms+2ms, total 155ms
D/dalvikvm(  386): GC_FOR_ALLOC freed 53K, 4% free 2856K/2968K, paused 470ms, total 486ms
I/dalvikvm-heap(  386): Grow heap (frag case) to 4.217MB for 1440016-byte allocation
D/dalvikvm(  386): GC_FOR_ALLOC freed 12K, 3% free 4250K/4376K, paused 93ms, total 93ms
D/dalvikvm(  386): GC_CONCURRENT freed <1K, 3% free 4250K/4376K, paused 4ms+3ms, total 79ms
W/dalvikvm(  336): threadid=2: spin on suspend #1 threadid=12 (pcf=0)
D/dalvikvm(  336): Temporarily moving tid 441 to fg (was 0)
D/dalvikvm(  336): Temporarily raised priority on tid 441 (10 -> 0)
W/dalvikvm(  336): threadid=2: spin on suspend resolved in 1038 msec
D/dalvikvm(  336): Restored policy of 441 to 0
D/dalvikvm(  336): Restored priority on 441 to 10
I/RecoverySystem(  276): No recovery log file
W/Settings(  377): Setting auto_time_zone has moved from android.provider.Settings.System to android.provider.Settings.Global, returning read-only value.
D/dalvikvm(  276): GREF has increased to 401
I/Choreographer(  276): Skipped 144 frames!  The application may be doing too much work on its main thread.
E/SurfaceFlinger(   37): ro.sf.lcd_density must be defined as a build property
D/dalvikvm(  422): GC_CONCURRENT freed 181K, 9% free 2619K/2856K, paused 1075ms+3ms, total 1388ms
D/dalvikvm(  336): GC_CONCURRENT freed 258K, 8% free 3781K/4100K, paused 1094ms+273ms, total 2093ms
I/DownloadManager(  479): in removeSpuriousFiles
I/ActivityManager(  276): Start proc com.android.deskclock for broadcast com.android.deskclock/.AlarmInitReceiver: pid=517 uid=10006 gids={50006, 1028}
D/dalvikvm(   38): GC_EXPLICIT freed 34K, 4% free 2381K/2476K, paused 2ms+12ms, total 51ms
D/dalvikvm(   38): GC_EXPLICIT freed <1K, 4% free 2381K/2476K, paused 2ms+2ms, total 56ms
D/dalvikvm(   38): GC_EXPLICIT freed <1K, 4% free 2381K/2476K, paused 2ms+3ms, total 61ms
D/dalvikvm(  336): GC_FOR_ALLOC freed 11K, 9% free 3770K/4100K, paused 664ms, total 665ms
W/WindowManager(  276): Window freeze timeout expired.
W/WindowManager(  276): Force clearing orientation change: Window{41025618 u0 com.android.systemui.ImageWallpaper}
I/dalvikvm-heap(  336): Grow heap (frag case) to 9.850MB for 6410576-byte allocation
D/dalvikvm(  336): GC_CONCURRENT freed <1K, 4% free 10030K/10364K, paused 6ms+219ms, total 344ms
E/Trace   (  517): error opening trace file: No such file or directory (2)
D/CAT     (  377): CatService: Running CAT service. STK app installed:false
D/CAT     (  377): CatService: NEW sInstance
D/dalvikvm(  336): GC_FOR_ALLOC freed <1K, 4% free 10031K/10364K, paused 21ms, total 21ms
I/dalvikvm-heap(  336): Grow heap (frag case) to 12.548MB for 2828816-byte allocation
D/dalvikvm(  336): GC_CONCURRENT freed 0K, 3% free 12793K/13128K, paused 5ms+6ms, total 43ms
D/dalvikvm(  336): WAIT_FOR_CONCURRENT_GC blocked 38ms
D/gralloc_goldfish(  336): Emulator without GPU emulation detected.
I/Choreographer(  336): Skipped 3376 frames!  The application may be doing too much work on its main thread.
V/AlarmClock(  517): No next alarm
I/Choreographer(  276): Skipped 31 frames!  The application may be doing too much work on its main thread.
V/AlarmClock(  517): AlarmInitReceiver - Reset timers and clear stopwatch data
I/SurfaceFlinger(   37): Boot is finished (60552 ms)
I/ActivityManager(  276): Config changes=1400 {1.0 ?mcc?mnc en_US ldltr sw320dp w320dp h508dp 240dpi nrml long port finger -keyb/v/h tball/v s.4}
I/PowerManagerService(  276): Boot animation finished.
I/Choreographer(  276): Skipped 124 frames!  The application may be doing too much work on its main thread.
V/AlarmClock(  517): No next alarm
V/AlarmClock(  517): AlarmInitReceiver finished
D/dalvikvm(  386): GC_CONCURRENT freed 177K, 5% free 4605K/4844K, paused 12ms+3ms, total 60ms
I/Choreographer(  336): Skipped 204 frames!  The application may be doing too much work on its main thread.
I/Choreographer(  336): Skipped 52 frames!  The application may be doing too much work on its main thread.
D/CAT     (  377): CatService: SIM ready. Reporting STK service running now...
D/dalvikvm(  377): GC_CONCURRENT freed 281K, 11% free 2773K/3116K, paused 277ms+4ms, total 448ms
D/MccTable(  377): updateMccMncConfiguration: mcc=310, mnc=260
D/TelephonyManager(  377): getLteOnCdmaMode=0 curVal=-1 product_type='' lteOnCdmaProductType=''
D/MccTable(  377): locale set to en_us
D/MccTable(  377): WIFI_COUNTRY_CODE set to us
D/dalvikvm(  276): GC_CONCURRENT freed 2032K, 28% free 5638K/7736K, paused 9ms+11ms, total 294ms
D/dalvikvm(  276): WAIT_FOR_CONCURRENT_GC blocked 75ms
I/WifiService(  276): WifiService trying to set country code to us with persist set to true
I/ActivityManager(  276): Config changes=1403 {1.0 310mcc260mnc en_US ldltr sw320dp w320dp h508dp 240dpi nrml long port finger -keyb/v/h tball/v s.5}
D/dalvikvm(  276): WAIT_FOR_CONCURRENT_GC blocked 116ms
W/GpsLocationProvider(  276): Could not open GPS configuration file /etc/gps.conf
I//system/bin/fsck_msdos(   32): Attempting to allocate 2044 KB for FAT
W/SurfaceFlinger(   37): createScreenshotSurface failed (Function not implemented)
W/ServiceWatcher(  276): com.google.android.location not found
W/Settings(  377): Setting auto_time_zone has moved from android.provider.Settings.System to android.provider.Settings.Global, returning read-only value.
W/ServiceWatcher(  276): com.google.android.location not found
W/LocationManagerService(  276): no network location provider found
W/ServiceWatcher(  276): com.google.android.location not found
D/MccTable(  377): updateMccMncConfiguration: mcc=310, mnc=260
D/TelephonyManager(  377): getLteOnCdmaMode=0 curVal=-1 product_type='' lteOnCdmaProductType=''
D/MccTable(  377): locale set to en_us
D/MccTable(  377): WIFI_COUNTRY_CODE set to us
I/WifiService(  276): WifiService trying to set country code to us with persist set to true
I//system/bin/fsck_msdos(   32): ** Phase 2 - Check Cluster Chains
I//system/bin/fsck_msdos(   32): ** Phase 3 - Checking Directories
I//system/bin/fsck_msdos(   32): ** Phase 4 - Checking for Lost Files
I//system/bin/fsck_msdos(   32): 13 files, 1044446 free (522223 clusters)
I/Vold    (   32): Filesystem check completed OK
I/Vold    (   32): Device /dev/block/vold/179:0, target /mnt/sdcard mounted @ /mnt/secure/staging
D/Vold    (   32): Volume sdcard state changing 3 (Checking) -> 4 (Mounted)
D/MountService(  276): volume state changed for /mnt/sdcard (checking -> mounted)
I/PackageManager(  276): Updating external media status from unmounted to mounted
D/MountService(  276): sendStorageIntent Intent { act=android.intent.action.MEDIA_MOUNTED dat=file:///mnt/sdcard (has extras) } to UserHandle{-1}
E/VoldConnector(  276): NDC Command {3 volume mount /mnt/sdcard} took too long (34378ms)
D/dalvikvm(  276): GC_CONCURRENT freed 382K, 23% free 6004K/7736K, paused 5ms+167ms, total 264ms
D/dalvikvm(  276): WAIT_FOR_CONCURRENT_GC blocked 208ms
I/ActivityManager(  276): Start proc com.android.location.fused for service com.android.location.fused/.FusedLocationService: pid=550 uid=10022 gids={50022, 1028}
I/ActivityManager(  276): Config changes=1400 {1.0 310mcc260mnc en_US ldltr sw320dp w320dp h508dp 240dpi nrml long port finger -keyb/v/h tball/v s.6}
E/Trace   (  550): error opening trace file: No such file or directory (2)
D/dalvikvm(  276): GC_CONCURRENT freed 351K, 16% free 6563K/7736K, paused 42ms+7ms, total 188ms
D/dalvikvm(  276): WAIT_FOR_CONCURRENT_GC blocked 28ms
D/dalvikvm(  276): WAIT_FOR_CONCURRENT_GC blocked 47ms
D/dalvikvm(  276): WAIT_FOR_CONCURRENT_GC blocked 48ms
D/dalvikvm(  276): WAIT_FOR_CONCURRENT_GC blocked 98ms
D/dalvikvm(  276): WAIT_FOR_CONCURRENT_GC blocked 124ms
W/ServiceWatcher(  276): com.google.android.location not found
E/LocationManagerService(  276): no geocoder provider found
I/Choreographer(  276): Skipped 688 frames!  The application may be doing too much work on its main thread.
D/dalvikvm(  276): WAIT_FOR_CONCURRENT_GC blocked 247ms
D/dalvikvm(  276): GC_FOR_ALLOC freed 246K, 17% free 6486K/7736K, paused 53ms, total 63ms
I/dalvikvm-heap(  276): Grow heap (frag case) to 7.473MB for 1128976-byte allocation
D/dalvikvm(  276): GC_FOR_ALLOC freed 881K, 25% free 6707K/8840K, paused 51ms, total 51ms
E/VoldConnector(  276): NDC Command {4 asec list} took too long (676ms)
I/PackageManager(  276): No secure containers on sdcard
W/WindowManager(  276): Window freeze timeout expired.
W/WindowManager(  276): Force clearing orientation change: Window{40e99238 u0 Keyguard}
D/dalvikvm(  276): GC_CONCURRENT freed 14K, 25% free 6700K/8840K, paused 15ms+9ms, total 220ms
W/PackageManager(  276): Unknown permission com.google.android.googleapps.permission.GOOGLE_AUTH.mail in package com.android.contacts
W/PackageManager(  276): Unknown permission android.permission.ADD_SYSTEM_SERVICE in package com.android.phone
W/PackageManager(  276): Unknown permission com.android.smspush.WAPPUSH_MANAGER_BIND in package com.android.phone
W/PackageManager(  276): Unknown permission com.google.android.googleapps.permission.GOOGLE_AUTH in package com.android.providers.calendar
W/PackageManager(  276): Unknown permission com.google.android.googleapps.permission.GOOGLE_AUTH.cl in package com.android.providers.calendar
W/PackageManager(  276): Unknown permission com.google.android.googleapps.permission.GOOGLE_AUTH.mail in package com.android.calendar
W/PackageManager(  276): Not granting permission android.permission.SEND_DOWNLOAD_COMPLETED_INTENTS to package com.android.browser (protectionLevel=2 flags=0x89be45)
W/PackageManager(  276): Not granting permission android.permission.BIND_APPWIDGET to package com.android.widgetpreview (protectionLevel=18 flags=0x8be44)
W/PackageManager(  276): Unknown permission com.google.android.googleapps.permission.GOOGLE_AUTH in package com.android.settings
W/PackageManager(  276): Unknown permission com.google.android.gallery3d.permission.GALLERY_PROVIDER in package com.android.exchange
W/PackageManager(  276): Unknown permission com.google.android.googleapps.permission.ACCESS_GOOGLE_PASSWORD in package com.android.development
W/PackageManager(  276): Unknown permission com.google.android.googleapps.permission.GOOGLE_AUTH in package com.android.development
W/PackageManager(  276): Unknown permission com.google.android.googleapps.permission.GOOGLE_AUTH.ALL_SERVICES in package com.android.development
W/PackageManager(  276): Unknown permission com.google.android.googleapps.permission.GOOGLE_AUTH.YouTubeUser in package com.android.development
W/PackageManager(  276): Unknown permission com.google.android.gallery3d.permission.GALLERY_PROVIDER in package com.android.email
W/PackageManager(  276): Not granting permission android.permission.DEVICE_POWER to package com.android.deskclock (protectionLevel=2 flags=0x88be45)
D/dalvikvm(  377): GC_CONCURRENT freed 310K, 12% free 2935K/3308K, paused 5ms+17ms, total 73ms
I/ActivityManager(  276): Start proc com.android.email for broadcast com.android.email/.service.EmailBroadcastReceiver: pid=566 uid=10019 gids={50019, 3003, 1015, 1028}
D/dalvikvm(  276): GC_CONCURRENT freed 1562K, 30% free 6222K/8840K, paused 107ms+37ms, total 263ms
D/dalvikvm(  276): WAIT_FOR_CONCURRENT_GC blocked 19ms
D/dalvikvm(  276): WAIT_FOR_CONCURRENT_GC blocked 110ms
D/dalvikvm(  276): WAIT_FOR_CONCURRENT_GC blocked 108ms
D/dalvikvm(  276): WAIT_FOR_CONCURRENT_GC blocked 119ms
D/dalvikvm(  276): WAIT_FOR_CONCURRENT_GC blocked 106ms
D/dalvikvm(  276): WAIT_FOR_CONCURRENT_GC blocked 166ms
D/dalvikvm(  276): WAIT_FOR_CONCURRENT_GC blocked 207ms
E/Trace   (  566): error opening trace file: No such file or directory (2)
D/dalvikvm(  377): GC_CONCURRENT freed 489K, 17% free 2868K/3420K, paused 4ms+3ms, total 111ms
D/dalvikvm(  276): GC_CONCURRENT freed 605K, 26% free 6581K/8840K, paused 7ms+7ms, total 200ms
D/dalvikvm(  276): WAIT_FOR_CONCURRENT_GC blocked 63ms
D/dalvikvm(  276): WAIT_FOR_CONCURRENT_GC blocked 57ms
D/dalvikvm(  276): WAIT_FOR_CONCURRENT_GC blocked 78ms
I/Choreographer(  276): Skipped 649 frames!  The application may be doing too much work on its main thread.
D/ConnectivityService(  276): ConnectivityChange for mobile: CONNECTED/CONNECTED
I/Choreographer(  336): Skipped 35 frames!  The application may be doing too much work on its main thread.
I/FusedLocation(  550): engine started (com.android.location.fused)
D/dalvikvm(  276): GC_FOR_ALLOC freed 327K, 27% free 6533K/8840K, paused 115ms, total 127ms
I/dalvikvm-heap(  276): Grow heap (frag case) to 7.520MB for 1128976-byte allocation
D/dalvikvm(  276): GC_FOR_ALLOC freed 828K, 23% free 6807K/8840K, paused 117ms, total 117ms
W/WindowManager(  276): App freeze timeout expired.
W/WindowManager(  276): Force clearing freeze: AppWindowToken{40f6da60 token=Token{40ebb7a0 ActivityRecord{40cc59a8 u0 com.android.launcher/com.android.launcher2.Launcher}}}
I/ActivityManager(  276): Start proc com.android.exchange for service com.android.exchange/.ExchangeService: pid=587 uid=10032 gids={50032, 3003, 1015, 1028}
I/ActivityManager(  276): Start proc com.android.providers.calendar for broadcast com.android.providers.calendar/.CalendarReceiver: pid=596 uid=10023 gids={50023, 3003, 1015, 1028}
I/Choreographer(  276): Skipped 337 frames!  The application may be doing too much work on its main thread.
D/dalvikvm(  276): GC_CONCURRENT freed 21K, 23% free 6837K/8840K, paused 18ms+260ms, total 820ms
E/Trace   (  587): error opening trace file: No such file or directory (2)
I/Choreographer(  276): Skipped 41 frames!  The application may be doing too much work on its main thread.
E/Trace   (  596): error opening trace file: No such file or directory (2)
I/ActivityManager(  276): Start proc com.android.mms for broadcast com.android.mms/.transaction.MmsSystemEventReceiver: pid=618 uid=10029 gids={50029, 3003, 1015, 1028}
E/Trace   (  618): error opening trace file: No such file or directory (2)
D/CountryDetector(  276): The first listener is added
V/MmsConfig(  618): mnc/mcc: 310260
V/MmsConfig(  618): tag: bool value: enabledMMS - true
V/MmsConfig(  618): tag: int value: maxMessageSize - 307200
V/MmsConfig(  618): tag: int value: maxImageHeight - 480
V/MmsConfig(  618): tag: int value: maxImageWidth - 640
V/MmsConfig(  618): tag: int value: defaultSMSMessagesPerThread - 500
V/MmsConfig(  618): tag: int value: defaultMMSMessagesPerThread - 50
V/MmsConfig(  618): tag: int value: minMessageCountPerThread - 10
V/MmsConfig(  618): tag: int value: maxMessageCountPerThread - 5000
V/MmsConfig(  618): tag: string value: uaProfUrl - http://www.google.com/oha/rdf/ua-profile-kila.xml
V/MmsConfig(  618): tag: int value: recipientLimit - -1
V/MmsConfig(  618): tag: bool value: enableMultipartSMS - true
V/MmsConfig(  618): tag: int value: smsToMmsTextThreshold - -1
V/MmsConfig(  618): tag: bool value: enableSlideDuration - true
V/MmsConfig(  618): tag: int value: maxMessageTextSize - -1
D/ExchangeService(  587): !!! EAS ExchangeService, onCreate
I/FusedLocation(  550): engine started (com.android.location.fused)
D/Mms:app (  618): cancelNotification
D/ExchangeService(  587): !!! EAS ExchangeService, onStartCommand, startingUp = false, running = false
I/ActivityManager(  276): Start proc com.android.settings for broadcast com.android.settings/.widget.SettingsAppWidgetProvider: pid=650 uid=1000 gids={41000, 1015, 1028, 3002, 3001, 3003}
D/ExchangeService(  587): !!! EAS ExchangeService, onStartCommand, startingUp = true, running = false
D/Eas Debug(  587): Logging: 
E/Trace   (  650): error opening trace file: No such file or directory (2)
D/dalvikvm(  276): GC_EXPLICIT freed 1167K, 35% free 5748K/8840K, paused 6ms+7ms, total 128ms
E/BluetoothAdapter(  650): Bluetooth binder is null
E/BluetoothAdapter(  650): Bluetooth binder is null
D/dalvikvm(  276): GREF has increased to 501
D/MediaScannerReceiver(  479): action: android.intent.action.MEDIA_MOUNTED path: /mnt/sdcard
E/BluetoothAdapter(  650): Bluetooth binder is null
I/AccountTypeManager(  463): Loaded meta-data for 1 account types, 0 accounts in 2999ms(wall) 37ms(cpu)
D/Tethering(  276): MasterInitialState.processMessage what=3
D/EmailProvider(  566): fromDatabase accounts: 0
D/EmailProvider(  566): ending toDatabase transaction; copyCount = 0
D/EmailProvider(  566): ending fromDatabase transaction; copyCount = 0
D/MmsSmsDatabaseHelper(  377): [MmsSmsDb] tableName: threads hasAutoIncrement: CREATE TABLE threads (_id INTEGER PRIMARY KEY AUTOINCREMENT,date INTEGER DEFAULT 0,message_count INTEGER DEFAULT 0,recipient_ids TEXT,snippet TEXT,snippet_cs INTEGER DEFAULT 0,read INTEGER DEFAULT 1,type INTEGER DEFAULT 0,error INTEGER DEFAULT 0,has_attachment INTEGER DEFAULT 0) result: true
D/dalvikvm(  479): GREF has increased to 201
D/dalvikvm(  479): GC_CONCURRENT freed 197K, 10% free 2562K/2820K, paused 3ms+26ms, total 106ms
W/ActivityManager(  276): Unable to start service Intent { cmp=com.android.email/.service.AttachmentDownloadService } U=0: not found
D/ExchangeService(  587): Received deviceId from Email app: androidc259148960
D/ExchangeService(  587): Reconciling accounts...
W/ActivityManager(  276): Unable to start service Intent { cmp=com.android.email/.service.AttachmentDownloadService } U=0: not found
W/ActivityManager(  276): Unable to start service Intent { cmp=com.android.email/.service.AttachmentDownloadService } U=0: not found
D/ExchangeService(  587): !!! EAS ExchangeService, onStartCommand, startingUp = true, running = false
D/MmsSmsDatabaseHelper(  377): [MmsSmsDb] tableName: canonical_addresses hasAutoIncrement: CREATE TABLE canonical_addresses (_id INTEGER PRIMARY KEY AUTOINCREMENT,address TEXT) result: true
D/MmsSmsDatabaseHelper(  377): [MmsSmsDb] tableName: part hasAutoIncrement: CREATE TABLE part (_id INTEGER PRIMARY KEY AUTOINCREMENT,mid INTEGER,seq INTEGER DEFAULT 0,ct TEXT,name TEXT,chset INTEGER,cd TEXT,fn TEXT,cid TEXT,cl TEXT,ctt_s INTEGER,ctt_t TEXT,_data TEXT,text TEXT) result: true
D/Eas Debug(  587): Logging: 
D/MmsSmsDatabaseHelper(  377): [MmsSmsDb] tableName: pdu hasAutoIncrement: CREATE TABLE pdu (_id INTEGER PRIMARY KEY AUTOINCREMENT,thread_id INTEGER,date INTEGER,date_sent INTEGER DEFAULT 0,msg_box INTEGER,read INTEGER DEFAULT 0,m_id TEXT,sub TEXT,sub_cs INTEGER,ct_t TEXT,ct_l TEXT,exp INTEGER,m_cls TEXT,m_type INTEGER,v INTEGER,m_size INTEGER,pri INTEGER,rr INTEGER,rpt_a INTEGER,resp_st INTEGER,st INTEGER,tr_id TEXT,retr_st INTEGER,retr_txt TEXT,retr_txt_cs INTEGER,read_status INTEGER,ct_cls INTEGER,resp_txt TEXT,d_tm INTEGER,d_rpt INTEGER,locked INTEGER DEFAULT 0,seen INTEGER DEFAULT 0,text_only INTEGER DEFAULT 0) result: true
D/MmsSmsDatabaseHelper(  377): [getWritableDatabase] hasAutoIncrementThreads: true hasAutoIncrementAddresses: true hasAutoIncrementPart: true hasAutoIncrementPdu: true
D/GpsLocationProvider(  276): NTP server returned: 1479393564366 (Thu Nov 17 14:39:24 GMT 2016) reference: 78299 certainty: 123 system time offset: 164
W/MediaProvider(  479): no database for scanned volume external
D/dalvikvm(  566): GC_CONCURRENT freed 191K, 10% free 2579K/2836K, paused 5ms+6ms, total 59ms
D/ExchangeService(  587): !!! EAS ExchangeService, onStartCommand, startingUp = false, running = false
D/ExchangeService(  587): Reconciling accounts...
I/CalendarProvider2(  596): Sending notification intent: Intent { act=android.intent.action.PROVIDER_CHANGED dat=content://com.android.calendar }
W/ContentResolver(  596): Failed to get type for: content://com.android.calendar (Unknown URL content://com.android.calendar)
I/ActivityManager(  276): Start proc com.android.calendar for broadcast com.android.calendar/.alerts.AlertReceiver: pid=687 uid=10004 gids={50004, 3003, 1028}
D/Launcher.Model(  386): Reload apps on config change. curr_mcc:310 prevmcc:0
E/Trace   (  687): error opening trace file: No such file or directory (2)
D/AlertReceiver(  687): onReceive: a=android.intent.action.PROVIDER_CHANGED Intent { act=android.intent.action.PROVIDER_CHANGED dat=content://com.android.calendar flg=0x10 cmp=com.android.calendar/.alerts.AlertReceiver }
D/AlertService(  687): 0 Action = android.intent.action.PROVIDER_CHANGED
D/AlertService(  687): Beginning updateAlertNotification
D/dalvikvm(  386): GC_FOR_ALLOC freed 342K, 8% free 4856K/5260K, paused 25ms, total 37ms
I/dalvikvm-heap(  386): Grow heap (frag case) to 6.171MB for 1440016-byte allocation
D/dalvikvm(  386): GC_FOR_ALLOC freed 31K, 7% free 6231K/6668K, paused 43ms, total 46ms
D/dalvikvm(  386): GC_CONCURRENT freed <1K, 7% free 6230K/6668K, paused 4ms+3ms, total 36ms
I/Choreographer(  386): Skipped 413 frames!  The application may be doing too much work on its main thread.
E/SurfaceFlinger(   37): ro.sf.lcd_density must be defined as a build property
I/Choreographer(  386): Skipped 38 frames!  The application may be doing too much work on its main thread.
D/gralloc_goldfish(  386): Emulator without GPU emulation detected.
D/dalvikvm(  386): GC_FOR_ALLOC freed 1498K, 27% free 5042K/6868K, paused 43ms, total 58ms
I/dalvikvm-heap(  386): Grow heap (frag case) to 6.374MB for 1463056-byte allocation
D/dalvikvm(  386): GC_CONCURRENT freed 7K, 23% free 6463K/8300K, paused 5ms+5ms, total 42ms
D/dalvikvm(  386): WAIT_FOR_CONCURRENT_GC blocked 37ms
D/dalvikvm(  386): GC_FOR_ALLOC freed <1K, 23% free 6463K/8300K, paused 35ms, total 35ms
I/dalvikvm-heap(  386): Grow heap (frag case) to 7.762MB for 1463056-byte allocation
D/dalvikvm(  386): GC_FOR_ALLOC freed 0K, 19% free 7892K/9732K, paused 38ms, total 38ms
D/dalvikvm(  386): GC_CONCURRENT freed <1K, 18% free 7987K/9732K, paused 13ms+5ms, total 96ms
I/ActivityManager(  276): Displayed com.android.launcher/com.android.launcher2.Launcher: +43s54ms
D/dalvikvm(  386): GC_FOR_ALLOC freed 1486K, 22% free 7677K/9732K, paused 24ms, total 35ms
D/dalvikvm(  386): GREF has increased to 201
I/Choreographer(  386): Skipped 30 frames!  The application may be doing too much work on its main thread.
I/Choreographer(  386): Skipped 49 frames!  The application may be doing too much work on its main thread.
D/Mms:app (  618): cancelNotification
D/dalvikvm(  377): GREF has increased to 201
D/AlertService(  687): No fired or scheduled alerts
W/MediaScanner(  479): Error opening directory '/mnt/sdcard/.android_secure/', skipping: Permission denied.
V/MediaScanner(  479): pruneDeadThumbnailFiles... android.database.sqlite.SQLiteCursor@40cfe608
V/MediaScanner(  479): /pruneDeadThumbnailFiles... android.database.sqlite.SQLiteCursor@40cfe608
D/dalvikvm(  276): GREF has increased to 601
W/MediaScanner(  479): Error opening directory '/mnt/sdcard/.android_secure/', skipping: Permission denied.
V/MediaScanner(  479): pruneDeadThumbnailFiles... android.database.sqlite.SQLiteCursor@40d28b30
V/MediaScanner(  479): /pruneDeadThumbnailFiles... android.database.sqlite.SQLiteCursor@40d28b30
D/SystemClock(  276): Setting time of day to sec=1479393585
W/SystemClock(  276): Unable to set rtc to 1479393585: Invalid argument
D/dalvikvm(  276): GC_EXPLICIT freed 588K, 26% free 5742K/7736K, paused 10ms+12ms, total 135ms
V/AlarmClock(  517): No next alarm
V/AlarmClock(  517): AlarmInitReceiver finished
I/AudioService(  276):  AudioFocus  abandonAudioFocus() from android.media.AudioManager@40cd9fe8com.android.music.MediaPlaybackService$3@40cd8c08
E/ThrottleService(  276): problem during onPollAlarm: java.lang.IllegalStateException: problem parsing stats: java.io.FileNotFoundException: /proc/net/xt_qtaguid/iface_stat_all: open failed: ENOENT (No such file or directory)
D/AndroidRuntime(  743): 
D/AndroidRuntime(  743): >>>>>> AndroidRuntime START com.android.internal.os.RuntimeInit <<<<<<
D/AndroidRuntime(  743): CheckJNI is ON
D/dalvikvm(  743): Trying to load lib libjavacore.so 0x0
D/dalvikvm(  743): Added shared lib libjavacore.so 0x0
D/dalvikvm(  743): Trying to load lib libnativehelper.so 0x0
D/dalvikvm(  743): Added shared lib libnativehelper.so 0x0
D/AndroidRuntime(  743): Calling main entry com.android.commands.input.Input
I/Input   (  743): injectKeyEvent: KeyEvent { action=ACTION_DOWN, keyCode=KEYCODE_MENU, scanCode=0, metaState=0, flags=0x0, repeatCount=0, eventTime=213743, downTime=213743, deviceId=-1, source=0x101 }
I/Input   (  743): injectKeyEvent: KeyEvent { action=ACTION_UP, keyCode=KEYCODE_MENU, scanCode=0, metaState=0, flags=0x0, repeatCount=0, eventTime=213743, downTime=213743, deviceId=-1, source=0x101 }
D/InputEventConsistencyVerifier(  276): KeyEvent: ACTION_UP but key was not down.
D/InputEventConsistencyVerifier(  276):   in com.android.internal.policy.impl.keyguard.KeyguardHostView{40e977c0 V.E..... ......I. 0,38-480,800 #10202b0 android:id/keyguard_host_view}
D/InputEventConsistencyVerifier(  276):   0: sent at 213743000000, KeyEvent { action=ACTION_UP, keyCode=KEYCODE_MENU, scanCode=0, metaState=0, flags=0x0, repeatCount=0, eventTime=213743, downTime=213743, deviceId=-1, source=0x101 }
D/AndroidRuntime(  743): Shutting down VM
D/dalvikvm(  743): GC_CONCURRENT freed 97K, 18% free 462K/560K, paused 5ms+1ms, total 11ms
D/jdwp    (  743): Got wake-up signal, bailing out of select
D/dalvikvm(  743): Debugger has detached; object registry had 1 entries
W/SoundPool(  276):   sample 0 not READY
D/PhoneStatusBar(  336): disable: < expand icons alerts ticker system_info BACK HOME recent* CLOCK search* >
I/Choreographer(  276): Skipped 30 frames!  The application may be doing too much work on its main thread.
I/ARMAssembler(   37): generated scanline__00000077:03515104_00009001_00000000 [131 ipp] (153 ins) at [0x40c851f0:0x40c85454] in 10570001 ns
D/PhoneStatusBar(  336): disable: < expand icons alerts ticker system_info back* home* recent clock* search >
I/dalvikvm(  276): Jit: resizing JitTable from 4096 to 8192
V/TAG     (  276): bug 7643792: fitSystemWindows([0,38][0,0])
D/AndroidRuntime(  755): 
D/AndroidRuntime(  755): >>>>>> AndroidRuntime START com.android.internal.os.RuntimeInit <<<<<<
D/AndroidRuntime(  755): CheckJNI is ON
D/dalvikvm(  755): Trying to load lib libjavacore.so 0x0
D/dalvikvm(  755): Added shared lib libjavacore.so 0x0
D/dalvikvm(  755): Trying to load lib libnativehelper.so 0x0
D/dalvikvm(  755): Added shared lib libnativehelper.so 0x0
D/AndroidRuntime(  755): Calling main entry com.android.commands.am.Am
D/dalvikvm(  755): Note: class Landroid/app/ActivityManagerNative; has 157 unimplemented (abstract) methods
I/ActivityManager(  276): Force stopping package net.mandaria.tippytipper appid=10047 user=0
D/dalvikvm(  765): Not late-enabling CheckJNI (already on)
I/ActivityManager(  276): Start proc net.mandaria.tippytipper for added application net.mandaria.tippytipper: pid=765 uid=10047 gids={50047, 1015, 3003, 1028}
I/dalvikvm(  765): Turning on JNI app bug workarounds for target SDK version 4...
E/Trace   (  765): error opening trace file: No such file or directory (2)
D/dalvikvm(  765): GC_CONCURRENT freed 220K, 10% free 2632K/2896K, paused 4ms+5ms, total 63ms
I/System.out(  765): EMMA: collecting runtime coverage data ...
D/androidripper(  765): Updating node 
D/androidripper(  765): Loading node 
I/androidripper(  765): Preferences file found.
D/dalvikvm(  765): GC_CONCURRENT freed 301K, 12% free 2737K/3100K, paused 5ms+5ms, total 38ms
V/androidripper(  765): Updating value ACTIVITY_DESCRIPTION_IN_SESSION
V/androidripper(  765): Updating value ADDITIONAL_CRITERIAS
V/androidripper(  765): Updating value ADDITIONAL_EVENTS
V/androidripper(  765): Updating value ADDITIONAL_INPUTS
V/androidripper(  765): Updating value CLASS_NAME
D/androidripper(  765): Updated value of parameter CLASS_NAME to net.mandaria.tippytipper.activities.TippyTipper (default = app.package.class)
V/androidripper(  765): Updating value ENABLE_MODEL
V/androidripper(  765): Updating value ENABLE_RESUME
V/androidripper(  765): Updating value INTENT_ACTION
V/androidripper(  765): Updating value INTENT_ACTIVITY
V/androidripper(  765): Updating value INTENT_CATEGORY
V/androidripper(  765): Updating value INTENT_DATA
V/androidripper(  765): Updating value INTENT_FLAGS
V/androidripper(  765): Updating value INTENT_TYPE
V/androidripper(  765): Updating value PACKAGE_NAME
D/androidripper(  765): Updated value of parameter PACKAGE_NAME to net.mandaria.tippytipper (default = app.package)
V/androidripper(  765): Updating value RANDOM_SEED
D/androidripper(  765): Updated value of parameter RANDOM_SEED to -4244019791393197310 (default = 5466516511651561651)
V/androidripper(  765): Updating value RETRY_FAILED_TRACES
V/androidripper(  765): Updating value theClass
D/androidripper(  765): Updating node scheduler
D/androidripper(  765): Loading node scheduler
V/androidripper(  765): Updating value ACTIONBARHOME_EVENTS
V/androidripper(  765): Updating value ALL_EVENTS_ON_PREFERENCES
V/androidripper(  765): Updating value BACK_BUTTON_EVENT
V/androidripper(  765): Updating value DICTIONARY_FIXED_VALUE
V/androidripper(  765): Updating value DICTIONARY_IGNORE_CONTENT_TYPES
V/androidripper(  765): Updating value EMULATOR_PORT
V/androidripper(  765): Updating value EVENTS
D/androidripper(  765): Updated values of array parameter EVENTS
V/androidripper(  765): Updating value EVENT_WHEN_NO_ID
V/androidripper(  765): Updating value EXCLUDE_WIDGETS_INPUTS_IN_GPS_EVENTS
V/androidripper(  765): Updating value EXCLUDE_WIDGETS_INPUTS_IN_SENSORS_EVENTS
V/androidripper(  765): Updating value FIX_GPS_POSITION
V/androidripper(  765): Updating value INPUTS
D/androidripper(  765): Updated values of array parameter INPUTS
V/androidripper(  765): Updating value KEY_EVENTS
V/androidripper(  765): Updating value MAX_EVENTS_PER_WIDGET
V/androidripper(  765): Updating value MAX_TASKS_IN_SCHEDULER
V/androidripper(  765): Updating value MAX_TASKS_PER_EVENT
V/androidripper(  765): Updating value MENU_EVENTS
V/androidripper(  765): Updating value ORIENTATION_EVENTS
V/androidripper(  765): Updating value PLANNER
V/androidripper(  765): Updating value REFLECT_ACTIVITY_LISTENERS
V/androidripper(  765): Updating value REFLECT_WIDGETS
V/androidripper(  765): Updating value SCHEDULER_ALGORITHM
V/androidripper(  765): Updating value SCROLL_DOWN_EVENT
V/androidripper(  765): Updating value SENSOR_TYPES
V/androidripper(  765): Updating value SIMULATE_INCOMING_CALL
V/androidripper(  765): Updating value SIMULATE_INCOMING_SMS
V/androidripper(  765): Updating value TAB_EVENTS_START_ONLY
V/androidripper(  765): Updating value TEST_LOCATION_PROVIDER
V/androidripper(  765): Updating value TEXT_VALUES_FROM_DICTIONARY
V/androidripper(  765): Updating value TEXT_VALUES_ID_HASH
V/androidripper(  765): Updating value USE_GPS
V/androidripper(  765): Updating value USE_SENSORS
D/androidripper(  765): Updating node planner
D/androidripper(  765): Loading node planner
V/androidripper(  765): Updating value ACTIONBARHOME_EVENTS
V/androidripper(  765): Updating value ALL_EVENTS_ON_PREFERENCES
V/androidripper(  765): Updating value BACK_BUTTON_EVENT
V/androidripper(  765): Updating value DICTIONARY_FIXED_VALUE
V/androidripper(  765): Updating value DICTIONARY_IGNORE_CONTENT_TYPES
V/androidripper(  765): Updating value EMULATOR_PORT
V/androidripper(  765): Updating value EVENTS
D/androidripper(  765): Updated values of array parameter EVENTS
V/androidripper(  765): Updating value EVENT_WHEN_NO_ID
V/androidripper(  765): Updating value EXCLUDE_WIDGETS_INPUTS_IN_GPS_EVENTS
V/androidripper(  765): Updating value EXCLUDE_WIDGETS_INPUTS_IN_SENSORS_EVENTS
V/androidripper(  765): Updating value FIX_GPS_POSITION
V/androidripper(  765): Updating value INPUTS
D/androidripper(  765): Updated values of array parameter INPUTS
V/androidripper(  765): Updating value KEY_EVENTS
V/androidripper(  765): Updating value MAX_EVENTS_PER_WIDGET
V/androidripper(  765): Updating value MAX_TASKS_IN_SCHEDULER
V/androidripper(  765): Updating value MAX_TASKS_PER_EVENT
V/androidripper(  765): Updating value MENU_EVENTS
V/androidripper(  765): Updating value ORIENTATION_EVENTS
V/androidripper(  765): Updating value PLANNER
V/androidripper(  765): Updating value REFLECT_ACTIVITY_LISTENERS
V/androidripper(  765): Updating value REFLECT_WIDGETS
V/androidripper(  765): Updating value SCHEDULER_ALGORITHM
V/androidripper(  765): Updating value SCROLL_DOWN_EVENT
V/androidripper(  765): Updating value SENSOR_TYPES
V/androidripper(  765): Updating value SIMULATE_INCOMING_CALL
V/androidripper(  765): Updating value SIMULATE_INCOMING_SMS
V/androidripper(  765): Updating value TAB_EVENTS_START_ONLY
V/androidripper(  765): Updating value TEST_LOCATION_PROVIDER
V/androidripper(  765): Updating value TEXT_VALUES_FROM_DICTIONARY
V/androidripper(  765): Updating value TEXT_VALUES_ID_HASH
D/androidripper(  765): Updated value of parameter TEXT_VALUES_ID_HASH to true (default = false)
V/androidripper(  765): Updating value USE_GPS
V/androidripper(  765): Updating value USE_SENSORS
D/androidripper(  765): Updating node interactions
D/androidripper(  765): Loading node interactions
V/androidripper(  765): Updating value ACTIONBARHOME_EVENTS
V/androidripper(  765): Updating value ALL_EVENTS_ON_PREFERENCES
V/androidripper(  765): Updating value BACK_BUTTON_EVENT
V/androidripper(  765): Updating value DICTIONARY_FIXED_VALUE
V/androidripper(  765): Updating value DICTIONARY_IGNORE_CONTENT_TYPES
V/androidripper(  765): Updating value EMULATOR_PORT
V/androidripper(  765): Updating value EVENTS
D/androidripper(  765): Updated values of array parameter EVENTS
V/androidripper(  765): Updating value EVENT_WHEN_NO_ID
V/androidripper(  765): Updating value EXCLUDE_WIDGETS_INPUTS_IN_GPS_EVENTS
V/androidripper(  765): Updating value EXCLUDE_WIDGETS_INPUTS_IN_SENSORS_EVENTS
V/androidripper(  765): Updating value FIX_GPS_POSITION
V/androidripper(  765): Updating value INPUTS
D/androidripper(  765): Updated values of array parameter INPUTS
V/androidripper(  765): Updating value KEY_EVENTS
V/androidripper(  765): Updating value MAX_EVENTS_PER_WIDGET
V/androidripper(  765): Updating value MAX_TASKS_IN_SCHEDULER
V/androidripper(  765): Updating value MAX_TASKS_PER_EVENT
V/androidripper(  765): Updating value MENU_EVENTS
V/androidripper(  765): Updating value ORIENTATION_EVENTS
V/androidripper(  765): Updating value PLANNER
V/androidripper(  765): Updating value REFLECT_ACTIVITY_LISTENERS
V/androidripper(  765): Updating value REFLECT_WIDGETS
V/androidripper(  765): Updating value SCHEDULER_ALGORITHM
V/androidripper(  765): Updating value SCROLL_DOWN_EVENT
V/androidripper(  765): Updating value SENSOR_TYPES
V/androidripper(  765): Updating value SIMULATE_INCOMING_CALL
V/androidripper(  765): Updating value SIMULATE_INCOMING_SMS
V/androidripper(  765): Updating value TAB_EVENTS_START_ONLY
V/androidripper(  765): Updating value TEST_LOCATION_PROVIDER
V/androidripper(  765): Updating value TEXT_VALUES_FROM_DICTIONARY
V/androidripper(  765): Updating value TEXT_VALUES_ID_HASH
