W/Resources(   38): Preloaded drawable resource #0x10803d1 (android:drawable/list_pressed_holo_dark) that varies with configuration!!
W/Resources(   38): Preloaded drawable resource #0x10803d0 (android:drawable/list_longpressed_holo) that varies with configuration!!
W/Resources(   38): Preloaded drawable resource #0x10803d0 (android:drawable/list_longpressed_holo) that varies with configuration!!
W/Resources(   38): Preloaded drawable resource #0x10803d1 (android:drawable/list_pressed_holo_dark) that varies with configuration!!
W/Resources(   38): Preloaded drawable resource #0x10803d0 (android:drawable/list_longpressed_holo) that varies with configuration!!
W/Resources(   38): Preloaded drawable resource #0x10803d0 (android:drawable/list_longpressed_holo) that varies with configuration!!
W/Resources(   38): Preloaded drawable resource #0x10803cc (android:drawable/list_focused_holo) that varies with configuration!!
W/Resources(   38): Preloaded drawable resource #0x10803f1 (android:drawable/list_selector_disabled_holo_light) that varies with configuration!!
W/Resources(   38): Preloaded drawable resource #0x10803f1 (android:drawable/list_selector_disabled_holo_light) that varies with configuration!!
W/Resources(   38): Preloaded drawable resource #0x10803d2 (android:drawable/list_pressed_holo_light) that varies with configuration!!
W/Resources(   38): Preloaded drawable resource #0x10803d0 (android:drawable/list_longpressed_holo) that varies with configuration!!
W/Resources(   38): Preloaded drawable resource #0x10803d0 (android:drawable/list_longpressed_holo) that varies with configuration!!
W/Resources(   38): Preloaded drawable resource #0x10803d2 (android:drawable/list_pressed_holo_light) that varies with configuration!!
W/Resources(   38): Preloaded drawable resource #0x10803d0 (android:drawable/list_longpressed_holo) that varies with configuration!!
W/Resources(   38): Preloaded drawable resource #0x10803d0 (android:drawable/list_longpressed_holo) that varies with configuration!!
W/Resources(   38): Preloaded drawable resource #0x10803cc (android:drawable/list_focused_holo) that varies with configuration!!
D/dalvikvm(   38): GC_EXPLICIT freed 31K, 26% free 2359K/3156K, paused 3ms+7ms, total 34ms
W/Resources(   38): Preloaded drawable resource #0x108027a (android:drawable/fastscroll_thumb_pressed_holo) that varies with configuration!!
W/Resources(   38): Preloaded drawable resource #0x1080278 (android:drawable/fastscroll_thumb_default_holo) that varies with configuration!!
W/Resources(   38): Preloaded drawable resource #0x1080278 (android:drawable/fastscroll_thumb_default_holo) that varies with configuration!!
W/Resources(   38): Preloaded drawable resource #0x108027a (android:drawable/fastscroll_thumb_pressed_holo) that varies with configuration!!
D/dalvikvm(   38): GC_EXPLICIT freed 51K, 26% free 2358K/3156K, paused 2ms+3ms, total 51ms
W/Resources(   38): Preloaded drawable resource #0x1080278 (android:drawable/fastscroll_thumb_default_holo) that varies with configuration!!
W/Resources(   38): Preloaded drawable resource #0x108027f (android:drawable/fastscroll_track_pressed_holo_dark) that varies with configuration!!
W/Resources(   38): Preloaded drawable resource #0x108027b (android:drawable/fastscroll_track_default_holo_dark) that varies with configuration!!
W/Resources(   38): Preloaded drawable resource #0x108027b (android:drawable/fastscroll_track_default_holo_dark) that varies with configuration!!
W/Resources(   38): Preloaded drawable resource #0x108027f (android:drawable/fastscroll_track_pressed_holo_dark) that varies with configuration!!
W/Resources(   38): Preloaded drawable resource #0x108027b (android:drawable/fastscroll_track_default_holo_dark) that varies with configuration!!
W/Resources(   38): Preloaded drawable resource #0x1080274 (android:drawable/fastscroll_label_left_holo_dark) that varies with configuration!!
D/dalvikvm(   38): GC_EXPLICIT freed 74K, 26% free 2358K/3156K, paused 3ms+2ms, total 87ms
W/Resources(   38): Preloaded drawable resource #0x1080276 (android:drawable/fastscroll_label_right_holo_dark) that varies with configuration!!
D/dalvikvm(   38): GC_EXPLICIT freed 50K, 26% free 2357K/3156K, paused 10ms+3ms, total 104ms
W/Resources(   38): Preloaded drawable resource #0x1080280 (android:drawable/fastscroll_track_pressed_holo_light) that varies with configuration!!
W/Resources(   38): Preloaded drawable resource #0x108027c (android:drawable/fastscroll_track_default_holo_light) that varies with configuration!!
W/Resources(   38): Preloaded drawable resource #0x108027c (android:drawable/fastscroll_track_default_holo_light) that varies with configuration!!
W/Resources(   38): Preloaded drawable resource #0x1080280 (android:drawable/fastscroll_track_pressed_holo_light) that varies with configuration!!
W/Resources(   38): Preloaded drawable resource #0x108027c (android:drawable/fastscroll_track_default_holo_light) that varies with configuration!!
W/Resources(   38): Preloaded drawable resource #0x1080275 (android:drawable/fastscroll_label_left_holo_light) that varies with configuration!!
D/dalvikvm(   38): GC_EXPLICIT freed 57K, 26% free 2359K/3156K, paused 7ms+3ms, total 139ms
W/Resources(   38): Preloaded drawable resource #0x1080277 (android:drawable/fastscroll_label_right_holo_light) that varies with configuration!!
D/dalvikvm(   38): GC_EXPLICIT freed 50K, 26% free 2358K/3156K, paused 3ms+10ms, total 90ms
W/Resources(   38): Preloaded drawable resource #0x1080259 (android:drawable/editbox_dropdown_background_dark) that varies with configuration!!
W/Resources(   38): Preloaded drawable resource #0x10805f8 (android:drawable/textfield_search_selected_holo_dark) that varies with configuration!!
W/Resources(   38): Preloaded drawable resource #0x10805ec (android:drawable/textfield_search_default_holo_dark) that varies with configuration!!
W/Resources(   38): Preloaded drawable resource #0x10805ec (android:drawable/textfield_search_default_holo_dark) that varies with configuration!!
W/Resources(   38): Preloaded drawable resource #0x10805f5 (android:drawable/textfield_search_right_selected_holo_dark) that varies with configuration!!
W/Resources(   38): Preloaded drawable resource #0x10805f3 (android:drawable/textfield_search_right_default_holo_dark) that varies with configuration!!
W/Resources(   38): Preloaded drawable resource #0x10805f3 (android:drawable/textfield_search_right_default_holo_dark) that varies with configuration!!
W/Resources(   38): Preloaded drawable resource #0x10805f9 (android:drawable/textfield_search_selected_holo_light) that varies with configuration!!
W/Resources(   38): Preloaded drawable resource #0x10805ed (android:drawable/textfield_search_default_holo_light) that varies with configuration!!
W/Resources(   38): Preloaded drawable resource #0x10805ed (android:drawable/textfield_search_default_holo_light) that varies with configuration!!
W/Resources(   38): Preloaded drawable resource #0x10805f6 (android:drawable/textfield_search_right_selected_holo_light) that varies with configuration!!
W/Resources(   38): Preloaded drawable resource #0x10805f4 (android:drawable/textfield_search_right_default_holo_light) that varies with configuration!!
W/Resources(   38): Preloaded drawable resource #0x10805f4 (android:drawable/textfield_search_right_default_holo_light) that varies with configuration!!
W/Resources(   38): Preloaded drawable resource #0x10805f8 (android:drawable/textfield_search_selected_holo_dark) that varies with configuration!!
W/Resources(   38): Preloaded drawable resource #0x10805ec (android:drawable/textfield_search_default_holo_dark) that varies with configuration!!
W/Resources(   38): Preloaded drawable resource #0x10805f5 (android:drawable/textfield_search_right_selected_holo_dark) that varies with configuration!!
W/Resources(   38): Preloaded drawable resource #0x10805f3 (android:drawable/textfield_search_right_default_holo_dark) that varies with configuration!!
W/Resources(   38): Preloaded drawable resource #0x10805f9 (android:drawable/textfield_search_selected_holo_light) that varies with configuration!!
W/Resources(   38): Preloaded drawable resource #0x10805ed (android:drawable/textfield_search_default_holo_light) that varies with configuration!!
W/Resources(   38): Preloaded drawable resource #0x10805f6 (android:drawable/textfield_search_right_selected_holo_light) that varies with configuration!!
W/Resources(   38): Preloaded drawable resource #0x10805f4 (android:drawable/textfield_search_right_default_holo_light) that varies with configuration!!
D/dalvikvm(   38): GC_EXPLICIT freed 47K, 26% free 2364K/3156K, paused 3ms+3ms, total 133ms
W/Resources(   38): Preloaded drawable resource #0x10805c1 (android:drawable/tab_unselected_holo) that varies with configuration!!
W/Resources(   38): Preloaded drawable resource #0x10805bc (android:drawable/tab_selected_holo) that varies with configuration!!
W/Resources(   38): Preloaded drawable resource #0x10805c0 (android:drawable/tab_unselected_focused_holo) that varies with configuration!!
W/Resources(   38): Preloaded drawable resource #0x10805bb (android:drawable/tab_selected_focused_holo) that varies with configuration!!
W/Resources(   38): Preloaded drawable resource #0x10805c2 (android:drawable/tab_unselected_pressed_holo) that varies with configuration!!
W/Resources(   38): Preloaded drawable resource #0x10805bd (android:drawable/tab_selected_pressed_holo) that varies with configuration!!
W/Resources(   38): Preloaded drawable resource #0x10805c2 (android:drawable/tab_unselected_pressed_holo) that varies with configuration!!
W/Resources(   38): Preloaded drawable resource #0x10805bd (android:drawable/tab_selected_pressed_holo) that varies with configuration!!
W/Resources(   38): Preloaded drawable resource #0x10805bd (android:drawable/tab_selected_pressed_holo) that varies with configuration!!
W/Resources(   38): Preloaded drawable resource #0x10805c1 (android:drawable/tab_unselected_holo) that varies with configuration!!
W/Resources(   38): Preloaded drawable resource #0x10805bc (android:drawable/tab_selected_holo) that varies with configuration!!
W/Resources(   38): Preloaded drawable resource #0x10805c0 (android:drawable/tab_unselected_focused_holo) that varies with configuration!!
W/Resources(   38): Preloaded drawable resource #0x10805bb (android:drawable/tab_selected_focused_holo) that varies with configuration!!
W/Resources(   38): Preloaded drawable resource #0x10805c2 (android:drawable/tab_unselected_pressed_holo) that varies with configuration!!
W/Resources(   38): Preloaded drawable resource #0x10805bd (android:drawable/tab_selected_pressed_holo) that varies with configuration!!
W/Resources(   38): Preloaded drawable resource #0x10804a5 (android:drawable/quickcontact_badge_overlay_pressed_dark) that varies with configuration!!
W/Resources(   38): Preloaded drawable resource #0x10804a0 (android:drawable/quickcontact_badge_overlay_focused_dark) that varies with configuration!!
W/Resources(   38): Preloaded drawable resource #0x10804a3 (android:drawable/quickcontact_badge_overlay_normal_dark) that varies with configuration!!
W/Resources(   38): Preloaded drawable resource #0x10804a3 (android:drawable/quickcontact_badge_overlay_normal_dark) that varies with configuration!!
W/Resources(   38): Preloaded drawable resource #0x10804a3 (android:drawable/quickcontact_badge_overlay_normal_dark) that varies with configuration!!
D/dalvikvm(   38): GC_EXPLICIT freed 56K, 26% free 2365K/3156K, paused 42ms+3ms, total 130ms
W/Resources(   38): Preloaded drawable resource #0x10804a5 (android:drawable/quickcontact_badge_overlay_pressed_dark) that varies with configuration!!
W/Resources(   38): Preloaded drawable resource #0x10804a6 (android:drawable/quickcontact_badge_overlay_pressed_light) that varies with configuration!!
W/Resources(   38): Preloaded drawable resource #0x10804a1 (android:drawable/quickcontact_badge_overlay_focused_light) that varies with configuration!!
W/Resources(   38): Preloaded drawable resource #0x10804a4 (android:drawable/quickcontact_badge_overlay_normal_light) that varies with configuration!!
W/Resources(   38): Preloaded drawable resource #0x10804a4 (android:drawable/quickcontact_badge_overlay_normal_light) that varies with configuration!!
W/Resources(   38): Preloaded drawable resource #0x10804a4 (android:drawable/quickcontact_badge_overlay_normal_light) that varies with configuration!!
W/Resources(   38): Preloaded drawable resource #0x10804a6 (android:drawable/quickcontact_badge_overlay_pressed_light) that varies with configuration!!
I/Zygote  (   38): ...preloaded 270 resources in 10705ms.
D/dalvikvm(   38): GC_EXPLICIT freed 48K, 25% free 2369K/3156K, paused 18ms+3ms, total 107ms
I/Zygote  (   38): ...preloaded 31 resources in 252ms.
D/dalvikvm(   38): GC_EXPLICIT freed 9K, 25% free 2377K/3156K, paused 2ms+3ms, total 33ms
D/dalvikvm(   38): GC_EXPLICIT freed 7K, 25% free 2369K/3156K, paused 2ms+3ms, total 49ms
D/dalvikvm(   38): GC_EXPLICIT freed <1K, 25% free 2369K/3156K, paused 3ms+2ms, total 31ms
I/dalvikvm(   38): System server process 296 has been created
I/Zygote  (   38): Accepting command socket connections
E/BatteryService(  296): usbOnlinePath not found
E/BatteryService(  296): wirelessOnlinePath not found
E/BatteryService(  296): batteryVoltagePath not found
E/BatteryService(  296): batteryTemperaturePath not found
I/sysproc (  296): Entered system_init()
I/sysproc (  296): ServiceManager: 0x2a1a13a0
D/SensorService(  296): nuSensorService starting...
I/SensorService(  296): Goldfish 3-axis Accelerometer
I/SensorService(  296): Goldfish 3-axis Magnetic field sensor
I/SensorService(  296): Goldfish Orientation sensor
I/SensorService(  296): Goldfish Temperature sensor
I/SensorService(  296): Goldfish Proximity sensor
I/sysproc (  296): System server: starting Android runtime.
I/sysproc (  296): System server: starting Android services.
I/SystemServer(  296): Entered the Android system server!
I/sysproc (  296): System server: entering thread pool.
D/SensorService(  296): nuSensorService thread starting...
I/SystemServer(  296): Enabled StrictMode logging for UI Looper
I/SystemServer(  296): Waiting for installd to be ready.
I/Installer(  296): connecting...
I/installd(   41): new connection
I/SystemServer(  296): Entropy Mixer
I/SystemServer(  296): Enabled StrictMode logging for WM Looper
I/SystemServer(  296): Power Manager
E/PowerManagerService-JNI(  296): Couldn't load power module (No such file or directory)
I/SystemServer(  296): Activity Manager
I/ActivityManager(  296): Memory class: 48
W/UsageStats(  296): Usage stats version changed; dropping
I/ActivityManager(  296): Enabled StrictMode logging for AThread's Looper
I/SystemServer(  296): Display Manager
E/SurfaceFlinger(   37): ro.sf.lcd_density must be defined as a build property
I/SystemServer(  296): Telephony Registry
I/SystemServer(  296): Scheduling Policy
I/DisplayManagerService(  296): Display device added: DisplayDeviceInfo{"Built-in Screen": 480 x 800, 260.416 fps, density 240, 240.0 x 240.0 dpi, touch INTERNAL, FLAG_DEFAULT_DISPLAY, FLAG_ROTATES_WITH_CONTENT, FLAG_SECURE, FLAG_SUPPORTS_PROTECTED_BUFFERS, rotation 0, type BUILT_IN, address null}
I/SystemServer(  296): Package Manager
D/dalvikvm(  296): GC_CONCURRENT freed 314K, 13% free 2546K/2924K, paused 4ms+3ms, total 173ms
D/dalvikvm(  296): WAIT_FOR_CONCURRENT_GC blocked 66ms
W/PackageManager(  296): Running ENG build: no pre-dexopt!
D/dalvikvm(  296): GC_CONCURRENT freed 268K, 11% free 2673K/3000K, paused 4ms+3ms, total 52ms
D/dalvikvm(  296): GC_CONCURRENT freed 124K, 6% free 2976K/3140K, paused 4ms+3ms, total 182ms
W/PackageParser(  296): No actions in intent filter at /system/app/Contacts.apk Binary XML file line #533
D/dalvikvm(  296): GC_CONCURRENT freed 236K, 9% free 3164K/3456K, paused 5ms+21ms, total 80ms
D/dalvikvm(  296): GC_CONCURRENT freed 226K, 8% free 3342K/3624K, paused 4ms+9ms, total 115ms
W/PackageManager(  296): Package com.android.camera desires unavailable shared library com.google.android.media.effects; ignoring!
D/PackageManager(  296): No files in app dir /vendor/app
D/dalvikvm(  296): GC_CONCURRENT freed 216K, 8% free 3601K/3876K, paused 5ms+12ms, total 98ms
W/PackageParser(  296): No actions in intent filter at /data/app/ApiDemos.apk Binary XML file line #2737
W/PackageParser(  296): No actions in intent filter at /data/app/ApiDemos.apk Binary XML file line #2743
W/PackageManager(  296): Package com.example.android.apis desires unavailable shared library com.example.will.never.exist; ignoring!
I/PackageManager(  296): Time to scan packages: 4.617 seconds
W/PackageManager(  296): Unknown permission com.google.android.googleapps.permission.GOOGLE_AUTH.mail in package com.android.contacts
W/PackageManager(  296): Unknown permission android.permission.ADD_SYSTEM_SERVICE in package com.android.phone
W/PackageManager(  296): Unknown permission com.android.smspush.WAPPUSH_MANAGER_BIND in package com.android.phone
W/PackageManager(  296): Unknown permission com.google.android.googleapps.permission.GOOGLE_AUTH in package com.android.providers.calendar
W/PackageManager(  296): Unknown permission com.google.android.googleapps.permission.GOOGLE_AUTH.cl in package com.android.providers.calendar
W/PackageManager(  296): Unknown permission com.google.android.googleapps.permission.GOOGLE_AUTH.mail in package com.android.calendar
W/PackageManager(  296): Not granting permission android.permission.SEND_DOWNLOAD_COMPLETED_INTENTS to package com.android.browser (protectionLevel=2 flags=0x9be45)
W/PackageManager(  296): Not granting permission android.permission.BIND_APPWIDGET to package com.android.widgetpreview (protectionLevel=18 flags=0x8be44)
W/PackageManager(  296): Unknown permission com.google.android.googleapps.permission.GOOGLE_AUTH in package com.android.settings
W/PackageManager(  296): Unknown permission com.google.android.gallery3d.permission.GALLERY_PROVIDER in package com.android.exchange
W/PackageManager(  296): Unknown permission com.google.android.googleapps.permission.ACCESS_GOOGLE_PASSWORD in package com.android.development
W/PackageManager(  296): Unknown permission com.google.android.googleapps.permission.GOOGLE_AUTH in package com.android.development
W/PackageManager(  296): Unknown permission com.google.android.googleapps.permission.GOOGLE_AUTH.ALL_SERVICES in package com.android.development
W/PackageManager(  296): Unknown permission com.google.android.googleapps.permission.GOOGLE_AUTH.YouTubeUser in package com.android.development
W/PackageManager(  296): Unknown permission com.google.android.gallery3d.permission.GALLERY_PROVIDER in package com.android.email
W/PackageManager(  296): Not granting permission android.permission.DEVICE_POWER to package com.android.deskclock (protectionLevel=2 flags=0x8be45)
D/dalvikvm(  296): GC_CONCURRENT freed 296K, 9% free 3747K/4100K, paused 4ms+3ms, total 262ms
D/dalvikvm(  296): GC_EXPLICIT freed 157K, 13% free 3624K/4120K, paused 3ms+54ms, total 212ms
I/SystemServer(  296): User Service
I/SystemServer(  296): Account Manager
I/SystemServer(  296): Content Manager
I/SystemServer(  296): System Content Providers
I/SystemServer(  296): Lights Service
I/SystemServer(  296): Battery Service
I/SystemServer(  296): Vibrator Service
I/libsuspend(  296): Selected early suspend
I/libsuspend(  296): Starting early suspend unblocker thread
D/PermissionCache(   37): checking android.permission.ACCESS_SURFACE_FLINGER for uid=1000 => granted (13558 us)
D/SurfaceFlinger(   37): Screen acquired, type=0 flinger=0x2a007318
D/SurfaceFlinger(   37):  screen was previously acquired
I/SystemServer(  296): Alarm Manager
D/AlarmManagerService(  296): Kernel timezone updated to 0 minutes west of GMT
I/SystemServer(  296): Init Watchdog
I/SystemServer(  296): Input Manager
I/InputManager(  296): Initializing input manager, mUseDevInputEventForAudioJack=false
I/SystemServer(  296): Window Manager
E/SoundPool(  296): error loading /system/media/audio/ui/Lock.ogg
W/KeyguardViewMediator(  296): failed to load lock sound from /system/media/audio/ui/Lock.ogg
E/SoundPool(  296): error loading /system/media/audio/ui/Unlock.ogg
W/KeyguardViewMediator(  296): failed to load unlock sound from /system/media/audio/ui/Unlock.ogg
D/dalvikvm(  296): GC_CONCURRENT freed 304K, 9% free 3828K/4200K, paused 5ms+24ms, total 122ms
D/dalvikvm(  296): WAIT_FOR_CONCURRENT_GC blocked 9ms
I/InputManager(  296): Starting input manager
I/SystemServer(  296): No Bluetooh Service (emulator)
I/SystemServer(  296): Input Method Service
W/InputMethodManagerService(  296): Couldn't create dir.: /data/system/inputmethod
I/EventHub(  296): New device: id=1, fd=90, path='/dev/input/event0', name='qwerty2', classes=0x2d, configuration='/system/usr/idc/qwerty2.idc', keyLayout='/system/usr/keylayout/qwerty.kl', keyCharacterMap='/system/usr/keychars/qwerty2.kcm', builtinKeyboard=true, usingSuspendBlockIoctl=false, usingClockIoctl=false
E/EventHub(  296): could not get driver version for /dev/input/mouse0, Not a typewriter
E/EventHub(  296): could not get driver version for /dev/input/mice, Not a typewriter
I/InputReader(  296): Device added: id=-1, name='Virtual', sources=0x00000301
I/InputReader(  296):   Touch device 'qwerty2' could not query the properties of its associated display.  The device will be inoperable until the display size becomes available.
I/InputReader(  296): Device added: id=0, name='qwerty2', sources=0x00011307
E/Trace   (  296): error opening trace file: No such file or directory (2)
I/SystemServer(  296): Accessibility Manager
I/ActivityManager(  296): Config changes=15f8 {1.0 ?mcc?mnc en_US ldltr sw320dp w320dp h508dp 240dpi nrml long port ?uimode ?night finger -keyb/v/h tball/v s.2}
I/InputReader(  296): Reconfiguring input devices.  changes=0x00000004
I/InputReader(  296): Device reconfigured: id=0, name='qwerty2', size 480x800, orientation 0, mode 1, display id 0
I/SystemServer(  296): Mount Service
D/MountService(  296): got storage path: /mnt/sdcard description: USB storage primary: true removable: false emulated: false mtpReserve: 0 allowMassStorage: false maxFileSize: 0
D/MountService(  296): addVolumeLocked() StorageVolume [mStorageId=0 mPath=/mnt/sdcard mDescriptionId=17040615 mPrimary=true mRemovable=false mEmulated=false mMtpReserveSpace=0 mAllowMassStorage=false mMaxFileSize=0 mOwner=null]
I/SystemServer(  296): LockSettingsService
I/SystemServer(  296): Device Policy
I/SystemServer(  296): Status Bar
I/SystemServer(  296): Clipboard Service
I/SystemServer(  296): NetworkManagement Service
I/SystemServer(  296): Text Service Manager Service
D/dalvikvm(  296): GREF has increased to 201
D/MountService(  296): volume state changed for /mnt/sdcard (null -> unmounted)
I/PackageManager(  296): Updating external media status from unmounted to unmounted
I/SystemServer(  296): NetworkStats Service
I/SystemServer(  296): NetworkPolicy Service
I/SystemServer(  296): Wi-Fi P2pService
I/SystemServer(  296): Wi-Fi Service
W/MountService(  296): getSecureContainerList() called when storage not mounted
E/CommandListener(   34): Failed to open /proc/sys/net/ipv6/conf/wlan0/disable_ipv6: No such file or directory
I/PackageManager(  296): No secure containers on sdcard
E/WifiStateMachine(  296): Failed to disable IPv6: java.lang.IllegalStateException: command '1 interface ipv6 wlan0 disable' failed with '400 1 Failed to change IPv6 state (No such file or directory)'
W/PackageManager(  296): Unknown permission com.google.android.googleapps.permission.GOOGLE_AUTH.mail in package com.android.contacts
W/PackageManager(  296): Unknown permission android.permission.ADD_SYSTEM_SERVICE in package com.android.phone
W/PackageManager(  296): Unknown permission com.android.smspush.WAPPUSH_MANAGER_BIND in package com.android.phone
W/PackageManager(  296): Unknown permission com.google.android.googleapps.permission.GOOGLE_AUTH in package com.android.providers.calendar
W/PackageManager(  296): Unknown permission com.google.android.googleapps.permission.GOOGLE_AUTH.cl in package com.android.providers.calendar
W/PackageManager(  296): Unknown permission com.google.android.googleapps.permission.GOOGLE_AUTH.mail in package com.android.calendar
I/SystemServer(  296): Connectivity Service
D/ConnectivityService(  296): ConnectivityService starting up
W/PackageManager(  296): Not granting permission android.permission.SEND_DOWNLOAD_COMPLETED_INTENTS to package com.android.browser (protectionLevel=2 flags=0x89be45)
W/PackageManager(  296): Not granting permission android.permission.BIND_APPWIDGET to package com.android.widgetpreview (protectionLevel=18 flags=0x8be44)
W/PackageManager(  296): Unknown permission com.google.android.googleapps.permission.GOOGLE_AUTH in package com.android.settings
W/PackageManager(  296): Unknown permission com.google.android.gallery3d.permission.GALLERY_PROVIDER in package com.android.exchange
W/PackageManager(  296): Unknown permission com.google.android.googleapps.permission.ACCESS_GOOGLE_PASSWORD in package com.android.development
W/PackageManager(  296): Unknown permission com.google.android.googleapps.permission.GOOGLE_AUTH in package com.android.development
W/PackageManager(  296): Unknown permission com.google.android.googleapps.permission.GOOGLE_AUTH.ALL_SERVICES in package com.android.development
W/PackageManager(  296): Unknown permission com.google.android.googleapps.permission.GOOGLE_AUTH.YouTubeUser in package com.android.development
W/PackageManager(  296): Unknown permission com.google.android.gallery3d.permission.GALLERY_PROVIDER in package com.android.email
W/PackageManager(  296): Not granting permission android.permission.DEVICE_POWER to package com.android.deskclock (protectionLevel=2 flags=0x88be45)
E/MobileDataStateTracker(  296): default: Ignoring feature request because could not acquire PhoneService
E/MobileDataStateTracker(  296): default: Could not enable APN type "default"
I/WifiService(  296): WifiService starting up with Wi-Fi disabled
I/SystemServer(  296): Network Service Discovery Service
D/dalvikvm(  296): GC_CONCURRENT freed 270K, 8% free 4071K/4404K, paused 88ms+5ms, total 473ms
D/dalvikvm(  296): WAIT_FOR_CONCURRENT_GC blocked 75ms
D/dalvikvm(  296): WAIT_FOR_CONCURRENT_GC blocked 25ms
D/NsdService(  296): Network service discovery enabled true
I/SystemServer(  296): Throttle Service
I/SystemServer(  296): UpdateLock Service
I/SystemServer(  296): Notification Manager
I/SystemServer(  296): Device Storage Monitor
I/SystemServer(  296): Location Manager
I/SystemServer(  296): Country Detector
I/SystemServer(  296): Search Service
I/SystemServer(  296): DropBox Service
I/SystemServer(  296): Wallpaper Service
I/SystemServer(  296): Audio Service
D/dalvikvm(  296): GC_CONCURRENT freed 340K, 9% free 4189K/4596K, paused 5ms+20ms, total 158ms
I/SystemServer(  296): Dock Observer
W/DockObserver(  296): This kernel does not have dock station support
I/SystemServer(  296): Wired Accessory Manager
W/WiredAccessoryManager(  296): This kernel does not have wired headset support
W/WiredAccessoryManager(  296): This kernel does not have usb audio support
W/WiredAccessoryManager(  296): This kernel does not have HDMI audio support
I/SystemServer(  296): USB Service
I/SystemServer(  296): Serial Service
I/SystemServer(  296): Twilight Service
I/SystemServer(  296): UI Mode Manager Service
I/SystemServer(  296): Backup Service
V/BackupManagerService(  296): No ancestral data
I/BackupManagerService(  296): Found stale backup journal, scheduling
I/BackupManagerService(  296):   android
I/BackupManagerService(  296):   com.android.browser
I/BackupManagerService(  296):   com.android.calendar
I/BackupManagerService(  296):   com.android.inputmethod.latin
I/BackupManagerService(  296):   com.android.providers.settings
I/BackupManagerService(  296):   com.android.providers.userdictionary
I/BackupManagerService(  296):   com.android.sharedstoragebackup
I/BackupManagerService(  296): Backup enabled => true
I/SystemServer(  296): AppWidget Service
I/SystemServer(  296): Recognition Service
I/SystemServer(  296): DiskStats Service
I/SystemServer(  296): SamplingProfiler Service
I/SystemServer(  296): NetworkTimeUpdateService
I/SystemServer(  296): CommonTimeManagementService
I/SystemServer(  296): CertBlacklister
I/SystemServer(  296): Dreams Service
I/WindowManager(  296): SAFE MODE not enabled
D/dalvikvm(  296): JIT started for system_server
I/ActivityManager(  296): System now ready
I/SystemServer(  296): Making services ready
I/Zygote  (  296): Process: zygote socket opened
I/Choreographer(  296): Skipped 53 frames!  The application may be doing too much work on its main thread.
I/ActivityManager(  296): Start proc com.android.systemui for service com.android.systemui/.SystemUIService: pid=366 uid=10034 gids={50034, 1028, 1015, 3002, 3001}
D/NetworkManagementService(  296): not enabling bandwidth control
I/Vold    (   32): /dev/block/vold/179:0 being considered for volume sdcard
D/Vold    (   32): Volume sdcard state changing 1 (Idle-Unmounted) -> 3 (Checking)
D/MountService(  296): volume state changed for /mnt/sdcard (unmounted -> checking)
D/MountService(  296): sendStorageIntent Intent { act=android.intent.action.MEDIA_CHECKING dat=file:///mnt/sdcard (has extras) } to UserHandle{-1}
I/keystore(   42): uid: 1000 action: e -> 7 state: 3 -> 3 retry: 4
D/dalvikvm(  296): GC_CONCURRENT freed 320K, 8% free 4341K/4716K, paused 5ms+10ms, total 881ms
E/NetdConnector(  296): NDC Command {2 firewall disable} took too long (563ms)
W/NetworkStats(  296): bandwidth controls disabled, unable to track stats
W/NetworkPolicy(  296): bandwidth controls disabled, unable to enforce policy
I/keystore(   42): uid: 1000 action: e -> 7 state: 3 -> 3 retry: 4
I/ActivityManager(  296): Config changes=200 {1.0 ?mcc?mnc en_US ldltr sw320dp w320dp h508dp 240dpi nrml long port finger -keyb/v/h tball/v s.3}
W/RecognitionManagerService(  296): no available voice recognition services found for user 0
E/Trace   (  366): error opening trace file: No such file or directory (2)
I//system/bin/fsck_msdos(   32): ** /dev/block/vold/179:0
I//system/bin/fsck_msdos(   32): ** Phase 1 - Read and Compare FATs
I//system/bin/fsck_msdos(   32): Attempting to allocate 2044 KB for FAT
D/dalvikvm(  296): GC_FOR_ALLOC freed 53K, 6% free 4629K/4900K, paused 312ms, total 327ms
D/SystemUIService(  366): loading: class com.android.systemui.statusbar.phone.PhoneStatusBar
D/SystemUIService(  366): running: com.android.systemui.statusbar.phone.PhoneStatusBar@40cd2bc0
W/InputMethodManagerService(  296): Ignoring setImeWindowStatus of uid 1000 token: null
I/StatusBarManagerService(  296): registerStatusBar bar=com.android.internal.statusbar.IStatusBar$Stub$Proxy@40cfac90
W/InputMethodManagerService(  296): Found no subtypes in a system IME: com.android.inputmethod.pinyin
I/ActivityManager(  296): Start proc com.android.inputmethod.latin for service com.android.inputmethod.latin/.LatinIME: pid=396 uid=10010 gids={50010, 1028}
I/CommonTimeManagementService(  296): No common time service detected on this platform.  Common time services will be unavailable.
D/dalvikvm(  296): GC_CONCURRENT freed 314K, 8% free 4882K/5260K, paused 5ms+5ms, total 660ms
D/dalvikvm(  296): WAIT_FOR_CONCURRENT_GC blocked 95ms
D/dalvikvm(  296): WAIT_FOR_CONCURRENT_GC blocked 197ms
D/dalvikvm(  296): WAIT_FOR_CONCURRENT_GC blocked 478ms
D/dalvikvm(  296): WAIT_FOR_CONCURRENT_GC blocked 283ms
I/ActivityManager(  296): Start proc com.android.phone for added application com.android.phone: pid=413 uid=1001 gids={41001, 3002, 3001, 3003, 1015, 1028}
I/ActivityManager(  296): START u0 {act=android.intent.action.MAIN cat=[android.intent.category.HOME] flg=0x10000000 cmp=com.android.launcher/com.android.launcher2.Launcher} from pid 0
I/ActivityManager(  296): Start proc com.android.launcher for activity com.android.launcher/com.android.launcher2.Launcher: pid=429 uid=10020 gids={50020, 1028}
I/SystemServer(  296): Enabled StrictMode for system server main thread.
I/InputReader(  296): Reconfiguring input devices.  changes=0x00000020
I/InputReader(  296): Reconfiguring input devices.  changes=0x00000010
E/ThrottleService(  296): problem during onPollAlarm: java.lang.IllegalStateException: problem parsing stats: java.io.FileNotFoundException: /proc/net/xt_qtaguid/iface_stat_all: open failed: ENOENT (No such file or directory)
D/dalvikvm(  296): JIT unchain all for threadid=55
I/Choreographer(  296): Skipped 62 frames!  The application may be doing too much work on its main thread.
E/Trace   (  396): error opening trace file: No such file or directory (2)
D/dalvikvm(  366): GC_FOR_ALLOC freed 90K, 6% free 2664K/2812K, paused 572ms, total 587ms
I/dalvikvm-heap(  366): Grow heap (frag case) to 3.259MB for 635812-byte allocation
D/dalvikvm(  296): GC_CONCURRENT freed 198K, 5% free 5315K/5576K, paused 462ms+80ms, total 1054ms
D/dalvikvm(  296): WAIT_FOR_CONCURRENT_GC blocked 283ms
D/dalvikvm(  296): WAIT_FOR_CONCURRENT_GC blocked 177ms
D/dalvikvm(  296): WAIT_FOR_CONCURRENT_GC blocked 330ms
D/dalvikvm(  296): WAIT_FOR_CONCURRENT_GC blocked 331ms
D/dalvikvm(  366): GC_CONCURRENT freed 5K, 5% free 3280K/3436K, paused 4ms+133ms, total 572ms
D/dalvikvm(  366): WAIT_FOR_CONCURRENT_GC blocked 515ms
D/dalvikvm(  296): WAIT_FOR_CONCURRENT_GC blocked 775ms
I/LocationBlacklist(  296): whitelist: []
I/LocationBlacklist(  296): blacklist: []
E/Trace   (  413): error opening trace file: No such file or directory (2)
E/Trace   (  429): error opening trace file: No such file or directory (2)
E/SurfaceFlinger(   37): ro.sf.lcd_density must be defined as a build property
D/gralloc_goldfish(  296): Emulator without GPU emulation detected.
I/LatinIME(  396): Hardware accelerated drawing: false
I/Choreographer(  296): Skipped 30 frames!  The application may be doing too much work on its main thread.
E/BluetoothAdapter(  366): Bluetooth binder is null
E/BluetoothAdapter(  366): Bluetooth binder is null
D/dalvikvm(  296): GC_CONCURRENT freed 694K, 13% free 5359K/6116K, paused 324ms+77ms, total 1449ms
D/dalvikvm(  296): WAIT_FOR_CONCURRENT_GC blocked 219ms
D/dalvikvm(  296): WAIT_FOR_CONCURRENT_GC blocked 525ms
E/BluetoothAdapter(  366): Bluetooth binder is null
W/InputAttributes(  396): No editor info for this field. Bug?
I/Choreographer(  296): Skipped 2722 frames!  The application may be doing too much work on its main thread.
W/TelephonyProvider(  413): onCreate: confFile=/system/etc/apns-conf.xml oldCheckSum=-1
D/TelephonyManager(  413): getLteOnCdmaMode=0 curVal=-1 product_type='' lteOnCdmaProductType=''
D/dalvikvm(  296): GC_CONCURRENT freed 705K, 13% free 5404K/6172K, paused 5ms+78ms, total 1491ms
D/dalvikvm(  296): WAIT_FOR_CONCURRENT_GC blocked 9ms
D/dalvikvm(  296): WAIT_FOR_CONCURRENT_GC blocked 361ms
D/dalvikvm(  296): WAIT_FOR_CONCURRENT_GC blocked 294ms
D/dalvikvm(  296): GREF has increased to 301
D/dalvikvm(  296): WAIT_FOR_CONCURRENT_GC blocked 39ms
D/dalvikvm(  296): WAIT_FOR_CONCURRENT_GC blocked 430ms
D/dalvikvm(  296): WAIT_FOR_CONCURRENT_GC blocked 408ms
D/TelephonyManager(  413): getLteOnCdmaMode=0 curVal=-1 product_type='' lteOnCdmaProductType=''
D/TelephonyManager(  413): getLteOnCdmaMode=0 curVal=-1 product_type='' lteOnCdmaProductType=''
D/dalvikvm(  366): GC_CONCURRENT freed 66K, 4% free 3636K/3760K, paused 4ms+2ms, total 236ms
E/ActivityThread(  396): Failed to find provider info for com.android.inputmethod.latin.dictionarypack
E/BinaryDictionaryGetter(  396): Could not find a dictionary pack
W/InputMethodManagerService(  296): Found no subtypes in a system IME: com.android.inputmethod.pinyin
D/dalvikvm(  396): GC_CONCURRENT freed 271K, 12% free 2504K/2832K, paused 5ms+2ms, total 776ms
E/StrictMode(  396): A resource was acquired at attached stack trace but never released. See java.io.Closeable for information on avoiding resource leaks.
E/StrictMode(  396): java.lang.Throwable: Explicit termination method 'close' not called
E/StrictMode(  396): 	at dalvik.system.CloseGuard.open(CloseGuard.java:184)
E/StrictMode(  396): 	at android.os.ParcelFileDescriptor.<init>(ParcelFileDescriptor.java:412)
E/StrictMode(  396): 	at android.content.res.AssetManager.openNonAssetFdNative(Native Method)
E/StrictMode(  396): 	at android.content.res.AssetManager.openNonAssetFd(AssetManager.java:428)
E/StrictMode(  396): 	at android.content.res.Resources.openRawResourceFd(Resources.java:979)
E/StrictMode(  396): 	at com.android.inputmethod.latin.BinaryDictionaryGetter.loadFallbackResource(BinaryDictionaryGetter.java:183)
E/StrictMode(  396): 	at com.android.inputmethod.latin.BinaryDictionaryGetter.getDictionaryFiles(BinaryDictionaryGetter.java:456)
E/StrictMode(  396): 	at com.android.inputmethod.latin.DictionaryFactory.createMainDictionaryFromManager(DictionaryFactory.java:57)
E/StrictMode(  396): 	at com.android.inputmethod.latin.DictionaryFactory.createMainDictionaryFromManager(DictionaryFactory.java:87)
E/StrictMode(  396): 	at com.android.inputmethod.latin.Suggest$1.run(Suggest.java:108)
V/TAG     (  296): bug 7643792: fitSystemWindows([0,0][0,0])
E/BluetoothAdapter(  366): Bluetooth binder is null
I/ActivityManager(  296): Start proc com.android.music for broadcast com.android.music/.MediaButtonIntentReceiver: pid=466 uid=10025 gids={50025, 3003, 1015, 1028}
W/Settings(  413): Setting airplane_mode_on has moved from android.provider.Settings.System to android.provider.Settings.Global, returning read-only value.
W/Settings(  413): Setting auto_time has moved from android.provider.Settings.System to android.provider.Settings.Global, returning read-only global URI.
V/TAG     (  296): bug 7643792: fitSystemWindows([0,0][0,0])
W/Settings(  413): Setting auto_time_zone has moved from android.provider.Settings.System to android.provider.Settings.Global, returning read-only global URI.
I/dalvikvm(  466): Turning on JNI app bug workarounds for target SDK version 9...
W/ActivityManager(  296): Unable to start service Intent { act=com.android.internal.telephony.IWapPushManager } U=0: not found
D/dalvikvm(  296): GC_CONCURRENT freed 661K, 12% free 5442K/6172K, paused 325ms+75ms, total 1621ms
I/Choreographer(  296): Skipped 63 frames!  The application may be doing too much work on its main thread.
E/SurfaceFlinger(   37): ro.sf.lcd_density must be defined as a build property
D/dalvikvm(  296): GC_FOR_ALLOC freed 86K, 14% free 5360K/6172K, paused 327ms, total 329ms
I/dalvikvm-heap(  296): Grow heap (frag case) to 6.371MB for 1128976-byte allocation
D/dalvikvm(  296): GC_FOR_ALLOC freed 2K, 12% free 6460K/7276K, paused 209ms, total 209ms
D/        (  413): [ApnContext:default] set reason as dataEnabled,current state IDLE
D/        (  413): [ApnContext:default] setRetryCount: 0
E/Trace   (  466): error opening trace file: No such file or directory (2)
D/        (  413): [ApnContext:mms] set reason as dataEnabled,current state IDLE
D/        (  413): [ApnContext:mms] setRetryCount: 0
I/ActivityManager(  296): Start proc android.process.acore for content provider com.android.providers.userdictionary/.UserDictionaryProvider: pid=486 uid=10001 gids={50001, 3003, 1015, 1028}
W/WindowManager(  296): Window freeze timeout expired.
W/WindowManager(  296): Force clearing orientation change: Window{40ef2c10 u0 Keyguard}
I/Choreographer(  296): Skipped 482 frames!  The application may be doing too much work on its main thread.
D/        (  413): [ApnContext:supl] set reason as dataEnabled,current state IDLE
D/        (  413): [ApnContext:supl] setRetryCount: 0
D/        (  413): [ApnContext:hipri] set reason as dataEnabled,current state IDLE
D/        (  413): [ApnContext:hipri] setRetryCount: 0
D/        (  413): [ApnContext:fota] set reason as dataEnabled,current state IDLE
D/dalvikvm(  296): GC_CONCURRENT freed 25K, 11% free 6478K/7276K, paused 79ms+100ms, total 966ms
D/        (  413): [ApnContext:fota] setRetryCount: 0
D/        (  413): [ApnContext:ims] set reason as dataEnabled,current state IDLE
D/        (  413): [ApnContext:ims] setRetryCount: 0
D/        (  413): [ApnContext:cbs] set reason as dataEnabled,current state IDLE
D/        (  413): [ApnContext:cbs] setRetryCount: 0
I/Choreographer(  296): Skipped 92 frames!  The application may be doing too much work on its main thread.
D/dalvikvm(  413): GC_CONCURRENT freed 197K, 10% free 2562K/2816K, paused 53ms+2ms, total 398ms
W/ActivityManager(  296): Activity idle timeout for ActivityRecord{40e4d8c8 u0 com.android.launcher/com.android.launcher2.Launcher}
D/TelephonyManager(  413): getLteOnCdmaMode=0 curVal=-1 product_type='' lteOnCdmaProductType=''
E/Trace   (  486): error opening trace file: No such file or directory (2)
D/CallManager(  413): registerPhone(GSM Handler (com.android.internal.telephony.PhoneProxy) {40d03cb0})
E/BluetoothAdapter(  296): Bluetooth binder is null
E/BluetoothAdapter(  296): Bluetooth binder is null
V/WiredAccessoryManager(  296): init()
E/SoundPool(  296): error loading /system/media/audio/ui/Effect_Tick.ogg
W/AudioService(  296): Soundpool could not load file: /system/media/audio/ui/Effect_Tick.ogg
E/SoundPool(  296): error loading /system/media/audio/ui/Effect_Tick.ogg
W/AudioService(  296): Soundpool could not load file: /system/media/audio/ui/Effect_Tick.ogg
E/SoundPool(  296): error loading /system/media/audio/ui/Effect_Tick.ogg
W/AudioService(  296): Soundpool could not load file: /system/media/audio/ui/Effect_Tick.ogg
E/SoundPool(  296): error loading /system/media/audio/ui/Effect_Tick.ogg
W/AudioService(  296): Soundpool could not load file: /system/media/audio/ui/Effect_Tick.ogg
E/SoundPool(  296): error loading /system/media/audio/ui/Effect_Tick.ogg
W/AudioService(  296): Soundpool could not load file: /system/media/audio/ui/Effect_Tick.ogg
E/SoundPool(  296): error loading /system/media/audio/ui/KeypressStandard.ogg
W/AudioService(  296): Soundpool could not load file: /system/media/audio/ui/KeypressStandard.ogg
E/SoundPool(  296): error loading /system/media/audio/ui/KeypressSpacebar.ogg
W/AudioService(  296): Soundpool could not load file: /system/media/audio/ui/KeypressSpacebar.ogg
E/SoundPool(  296): error loading /system/media/audio/ui/KeypressDelete.ogg
W/AudioService(  296): Soundpool could not load file: /system/media/audio/ui/KeypressDelete.ogg
E/SoundPool(  296): error loading /system/media/audio/ui/KeypressReturn.ogg
W/AudioService(  296): Soundpool could not load file: /system/media/audio/ui/KeypressReturn.ogg
W/AudioService(  296): loadSoundEffects(), Error -1 while loading samples
E/KeyguardHostView(  296): Error when trying to bind default AppWidget: java.lang.IllegalArgumentException: not a appwidget provider: ComponentInfo{/}
E/BluetoothAdapter(  413): Bluetooth binder is null
D/PhoneStatusBar(  366): disable: < expand icons alerts ticker system_info back home recent clock search >
I/ActivityManager(  296): Start proc com.android.contacts for broadcast com.android.contacts/.calllog.CallLogReceiver: pid=505 uid=10001 gids={50001, 3003, 1015, 1028}
I/AudioService(  296):   Remote Control   registerMediaButtonIntent() for PendingIntent{40eefde0: PendingIntentRecord{40eeae58 com.android.music broadcastIntent}}
V/TAG     (  296): bug 7643792: fitSystemWindows([0,38][0,0])
W/dalvikvm(  429): threadid=2: spin on suspend #1 threadid=13 (pcf=0)
D/dalvikvm(  429): Temporarily moving tid 464 to fg (was 0)
D/dalvikvm(  429): Temporarily raised priority on tid 464 (10 -> 0)
W/dalvikvm(  429): threadid=2: spin on suspend resolved in 1158 msec
D/dalvikvm(  429): Restored policy of 464 to 0
D/dalvikvm(  429): Restored priority on 464 to 10
I/ActivityManager(  296): Start proc android.process.media for content provider com.android.providers.media/.MediaProvider: pid=517 uid=10000 gids={50000, 1015, 1023, 1024, 1028, 1006, 2001, 3003, 3007}
E/BluetoothAdapter(  366): Bluetooth binder is null
D/dalvikvm(  429): GC_CONCURRENT freed 186K, 9% free 2624K/2860K, paused 1178ms+45ms, total 2301ms
I/Choreographer(  296): Skipped 423 frames!  The application may be doing too much work on its main thread.
D/SystemUIService(  366): loading: class com.android.systemui.power.PowerUI
D/SystemUIService(  366): running: com.android.systemui.power.PowerUI@40e3fee0
D/SystemUIService(  366): loading: class com.android.systemui.media.RingtonePlayer
D/SystemUIService(  366): running: com.android.systemui.media.RingtonePlayer@40e40d40
W/WindowManager(  296): Window freeze timeout expired.
W/WindowManager(  296): Force clearing orientation change: Window{40ef2c10 u0 Keyguard}
E/BluetoothAdapter(  413): Bluetooth binder is null
I/Choreographer(  366): Skipped 3267 frames!  The application may be doing too much work on its main thread.
E/Trace   (  505): error opening trace file: No such file or directory (2)
E/Trace   (  517): error opening trace file: No such file or directory (2)
E/SurfaceFlinger(   37): ro.sf.lcd_density must be defined as a build property
I/DownloadManager(  517): in removeSpuriousFiles
D/dalvikvm(  429): GC_FOR_ALLOC freed 49K, 4% free 2856K/2960K, paused 87ms, total 88ms
I/dalvikvm-heap(  429): Grow heap (frag case) to 4.213MB for 1440016-byte allocation
W/ActivityManager(  296): Timeout executing service: ServiceRecord{40f64d00 u0 com.android.inputmethod.latin/.LatinIME}
W/WindowManager(  296): Window freeze timeout expired.
W/WindowManager(  296): Force clearing orientation change: Window{40e622d8 u0 StatusBar}
I/Process (  296): Sending signal. PID: 396 SIG: 3
I/dalvikvm(  396): threadid=3: reacting to signal 3
I/Process (  296): Sending signal. PID: 296 SIG: 3
I/dalvikvm(  296): threadid=3: reacting to signal 3
D/dalvikvm(  429): GC_CONCURRENT freed 11K, 3% free 4250K/4368K, paused 83ms+3ms, total 724ms
I/dalvikvm(  396): Wrote stack traces to '/data/anr/traces.txt'
W/dalvikvm(  486): threadid=2: spin on suspend #1 threadid=11 (pcf=0)
D/dalvikvm(  486): Temporarily moving tid 543 to fg (was 0)
D/dalvikvm(  486): Temporarily raised priority on tid 543 (10 -> 0)
W/dalvikvm(  486): threadid=2: spin on suspend resolved in 1009 msec
D/dalvikvm(  486): Restored policy of 543 to 0
D/dalvikvm(  486): Restored priority on 543 to 10
D/dalvikvm(  486): GC_CONCURRENT freed 186K, 9% free 2614K/2856K, paused 1071ms+3ms, total 1142ms
D/dalvikvm(  366): GC_CONCURRENT freed 243K, 8% free 3847K/4148K, paused 4ms+4ms, total 127ms
I//system/bin/fsck_msdos(   32): Attempting to allocate 2044 KB for FAT
D/dalvikvm(  296): GREF has increased to 401
I/Process (  296): Sending signal. PID: 366 SIG: 3
I/dalvikvm(  366): threadid=3: reacting to signal 3
I/Choreographer(  296): Skipped 559 frames!  The application may be doing too much work on its main thread.
I/dalvikvm(  296): Wrote stack traces to '/data/anr/traces.txt'
I/Process (  296): Sending signal. PID: 413 SIG: 3
I/dalvikvm(  413): threadid=3: reacting to signal 3
I/dalvikvm(  413): Wrote stack traces to '/data/anr/traces.txt'
I/dalvikvm(  366): Wrote stack traces to '/data/anr/traces.txt'
D/PhoneStatusBar(  366): disable: < expand icons alerts ticker system_info BACK* HOME* RECENT* CLOCK* SEARCH* >
D/dalvikvm(  366): GC_CONCURRENT freed 17K, 7% free 3863K/4148K, paused 40ms+38ms, total 213ms
E/SurfaceFlinger(   37): ro.sf.lcd_density must be defined as a build property
D/dalvikvm(  366): GC_FOR_ALLOC freed 9K, 7% free 3882K/4148K, paused 486ms, total 599ms
D/DebugService(  413): DebugService DebugService:
D/TelephonyDebugService(  413): TelephonyDebugService()
D/dalvikvm(  413): GC_CONCURRENT freed 310K, 13% free 2652K/3020K, paused 4ms+51ms, total 122ms
I/dalvikvm-heap(  366): Grow heap (frag case) to 9.956MB for 6410576-byte allocation
W/WindowManager(  296): Window freeze timeout expired.
W/WindowManager(  296): Force clearing orientation change: Window{41194c08 u0 com.android.systemui.ImageWallpaper}
D/dalvikvm(  366): GC_FOR_ALLOC freed <1K, 3% free 10142K/10412K, paused 516ms, total 518ms
I/Choreographer(  296): Skipped 152 frames!  The application may be doing too much work on its main thread.
D/dalvikvm(  296): GC_CONCURRENT freed 1833K, 25% free 5677K/7556K, paused 94ms+389ms, total 2547ms
D/dalvikvm(  296): WAIT_FOR_CONCURRENT_GC blocked 1861ms
W/dalvikvm(  366): threadid=2: spin on suspend #1 threadid=12 (pcf=0)
D/dalvikvm(  366): Temporarily moving tid 484 to fg (was 0)
D/dalvikvm(  366): Temporarily raised priority on tid 484 (10 -> 0)
W/dalvikvm(  366): threadid=2: spin on suspend resolved in 1049 msec
D/dalvikvm(  366): Restored policy of 484 to 0
D/dalvikvm(  366): Restored priority on 484 to 10
D/dalvikvm(  366): GC_CONCURRENT freed 0K, 3% free 10142K/10412K, paused 1053ms+32ms, total 1264ms
D/dalvikvm(  296): GC_EXPLICIT freed 66K, 26% free 5657K/7556K, paused 7ms+392ms, total 1012ms
D/dalvikvm(  366): GC_FOR_ALLOC freed <1K, 3% free 10146K/10412K, paused 767ms, total 820ms
I/dalvikvm-heap(  366): Grow heap (frag case) to 12.658MB for 2828816-byte allocation
D/dalvikvm(  366): GC_CONCURRENT freed <1K, 3% free 12909K/13176K, paused 4ms+5ms, total 536ms
D/dalvikvm(  366): WAIT_FOR_CONCURRENT_GC blocked 525ms
D/gralloc_goldfish(  366): Emulator without GPU emulation detected.
D/dalvikvm(  429): GC_CONCURRENT freed 171K, 5% free 4611K/4840K, paused 4ms+49ms, total 115ms
I/Choreographer(  366): Skipped 4402 frames!  The application may be doing too much work on its main thread.
I/SurfaceFlinger(   37): Boot is finished (78870 ms)
I/PowerManagerService(  296): Boot animation finished.
I/Process (  296): Sending signal. PID: 429 SIG: 3
I/dalvikvm(  429): threadid=3: reacting to signal 3
I/Process (  296): Sending signal. PID: 486 SIG: 3
I/dalvikvm(  486): threadid=3: reacting to signal 3
I/ActivityManager(  296): Config changes=1400 {1.0 ?mcc?mnc en_US ldltr sw320dp w320dp h508dp 240dpi nrml long port finger -keyb/v/h tball/v s.4}
I/Choreographer(  366): Skipped 172 frames!  The application may be doing too much work on its main thread.
