W/LocationManagerService(  280): no network location provider found
W/ServiceWatcher(  280): com.google.android.location not found
I/dalvikvm-heap(  407): Grow heap (frag case) to 4.213MB for 1440016-byte allocation
D/dalvikvm(  407): GC_CONCURRENT freed 11K, 3% free 4250K/4368K, paused 64ms+2ms, total 222ms
I//system/bin/fsck_msdos(   32): Attempting to allocate 2044 KB for FAT
D/CAT     (  388): CatService: Running CAT service. STK app installed:false
D/CAT     (  388): CatService: NEW sInstance
I/ActivityManager(  280): Start proc com.android.location.fused for service com.android.location.fused/.FusedLocationService: pid=542 uid=10022 gids={50022, 1028}
E/Trace   (  542): error opening trace file: No such file or directory (2)
W/InputDispatcher(  280): channel '40fffcc8 StatusBar (server)' ~ Consumer closed input channel or an error occurred.  events=0x9
E/InputDispatcher(  280): channel '40fffcc8 StatusBar (server)' ~ Channel is unrecoverably broken and will be disposed!
I//system/bin/fsck_msdos(   32): ** Phase 2 - Check Cluster Chains
I//system/bin/fsck_msdos(   32): ** Phase 3 - Checking Directories
I//system/bin/fsck_msdos(   32): ** Phase 4 - Checking for Lost Files
I//system/bin/fsck_msdos(   32): Next free cluster in FSInfo block (15) not free
I//system/bin/fsck_msdos(   32): FIXED
I//system/bin/fsck_msdos(   32): 13 files, 1044446 free (522223 clusters)
I/Vold    (   32): Filesystem check completed OK
I/Vold    (   32): Device /dev/block/vold/179:0, target /mnt/sdcard mounted @ /mnt/secure/staging
D/Vold    (   32): Volume sdcard state changing 3 (Checking) -> 4 (Mounted)
I/WindowState(  280): WIN DEATH: Window{40fffcc8 u0 StatusBar}
W/InputDispatcher(  280): Attempted to unregister already unregistered input channel '40fffcc8 StatusBar (server)'
D/MountService(  280): volume state changed for /mnt/sdcard (checking -> mounted)
I/PackageManager(  280): Updating external media status from unmounted to mounted
D/MountService(  280): sendStorageIntent Intent { act=android.intent.action.MEDIA_MOUNTED dat=file:///mnt/sdcard (has extras) } to UserHandle{-1}
D/CAT     (  388): CatService: SIM ready. Reporting STK service running now...
D/dalvikvm(  388): GC_CONCURRENT freed 276K, 11% free 2771K/3104K, paused 110ms+3ms, total 387ms
I/ActivityManager(  280): Process com.android.systemui (pid 343) has died.
W/ActivityManager(  280): Scheduling restart of crashed service com.android.systemui/.SystemUIService in 0ms
W/ActivityManager(  280): Scheduling restart of crashed service com.android.systemui/.ImageWallpaper in 0ms
D/dalvikvm(   38): GC_EXPLICIT freed 35K, 4% free 2381K/2472K, paused 2ms+4ms, total 36ms
I/ActivityManager(  280): Start proc com.android.systemui for restart com.android.systemui: pid=561 uid=10034 gids={50034, 1028, 1015, 3002, 3001}
D/dalvikvm(   38): GC_EXPLICIT freed <1K, 4% free 2381K/2472K, paused 2ms+13ms, total 53ms
D/dalvikvm(   38): GC_EXPLICIT freed <1K, 4% free 2381K/2472K, paused 2ms+10ms, total 67ms
D/dalvikvm(  407): GC_CONCURRENT freed 191K, 6% free 4573K/4820K, paused 4ms+3ms, total 246ms
D/dalvikvm(  280): GC_CONCURRENT freed 769K, 23% free 5755K/7380K, paused 628ms+699ms, total 2536ms
E/Trace   (  561): error opening trace file: No such file or directory (2)
W/ServiceWatcher(  280): com.google.android.location not found
E/LocationManagerService(  280): no geocoder provider found
D/MccTable(  388): updateMccMncConfiguration: mcc=310, mnc=260
D/TelephonyManager(  388): getLteOnCdmaMode=0 curVal=-1 product_type='' lteOnCdmaProductType=''
D/MccTable(  388): locale set to en_us
D/MccTable(  388): WIFI_COUNTRY_CODE set to us
W/ActivityManager(  280): Activity idle timeout for ActivityRecord{40f7c3f0 u0 com.android.launcher/com.android.launcher2.Launcher}
D/SystemUIService(  561): loading: class com.android.systemui.statusbar.phone.PhoneStatusBar
D/SystemUIService(  561): running: com.android.systemui.statusbar.phone.PhoneStatusBar@40cdaa48
I/WifiService(  280): WifiService trying to set country code to us with persist set to true
I/ActivityManager(  280): Config changes=1403 {1.0 310mcc260mnc en_US ldltr sw320dp w320dp h508dp 240dpi nrml long port finger -keyb/v/h tball/v s.4}
W/SurfaceFlinger(   37): createScreenshotSurface failed (Function not implemented)
W/WallpaperService(  280): Failed attaching wallpaper; clearing
W/WallpaperService(  280): android.os.DeadObjectException
W/WallpaperService(  280): 	at android.os.BinderProxy.transact(Native Method)
W/WallpaperService(  280): 	at android.service.wallpaper.IWallpaperService$Stub$Proxy.attach(IWallpaperService.java:95)
W/WallpaperService(  280): 	at com.android.server.WallpaperManagerService.attachServiceLocked(WallpaperManagerService.java:960)
W/WallpaperService(  280): 	at com.android.server.WallpaperManagerService$WallpaperConnection.onServiceConnected(WallpaperManagerService.java:233)
W/WallpaperService(  280): 	at android.app.LoadedApk$ServiceDispatcher.doConnected(LoadedApk.java:1101)
W/WallpaperService(  280): 	at android.app.LoadedApk$ServiceDispatcher$RunConnection.run(LoadedApk.java:1118)
W/WallpaperService(  280): 	at android.os.Handler.handleCallback(Handler.java:725)
W/WallpaperService(  280): 	at android.os.Handler.dispatchMessage(Handler.java:92)
W/WallpaperService(  280): 	at android.os.Looper.loop(Looper.java:137)
W/WallpaperService(  280): 	at com.android.server.ServerThread.run(SystemServer.java:1000)
I/Choreographer(  280): Skipped 94 frames!  The application may be doing too much work on its main thread.
E/SurfaceFlinger(   37): ro.sf.lcd_density must be defined as a build property
D/MccTable(  388): updateMccMncConfiguration: mcc=310, mnc=260
D/TelephonyManager(  388): getLteOnCdmaMode=0 curVal=-1 product_type='' lteOnCdmaProductType=''
D/MccTable(  388): locale set to en_us
D/MccTable(  388): WIFI_COUNTRY_CODE set to us
I/WifiService(  280): WifiService trying to set country code to us with persist set to true
I/ActivityManager(  280): Config changes=1400 {1.0 310mcc260mnc en_US ldltr sw320dp w320dp h508dp 240dpi nrml long port finger -keyb/v/h tball/v s.5}
W/WindowManager(  280): Window freeze timeout expired.
W/WindowManager(  280): Force clearing orientation change: Window{40edbb88 u0 Keyguard}
E/SoundPool(  280): error loading /system/media/audio/ui/Effect_Tick.ogg
W/AudioService(  280): Soundpool could not load file: /system/media/audio/ui/Effect_Tick.ogg
E/SoundPool(  280): error loading /system/media/audio/ui/Effect_Tick.ogg
W/AudioService(  280): Soundpool could not load file: /system/media/audio/ui/Effect_Tick.ogg
E/SoundPool(  280): error loading /system/media/audio/ui/Effect_Tick.ogg
W/AudioService(  280): Soundpool could not load file: /system/media/audio/ui/Effect_Tick.ogg
E/SoundPool(  280): error loading /system/media/audio/ui/Effect_Tick.ogg
W/AudioService(  280): Soundpool could not load file: /system/media/audio/ui/Effect_Tick.ogg
E/SoundPool(  280): error loading /system/media/audio/ui/Effect_Tick.ogg
W/AudioService(  280): Soundpool could not load file: /system/media/audio/ui/Effect_Tick.ogg
E/SoundPool(  280): error loading /system/media/audio/ui/KeypressStandard.ogg
W/AudioService(  280): Soundpool could not load file: /system/media/audio/ui/KeypressStandard.ogg
E/SoundPool(  280): error loading /system/media/audio/ui/KeypressSpacebar.ogg
W/AudioService(  280): Soundpool could not load file: /system/media/audio/ui/KeypressSpacebar.ogg
E/SoundPool(  280): error loading /system/media/audio/ui/KeypressDelete.ogg
W/AudioService(  280): Soundpool could not load file: /system/media/audio/ui/KeypressDelete.ogg
E/SoundPool(  280): error loading /system/media/audio/ui/KeypressReturn.ogg
W/AudioService(  280): Soundpool could not load file: /system/media/audio/ui/KeypressReturn.ogg
W/AudioService(  280): loadSoundEffects(), Error -1 while loading samples
E/BluetoothAdapter(  280): Bluetooth binder is null
E/BluetoothAdapter(  280): Bluetooth binder is null
V/WiredAccessoryManager(  280): init()
D/dalvikvm(  388): GC_CONCURRENT freed 301K, 10% free 2972K/3296K, paused 6ms+117ms, total 284ms
W/Launcher.Model(  407): LoaderTask running with no launcher (loadAllAppsByBatch)
E/VoldConnector(  280): NDC Command {4 asec list} took too long (6661ms)
I/PackageManager(  280): No secure containers on sdcard
I/StatusBarManagerService(  280): registerStatusBar bar=com.android.internal.statusbar.IStatusBar$Stub$Proxy@41035758
W/WindowManager(  280): App freeze timeout expired.
W/WindowManager(  280): Force clearing freeze: AppWindowToken{40f41ae0 token=Token{40f7c828 ActivityRecord{40f7c3f0 u0 com.android.launcher/com.android.launcher2.Launcher}}}
W/PackageManager(  280): Unknown permission com.google.android.googleapps.permission.GOOGLE_AUTH.mail in package com.android.contacts
W/PackageManager(  280): Unknown permission android.permission.ADD_SYSTEM_SERVICE in package com.android.phone
D/dalvikvm(  561): GC_CONCURRENT freed 120K, 7% free 2666K/2844K, paused 7ms+2ms, total 58ms
D/dalvikvm(  561): WAIT_FOR_CONCURRENT_GC blocked 51ms
I/dalvikvm-heap(  561): Grow heap (frag case) to 3.262MB for 635812-byte allocation
D/dalvikvm(  561): GC_FOR_ALLOC freed 5K, 6% free 3282K/3468K, paused 19ms, total 23ms
W/PackageManager(  280): Unknown permission com.android.smspush.WAPPUSH_MANAGER_BIND in package com.android.phone
W/PackageManager(  280): Unknown permission com.google.android.googleapps.permission.GOOGLE_AUTH in package com.android.providers.calendar
W/PackageManager(  280): Unknown permission com.google.android.googleapps.permission.GOOGLE_AUTH.cl in package com.android.providers.calendar
W/PackageManager(  280): Unknown permission com.google.android.googleapps.permission.GOOGLE_AUTH.mail in package com.android.calendar
W/PackageManager(  280): Not granting permission android.permission.SEND_DOWNLOAD_COMPLETED_INTENTS to package com.android.browser (protectionLevel=2 flags=0x89be45)
W/PackageManager(  280): Not granting permission android.permission.BIND_APPWIDGET to package com.android.widgetpreview (protectionLevel=18 flags=0x8be44)
W/PackageManager(  280): Unknown permission com.google.android.googleapps.permission.GOOGLE_AUTH in package com.android.settings
W/PackageManager(  280): Unknown permission com.google.android.gallery3d.permission.GALLERY_PROVIDER in package com.android.exchange
W/PackageManager(  280): Unknown permission com.google.android.googleapps.permission.ACCESS_GOOGLE_PASSWORD in package com.android.development
W/PackageManager(  280): Unknown permission com.google.android.googleapps.permission.GOOGLE_AUTH in package com.android.development
W/PackageManager(  280): Unknown permission com.google.android.googleapps.permission.GOOGLE_AUTH.ALL_SERVICES in package com.android.development
W/PackageManager(  280): Unknown permission com.google.android.googleapps.permission.GOOGLE_AUTH.YouTubeUser in package com.android.development
W/PackageManager(  280): Unknown permission com.google.android.gallery3d.permission.GALLERY_PROVIDER in package com.android.email
W/PackageManager(  280): Not granting permission android.permission.DEVICE_POWER to package com.android.deskclock (protectionLevel=2 flags=0x88be45)
D/dalvikvm(  280): GC_EXPLICIT freed 751K, 13% free 5666K/6484K, paused 7ms+51ms, total 275ms
W/SocketClient(   34): write error (Broken pipe)
E/BluetoothAdapter(  561): Bluetooth binder is null
E/BluetoothAdapter(  561): Bluetooth binder is null
D/dalvikvm(  388): GC_CONCURRENT freed 498K, 16% free 2882K/3424K, paused 5ms+3ms, total 232ms
D/dalvikvm(  407): GC_CONCURRENT freed 361K, 8% free 4830K/5248K, paused 59ms+18ms, total 240ms
D/dalvikvm(  407): GC_FOR_ALLOC freed 20K, 8% free 4829K/5248K, paused 32ms, total 35ms
I/dalvikvm-heap(  407): Grow heap (frag case) to 6.141MB for 1440016-byte allocation
D/dalvikvm(  407): GC_FOR_ALLOC freed 4K, 7% free 6232K/6656K, paused 52ms, total 52ms
D/dalvikvm(  407): GC_CONCURRENT freed <1K, 7% free 6232K/6656K, paused 5ms+3ms, total 39ms
D/dalvikvm(  280): GC_FOR_ALLOC freed 438K, 13% free 5696K/6496K, paused 511ms, total 523ms
E/BluetoothAdapter(  561): Bluetooth binder is null
D/dalvikvm(  280): GC_FOR_ALLOC freed 39K, 13% free 5757K/6568K, paused 313ms, total 315ms
D/dalvikvm(  280): GC_FOR_ALLOC freed 26K, 13% free 5831K/6640K, paused 177ms, total 178ms
D/ConnectivityService(  280): ConnectivityChange for mobile: CONNECTED/CONNECTED
D/dalvikvm(  561): GC_CONCURRENT freed 67K, 4% free 3640K/3764K, paused 4ms+175ms, total 441ms
D/Launcher.Model(  407): Reload apps on config change. curr_mcc:310 prevmcc:0
E/BluetoothAdapter(  561): Bluetooth binder is null
D/dalvikvm(  280): GC_FOR_ALLOC freed 324K, 12% free 5969K/6712K, paused 127ms, total 129ms
D/dalvikvm(  280): GC_FOR_ALLOC freed 15K, 11% free 6169K/6920K, paused 80ms, total 81ms
I/FusedLocation(  542): engine started (com.android.location.fused)
D/PhoneStatusBar(  561): disable: < expand icons alerts ticker system_info BACK* HOME* RECENT* CLOCK* SEARCH* >
I/Choreographer(  280): Skipped 4254 frames!  The application may be doing too much work on its main thread.
V/TAG     (  280): bug 7643792: fitSystemWindows([0,38][0,0])
I/Choreographer(  407): Skipped 4409 frames!  The application may be doing too much work on its main thread.
D/dalvikvm(  280): GC_CONCURRENT freed 615K, 10% free 6504K/7184K, paused 111ms+23ms, total 766ms
D/dalvikvm(  280): WAIT_FOR_CONCURRENT_GC blocked 33ms
D/dalvikvm(  280): WAIT_FOR_CONCURRENT_GC blocked 335ms
D/dalvikvm(  280): WAIT_FOR_CONCURRENT_GC blocked 322ms
D/dalvikvm(  280): WAIT_FOR_CONCURRENT_GC blocked 283ms
D/dalvikvm(  280): WAIT_FOR_CONCURRENT_GC blocked 280ms
D/dalvikvm(  280): WAIT_FOR_CONCURRENT_GC blocked 268ms
E/BluetoothAdapter(  561): Bluetooth binder is null
D/dalvikvm(  280): WAIT_FOR_CONCURRENT_GC blocked 394ms
D/SystemUIService(  561): loading: class com.android.systemui.power.PowerUI
D/SystemUIService(  561): running: com.android.systemui.power.PowerUI@40e4ae40
D/SystemUIService(  561): loading: class com.android.systemui.media.RingtonePlayer
D/SystemUIService(  561): running: com.android.systemui.media.RingtonePlayer@40e4bc20
I/Choreographer(  561): Skipped 2864 frames!  The application may be doing too much work on its main thread.
E/SurfaceFlinger(   37): ro.sf.lcd_density must be defined as a build property
I/Choreographer(  407): Skipped 38 frames!  The application may be doing too much work on its main thread.
E/ThrottleService(  280): problem during onPollAlarm: java.lang.IllegalStateException: problem parsing stats: java.io.FileNotFoundException: /proc/net/xt_qtaguid/iface_stat_all: open failed: ENOENT (No such file or directory)
E/ThrottleService(  280): Error reading data file
D/Tethering(  280): MasterInitialState.processMessage what=3
W/WindowManager(  280): Window freeze timeout expired.
W/WindowManager(  280): Force clearing orientation change: Window{40edbb88 u0 Keyguard}
E/ThrottleService(  280): problem during onPollAlarm: java.lang.IllegalStateException: problem parsing stats: java.io.FileNotFoundException: /proc/net/xt_qtaguid/iface_stat_all: open failed: ENOENT (No such file or directory)
D/gralloc_goldfish(  407): Emulator without GPU emulation detected.
E/SurfaceFlinger(   37): ro.sf.lcd_density must be defined as a build property
I/Choreographer(  280): Skipped 1139 frames!  The application may be doing too much work on its main thread.
W/dalvikvm(  407): threadid=1: spin on suspend #1 threadid=11 (pcf=0)
D/dalvikvm(  407): Temporarily moving tid 449 to fg (was 0)
W/dalvikvm(  407): threadid=1: spin on suspend resolved in 1041 msec
D/dalvikvm(  407): Restored policy of 449 to 0
D/dalvikvm(  407): GC_FOR_ALLOC freed 1491K, 26% free 5042K/6768K, paused 1156ms, total 1170ms
I/dalvikvm-heap(  407): Grow heap (frag case) to 6.440MB for 1536016-byte allocation
D/dalvikvm(  280): GC_FOR_ALLOC freed 737K, 12% free 6469K/7272K, paused 337ms, total 348ms
I/dalvikvm-heap(  280): Grow heap (frag case) to 7.455MB for 1128976-byte allocation
D/dalvikvm(  407): GC_FOR_ALLOC freed 10K, 22% free 6531K/8272K, paused 101ms, total 101ms
D/dalvikvm(  561): GC_CONCURRENT freed 253K, 8% free 3776K/4084K, paused 49ms+7ms, total 364ms
D/dalvikvm(  280): GC_FOR_ALLOC freed 878K, 21% free 6694K/8376K, paused 111ms, total 111ms
D/dalvikvm(  407): GC_CONCURRENT freed <1K, 22% free 6531K/8272K, paused 5ms+44ms, total 253ms
D/dalvikvm(  407): WAIT_FOR_CONCURRENT_GC blocked 240ms
I/dalvikvm-heap(  407): Grow heap (frag case) to 7.895MB for 1536016-byte allocation
W/WindowManager(  280): Window freeze timeout expired.
W/WindowManager(  280): Force clearing orientation change: Window{40f2f638 u0 StatusBar}
W/WindowManager(  280): Force clearing orientation change: Window{40edbb88 u0 Keyguard}
D/dalvikvm(  280): GC_CONCURRENT freed 10K, 21% free 6688K/8376K, paused 72ms+66ms, total 686ms
I/Choreographer(  280): Skipped 64 frames!  The application may be doing too much work on its main thread.
I/Choreographer(  561): Skipped 1203 frames!  The application may be doing too much work on its main thread.
D/gralloc_goldfish(  561): Emulator without GPU emulation detected.
D/MediaScannerReceiver(  480): action: android.intent.action.MEDIA_MOUNTED path: /mnt/sdcard
D/dalvikvm(  407): GC_FOR_ALLOC freed 0K, 18% free 8031K/9776K, paused 873ms, total 873ms
I/ActivityManager(  280): Start proc com.android.contacts for broadcast com.android.contacts/.calllog.CallLogReceiver: pid=618 uid=10001 gids={50001, 3003, 1015, 1028}
E/SurfaceFlinger(   37): ro.sf.lcd_density must be defined as a build property
E/Trace   (  618): error opening trace file: No such file or directory (2)
I/ActivityManager(  280): Displayed com.android.launcher/com.android.launcher2.Launcher: +1m35s876ms
D/dalvikvm(  561): GC_FOR_ALLOC freed 63K, 8% free 3786K/4084K, paused 102ms, total 250ms
I/dalvikvm-heap(  561): Grow heap (frag case) to 9.863MB for 6410576-byte allocation
W/WindowManager(  280): Window freeze timeout expired.
W/WindowManager(  280): Force clearing orientation change: Window{40f57460 u0 com.android.systemui.ImageWallpaper}
D/dalvikvm(  561): GC_CONCURRENT freed 1K, 3% free 10045K/10348K, paused 94ms+695ms, total 955ms
I/RecoverySystem(  280): No recovery log file
D/dalvikvm(  407): GC_FOR_ALLOC freed 3002K, 25% free 5128K/6768K, paused 284ms, total 286ms
I/dalvikvm-heap(  407): Grow heap (frag case) to 6.455MB for 1463056-byte allocation
I/Choreographer(  280): Skipped 1392 frames!  The application may be doing too much work on its main thread.
D/dalvikvm(  407): GC_CONCURRENT freed <1K, 21% free 6556K/8200K, paused 4ms+4ms, total 140ms
D/dalvikvm(  407): WAIT_FOR_CONCURRENT_GC blocked 125ms
D/dalvikvm(  407): GC_FOR_ALLOC freed <1K, 21% free 6556K/8200K, paused 671ms, total 672ms
I/dalvikvm-heap(  407): Grow heap (frag case) to 7.849MB for 1463056-byte allocation
D/dalvikvm(  407): GC_CONCURRENT freed <1K, 18% free 7985K/9632K, paused 5ms+348ms, total 905ms
D/dalvikvm(  407): WAIT_FOR_CONCURRENT_GC blocked 897ms
D/dalvikvm(  280): GC_CONCURRENT freed 1914K, 32% free 5761K/8376K, paused 241ms+87ms, total 960ms
I/Choreographer(  280): Skipped 287 frames!  The application may be doing too much work on its main thread.
D/dalvikvm(  280): GC_FOR_ALLOC freed 158K, 33% free 5613K/8376K, paused 96ms, total 97ms
I/dalvikvm-heap(  280): Grow heap (frag case) to 6.618MB for 1128976-byte allocation
D/dalvikvm(  280): GC_FOR_ALLOC freed <1K, 20% free 6715K/8376K, paused 117ms, total 117ms
I/ActivityManager(  280): Start proc com.android.deskclock for broadcast com.android.deskclock/.AlarmInitReceiver: pid=642 uid=10006 gids={50006, 1028}
D/dalvikvm(  561): GC_FOR_ALLOC freed <1K, 3% free 10045K/10348K, paused 215ms, total 215ms
W/WindowManager(  280): ***** BOOT TIMEOUT: forcing display enabled
I/SurfaceFlinger(   37): Boot is finished (139020 ms)
I/ActivityManager(  280): Config changes=1400 {1.0 310mcc260mnc en_US ldltr sw320dp w320dp h508dp 240dpi nrml long port finger -keyb/v/h tball/v s.6}
I/PowerManagerService(  280): Boot animation finished.
I/Choreographer(  280): Skipped 89 frames!  The application may be doing too much work on its main thread.
I/Choreographer(  280): Skipped 272 frames!  The application may be doing too much work on its main thread.
E/Trace   (  642): error opening trace file: No such file or directory (2)
I/dalvikvm-heap(  561): Grow heap (frag case) to 12.559MB for 2828816-byte allocation
D/dalvikvm(  561): GC_FOR_ALLOC freed 0K, 3% free 12808K/13112K, paused 139ms, total 139ms
D/dalvikvm(  561): GC_CONCURRENT freed 6260K, 51% free 6548K/13112K, paused 15ms+5ms, total 84ms
I/Choreographer(  280): Skipped 109 frames!  The application may be doing too much work on its main thread.
D/dalvikvm(  280): GC_CONCURRENT freed 31K, 20% free 6735K/8376K, paused 71ms+189ms, total 1240ms
I/Choreographer(  561): Skipped 195 frames!  The application may be doing too much work on its main thread.
V/AlarmClock(  642): No next alarm
V/AlarmClock(  642): AlarmInitReceiver - Reset timers and clear stopwatch data
V/AlarmClock(  642): No next alarm
V/AlarmClock(  642): AlarmInitReceiver finished
I/FusedLocation(  542): engine started (com.android.location.fused)
I/ActivityManager(  280): Start proc com.android.email for broadcast com.android.email/.service.EmailBroadcastReceiver: pid=667 uid=10019 gids={50019, 3003, 1015, 1028}
E/Trace   (  667): error opening trace file: No such file or directory (2)
W/MediaProvider(  480): no database for scanned volume external
I/ActivityManager(  280): Start proc com.android.exchange for service com.android.exchange/.ExchangeService: pid=684 uid=10032 gids={50032, 3003, 1015, 1028}
I/ActivityManager(  280): Start proc com.android.providers.calendar for broadcast com.android.providers.calendar/.CalendarReceiver: pid=693 uid=10023 gids={50023, 3003, 1015, 1028}
E/Trace   (  684): error opening trace file: No such file or directory (2)
E/Trace   (  693): error opening trace file: No such file or directory (2)
I/ActivityManager(  280): Start proc com.android.mms for broadcast com.android.mms/.transaction.MmsSystemEventReceiver: pid=716 uid=10029 gids={50029, 3003, 1015, 1028}
D/Eas Debug(  684): Logging: 
E/Trace   (  716): error opening trace file: No such file or directory (2)
D/CountryDetector(  280): The first listener is added
V/MmsConfig(  716): mnc/mcc: 310260
V/MmsConfig(  716): tag: bool value: enabledMMS - true
V/MmsConfig(  716): tag: int value: maxMessageSize - 307200
V/MmsConfig(  716): tag: int value: maxImageHeight - 480
V/MmsConfig(  716): tag: int value: maxImageWidth - 640
V/MmsConfig(  716): tag: int value: defaultSMSMessagesPerThread - 500
V/MmsConfig(  716): tag: int value: defaultMMSMessagesPerThread - 50
V/MmsConfig(  716): tag: int value: minMessageCountPerThread - 10
V/MmsConfig(  716): tag: int value: maxMessageCountPerThread - 5000
V/MmsConfig(  716): tag: string value: uaProfUrl - http://www.google.com/oha/rdf/ua-profile-kila.xml
V/MmsConfig(  716): tag: int value: recipientLimit - -1
V/MmsConfig(  716): tag: bool value: enableMultipartSMS - true
V/MmsConfig(  716): tag: int value: smsToMmsTextThreshold - -1
V/MmsConfig(  716): tag: bool value: enableSlideDuration - true
V/MmsConfig(  716): tag: int value: maxMessageTextSize - -1
D/dalvikvm(  280): GREF has increased to 501
D/ExchangeService(  684): !!! EAS ExchangeService, onCreate
I/dalvikvm(  280): Jit: resizing JitTable from 4096 to 8192
D/ExchangeService(  684): !!! EAS ExchangeService, onStartCommand, startingUp = false, running = false
I/ActivityManager(  280): Start proc com.android.settings for broadcast com.android.settings/.widget.SettingsAppWidgetProvider: pid=746 uid=1000 gids={41000, 1015, 1028, 3002, 3001, 3003}
E/Trace   (  746): error opening trace file: No such file or directory (2)
D/ExchangeService(  684): !!! EAS ExchangeService, onStartCommand, startingUp = true, running = false
E/BluetoothAdapter(  746): Bluetooth binder is null
E/BluetoothAdapter(  746): Bluetooth binder is null
E/BluetoothAdapter(  746): Bluetooth binder is null
D/GpsLocationProvider(  280): NTP server returned: 1479395770419 (Thu Nov 17 15:16:10 GMT 2016) reference: 136400 certainty: 142 system time offset: -16672
D/dalvikvm(  407): GC_FOR_ALLOC freed 2181K, 25% free 7290K/9624K, paused 25ms, total 46ms
D/dalvikvm(  407): GREF has increased to 201
I/Choreographer(  407): Skipped 37 frames!  The application may be doing too much work on its main thread.
I/Choreographer(  407): Skipped 54 frames!  The application may be doing too much work on its main thread.
I/AccountTypeManager(  618): Loaded meta-data for 1 account types, 0 accounts in 96ms(wall) 26ms(cpu)
I/CalendarProvider2(  693): Sending notification intent: Intent { act=android.intent.action.PROVIDER_CHANGED dat=content://com.android.calendar }
W/ContentResolver(  693): Failed to get type for: content://com.android.calendar (Unknown URL content://com.android.calendar)
I/ActivityManager(  280): Start proc com.android.calendar for broadcast com.android.calendar/.alerts.AlertReceiver: pid=768 uid=10004 gids={50004, 3003, 1028}
E/Trace   (  768): error opening trace file: No such file or directory (2)
D/AlertReceiver(  768): onReceive: a=android.intent.action.PROVIDER_CHANGED Intent { act=android.intent.action.PROVIDER_CHANGED dat=content://com.android.calendar flg=0x10 cmp=com.android.calendar/.alerts.AlertReceiver }
D/AlertService(  768): 0 Action = android.intent.action.PROVIDER_CHANGED
D/AlertService(  768): Beginning updateAlertNotification
D/AndroidRuntime(  788): 
D/AndroidRuntime(  788): >>>>>> AndroidRuntime START com.android.internal.os.RuntimeInit <<<<<<
D/AndroidRuntime(  788): CheckJNI is ON
D/dalvikvm(  788): Trying to load lib libjavacore.so 0x0
D/dalvikvm(  788): Added shared lib libjavacore.so 0x0
D/dalvikvm(  788): Trying to load lib libnativehelper.so 0x0
D/dalvikvm(  788): Added shared lib libnativehelper.so 0x0
D/MmsSmsDatabaseHelper(  388): [MmsSmsDb] tableName: threads hasAutoIncrement: CREATE TABLE threads (_id INTEGER PRIMARY KEY AUTOINCREMENT,date INTEGER DEFAULT 0,message_count INTEGER DEFAULT 0,recipient_ids TEXT,snippet TEXT,snippet_cs INTEGER DEFAULT 0,read INTEGER DEFAULT 1,type INTEGER DEFAULT 0,error INTEGER DEFAULT 0,has_attachment INTEGER DEFAULT 0) result: true
D/Mms:app (  716): cancelNotification
D/MmsSmsDatabaseHelper(  388): [MmsSmsDb] tableName: canonical_addresses hasAutoIncrement: CREATE TABLE canonical_addresses (_id INTEGER PRIMARY KEY AUTOINCREMENT,address TEXT) result: true
D/ExchangeService(  684): Received deviceId from Email app: androidc259148960
D/ExchangeService(  684): Reconciling accounts...
D/ExchangeService(  684): !!! EAS ExchangeService, onStartCommand, startingUp = true, running = false
D/MmsSmsDatabaseHelper(  388): [MmsSmsDb] tableName: part hasAutoIncrement: CREATE TABLE part (_id INTEGER PRIMARY KEY AUTOINCREMENT,mid INTEGER,seq INTEGER DEFAULT 0,ct TEXT,name TEXT,chset INTEGER,cd TEXT,fn TEXT,cid TEXT,cl TEXT,ctt_s INTEGER,ctt_t TEXT,_data TEXT,text TEXT) result: true
D/Eas Debug(  684): Logging: 
D/MmsSmsDatabaseHelper(  388): [MmsSmsDb] tableName: pdu hasAutoIncrement: CREATE TABLE pdu (_id INTEGER PRIMARY KEY AUTOINCREMENT,thread_id INTEGER,date INTEGER,date_sent INTEGER DEFAULT 0,msg_box INTEGER,read INTEGER DEFAULT 0,m_id TEXT,sub TEXT,sub_cs INTEGER,ct_t TEXT,ct_l TEXT,exp INTEGER,m_cls TEXT,m_type INTEGER,v INTEGER,m_size INTEGER,pri INTEGER,rr INTEGER,rpt_a INTEGER,resp_st INTEGER,st INTEGER,tr_id TEXT,retr_st INTEGER,retr_txt TEXT,retr_txt_cs INTEGER,read_status INTEGER,ct_cls INTEGER,resp_txt TEXT,d_tm INTEGER,d_rpt INTEGER,locked INTEGER DEFAULT 0,seen INTEGER DEFAULT 0,text_only INTEGER DEFAULT 0) result: true
D/AlertService(  768): No fired or scheduled alerts
D/MmsSmsDatabaseHelper(  388): [getWritableDatabase] hasAutoIncrementThreads: true hasAutoIncrementAddresses: true hasAutoIncrementPart: true hasAutoIncrementPdu: true
D/AndroidRuntime(  788): Calling main entry com.android.commands.am.Am
D/dalvikvm(  788): Note: class Landroid/app/ActivityManagerNative; has 157 unimplemented (abstract) methods
D/dalvikvm(  816): Not late-enabling CheckJNI (already on)
I/ActivityManager(  280): Start proc net.mandaria.tippytipper for broadcast net.mandaria.tippytipper/.EmmaInstrument.SMSInstrumentedReceiver: pid=816 uid=10047 gids={50047, 1015, 3003, 1028}
I/dalvikvm(  816): Turning on JNI app bug workarounds for target SDK version 4...
E/Trace   (  816): error opening trace file: No such file or directory (2)
D/dalvikvm(  816): GC_CONCURRENT freed 215K, 10% free 2616K/2896K, paused 18ms+3ms, total 90ms
I/System.out(  816): EMMA: collecting runtime coverage data ...
D/EmmaInstrumentation:(  816): Intermidate Dump Called with file name :/mnt/sdcard/coverage.ec
D/EmmaInstrumentation:(  816): generateCoverageReport()
I/System.out(  816): EMMA: runtime coverage data merged into [/mnt/sdcard/coverage.ec] {in 10 ms}
D/AndroidRuntime(  788): Shutting down VM
D/dalvikvm(  788): GC_CONCURRENT freed 95K, 17% free 501K/600K, paused 1ms+1ms, total 11ms
D/dalvikvm(  788): Debugger has detached; object registry had 1 entries
D/dalvikvm(  388): GREF has increased to 201
D/Mms:app (  716): cancelNotification
D/EmailProvider(  667): fromDatabase accounts: 0
D/EmailProvider(  667): ending toDatabase transaction; copyCount = 0
D/AndroidRuntime(  838): 
D/AndroidRuntime(  838): >>>>>> AndroidRuntime START com.android.internal.os.RuntimeInit <<<<<<
D/AndroidRuntime(  838): CheckJNI is ON
D/EmailProvider(  667): ending fromDatabase transaction; copyCount = 0
D/dalvikvm(  838): Trying to load lib libjavacore.so 0x0
D/dalvikvm(  838): Added shared lib libjavacore.so 0x0
D/dalvikvm(  838): Trying to load lib libnativehelper.so 0x0
D/dalvikvm(  838): Added shared lib libnativehelper.so 0x0
D/dalvikvm(  480): GC_CONCURRENT freed 227K, 11% free 2537K/2820K, paused 3ms+4ms, total 139ms
W/ActivityManager(  280): Unable to start service Intent { cmp=com.android.email/.service.AttachmentDownloadService } U=0: not found
W/ActivityManager(  280): Unable to start service Intent { cmp=com.android.email/.service.AttachmentDownloadService } U=0: not found
W/ActivityManager(  280): Unable to start service Intent { cmp=com.android.email/.service.AttachmentDownloadService } U=0: not found
D/ExchangeService(  684): !!! EAS ExchangeService, onStartCommand, startingUp = true, running = false
D/AndroidRuntime(  838): Calling main entry com.android.commands.input.Input
I/Input   (  838): injectKeyEvent: KeyEvent { action=ACTION_DOWN, keyCode=KEYCODE_MENU, scanCode=0, metaState=0, flags=0x0, repeatCount=0, eventTime=160846, downTime=160846, deviceId=-1, source=0x101 }
I/Input   (  838): injectKeyEvent: KeyEvent { action=ACTION_UP, keyCode=KEYCODE_MENU, scanCode=0, metaState=0, flags=0x0, repeatCount=0, eventTime=160846, downTime=160846, deviceId=-1, source=0x101 }
D/InputEventConsistencyVerifier(  280): KeyEvent: ACTION_UP but key was not down.
D/InputEventConsistencyVerifier(  280):   in com.android.internal.policy.impl.keyguard.KeyguardHostView{40e37fb0 V.E..... ......I. 0,38-480,800 #10202b0 android:id/keyguard_host_view}
D/InputEventConsistencyVerifier(  280):   0: sent at 160846000000, KeyEvent { action=ACTION_UP, keyCode=KEYCODE_MENU, scanCode=0, metaState=0, flags=0x0, repeatCount=0, eventTime=160846, downTime=160846, deviceId=-1, source=0x101 }
D/AndroidRuntime(  838): Shutting down VM
D/dalvikvm(  838): GC_CONCURRENT freed 97K, 19% free 462K/564K, paused 1ms+1ms, total 9ms
D/jdwp    (  838): Got wake-up signal, bailing out of select
D/dalvikvm(  838): Debugger has detached; object registry had 1 entries
W/SoundPool(  280):   sample 0 not READY
D/PhoneStatusBar(  561): disable: < expand icons alerts ticker system_info BACK HOME recent* CLOCK search* >
D/PhoneStatusBar(  561): disable: < expand icons alerts ticker system_info back* home* recent clock* search >
I/ARMAssembler(   37): generated scanline__00000077:03515104_00009001_00000000 [131 ipp] (153 ins) at [0x419b41f0:0x419b4454] in 7456001 ns
I/Choreographer(  280): Skipped 40 frames!  The application may be doing too much work on its main thread.
V/TAG     (  280): bug 7643792: fitSystemWindows([0,38][0,0])
D/dalvikvm(  667): GC_CONCURRENT freed 202K, 10% free 2589K/2852K, paused 92ms+151ms, total 1353ms
W/MediaScanner(  480): Error opening directory '/mnt/sdcard/.android_secure/', skipping: Permission denied.
D/dalvikvm(  280): GC_EXPLICIT freed 1709K, 32% free 5737K/8376K, paused 4ms+7ms, total 98ms
D/dalvikvm(  407): GC_CONCURRENT freed 713K, 15% free 8204K/9624K, paused 15ms+4ms, total 86ms
V/MediaScanner(  480): pruneDeadThumbnailFiles... android.database.sqlite.SQLiteCursor@40d0d848
V/MediaScanner(  480): /pruneDeadThumbnailFiles... android.database.sqlite.SQLiteCursor@40d0d848
D/dalvikvm(  480): GREF has increased to 201
W/MediaScanner(  480): Error opening directory '/mnt/sdcard/.android_secure/', skipping: Permission denied.
V/MediaScanner(  480): pruneDeadThumbnailFiles... android.database.sqlite.SQLiteCursor@40d1bc20
V/MediaScanner(  480): /pruneDeadThumbnailFiles... android.database.sqlite.SQLiteCursor@40d1bc20
I/AudioService(  280):  AudioFocus  abandonAudioFocus() from android.media.AudioManager@40cd9040com.android.music.MediaPlaybackService$3@40cd7c60
D/dalvikvm(  388): GC_EXPLICIT freed 211K, 16% free 2899K/3424K, paused 3ms+4ms, total 41ms
D/AndroidRuntime(  856): 
D/AndroidRuntime(  856): >>>>>> AndroidRuntime START com.android.internal.os.RuntimeInit <<<<<<
D/AndroidRuntime(  856): CheckJNI is ON
D/dalvikvm(  856): Trying to load lib libjavacore.so 0x0
D/dalvikvm(  856): Added shared lib libjavacore.so 0x0
D/dalvikvm(  856): Trying to load lib libnativehelper.so 0x0
D/dalvikvm(  856): Added shared lib libnativehelper.so 0x0
D/AndroidRuntime(  856): Calling main entry com.android.commands.am.Am
D/dalvikvm(  856): Note: class Landroid/app/ActivityManagerNative; has 157 unimplemented (abstract) methods
I/ActivityManager(  280): Force stopping package net.mandaria.tippytipper appid=10047 user=0
I/ActivityManager(  280): Killing proc 816:net.mandaria.tippytipper/u0a10047: force stop net.mandaria.tippytipper
D/dalvikvm(  866): Not late-enabling CheckJNI (already on)
I/ActivityManager(  280): Start proc net.mandaria.tippytipper for added application net.mandaria.tippytipper: pid=866 uid=10047 gids={50047, 1015, 3003, 1028}
I/dalvikvm(  866): Turning on JNI app bug workarounds for target SDK version 4...
E/Trace   (  866): error opening trace file: No such file or directory (2)
D/dalvikvm(  866): GC_CONCURRENT freed 220K, 10% free 2585K/2864K, paused 4ms+10ms, total 47ms
I/System.out(  866): EMMA: collecting runtime coverage data ...
D/androidripper(  866): Updating node 
D/dalvikvm(  866): GC_CONCURRENT freed 296K, 12% free 2682K/3036K, paused 4ms+10ms, total 33ms
D/androidripper(  866): Loading node 
I/androidripper(  866): Preferences file found.
V/androidripper(  866): Updating value ACTIVITY_DESCRIPTION_IN_SESSION
V/androidripper(  866): Updating value ADDITIONAL_CRITERIAS
V/androidripper(  866): Updating value ADDITIONAL_EVENTS
V/androidripper(  866): Updating value ADDITIONAL_INPUTS
V/androidripper(  866): Updating value CLASS_NAME
D/androidripper(  866): Updated value of parameter CLASS_NAME to net.mandaria.tippytipper.activities.TippyTipper (default = app.package.class)
V/androidripper(  866): Updating value ENABLE_MODEL
V/androidripper(  866): Updating value ENABLE_RESUME
V/androidripper(  866): Updating value INTENT_ACTION
V/androidripper(  866): Updating value INTENT_ACTIVITY
V/androidripper(  866): Updating value INTENT_CATEGORY
V/androidripper(  866): Updating value INTENT_DATA
V/androidripper(  866): Updating value INTENT_FLAGS
V/androidripper(  866): Updating value INTENT_TYPE
V/androidripper(  866): Updating value PACKAGE_NAME
D/androidripper(  866): Updated value of parameter PACKAGE_NAME to net.mandaria.tippytipper (default = app.package)
V/androidripper(  866): Updating value RANDOM_SEED
D/androidripper(  866): Updated value of parameter RANDOM_SEED to -4244019791393197310 (default = 5466516511651561651)
V/androidripper(  866): Updating value RETRY_FAILED_TRACES
V/androidripper(  866): Updating value theClass
D/androidripper(  866): Updating node scheduler
D/androidripper(  866): Loading node scheduler
V/androidripper(  866): Updating value ACTIONBARHOME_EVENTS
V/androidripper(  866): Updating value ALL_EVENTS_ON_PREFERENCES
V/androidripper(  866): Updating value BACK_BUTTON_EVENT
V/androidripper(  866): Updating value DICTIONARY_FIXED_VALUE
V/androidripper(  866): Updating value DICTIONARY_IGNORE_CONTENT_TYPES
V/androidripper(  866): Updating value EMULATOR_PORT
V/androidripper(  866): Updating value EVENTS
D/androidripper(  866): Updated values of array parameter EVENTS
V/androidripper(  866): Updating value EVENT_WHEN_NO_ID
V/androidripper(  866): Updating value EXCLUDE_WIDGETS_INPUTS_IN_GPS_EVENTS
V/androidripper(  866): Updating value EXCLUDE_WIDGETS_INPUTS_IN_SENSORS_EVENTS
V/androidripper(  866): Updating value FIX_GPS_POSITION
V/androidripper(  866): Updating value INPUTS
D/androidripper(  866): Updated values of array parameter INPUTS
V/androidripper(  866): Updating value KEY_EVENTS
V/androidripper(  866): Updating value MAX_EVENTS_PER_WIDGET
V/androidripper(  866): Updating value MAX_TASKS_IN_SCHEDULER
V/androidripper(  866): Updating value MAX_TASKS_PER_EVENT
V/androidripper(  866): Updating value MENU_EVENTS
V/androidripper(  866): Updating value ORIENTATION_EVENTS
V/androidripper(  866): Updating value PLANNER
V/androidripper(  866): Updating value REFLECT_ACTIVITY_LISTENERS
V/androidripper(  866): Updating value REFLECT_WIDGETS
V/androidripper(  866): Updating value SCHEDULER_ALGORITHM
V/androidripper(  866): Updating value SCROLL_DOWN_EVENT
V/androidripper(  866): Updating value SENSOR_TYPES
V/androidripper(  866): Updating value SIMULATE_INCOMING_CALL
V/androidripper(  866): Updating value SIMULATE_INCOMING_SMS
V/androidripper(  866): Updating value TAB_EVENTS_START_ONLY
V/androidripper(  866): Updating value TEST_LOCATION_PROVIDER
V/androidripper(  866): Updating value TEXT_VALUES_FROM_DICTIONARY
V/androidripper(  866): Updating value TEXT_VALUES_ID_HASH
V/androidripper(  866): Updating value USE_GPS
V/androidripper(  866): Updating value USE_SENSORS
D/androidripper(  866): Updating node planner
D/androidripper(  866): Loading node planner
V/androidripper(  866): Updating value ACTIONBARHOME_EVENTS
V/androidripper(  866): Updating value ALL_EVENTS_ON_PREFERENCES
V/androidripper(  866): Updating value BACK_BUTTON_EVENT
V/androidripper(  866): Updating value DICTIONARY_FIXED_VALUE
V/androidripper(  866): Updating value DICTIONARY_IGNORE_CONTENT_TYPES
V/androidripper(  866): Updating value EMULATOR_PORT
V/androidripper(  866): Updating value EVENTS
D/androidripper(  866): Updated values of array parameter EVENTS
V/androidripper(  866): Updating value EVENT_WHEN_NO_ID
V/androidripper(  866): Updating value EXCLUDE_WIDGETS_INPUTS_IN_GPS_EVENTS
V/androidripper(  866): Updating value EXCLUDE_WIDGETS_INPUTS_IN_SENSORS_EVENTS
V/androidripper(  866): Updating value FIX_GPS_POSITION
V/androidripper(  866): Updating value INPUTS
D/androidripper(  866): Updated values of array parameter INPUTS
V/androidripper(  866): Updating value KEY_EVENTS
V/androidripper(  866): Updating value MAX_EVENTS_PER_WIDGET
V/androidripper(  866): Updating value MAX_TASKS_IN_SCHEDULER
V/androidripper(  866): Updating value MAX_TASKS_PER_EVENT
V/androidripper(  866): Updating value MENU_EVENTS
V/androidripper(  866): Updating value ORIENTATION_EVENTS
V/androidripper(  866): Updating value PLANNER
V/androidripper(  866): Updating value REFLECT_ACTIVITY_LISTENERS
V/androidripper(  866): Updating value REFLECT_WIDGETS
V/androidripper(  866): Updating value SCHEDULER_ALGORITHM
V/androidripper(  866): Updating value SCROLL_DOWN_EVENT
V/androidripper(  866): Updating value SENSOR_TYPES
V/androidripper(  866): Updating value SIMULATE_INCOMING_CALL
V/androidripper(  866): Updating value SIMULATE_INCOMING_SMS
V/androidripper(  866): Updating value TAB_EVENTS_START_ONLY
V/androidripper(  866): Updating value TEST_LOCATION_PROVIDER
V/androidripper(  866): Updating value TEXT_VALUES_FROM_DICTIONARY
V/androidripper(  866): Updating value TEXT_VALUES_ID_HASH
D/androidripper(  866): Updated value of parameter TEXT_VALUES_ID_HASH to true (default = false)
V/androidripper(  866): Updating value USE_GPS
V/androidripper(  866): Updating value USE_SENSORS
D/androidripper(  866): Updating node interactions
D/androidripper(  866): Loading node interactions
V/androidripper(  866): Updating value ACTIONBARHOME_EVENTS
V/androidripper(  866): Updating value ALL_EVENTS_ON_PREFERENCES
V/androidripper(  866): Updating value BACK_BUTTON_EVENT
V/androidripper(  866): Updating value DICTIONARY_FIXED_VALUE
V/androidripper(  866): Updating value DICTIONARY_IGNORE_CONTENT_TYPES
V/androidripper(  866): Updating value EMULATOR_PORT
V/androidripper(  866): Updating value EVENTS
D/androidripper(  866): Updated values of array parameter EVENTS
V/androidripper(  866): Updating value EVENT_WHEN_NO_ID
V/androidripper(  866): Updating value EXCLUDE_WIDGETS_INPUTS_IN_GPS_EVENTS
V/androidripper(  866): Updating value EXCLUDE_WIDGETS_INPUTS_IN_SENSORS_EVENTS
V/androidripper(  866): Updating value FIX_GPS_POSITION
V/androidripper(  866): Updating value INPUTS
D/androidripper(  866): Updated values of array parameter INPUTS
V/androidripper(  866): Updating value KEY_EVENTS
V/androidripper(  866): Updating value MAX_EVENTS_PER_WIDGET
V/androidripper(  866): Updating value MAX_TASKS_IN_SCHEDULER
V/androidripper(  866): Updating value MAX_TASKS_PER_EVENT
V/androidripper(  866): Updating value MENU_EVENTS
V/androidripper(  866): Updating value ORIENTATION_EVENTS
V/androidripper(  866): Updating value PLANNER
V/androidripper(  866): Updating value REFLECT_ACTIVITY_LISTENERS
V/androidripper(  866): Updating value REFLECT_WIDGETS
V/androidripper(  866): Updating value SCHEDULER_ALGORITHM
V/androidripper(  866): Updating value SCROLL_DOWN_EVENT
V/androidripper(  866): Updating value SENSOR_TYPES
V/androidripper(  866): Updating value SIMULATE_INCOMING_CALL
V/androidripper(  866): Updating value SIMULATE_INCOMING_SMS
V/androidripper(  866): Updating value TAB_EVENTS_START_ONLY
V/androidripper(  866): Updating value TEST_LOCATION_PROVIDER
V/androidripper(  866): Updating value TEXT_VALUES_FROM_DICTIONARY
V/androidripper(  866): Updating value TEXT_VALUES_ID_HASH
V/androidripper(  866): Updating value USE_GPS
V/androidripper(  866): Updating value USE_SENSORS
D/androidripper(  866): Updating node comparator
D/androidripper(  866): Loading node comparator
V/androidripper(  866): Updating value COMPARATOR
V/androidripper(  866): Updating value COMPARATOR_TYPE
D/androidripper(  866): Updated value of parameter COMPARATOR_TYPE to CustomWidgetsSimpleComparator (default = NullComparator)
V/androidripper(  866): Updating value COMPARE_ACTIVITY_NAME
V/androidripper(  866): Updating value COMPARE_LIST_COUNT
V/androidripper(  866): Updating value COMPARE_MENU_COUNT
V/androidripper(  866): Updating value COMPARE_STATE_TITLE
D/androidripper(  866): Updated value of parameter COMPARE_STATE_TITLE to true (default = false)
V/androidripper(  866): Updating value COMPARE_VALUES
V/androidripper(  866): Updating value WIDGET_TYPES
D/androidripper(  866): Updated values of array parameter WIDGET_TYPES
D/androidripper(  866): Comparation by name is enabled
D/androidripper(  866): Comparation by title is disabled
D/androidripper(  866): Updating node strategy
D/androidripper(  866): Loading node strategy
V/androidripper(  866): Updating value AFTER_EVENT_DONT_EXPLORE
V/androidripper(  866): Updating value AFTER_WIDGET_DONT_EXPLORE
V/androidripper(  866): Updating value CHECK_FOR_TRANSITION
V/androidripper(  866): Updating value EXPLORE_ONLY_NEW_STATES
V/androidripper(  866): Updating value MAX_NUM_TRACES
V/androidripper(  866): Updating value MAX_TIME_CRAWLING
V/androidripper(  866): Updating value PAUSE_AFTER_TIME
V/androidripper(  866): Updating value PAUSE_AFTER_TRACES
V/androidripper(  866): Updating value TRACE_MAX_DEPTH
V/androidripper(  866): Updating value TRACE_MIN_DEPTH
W/dalvikvm(  866): method Landroid/test/InstrumentationTestRunner$StringResultPrinter;.print incorrectly overrides package-private method with same name in Ljunit/textui/ResultPrinter;
I/TestRunner(  866): started: testAndCrawl(it.unina.androidripper.guitree.GuiTreeEngine)
I/ActivityManager(  280): START u0 {act=android.intent.action.MAIN flg=0x10000000 cmp=net.mandaria.tippytipper/.activities.TippyTipper} from pid 866
D/PermissionCache(   37): checking android.permission.READ_FRAME_BUFFER for uid=1000 => granted (12033 us)
W/WindowManager(  280): Failure taking screenshot for (246x410) to layer 21005
E/SurfaceFlinger(   37): ro.sf.lcd_density must be defined as a build property
I/Choreographer(  280): Skipped 36 frames!  The application may be doing too much work on its main thread.
I/ARMAssembler(   37): generated scanline__00000077:03515104_00009002_00000000 [127 ipp] (149 ins) at [0x419b4460:0x419b46b4] in 634000 ns
D/dalvikvm(  866): GC_CONCURRENT freed 269K, 11% free 2823K/3152K, paused 4ms+74ms, total 106ms
D/FlurryAgent(  866): Starting new session
V/PhoneStatusBar(  561): setLightsOn(true)
E/SurfaceFlinger(   37): ro.sf.lcd_density must be defined as a build property
D/gralloc_goldfish(  866): Emulator without GPU emulation detected.
I/ActivityManager(  280): Displayed net.mandaria.tippytipper/.activities.TippyTipper: +1s308ms
D/androidripper(  866): Generated Resuming Persistence
D/androidripper(  866): Updating node storage
D/androidripper(  866): Loading node storage
V/androidripper(  866): Updating value ACTIVITY_LIST_FILE_NAME
V/androidripper(  866): Updating value FILE_NAME
V/androidripper(  866): Updating value MAX_TRACES_IN_RAM
V/androidripper(  866): Updating value ONLY_FINALTRANSITION
V/androidripper(  866): Updating value PARAMETERS_FILE_NAME
V/androidripper(  866): Updating value TASK_LIST_FILE_NAME
E/dalvikvm(  866): Could not find class 'android.support.v4.app.FragmentActivity', referenced from method com.jayway.android.robotium.solo.Waiter.getSupportFragment
W/dalvikvm(  866): VFY: unable to resolve check-cast 56 (Landroid/support/v4/app/FragmentActivity;) in Lcom/jayway/android/robotium/solo/Waiter;
D/dalvikvm(  866): VFY: replacing opcode 0x1f at 0x0009
I/dalvikvm(  866): Could not find method android.support.v4.app.FragmentActivity.getSupportFragmentManager, referenced from method com.jayway.android.robotium.solo.Waiter.getSupportFragment
W/dalvikvm(  866): VFY: unable to resolve virtual method 141: Landroid/support/v4/app/FragmentActivity;.getSupportFragmentManager ()Landroid/support/v4/app/FragmentManager;
D/dalvikvm(  866): VFY: replacing opcode 0x6e at 0x0010
I/dalvikvm(  866): Could not find method android.support.v4.app.FragmentActivity.getSupportFragmentManager, referenced from method com.jayway.android.robotium.solo.Waiter.getSupportFragment
W/dalvikvm(  866): VFY: unable to resolve virtual method 141: Landroid/support/v4/app/FragmentActivity;.getSupportFragmentManager ()Landroid/support/v4/app/FragmentManager;
D/dalvikvm(  866): VFY: replacing opcode 0x6e at 0x0019
W/dalvikvm(  866): VFY: unable to find class referenced in signature (Landroid/support/v4/app/Fragment;)
W/dalvikvm(  866): VFY: unable to find class referenced in signature (Landroid/support/v4/app/Fragment;)
D/androidripper(  866): Updating node automation
D/androidripper(  866): Loading node automation
V/androidripper(  866): Updating value FORCE_RESTART
V/androidripper(  866): Updating value IN_AND_OUT_FOCUS
V/androidripper(  866): Updating value PRECRAWLING
V/androidripper(  866): Updating value SCREENSHOT_FOR_EVENTS
V/androidripper(  866): Updating value SCREENSHOT_FOR_STATES
V/androidripper(  866): Updating value SCREENSHOT_ONLY_NEW_STATES
V/androidripper(  866): Updating value SLEEP_AFTER_EVENT
V/androidripper(  866): Updating value SLEEP_AFTER_RESTART
V/androidripper(  866): Updating value SLEEP_AFTER_TASK
V/androidripper(  866): Updating value SLEEP_ON_THROBBER
I/androidripper(  866): Waiting for 1 sec.
D/androidripper(  866): Ready to operate after restarting...
I/androidripper(  866): Current activity is activities.TippyTipper
W/androidripper(  866): --->activities.TippyTipper
I/androidripper(  866): Retrieving widgets
D/androidripper(  866): Found widget: id=-1 (android.widget.LinearLayout{40d60598 V.E..... ......I. 0,0-480,800})
D/androidripper(  866): Found widget: id=16909140 (android.view.ViewStub{40d62018 G.E..... ......I. 0,0-0,0 #1020354})
D/androidripper(  866): Found widget: id=-1 (android.widget.FrameLayout{40d62470 V.E..... ......I. 0,38-480,76})
D/androidripper(  866): Found widget: id=16908310 (android.widget.TextView{40d64e78 V.ED.... ......I. 6,1-474,36 #1020016 android:id/title}): Tippy Tipper
D/androidripper(  866): Found widget: id=16908290 (android.widget.FrameLayout{40d65dc8 V.E..... ......I. 0,76-480,800 #1020002 android:id/content})
D/androidripper(  866): Found widget: id=-1 (android.widget.LinearLayout{40d66870 V.E..... ......I. 0,0-480,724})
D/androidripper(  866): Found widget: id=-1 (android.widget.TextView{40d66c58 V.ED.... ......I. 15,0-252,71}): Enter bill amount:
D/androidripper(  866): Found widget: id=2131361792 (android.widget.EditText{40d67328 VFED..CL .F....I. 15,71-465,149 #7f0a0000 app:id/txt_amount}): $0.00
D/androidripper(  866): Found widget: id=-1 (android.widget.LinearLayout{40d72a48 V.E..... ......I. 15,187-465,724})
D/androidripper(  866): Found widget: id=-1 (android.widget.LinearLayout{40d72df0 V.E..... ......I. 0,0-450,84})
D/androidripper(  866): Found widget: id=2131361793 (android.widget.Button{40d73300 VFED..C. ......I. 6,6-144,78 #7f0a0001 app:id/btn_seven}): 7
D/androidripper(  866): Found widget: id=2131361794 (android.widget.Button{40d12fd0 VFED..C. ......I. 156,6-294,78 #7f0a0002 app:id/btn_eight}): 8
