I/dalvikvm(  816): Could not find method android.support.v4.app.FragmentActivity.getSupportFragmentManager, referenced from method com.jayway.android.robotium.solo.Waiter.getSupportFragment
W/dalvikvm(  816): VFY: unable to resolve virtual method 141: Landroid/support/v4/app/FragmentActivity;.getSupportFragmentManager ()Landroid/support/v4/app/FragmentManager;
D/dalvikvm(  816): VFY: replacing opcode 0x6e at 0x0010
I/dalvikvm(  816): Could not find method android.support.v4.app.FragmentActivity.getSupportFragmentManager, referenced from method com.jayway.android.robotium.solo.Waiter.getSupportFragment
W/dalvikvm(  816): VFY: unable to resolve virtual method 141: Landroid/support/v4/app/FragmentActivity;.getSupportFragmentManager ()Landroid/support/v4/app/FragmentManager;
D/dalvikvm(  816): VFY: replacing opcode 0x6e at 0x0019
W/dalvikvm(  816): VFY: unable to find class referenced in signature (Landroid/support/v4/app/Fragment;)
W/dalvikvm(  816): VFY: unable to find class referenced in signature (Landroid/support/v4/app/Fragment;)
D/androidripper(  816): Updating node automation
D/androidripper(  816): Loading node automation
V/androidripper(  816): Updating value FORCE_RESTART
V/androidripper(  816): Updating value IN_AND_OUT_FOCUS
V/androidripper(  816): Updating value PRECRAWLING
V/androidripper(  816): Updating value SCREENSHOT_FOR_EVENTS
V/androidripper(  816): Updating value SCREENSHOT_FOR_STATES
V/androidripper(  816): Updating value SCREENSHOT_ONLY_NEW_STATES
V/androidripper(  816): Updating value SLEEP_AFTER_EVENT
V/androidripper(  816): Updating value SLEEP_AFTER_RESTART
V/androidripper(  816): Updating value SLEEP_AFTER_TASK
V/androidripper(  816): Updating value SLEEP_ON_THROBBER
I/androidripper(  816): Waiting for 1 sec.
D/androidripper(  816): Ready to operate after restarting...
I/androidripper(  816): Current activity is activities.TippyTipper
W/androidripper(  816): --->activities.TippyTipper
I/androidripper(  816): Retrieving widgets
D/androidripper(  816): Found widget: id=-1 (android.widget.LinearLayout{40d2f308 V.E..... ......I. 0,0-480,800})
D/androidripper(  816): Found widget: id=16909140 (android.view.ViewStub{40d30d88 G.E..... ......I. 0,0-0,0 #1020354})
D/androidripper(  816): Found widget: id=-1 (android.widget.FrameLayout{40d311e0 V.E..... ......I. 0,38-480,76})
D/androidripper(  816): Found widget: id=16908310 (android.widget.TextView{40d01518 V.ED.... ......I. 6,1-474,36 #1020016 android:id/title}): Tippy Tipper
D/androidripper(  816): Found widget: id=16908290 (android.widget.FrameLayout{40d02468 V.E..... ......I. 0,76-480,800 #1020002 android:id/content})
D/androidripper(  816): Found widget: id=-1 (android.widget.LinearLayout{40d02f10 V.E..... ......I. 0,0-480,724})
D/androidripper(  816): Found widget: id=-1 (android.widget.TextView{40d032f8 V.ED.... ......I. 15,0-252,71}): Enter bill amount:
D/androidripper(  816): Found widget: id=2131361792 (android.widget.EditText{40d10ea0 VFED..CL .F....I. 15,71-465,149 #7f0a0000 app:id/txt_amount}): $0.00
D/androidripper(  816): Found widget: id=-1 (android.widget.LinearLayout{40d15618 V.E..... ......I. 15,187-465,724})
D/androidripper(  816): Found widget: id=-1 (android.widget.LinearLayout{40d159c0 V.E..... ......I. 0,0-450,84})
D/androidripper(  816): Found widget: id=2131361793 (android.widget.Button{40d15ed0 VFED..C. ......I. 6,6-144,78 #7f0a0001 app:id/btn_seven}): 7
D/androidripper(  816): Found widget: id=2131361794 (android.widget.Button{40d7e958 VFED..C. ......I. 156,6-294,78 #7f0a0002 app:id/btn_eight}): 8
D/androidripper(  816): Found widget: id=2131361795 (android.widget.Button{40d7f3e8 VFED..C. ......I. 306,6-444,78 #7f0a0003 app:id/btn_nine}): 9
D/androidripper(  816): Found widget: id=-1 (android.widget.LinearLayout{40d7fe78 V.E..... ......I. 0,84-450,168})
D/androidripper(  816): Found widget: id=2131361796 (android.widget.Button{40d80220 VFED..C. ......I. 6,6-144,78 #7f0a0004 app:id/btn_four}): 4
D/androidripper(  816): Found widget: id=2131361797 (android.widget.Button{40d80cb0 VFED..C. ......I. 156,6-294,78 #7f0a0005 app:id/btn_five}): 5
D/androidripper(  816): Found widget: id=2131361798 (android.widget.Button{40d81740 VFED..C. ......I. 306,6-444,78 #7f0a0006 app:id/btn_six}): 6
D/androidripper(  816): Found widget: id=-1 (android.widget.LinearLayout{40d821d0 V.E..... ......I. 0,168-450,252})
D/androidripper(  816): Found widget: id=2131361799 (android.widget.Button{40d82578 VFED..C. ......I. 6,6-144,78 #7f0a0007 app:id/btn_one}): 1
D/androidripper(  816): Found widget: id=2131361800 (android.widget.Button{40d83008 VFED..C. ......I. 156,6-294,78 #7f0a0008 app:id/btn_two}): 2
D/androidripper(  816): Found widget: id=2131361801 (android.widget.Button{40d83ae8 VFED..C. ......I. 306,6-444,78 #7f0a0009 app:id/btn_three}): 3
D/androidripper(  816): Found widget: id=-1 (android.widget.LinearLayout{40d84578 V.E..... ......I. 0,252-450,336})
D/androidripper(  816): Found widget: id=2131361802 (android.widget.Button{40d84920 VFED..CL ......I. 6,6-144,78 #7f0a000a app:id/btn_delete}): DEL
D/androidripper(  816): Found widget: id=2131361803 (android.widget.Button{40d853b8 VFED..C. ......I. 156,6-294,78 #7f0a000b app:id/btn_zero}): 0
D/androidripper(  816): Found widget: id=2131361804 (android.widget.Button{40d85e48 VFED..C. ......I. 306,6-444,78 #7f0a000c app:id/btn_ok}): OK
D/androidripper(  816): Found widget: id=-1 (com.android.internal.policy.impl.PhoneWindow$DecorView{40d2e248 V.E..... R.....I. 0,0-480,800})
V/androidripper(  816): TextualID : null
V/androidripper(  816): ContentType detected : default
V/androidripper(  816): TextualID : null
V/androidripper(  816): ContentType detected : default
E/androidripper(  816): java.lang.NoSuchFieldException: mOnFocusChangeListener
V/androidripper(  816): android.widget.EditText > mOnFocusChangeListener NOT FOUND
V/androidripper(  816): TextualID : txt_amount
V/androidripper(  816): ContentType detected : default
V/androidripper(  816): TextualID : btn_seven
V/androidripper(  816): ContentType detected : default
V/androidripper(  816): TextualID : btn_eight
V/androidripper(  816): ContentType detected : default
V/androidripper(  816): TextualID : btn_nine
V/androidripper(  816): ContentType detected : default
V/androidripper(  816): TextualID : btn_four
V/androidripper(  816): ContentType detected : default
V/androidripper(  816): TextualID : btn_five
V/androidripper(  816): ContentType detected : default
V/androidripper(  816): TextualID : btn_six
V/androidripper(  816): ContentType detected : default
V/androidripper(  816): TextualID : btn_one
D/dalvikvm(  816): GC_CONCURRENT freed 320K, 12% free 2985K/3364K, paused 3ms+2ms, total 61ms
V/androidripper(  816): ContentType detected : default
V/androidripper(  816): TextualID : btn_two
V/androidripper(  816): ContentType detected : default
V/androidripper(  816): TextualID : btn_three
V/androidripper(  816): ContentType detected : default
V/androidripper(  816): TextualID : btn_delete
V/androidripper(  816): ContentType detected : default
V/androidripper(  816): TextualID : btn_zero
V/androidripper(  816): ContentType detected : default
V/androidripper(  816): TextualID : btn_ok
V/androidripper(  816): ContentType detected : default
I/androidripper(  816): Attempting to resume previous session
I/androidripper(  816): Reading task file
D/androidripper(  816): Importing trace #1 from disk
D/androidripper(  816): Importing trace #2 from disk
D/androidripper(  816): Importing trace #3 from disk
D/androidripper(  816): Importing trace #4 from disk
D/androidripper(  816): Importing trace #5 from disk
D/androidripper(  816): Importing trace #6 from disk
D/androidripper(  816): Importing trace #7 from disk
D/androidripper(  816): Importing trace #8 from disk
D/androidripper(  816): Importing trace #9 from disk
D/androidripper(  816): Importing trace #10 from disk
D/dalvikvm(  816): GC_CONCURRENT freed 285K, 13% free 3103K/3544K, paused 3ms+3ms, total 49ms
D/dalvikvm(  816): WAIT_FOR_CONCURRENT_GC blocked 24ms
D/androidripper(  816): Importing trace #11 from disk
D/androidripper(  816): Importing trace #12 from disk
D/androidripper(  816): Importing trace #13 from disk
I/androidripper(  816): Reading state file
D/androidripper(  816): Imported activity state a1 from disk
D/androidripper(  816): Performing backup of the old activity list on disk
D/androidripper(  816): Saving new found state 'a1' on disk
V/androidripper(  816): Opening state file in overwrite mode.
D/dalvikvm(  816): GC_CONCURRENT freed 283K, 10% free 3250K/3592K, paused 4ms+32ms, total 86ms
D/androidripper(  816): Backup session footer restored to 
D/androidripper(  816): </SESSION>
D/androidripper(  816): Restored trace count to 14
D/androidripper(  816): Restored abstractor counters to: event = 14 - input = 12 - activity = 2
I/androidripper(  816): Saving the session on disk.
D/dalvikvm(  816): GC_EXPLICIT freed 210K, 11% free 3220K/3592K, paused 3ms+3ms, total 46ms
I/androidripper(  816): Dispatching new task. 13 more tasks remaining.
D/androidripper(  816): Performing backup of the old task list on disk
D/androidripper(  816): Saving task list on disk
V/androidripper(  816): Backing up trace #1 to disk.
V/androidripper(  816): Backing up trace #2 to disk.
V/androidripper(  816): Backing up trace #3 to disk.
V/androidripper(  816): Backing up trace #4 to disk.
V/androidripper(  816): Backing up trace #5 to disk.
V/androidripper(  816): Backing up trace #6 to disk.
V/androidripper(  816): Backing up trace #7 to disk.
V/androidripper(  816): Backing up trace #8 to disk.
V/androidripper(  816): Backing up trace #9 to disk.
V/androidripper(  816): Backing up trace #10 to disk.
V/androidripper(  816): Backing up trace #11 to disk.
V/androidripper(  816): Backing up trace #12 to disk.
V/androidripper(  816): Backing up trace #13 to disk.
D/androidripper(  816): Deleting backup of the old task list from disk
D/androidripper(  816): Deleting backup of the old activity list from disk
D/dalvikvm(  816): GC_CONCURRENT freed 490K, 15% free 3243K/3792K, paused 6ms+2ms, total 91ms
D/dalvikvm(  816): WAIT_FOR_CONCURRENT_GC blocked 28ms
I/androidripper(  816): Restarting
I/androidripper(  816): Waiting for 1 sec.
D/androidripper(  816): Ready to operate after restarting...
I/androidripper(  816): Retrieving widgets
D/androidripper(  816): Found widget: id=-1 (android.widget.LinearLayout{40d2f308 V.E..... ......I. 0,0-480,800})
D/androidripper(  816): Found widget: id=16909140 (android.view.ViewStub{40d30d88 G.E..... ......I. 0,0-0,0 #1020354})
D/androidripper(  816): Found widget: id=-1 (android.widget.FrameLayout{40d311e0 V.E..... ......I. 0,38-480,76})
D/androidripper(  816): Found widget: id=16908310 (android.widget.TextView{40d01518 V.ED.... ......I. 6,1-474,36 #1020016 android:id/title}): Tippy Tipper
D/androidripper(  816): Found widget: id=16908290 (android.widget.FrameLayout{40d02468 V.E..... ......I. 0,76-480,800 #1020002 android:id/content})
D/androidripper(  816): Found widget: id=-1 (android.widget.LinearLayout{40d02f10 V.E..... ......I. 0,0-480,724})
D/androidripper(  816): Found widget: id=-1 (android.widget.TextView{40d032f8 V.ED.... ......I. 15,0-252,71}): Enter bill amount:
D/androidripper(  816): Found widget: id=2131361792 (android.widget.EditText{40d10ea0 VFED..CL .F....I. 15,71-465,149 #7f0a0000 app:id/txt_amount}): $0.00
D/androidripper(  816): Found widget: id=-1 (android.widget.LinearLayout{40d15618 V.E..... ......I. 15,187-465,724})
D/androidripper(  816): Found widget: id=-1 (android.widget.LinearLayout{40d159c0 V.E..... ......I. 0,0-450,84})
D/androidripper(  816): Found widget: id=2131361793 (android.widget.Button{40d15ed0 VFED..C. ......I. 6,6-144,78 #7f0a0001 app:id/btn_seven}): 7
D/androidripper(  816): Found widget: id=2131361794 (android.widget.Button{40d7e958 VFED..C. ......I. 156,6-294,78 #7f0a0002 app:id/btn_eight}): 8
D/androidripper(  816): Found widget: id=2131361795 (android.widget.Button{40d7f3e8 VFED..C. ......I. 306,6-444,78 #7f0a0003 app:id/btn_nine}): 9
D/androidripper(  816): Found widget: id=-1 (android.widget.LinearLayout{40d7fe78 V.E..... ......I. 0,84-450,168})
D/androidripper(  816): Found widget: id=2131361796 (android.widget.Button{40d80220 VFED..C. ......I. 6,6-144,78 #7f0a0004 app:id/btn_four}): 4
D/androidripper(  816): Found widget: id=2131361797 (android.widget.Button{40d80cb0 VFED..C. ......I. 156,6-294,78 #7f0a0005 app:id/btn_five}): 5
D/androidripper(  816): Found widget: id=2131361798 (android.widget.Button{40d81740 VFED..C. ......I. 306,6-444,78 #7f0a0006 app:id/btn_six}): 6
D/androidripper(  816): Found widget: id=-1 (android.widget.LinearLayout{40d821d0 V.E..... ......I. 0,168-450,252})
D/androidripper(  816): Found widget: id=2131361799 (android.widget.Button{40d82578 VFED..C. ......I. 6,6-144,78 #7f0a0007 app:id/btn_one}): 1
D/androidripper(  816): Found widget: id=2131361800 (android.widget.Button{40d83008 VFED..C. ......I. 156,6-294,78 #7f0a0008 app:id/btn_two}): 2
D/androidripper(  816): Found widget: id=2131361801 (android.widget.Button{40d83ae8 VFED..C. ......I. 306,6-444,78 #7f0a0009 app:id/btn_three}): 3
D/androidripper(  816): Found widget: id=-1 (android.widget.LinearLayout{40d84578 V.E..... ......I. 0,252-450,336})
D/androidripper(  816): Found widget: id=2131361802 (android.widget.Button{40d84920 VFED..CL ......I. 6,6-144,78 #7f0a000a app:id/btn_delete}): DEL
D/androidripper(  816): Found widget: id=2131361803 (android.widget.Button{40d853b8 VFED..C. ......I. 156,6-294,78 #7f0a000b app:id/btn_zero}): 0
D/androidripper(  816): Found widget: id=2131361804 (android.widget.Button{40d85e48 VFED..C. ......I. 306,6-444,78 #7f0a000c app:id/btn_ok}): OK
D/androidripper(  816): Found widget: id=-1 (com.android.internal.policy.impl.PhoneWindow$DecorView{40d2e248 V.E..... R.....I. 0,0-480,800})
I/androidripper(  816): Playing Trace 1
I/androidripper(  816): Setting input: type= writeText id=2131361792 value=15
D/androidripper(  816): Added to return list id=2131361792
I/androidripper(  816): Retrieved from return list id=2131361792
D/androidripper(  816): Testing for type (android.widget.EditText) against the original (android.widget.EditText)
D/androidripper(  816): Testing for name () against the original ()
I/Choreographer(  816): Skipped 131 frames!  The application may be doing too much work on its main thread.
I/androidripper(  816): Retrieved from return list id=2131361794
D/androidripper(  816): Testing for type (android.widget.Button) against the original (android.widget.Button)
D/androidripper(  816): Testing for name (8) against the original (8)
I/androidripper(  816): Firing event: type= click index=11 widget=android.widget.Button
D/dalvikvm(  816): GC_CONCURRENT freed 404K, 15% free 3228K/3792K, paused 5ms+3ms, total 48ms
D/androidripper(  816): Event description: 8
I/androidripper(  816): Waiting for 1 sec.
I/androidripper(  816): Current activity is activities.TippyTipper
I/androidripper(  816): Retrieving widgets
D/androidripper(  816): Found widget: id=-1 (android.widget.LinearLayout{40d2f308 V.E..... ......I. 0,0-480,800})
D/androidripper(  816): Found widget: id=16909140 (android.view.ViewStub{40d30d88 G.E..... ......I. 0,0-0,0 #1020354})
D/androidripper(  816): Found widget: id=-1 (android.widget.FrameLayout{40d311e0 V.E..... ......I. 0,38-480,76})
D/androidripper(  816): Found widget: id=16908310 (android.widget.TextView{40d01518 V.ED.... ......I. 6,1-474,36 #1020016 android:id/title}): Tippy Tipper
D/androidripper(  816): Found widget: id=16908290 (android.widget.FrameLayout{40d02468 V.E..... ......I. 0,76-480,800 #1020002 android:id/content})
D/androidripper(  816): Found widget: id=-1 (android.widget.LinearLayout{40d02f10 V.E..... ......I. 0,0-480,724})
D/androidripper(  816): Found widget: id=-1 (android.widget.TextView{40d032f8 V.ED.... ......I. 15,0-252,71}): Enter bill amount:
D/androidripper(  816): Found widget: id=2131361792 (android.widget.EditText{40d10ea0 VFED..CL ......I. 15,71-465,149 #7f0a0000 app:id/txt_amount}): $0.08
D/androidripper(  816): Found widget: id=-1 (android.widget.LinearLayout{40d15618 V.E..... ......I. 15,187-465,724})
D/androidripper(  816): Found widget: id=-1 (android.widget.LinearLayout{40d159c0 V.E..... ......I. 0,0-450,84})
D/androidripper(  816): Found widget: id=2131361793 (android.widget.Button{40d15ed0 VFED..C. ......I. 6,6-144,78 #7f0a0001 app:id/btn_seven}): 7
D/androidripper(  816): Found widget: id=2131361794 (android.widget.Button{40d7e958 VFED..C. ......I. 156,6-294,78 #7f0a0002 app:id/btn_eight}): 8
D/androidripper(  816): Found widget: id=2131361795 (android.widget.Button{40d7f3e8 VFED..C. ......I. 306,6-444,78 #7f0a0003 app:id/btn_nine}): 9
D/androidripper(  816): Found widget: id=-1 (android.widget.LinearLayout{40d7fe78 V.E..... ......I. 0,84-450,168})
D/androidripper(  816): Found widget: id=2131361796 (android.widget.Button{40d80220 VFED..C. ......I. 6,6-144,78 #7f0a0004 app:id/btn_four}): 4
D/androidripper(  816): Found widget: id=2131361797 (android.widget.Button{40d80cb0 VFED..C. ......I. 156,6-294,78 #7f0a0005 app:id/btn_five}): 5
D/androidripper(  816): Found widget: id=2131361798 (android.widget.Button{40d81740 VFED..C. ......I. 306,6-444,78 #7f0a0006 app:id/btn_six}): 6
D/androidripper(  816): Found widget: id=-1 (android.widget.LinearLayout{40d821d0 V.E..... ......I. 0,168-450,252})
D/androidripper(  816): Found widget: id=2131361799 (android.widget.Button{40d82578 VFED..C. ......I. 6,6-144,78 #7f0a0007 app:id/btn_one}): 1
D/androidripper(  816): Found widget: id=2131361800 (android.widget.Button{40d83008 VFED..C. ......I. 156,6-294,78 #7f0a0008 app:id/btn_two}): 2
D/androidripper(  816): Found widget: id=2131361801 (android.widget.Button{40d83ae8 VFED..C. ......I. 306,6-444,78 #7f0a0009 app:id/btn_three}): 3
D/androidripper(  816): Found widget: id=-1 (android.widget.LinearLayout{40d84578 V.E..... ......I. 0,252-450,336})
D/androidripper(  816): Found widget: id=2131361802 (android.widget.Button{40d84920 VFED..CL ......I. 6,6-144,78 #7f0a000a app:id/btn_delete}): DEL
D/androidripper(  816): Found widget: id=2131361803 (android.widget.Button{40d853b8 VFED..C. ......I. 156,6-294,78 #7f0a000b app:id/btn_zero}): 0
D/androidripper(  816): Found widget: id=2131361804 (android.widget.Button{40d85e48 VFED..C. ......I. 306,6-444,78 #7f0a000c app:id/btn_ok}): OK
D/androidripper(  816): Found widget: id=-1 (com.android.internal.policy.impl.PhoneWindow$DecorView{40d2e248 V.E..... R.....I. 0,0-480,800})
V/androidripper(  816): TextualID : null
V/androidripper(  816): ContentType detected : default
V/androidripper(  816): TextualID : null
V/androidripper(  816): ContentType detected : default
E/androidripper(  816): java.lang.NoSuchFieldException: mOnFocusChangeListener
V/androidripper(  816): android.widget.EditText > mOnFocusChangeListener NOT FOUND
V/androidripper(  816): TextualID : txt_amount
V/androidripper(  816): ContentType detected : default
V/androidripper(  816): TextualID : btn_seven
V/androidripper(  816): ContentType detected : default
V/androidripper(  816): TextualID : btn_eight
V/androidripper(  816): ContentType detected : default
V/androidripper(  816): TextualID : btn_nine
V/androidripper(  816): ContentType detected : default
V/androidripper(  816): TextualID : btn_four
V/androidripper(  816): ContentType detected : default
V/androidripper(  816): TextualID : btn_five
V/androidripper(  816): ContentType detected : default
V/androidripper(  816): TextualID : btn_six
V/androidripper(  816): ContentType detected : default
V/androidripper(  816): TextualID : btn_one
V/androidripper(  816): ContentType detected : default
V/androidripper(  816): TextualID : btn_two
V/androidripper(  816): ContentType detected : default
V/androidripper(  816): TextualID : btn_three
V/androidripper(  816): ContentType detected : default
V/androidripper(  816): TextualID : btn_delete
V/androidripper(  816): ContentType detected : default
V/androidripper(  816): TextualID : btn_zero
V/androidripper(  816): ContentType detected : default
V/androidripper(  816): TextualID : btn_ok
V/androidripper(  816): ContentType detected : default
I/androidripper(  816): Performing comparation for activity TippyTipper
D/androidripper(  816): Comparing against activity TippyTipper
D/androidripper(  816): Looking for additional widgets
D/androidripper(  816): Comparator found widget -1 (type = linearLayout)
D/androidripper(  816): Comparator found widget -1 (type = )
D/androidripper(  816): Comparator found widget 16908310 (type = text)
V/androidripper(  816): Comparing text #16908310
D/androidripper(  816): Comparator found widget 16908290 (type = )
D/androidripper(  816): Comparator found widget -1 (type = linearLayout)
D/androidripper(  816): Comparator found widget -1 (type = text)
D/androidripper(  816): Comparator found widget 2131361792 (type = editText)
V/androidripper(  816): Comparing editText #2131361792
D/androidripper(  816): Comparator found widget -1 (type = linearLayout)
D/androidripper(  816): Comparator found widget -1 (type = linearLayout)
D/androidripper(  816): Comparator found widget 2131361793 (type = button)
V/androidripper(  816): Comparing button #2131361793
D/androidripper(  816): Comparator found widget 2131361794 (type = button)
V/androidripper(  816): Comparing button #2131361794
D/androidripper(  816): Comparator found widget 2131361795 (type = button)
V/androidripper(  816): Comparing button #2131361795
D/androidripper(  816): Comparator found widget -1 (type = linearLayout)
D/androidripper(  816): Comparator found widget 2131361796 (type = button)
V/androidripper(  816): Comparing button #2131361796
D/androidripper(  816): Comparator found widget 2131361797 (type = button)
V/androidripper(  816): Comparing button #2131361797
D/androidripper(  816): Comparator found widget 2131361798 (type = button)
V/androidripper(  816): Comparing button #2131361798
D/androidripper(  816): Comparator found widget -1 (type = linearLayout)
D/androidripper(  816): Comparator found widget 2131361799 (type = button)
V/androidripper(  816): Comparing button #2131361799
D/androidripper(  816): Comparator found widget 2131361800 (type = button)
V/androidripper(  816): Comparing button #2131361800
D/androidripper(  816): Comparator found widget 2131361801 (type = button)
V/androidripper(  816): Comparing button #2131361801
D/androidripper(  816): Comparator found widget -1 (type = linearLayout)
D/androidripper(  816): Comparator found widget 2131361802 (type = button)
V/androidripper(  816): Comparing button #2131361802
D/androidripper(  816): Comparator found widget 2131361803 (type = button)
V/androidripper(  816): Comparing button #2131361803
D/androidripper(  816): Comparator found widget 2131361804 (type = button)
V/androidripper(  816): Comparing button #2131361804
D/androidripper(  816): Comparator found widget -1 (type = )
D/androidripper(  816): Looking for missing widgets
D/androidripper(  816): Comparator found widget -1 (type = linearLayout)
D/androidripper(  816): Comparator found widget -1 (type = )
D/dalvikvm(  816): GC_CONCURRENT freed 392K, 15% free 3259K/3792K, paused 7ms+40ms, total 225ms
D/androidripper(  816): Comparator found widget 16908310 (type = text)
D/androidripper(  816): Comparator found widget 16908290 (type = )
D/androidripper(  816): Comparator found widget -1 (type = linearLayout)
D/androidripper(  816): Comparator found widget -1 (type = text)
D/androidripper(  816): Comparator found widget 2131361792 (type = editText)
D/androidripper(  816): Comparator found widget -1 (type = linearLayout)
D/androidripper(  816): Comparator found widget -1 (type = linearLayout)
D/androidripper(  816): Comparator found widget 2131361793 (type = button)
D/androidripper(  816): Comparator found widget 2131361794 (type = button)
D/androidripper(  816): Comparator found widget 2131361795 (type = button)
D/androidripper(  816): Comparator found widget -1 (type = linearLayout)
D/androidripper(  816): Comparator found widget 2131361796 (type = button)
D/androidripper(  816): Comparator found widget 2131361797 (type = button)
D/androidripper(  816): Comparator found widget 2131361798 (type = button)
D/androidripper(  816): Comparator found widget -1 (type = linearLayout)
D/androidripper(  816): Comparator found widget 2131361799 (type = button)
D/androidripper(  816): Comparator found widget 2131361800 (type = button)
D/androidripper(  816): Comparator found widget 2131361801 (type = button)
D/androidripper(  816): Comparator found widget -1 (type = linearLayout)
D/androidripper(  816): Comparator found widget 2131361802 (type = button)
D/androidripper(  816): Comparator found widget 2131361803 (type = button)
D/androidripper(  816): Comparator found widget 2131361804 (type = button)
D/androidripper(  816): Comparator found widget -1 (type = )
D/androidripper(  816): This activity state is equivalent to a1
D/dalvikvm(  816): GC_FOR_ALLOC freed 16K, 15% free 3255K/3792K, paused 43ms, total 45ms
I/dalvikvm-heap(  816): Grow heap (frag case) to 4.700MB for 1536016-byte allocation
D/dalvikvm(  816): GC_FOR_ALLOC freed <1K, 11% free 4755K/5296K, paused 33ms, total 33ms
I/AudioService(  296):  AudioFocus  abandonAudioFocus() from android.media.AudioManager@40cd9828com.android.music.MediaPlaybackService$3@40cd8448
D/dalvikvm(  816): GC_CONCURRENT freed <1K, 11% free 4755K/5296K, paused 5ms+22ms, total 108ms
D/dalvikvm(  816): GC_FOR_ALLOC freed <1K, 11% free 4755K/5296K, paused 26ms, total 26ms
I/dalvikvm-heap(  816): Grow heap (frag case) to 6.165MB for 1536016-byte allocation
D/dalvikvm(  816): GC_CONCURRENT freed 0K, 9% free 6255K/6800K, paused 5ms+3ms, total 34ms
D/dalvikvm(  816): WAIT_FOR_CONCURRENT_GC blocked 14ms
I/androidripper(  816): Saved image on disk: a3.jpg
I/androidripper(  816): Waiting for 1 sec.
I/androidripper(  816): Session count is 1. Will dump to disk at 1
I/androidripper(  816): Saving the session on disk.
D/dalvikvm(  816): GC_EXPLICIT freed 3106K, 15% free 3258K/3792K, paused 3ms+4ms, total 44ms
I/androidripper(  816): Check for pause: 0 steps left of 1
I/androidripper(  816): Saving the session on disk. This is the last batch. The session will be terminated.
D/androidripper(  816): Performing backup of the old task list on disk
D/androidripper(  816): Saving task list on disk
V/androidripper(  816): Backing up trace #2 to disk.
V/androidripper(  816): Backing up trace #3 to disk.
V/androidripper(  816): Backing up trace #4 to disk.
V/androidripper(  816): Backing up trace #5 to disk.
V/androidripper(  816): Backing up trace #6 to disk.
V/androidripper(  816): Backing up trace #7 to disk.
V/androidripper(  816): Backing up trace #8 to disk.
V/androidripper(  816): Backing up trace #9 to disk.
V/androidripper(  816): Backing up trace #10 to disk.
V/androidripper(  816): Backing up trace #11 to disk.
V/androidripper(  816): Backing up trace #12 to disk.
V/androidripper(  816): Backing up trace #13 to disk.
D/dalvikvm(  816): GC_CONCURRENT freed 400K, 13% free 3359K/3824K, paused 3ms+28ms, total 77ms
D/androidripper(  816): Deleting backup of the old task list from disk
W/WindowManager(  296): Failure taking screenshot for (246x410) to layer 21010
W/ActivityManager(  296): Duplicate finish request for ActivityRecord{40ed03b0 u0 net.mandaria.tippytipper/.activities.TippyTipper}
D/dalvikvm(  816): GC_EXPLICIT freed 114K, 15% free 3257K/3824K, paused 7ms+3ms, total 78ms
D/dalvikvm(  816): GC_EXPLICIT freed <1K, 15% free 3256K/3824K, paused 3ms+3ms, total 86ms
I/TestRunner(  816): finished: testAndCrawl(it.unina.androidripper.guitree.GuiTreeEngine)
I/TestRunner(  816): passed: testAndCrawl(it.unina.androidripper.guitree.GuiTreeEngine)
D/AndroidRuntime(  806): Shutting down VM
D/dalvikvm(  806): GC_CONCURRENT freed 98K, 18% free 470K/572K, paused 1ms+2ms, total 9ms
D/jdwp    (  806): Got wake-up signal, bailing out of select
D/dalvikvm(  806): Debugger has detached; object registry had 1 entries
I/ActivityManager(  296): Force stopping package net.mandaria.tippytipper appid=10047 user=0
I/ActivityManager(  296): Killing proc 816:net.mandaria.tippytipper/u0a10047: force stop net.mandaria.tippytipper
I/WindowState(  296): WIN DEATH: Window{41042a18 u0 net.mandaria.tippytipper/net.mandaria.tippytipper.activities.TippyTipper EXITING}
I/Choreographer(  296): Skipped 32 frames!  The application may be doing too much work on its main thread.
I/Choreographer(  430): Skipped 146 frames!  The application may be doing too much work on its main thread.
E/SurfaceFlinger(   37): ro.sf.lcd_density must be defined as a build property
W/InputMethodManagerService(  296): Got RemoteException sending setActive(false) notification to pid 816 uid 10047
D/AndroidRuntime(  842): 
D/AndroidRuntime(  842): >>>>>> AndroidRuntime START com.android.internal.os.RuntimeInit <<<<<<
D/AndroidRuntime(  842): CheckJNI is ON
D/dalvikvm(  842): Trying to load lib libjavacore.so 0x0
D/dalvikvm(  842): Added shared lib libjavacore.so 0x0
D/dalvikvm(  842): Trying to load lib libnativehelper.so 0x0
D/dalvikvm(  842): Added shared lib libnativehelper.so 0x0
D/AndroidRuntime(  842): Calling main entry com.android.commands.am.Am
D/dalvikvm(  842): Note: class Landroid/app/ActivityManagerNative; has 157 unimplemented (abstract) methods
D/dalvikvm(  852): Not late-enabling CheckJNI (already on)
I/ActivityManager(  296): Start proc net.mandaria.tippytipper for broadcast net.mandaria.tippytipper/.EmmaInstrument.SMSInstrumentedReceiver: pid=852 uid=10047 gids={50047, 1015, 3003, 1028}
I/dalvikvm(  852): Turning on JNI app bug workarounds for target SDK version 4...
E/Trace   (  852): error opening trace file: No such file or directory (2)
D/dalvikvm(  852): GC_CONCURRENT freed 206K, 10% free 2625K/2896K, paused 4ms+12ms, total 49ms
I/System.out(  852): EMMA: collecting runtime coverage data ...
D/EmmaInstrumentation:(  852): Intermidate Dump Called with file name :/mnt/sdcard/coverage.ec
D/EmmaInstrumentation:(  852): generateCoverageReport()
I/System.out(  852): EMMA: runtime coverage data merged into [/mnt/sdcard/coverage.ec] {in 10 ms}
D/AndroidRuntime(  842): Shutting down VM
D/dalvikvm(  842): GC_CONCURRENT freed 95K, 17% free 501K/600K, paused 1ms+1ms, total 9ms
D/jdwp    (  842): Got wake-up signal, bailing out of select
D/dalvikvm(  842): Debugger has detached; object registry had 1 entries
W/Resources(   38): Preloaded drawable resource #0x10805c1 (android:drawable/tab_unselected_holo) that varies with configuration!!
W/Resources(   38): Preloaded drawable resource #0x10805bc (android:drawable/tab_selected_holo) that varies with configuration!!
W/Resources(   38): Preloaded drawable resource #0x10805c0 (android:drawable/tab_unselected_focused_holo) that varies with configuration!!
W/Resources(   38): Preloaded drawable resource #0x10805bb (android:drawable/tab_selected_focused_holo) that varies with configuration!!
W/Resources(   38): Preloaded drawable resource #0x10805c2 (android:drawable/tab_unselected_pressed_holo) that varies with configuration!!
W/Resources(   38): Preloaded drawable resource #0x10805bd (android:drawable/tab_selected_pressed_holo) that varies with configuration!!
W/Resources(   38): Preloaded drawable resource #0x10805c2 (android:drawable/tab_unselected_pressed_holo) that varies with configuration!!
W/Resources(   38): Preloaded drawable resource #0x10805bd (android:drawable/tab_selected_pressed_holo) that varies with configuration!!
W/Resources(   38): Preloaded drawable resource #0x10805bd (android:drawable/tab_selected_pressed_holo) that varies with configuration!!
W/Resources(   38): Preloaded drawable resource #0x10805c1 (android:drawable/tab_unselected_holo) that varies with configuration!!
W/Resources(   38): Preloaded drawable resource #0x10805bc (android:drawable/tab_selected_holo) that varies with configuration!!
W/Resources(   38): Preloaded drawable resource #0x10805c0 (android:drawable/tab_unselected_focused_holo) that varies with configuration!!
W/Resources(   38): Preloaded drawable resource #0x10805bb (android:drawable/tab_selected_focused_holo) that varies with configuration!!
W/Resources(   38): Preloaded drawable resource #0x10805c2 (android:drawable/tab_unselected_pressed_holo) that varies with configuration!!
W/Resources(   38): Preloaded drawable resource #0x10805bd (android:drawable/tab_selected_pressed_holo) that varies with configuration!!
W/Resources(   38): Preloaded drawable resource #0x10804a5 (android:drawable/quickcontact_badge_overlay_pressed_dark) that varies with configuration!!
W/Resources(   38): Preloaded drawable resource #0x10804a0 (android:drawable/quickcontact_badge_overlay_focused_dark) that varies with configuration!!
W/Resources(   38): Preloaded drawable resource #0x10804a3 (android:drawable/quickcontact_badge_overlay_normal_dark) that varies with configuration!!
W/Resources(   38): Preloaded drawable resource #0x10804a3 (android:drawable/quickcontact_badge_overlay_normal_dark) that varies with configuration!!
W/Resources(   38): Preloaded drawable resource #0x10804a3 (android:drawable/quickcontact_badge_overlay_normal_dark) that varies with configuration!!
D/dalvikvm(   38): GC_EXPLICIT freed 56K, 26% free 2365K/3156K, paused 3ms+2ms, total 80ms
W/Resources(   38): Preloaded drawable resource #0x10804a5 (android:drawable/quickcontact_badge_overlay_pressed_dark) that varies with configuration!!
W/Resources(   38): Preloaded drawable resource #0x10804a6 (android:drawable/quickcontact_badge_overlay_pressed_light) that varies with configuration!!
W/Resources(   38): Preloaded drawable resource #0x10804a1 (android:drawable/quickcontact_badge_overlay_focused_light) that varies with configuration!!
W/Resources(   38): Preloaded drawable resource #0x10804a4 (android:drawable/quickcontact_badge_overlay_normal_light) that varies with configuration!!
W/Resources(   38): Preloaded drawable resource #0x10804a4 (android:drawable/quickcontact_badge_overlay_normal_light) that varies with configuration!!
W/Resources(   38): Preloaded drawable resource #0x10804a4 (android:drawable/quickcontact_badge_overlay_normal_light) that varies with configuration!!
W/Resources(   38): Preloaded drawable resource #0x10804a6 (android:drawable/quickcontact_badge_overlay_pressed_light) that varies with configuration!!
I/Zygote  (   38): ...preloaded 270 resources in 7182ms.
D/dalvikvm(   38): GC_EXPLICIT freed 48K, 25% free 2369K/3156K, paused 2ms+3ms, total 79ms
I/Zygote  (   38): ...preloaded 31 resources in 131ms.
D/dalvikvm(   38): GC_EXPLICIT freed 9K, 25% free 2377K/3156K, paused 39ms+3ms, total 71ms
D/dalvikvm(   38): GC_EXPLICIT freed 7K, 25% free 2369K/3156K, paused 2ms+3ms, total 67ms
D/dalvikvm(   38): GC_EXPLICIT freed <1K, 25% free 2369K/3156K, paused 13ms+3ms, total 77ms
I/dalvikvm(   38): System server process 276 has been created
I/Zygote  (   38): Accepting command socket connections
E/BatteryService(  276): usbOnlinePath not found
E/BatteryService(  276): wirelessOnlinePath not found
E/BatteryService(  276): batteryVoltagePath not found
E/BatteryService(  276): batteryTemperaturePath not found
I/sysproc (  276): Entered system_init()
I/sysproc (  276): ServiceManager: 0x2a185920
D/SensorService(  276): nuSensorService starting...
I/SensorService(  276): Goldfish 3-axis Accelerometer
I/SensorService(  276): Goldfish 3-axis Magnetic field sensor
I/SensorService(  276): Goldfish Orientation sensor
I/SensorService(  276): Goldfish Temperature sensor
I/SensorService(  276): Goldfish Proximity sensor
D/SensorService(  276): nuSensorService thread starting...
I/sysproc (  276): System server: starting Android runtime.
I/sysproc (  276): System server: starting Android services.
I/SystemServer(  276): Entered the Android system server!
I/sysproc (  276): System server: entering thread pool.
I/SystemServer(  276): Enabled StrictMode logging for UI Looper
I/SystemServer(  276): Waiting for installd to be ready.
I/Installer(  276): connecting...
I/installd(   41): new connection
I/SystemServer(  276): Entropy Mixer
I/SystemServer(  276): Enabled StrictMode logging for WM Looper
I/SystemServer(  276): Power Manager
E/PowerManagerService-JNI(  276): Couldn't load power module (No such file or directory)
I/SystemServer(  276): Activity Manager
I/ActivityManager(  276): Memory class: 48
W/UsageStats(  276): Usage stats version changed; dropping
I/ActivityManager(  276): Enabled StrictMode logging for AThread's Looper
I/SystemServer(  276): Display Manager
E/SurfaceFlinger(   37): ro.sf.lcd_density must be defined as a build property
I/SystemServer(  276): Telephony Registry
I/DisplayManagerService(  276): Display device added: DisplayDeviceInfo{"Built-in Screen": 480 x 800, 260.416 fps, density 240, 240.0 x 240.0 dpi, touch INTERNAL, FLAG_DEFAULT_DISPLAY, FLAG_ROTATES_WITH_CONTENT, FLAG_SECURE, FLAG_SUPPORTS_PROTECTED_BUFFERS, rotation 0, type BUILT_IN, address null}
I/SystemServer(  276): Scheduling Policy
I/SystemServer(  276): Package Manager
D/dalvikvm(  276): GC_CONCURRENT freed 306K, 13% free 2553K/2928K, paused 4ms+2ms, total 57ms
D/dalvikvm(  276): WAIT_FOR_CONCURRENT_GC blocked 8ms
W/PackageManager(  276): Running ENG build: no pre-dexopt!
D/dalvikvm(  276): GC_CONCURRENT freed 280K, 12% free 2704K/3044K, paused 4ms+5ms, total 162ms
D/dalvikvm(  276): GC_CONCURRENT freed 132K, 7% free 2965K/3156K, paused 4ms+2ms, total 82ms
W/PackageParser(  276): No actions in intent filter at /system/app/Contacts.apk Binary XML file line #533
D/dalvikvm(  276): GC_CONCURRENT freed 244K, 9% free 3145K/3452K, paused 4ms+4ms, total 69ms
D/dalvikvm(  276): GC_CONCURRENT freed 215K, 8% free 3344K/3620K, paused 56ms+4ms, total 148ms
W/PackageManager(  276): Package com.android.camera desires unavailable shared library com.google.android.media.effects; ignoring!
D/PackageManager(  276): No files in app dir /vendor/app
D/dalvikvm(  276): GC_CONCURRENT freed 216K, 8% free 3630K/3908K, paused 4ms+57ms, total 231ms
W/PackageParser(  276): No actions in intent filter at /data/app/ApiDemos.apk Binary XML file line #2737
W/PackageParser(  276): No actions in intent filter at /data/app/ApiDemos.apk Binary XML file line #2743
W/PackageManager(  276): Package com.example.android.apis desires unavailable shared library com.example.will.never.exist; ignoring!
I/PackageManager(  276): Time to scan packages: 3.678 seconds
W/PackageManager(  276): Unknown permission com.google.android.googleapps.permission.GOOGLE_AUTH.mail in package com.android.contacts
W/PackageManager(  276): Unknown permission android.permission.ADD_SYSTEM_SERVICE in package com.android.phone
W/PackageManager(  276): Unknown permission com.android.smspush.WAPPUSH_MANAGER_BIND in package com.android.phone
W/PackageManager(  276): Unknown permission com.google.android.googleapps.permission.GOOGLE_AUTH in package com.android.providers.calendar
W/PackageManager(  276): Unknown permission com.google.android.googleapps.permission.GOOGLE_AUTH.cl in package com.android.providers.calendar
W/PackageManager(  276): Unknown permission com.google.android.googleapps.permission.GOOGLE_AUTH.mail in package com.android.calendar
W/PackageManager(  276): Not granting permission android.permission.SEND_DOWNLOAD_COMPLETED_INTENTS to package com.android.browser (protectionLevel=2 flags=0x9be45)
W/PackageManager(  276): Not granting permission android.permission.BIND_APPWIDGET to package com.android.widgetpreview (protectionLevel=18 flags=0x8be44)
W/PackageManager(  276): Unknown permission com.google.android.googleapps.permission.GOOGLE_AUTH in package com.android.settings
W/PackageManager(  276): Unknown permission com.google.android.gallery3d.permission.GALLERY_PROVIDER in package com.android.exchange
W/PackageManager(  276): Unknown permission com.google.android.googleapps.permission.ACCESS_GOOGLE_PASSWORD in package com.android.development
W/PackageManager(  276): Unknown permission com.google.android.googleapps.permission.GOOGLE_AUTH in package com.android.development
W/PackageManager(  276): Unknown permission com.google.android.googleapps.permission.GOOGLE_AUTH.ALL_SERVICES in package com.android.development
W/PackageManager(  276): Unknown permission com.google.android.googleapps.permission.GOOGLE_AUTH.YouTubeUser in package com.android.development
W/PackageManager(  276): Unknown permission com.google.android.gallery3d.permission.GALLERY_PROVIDER in package com.android.email
W/PackageManager(  276): Not granting permission android.permission.DEVICE_POWER to package com.android.deskclock (protectionLevel=2 flags=0x8be45)
D/dalvikvm(  276): GC_CONCURRENT freed 326K, 10% free 3744K/4132K, paused 4ms+3ms, total 61ms
D/dalvikvm(  276): WAIT_FOR_CONCURRENT_GC blocked 19ms
D/dalvikvm(  276): GC_EXPLICIT freed 120K, 13% free 3623K/4132K, paused 3ms+3ms, total 61ms
I/SystemServer(  276): User Service
I/SystemServer(  276): Account Manager
I/SystemServer(  276): Content Manager
I/SystemServer(  276): System Content Providers
I/SystemServer(  276): Lights Service
I/SystemServer(  276): Battery Service
I/SystemServer(  276): Vibrator Service
I/libsuspend(  276): Selected early suspend
I/libsuspend(  276): Starting early suspend unblocker thread
D/PermissionCache(   37): checking android.permission.ACCESS_SURFACE_FLINGER for uid=1000 => granted (2194 us)
D/SurfaceFlinger(   37): Screen acquired, type=0 flinger=0x2a007318
D/SurfaceFlinger(   37):  screen was previously acquired
I/SystemServer(  276): Alarm Manager
D/AlarmManagerService(  276): Kernel timezone updated to 0 minutes west of GMT
I/SystemServer(  276): Init Watchdog
I/SystemServer(  276): Input Manager
I/InputManager(  276): Initializing input manager, mUseDevInputEventForAudioJack=false
I/SystemServer(  276): Window Manager
E/SoundPool(  276): error loading /system/media/audio/ui/Lock.ogg
W/KeyguardViewMediator(  276): failed to load lock sound from /system/media/audio/ui/Lock.ogg
E/SoundPool(  276): error loading /system/media/audio/ui/Unlock.ogg
W/KeyguardViewMediator(  276): failed to load unlock sound from /system/media/audio/ui/Unlock.ogg
D/dalvikvm(  276): GC_CONCURRENT freed 256K, 8% free 3804K/4132K, paused 4ms+4ms, total 97ms
I/InputManager(  276): Starting input manager
I/SystemServer(  276): No Bluetooh Service (emulator)
I/SystemServer(  276): Input Method Service
W/InputMethodManagerService(  276): Couldn't create dir.: /data/system/inputmethod
I/EventHub(  276): New device: id=1, fd=89, path='/dev/input/event0', name='qwerty2', classes=0x2d, configuration='/system/usr/idc/qwerty2.idc', keyLayout='/system/usr/keylayout/qwerty.kl', keyCharacterMap='/system/usr/keychars/qwerty2.kcm', builtinKeyboard=true, usingSuspendBlockIoctl=false, usingClockIoctl=false
E/EventHub(  276): could not get driver version for /dev/input/mouse0, Not a typewriter
E/EventHub(  276): could not get driver version for /dev/input/mice, Not a typewriter
I/InputReader(  276): Device added: id=-1, name='Virtual', sources=0x00000301
I/InputReader(  276):   Touch device 'qwerty2' could not query the properties of its associated display.  The device will be inoperable until the display size becomes available.
I/InputReader(  276): Device added: id=0, name='qwerty2', sources=0x00011307
E/Trace   (  276): error opening trace file: No such file or directory (2)
I/SystemServer(  276): Accessibility Manager
I/ActivityManager(  276): Config changes=15f8 {1.0 ?mcc?mnc en_US ldltr sw320dp w320dp h508dp 240dpi nrml long port ?uimode ?night finger -keyb/v/h tball/v s.2}
I/InputReader(  276): Reconfiguring input devices.  changes=0x00000004
I/InputReader(  276): Device reconfigured: id=0, name='qwerty2', size 480x800, orientation 0, mode 1, display id 0
I/InputReader(  276): Reconfiguring input devices.  changes=0x00000004
I/InputReader(  276): Device reconfigured: id=0, name='qwerty2', size 480x800, orientation 0, mode 1, display id 0
I/SystemServer(  276): Mount Service
D/MountService(  276): got storage path: /mnt/sdcard description: USB storage primary: true removable: false emulated: false mtpReserve: 0 allowMassStorage: false maxFileSize: 0
D/MountService(  276): addVolumeLocked() StorageVolume [mStorageId=0 mPath=/mnt/sdcard mDescriptionId=17040615 mPrimary=true mRemovable=false mEmulated=false mMtpReserveSpace=0 mAllowMassStorage=false mMaxFileSize=0 mOwner=null]
I/SystemServer(  276): LockSettingsService
I/SystemServer(  276): Device Policy
I/SystemServer(  276): Status Bar
I/SystemServer(  276): Clipboard Service
I/SystemServer(  276): NetworkManagement Service
I/SystemServer(  276): Text Service Manager Service
D/dalvikvm(  276): GREF has increased to 201
D/MountService(  276): volume state changed for /mnt/sdcard (null -> unmounted)
I/PackageManager(  276): Updating external media status from unmounted to unmounted
W/MountService(  276): getSecureContainerList() called when storage not mounted
I/PackageManager(  276): No secure containers on sdcard
W/PackageManager(  276): Unknown permission com.google.android.googleapps.permission.GOOGLE_AUTH.mail in package com.android.contacts
W/PackageManager(  276): Unknown permission android.permission.ADD_SYSTEM_SERVICE in package com.android.phone
W/PackageManager(  276): Unknown permission com.android.smspush.WAPPUSH_MANAGER_BIND in package com.android.phone
W/PackageManager(  276): Unknown permission com.google.android.googleapps.permission.GOOGLE_AUTH in package com.android.providers.calendar
W/PackageManager(  276): Unknown permission com.google.android.googleapps.permission.GOOGLE_AUTH.cl in package com.android.providers.calendar
W/PackageManager(  276): Unknown permission com.google.android.googleapps.permission.GOOGLE_AUTH.mail in package com.android.calendar
W/PackageManager(  276): Not granting permission android.permission.SEND_DOWNLOAD_COMPLETED_INTENTS to package com.android.browser (protectionLevel=2 flags=0x89be45)
W/PackageManager(  276): Not granting permission android.permission.BIND_APPWIDGET to package com.android.widgetpreview (protectionLevel=18 flags=0x8be44)
W/PackageManager(  276): Unknown permission com.google.android.googleapps.permission.GOOGLE_AUTH in package com.android.settings
W/PackageManager(  276): Unknown permission com.google.android.gallery3d.permission.GALLERY_PROVIDER in package com.android.exchange
W/PackageManager(  276): Unknown permission com.google.android.googleapps.permission.ACCESS_GOOGLE_PASSWORD in package com.android.development
W/PackageManager(  276): Unknown permission com.google.android.googleapps.permission.GOOGLE_AUTH in package com.android.development
W/PackageManager(  276): Unknown permission com.google.android.googleapps.permission.GOOGLE_AUTH.ALL_SERVICES in package com.android.development
W/PackageManager(  276): Unknown permission com.google.android.googleapps.permission.GOOGLE_AUTH.YouTubeUser in package com.android.development
W/PackageManager(  276): Unknown permission com.google.android.gallery3d.permission.GALLERY_PROVIDER in package com.android.email
W/PackageManager(  276): Not granting permission android.permission.DEVICE_POWER to package com.android.deskclock (protectionLevel=2 flags=0x88be45)
D/dalvikvm(  276): GC_CONCURRENT freed 274K, 9% free 3929K/4272K, paused 5ms+12ms, total 120ms
I/SystemServer(  276): NetworkStats Service
I/SystemServer(  276): NetworkPolicy Service
I/SystemServer(  276): Wi-Fi P2pService
I/SystemServer(  276): Wi-Fi Service
I/SystemServer(  276): Connectivity Service
D/ConnectivityService(  276): ConnectivityService starting up
E/CommandListener(   34): Failed to open /proc/sys/net/ipv6/conf/wlan0/disable_ipv6: No such file or directory
E/WifiStateMachine(  276): Failed to disable IPv6: java.lang.IllegalStateException: command '1 interface ipv6 wlan0 disable' failed with '400 1 Failed to change IPv6 state (No such file or directory)'
E/MobileDataStateTracker(  276): default: Ignoring feature request because could not acquire PhoneService
E/MobileDataStateTracker(  276): default: Could not enable APN type "default"
I/WifiService(  276): WifiService starting up with Wi-Fi disabled
I/SystemServer(  276): Network Service Discovery Service
D/NsdService(  276): Network service discovery enabled true
I/SystemServer(  276): Throttle Service
I/SystemServer(  276): UpdateLock Service
I/SystemServer(  276): Notification Manager
I/SystemServer(  276): Device Storage Monitor
I/SystemServer(  276): Location Manager
I/SystemServer(  276): Country Detector
I/SystemServer(  276): Search Service
I/SystemServer(  276): DropBox Service
I/SystemServer(  276): Wallpaper Service
I/SystemServer(  276): Audio Service
D/dalvikvm(  276): GC_CONCURRENT freed 252K, 7% free 4160K/4460K, paused 5ms+4ms, total 114ms
I/SystemServer(  276): Dock Observer
W/DockObserver(  276): This kernel does not have dock station support
I/SystemServer(  276): Wired Accessory Manager
W/WiredAccessoryManager(  276): This kernel does not have wired headset support
W/WiredAccessoryManager(  276): This kernel does not have usb audio support
W/WiredAccessoryManager(  276): This kernel does not have HDMI audio support
I/SystemServer(  276): USB Service
I/SystemServer(  276): Serial Service
I/SystemServer(  276): Twilight Service
I/SystemServer(  276): UI Mode Manager Service
I/SystemServer(  276): Backup Service
V/BackupManagerService(  276): No ancestral data
I/BackupManagerService(  276): Found stale backup journal, scheduling
I/BackupManagerService(  276):   android
I/BackupManagerService(  276):   com.android.browser
I/BackupManagerService(  276):   com.android.calendar
I/BackupManagerService(  276):   com.android.inputmethod.latin
I/BackupManagerService(  276):   com.android.providers.settings
I/BackupManagerService(  276):   com.android.providers.userdictionary
I/BackupManagerService(  276):   com.android.sharedstoragebackup
I/BackupManagerService(  276): Backup enabled => true
I/SystemServer(  276): AppWidget Service
I/SystemServer(  276): Recognition Service
I/SystemServer(  276): DiskStats Service
