E/Trace   (  538): error opening trace file: No such file or directory (2)
I/Choreographer(  284): Skipped 181 frames!  The application may be doing too much work on its main thread.
D/dalvikvm(  388): GC_CONCURRENT freed 319K, 13% free 2663K/3044K, paused 5ms+513ms, total 1512ms
I/Choreographer(  284): Skipped 72 frames!  The application may be doing too much work on its main thread.
W/Settings(  388): Setting auto_time_zone has moved from android.provider.Settings.System to android.provider.Settings.Global, returning read-only value.
I/dalvikvm(  478): Wrote stack traces to '/data/anr/traces.txt'
D/dalvikvm(  284): GC_EXPLICIT freed 656K, 30% free 5831K/8228K, paused 278ms+294ms, total 1665ms
D/CAT     (  388): CatService: Running CAT service. STK app installed:false
D/CAT     (  388): CatService: NEW sInstance
W/GpsLocationProvider(  284): Could not open GPS configuration file /etc/gps.conf
E/VoldConnector(  284): NDC Command {4 asec list} took too long (2622ms)
W/WindowManager(  284): ***** BOOT TIMEOUT: forcing display enabled
I/SurfaceFlinger(   37): Boot is finished (100946 ms)
I/ActivityManager(  284): Config changes=1400 {1.0 ?mcc?mnc en_US ldltr sw320dp w320dp h508dp 240dpi nrml long port finger qwerty/v/v -nav/h s.4}
I/PowerManagerService(  284): Boot animation finished.
I/Choreographer(  284): Skipped 152 frames!  The application may be doing too much work on its main thread.
I/Process (  284): Sending signal. PID: 402 SIG: 3
I/dalvikvm(  402): threadid=3: reacting to signal 3
I/Process (  284): Sending signal. PID: 376 SIG: 3
I/dalvikvm(  376): threadid=3: reacting to signal 3
I/dalvikvm(  402): Wrote stack traces to '/data/anr/traces.txt'
I/Process (  284): Sending signal. PID: 434 SIG: 3
I/dalvikvm(  434): threadid=3: reacting to signal 3
I/dalvikvm(  376): Wrote stack traces to '/data/anr/traces.txt'
I/Process (  284): Sending signal. PID: 491 SIG: 3
D/CAT     (  388): CatService: SIM ready. Reporting STK service running now...
D/MccTable(  388): updateMccMncConfiguration: mcc=310, mnc=260
D/TelephonyManager(  388): getLteOnCdmaMode=0 curVal=-1 product_type='' lteOnCdmaProductType=''
D/MccTable(  388): locale set to en_us
D/MccTable(  388): WIFI_COUNTRY_CODE set to us
I/WifiService(  284): WifiService trying to set country code to us with persist set to true
I/ActivityManager(  284): Config changes=1403 {1.0 310mcc260mnc en_US ldltr sw320dp w320dp h508dp 240dpi nrml long port finger qwerty/v/v -nav/h s.5}
W/SurfaceFlinger(   37): createScreenshotSurface failed (Function not implemented)
D/dalvikvm(  388): GC_CONCURRENT freed 281K, 12% free 2776K/3120K, paused 4ms+114ms, total 242ms
E/ActivityManager(  284): ANR in com.android.phone
E/ActivityManager(  284): Reason: Executing service com.android.phone/.TelephonyDebugService
E/ActivityManager(  284): Load: 8.78 / 2.53 / 0.87
E/ActivityManager(  284): CPU usage from 2005ms to -11526ms ago:
E/ActivityManager(  284):   26% 284/system_server: 18% user + 7.7% kernel / faults: 3112 minor 1 major
E/ActivityManager(  284):   15% 37/surfaceflinger: 12% user + 2.5% kernel / faults: 1126 minor
E/ActivityManager(  284):   9.3% 388/com.android.phone: 6.5% user + 2.8% kernel / faults: 801 minor 5 major
E/ActivityManager(  284):   6.3% 402/com.android.launcher: 2.5% user + 3.8% kernel / faults: 6583 minor 4 major
E/ActivityManager(  284):   0.6% 38/zygote: 0.5% user + 0% kernel / faults: 189 minor
E/ActivityManager(  284):   1.2% 478/com.android.contacts: 0.9% user + 0.3% kernel / faults: 292 minor 3 major
E/ActivityManager(  284):   1.2% 491/android.process.media: 0.6% user + 0.5% kernel / faults: 112 minor
E/ActivityManager(  284):   1.1% 434/android.process.acore: 0.7% user + 0.3% kernel / faults: 306 minor 1 major
E/ActivityManager(  284):   0.6% 458/com.android.music: 0.1% user + 0.5% kernel / faults: 99 minor
E/ActivityManager(  284):   0.4% 376/com.android.inputmethod.latin: 0.2% user + 0.2% kernel / faults: 91 minor
E/ActivityManager(  284):   0% 32/vold: 0% user + 0% kernel / faults: 19 minor
E/ActivityManager(  284):   0% 36/rild: 0% user + 0% kernel / faults: 6 minor
E/ActivityManager(  284):   0% 31/servicemanager: 0% user + 0% kernel
E/ActivityManager(  284):   0.1% 40/mediaserver: 0% user + 0% kernel
E/ActivityManager(  284):   0% 1//init: 0% user + 0% kernel / faults: 18 minor
E/ActivityManager(  284):   0% 29/mmcqd: 0% user + 0% kernel
E/ActivityManager(  284):   0% 47/adbd: 0% user + 0% kernel
E/ActivityManager(  284):  +0% 538/com.android.systemui: 0% user + 0% kernel
E/ActivityManager(  284): 100% TOTAL: 67% user + 32% kernel + 0.1% irq
E/ActivityManager(  284): CPU usage from 9242ms to 10207ms later:
E/ActivityManager(  284):   27% 284/system_server: 20% user + 6.3% kernel / faults: 136 minor
E/ActivityManager(  284):     5.4% 301/ActivityManager: 2.7% user + 2.7% kernel
E/ActivityManager(  284):     5.4% 469/Thread-70: 2.7% user + 2.7% kernel
E/ActivityManager(  284):     4.5% 290/Compiler: 3.6% user + 0.9% kernel
E/ActivityManager(  284):     4.5% 296/Binder_2: 4.5% user + 0% kernel
E/ActivityManager(  284):     4.5% 509/Binder_8: 3.6% user + 0.9% kernel
E/ActivityManager(  284):     4.5% 520/Binder_A: 1.8% user + 2.7% kernel
E/ActivityManager(  284):     2.7% 342/AudioService: 0% user + 2.7% kernel
E/ActivityManager(  284):     1.8% 295/Binder_1: 1.8% user + 0% kernel
E/ActivityManager(  284):     1.8% 299/UI: 1.8% user + 0% kernel
E/ActivityManager(  284):     1.8% 300/WindowManager: 1.8% user + 0% kernel
E/ActivityManager(  284):     1.8% 313/PowerManagerSer: 0% user + 1.8% kernel
E/ActivityManager(  284):     0.9% 284/system_server: 0.9% user + 0% kernel
E/ActivityManager(  284):     0.9% 287/GC: 0.9% user + 0% kernel
E/ActivityManager(  284):     0.9% 305/PackageManager: 0% user + 0.9% kernel
E/ActivityManager(  284):     0.9% 318/er$SensorThread: 0.9% user + 0% kernel
E/ActivityManager(  284):     0.9% 322/VoldConnector: 0.9% user + 0% kernel
E/ActivityManager(  284):     0.9% 420/Binder_3: 0.9% user + 0% kernel
E/ActivityManager(  284):     0.9% 421/Binder_4: 0.9% user + 0% kernel
E/ActivityManager(  284):     0.9% 432/Binder_6: 0% user + 0.9% kernel
E/ActivityManager(  284):     0.9% 508/Binder_7: 0.9% user + 0% kernel
E/ActivityManager(  284):     0.9% 510/Binder_9: 0.9% user + 0% kernel
E/ActivityManager(  284):    +0% 556/Error dump: sys: 0% user + 0% kernel
E/ActivityManager(  284):   16% 388/com.android.phone: 12% user + 3.2% kernel / faults: 102 minor 1 major
E/ActivityManager(  284):     8.8% 388/m.android.phone: 8.8% user + 0% kernel
E/ActivityManager(  284):     2.4% 396/Compiler: 2.4% user + 0% kernel
E/ActivityManager(  284):     0.8% 448/RILReceiver: 0.8% user + 0% kernel
E/ActivityManager(  284):    +0% 553/Cat Telephony s: 0% user + 0% kernel
E/ActivityManager(  284):    +0% 554/RilMessageDecod: 0% user + 0% kernel
E/ActivityManager(  284):    +0% 555/Cat Icon Loader: 0% user + 0% kernel
E/ActivityManager(  284):   11% 37/surfaceflinger: 11% user + 0% kernel
E/ActivityManager(  284):     10% 66/SurfaceFlinger: 10% user + 0% kernel
E/ActivityManager(  284):     1.1% 77/VSyncThread: 0% user + 1.1% kernel
E/ActivityManager(  284):     1.1% 82/EventThread: 0% user + 1.1% kernel
E/ActivityManager(  284):     1.1% 84/Binder_1: 1.1% user + 0% kernel
E/ActivityManager(  284):     1.1% 304/Binder_2: 0% user + 1.1% kernel
E/ActivityManager(  284):   6.1% 402/com.android.launcher: 1.7% user + 4.3% kernel / faults: 835 minor 1 major
E/ActivityManager(  284):     12% 440/launcher-loader: 4.3% user + 7.8% kernel
E/ActivityManager(  284):   0.7% 32/vold: 0% user + 0.7% kernel / faults: 2 minor
E/ActivityManager(  284):     0.9% 62/vold: 0% user + 0.9% kernel
E/ActivityManager(  284):   0.5% 376/com.android.inputmethod.latin: 0.5% user + 0% kernel / faults: 3 minor
E/ActivityManager(  284):     0.5% 376/putmethod.latin: 0.5% user + 0% kernel
E/ActivityManager(  284):     0.2% 414/Binder_1: 0.2% user + 0% kernel
E/ActivityManager(  284):   0.6% 538/com.android.systemui: 0.3% user + 0.3% kernel / faults: 18 minor
E/ActivityManager(  284):     0.3% 538/ndroid.systemui: 0% user + 0.3% kernel
E/ActivityManager(  284):   0.8% 434/android.process.acore: 0.8% user + 0% kernel / faults: 3 minor
E/ActivityManager(  284):    +0% 558/Binder_5: 0% user + 0% kernel
E/ActivityManager(  284):   0.-8% 491/android.process.media: 0.-8% user + 0% kernel / faults: 2 minor
E/ActivityManager(  284): 100% TOTAL: 70% user + 29% kernel
W/ActivityManager(  284): Killing ProcessRecord{40f81a00 388:com.android.phone/1001}: background ANR
D/dalvikvm(  284): GC_FOR_ALLOC freed 337K, 10% free 6141K/6796K, paused 62ms, total 66ms
E/JavaBinder(  284): !!! FAILED BINDER TRANSACTION !!!
W/BroadcastQueue(  284): Failure sending broadcast Intent { act=android.intent.action.ANY_DATA_STATE flg=0x10 (has extras) }
W/BroadcastQueue(  284): android.os.TransactionTooLargeException
W/BroadcastQueue(  284): 	at android.os.BinderProxy.transact(Native Method)
W/BroadcastQueue(  284): 	at android.app.ApplicationThreadProxy.scheduleRegisteredReceiver(ApplicationThreadNative.java:1009)
W/BroadcastQueue(  284): 	at com.android.server.am.BroadcastQueue.performReceiveLocked(BroadcastQueue.java:373)
W/BroadcastQueue(  284): 	at com.android.server.am.BroadcastQueue.deliverToRegisteredReceiverLocked(BroadcastQueue.java:439)
W/BroadcastQueue(  284): 	at com.android.server.am.BroadcastQueue.processNextBroadcast(BroadcastQueue.java:487)
W/BroadcastQueue(  284): 	at com.android.server.am.BroadcastQueue$1.handleMessage(BroadcastQueue.java:140)
W/BroadcastQueue(  284): 	at android.os.Handler.dispatchMessage(Handler.java:99)
W/BroadcastQueue(  284): 	at android.os.Looper.loop(Looper.java:137)
W/BroadcastQueue(  284): 	at com.android.server.am.ActivityManagerService$AThread.run(ActivityManagerService.java:1480)
E/JavaBinder(  284): !!! FAILED BINDER TRANSACTION !!!
W/BroadcastQueue(  284): Failure sending broadcast Intent { act=android.intent.action.ANY_DATA_STATE flg=0x10 (has extras) }
W/BroadcastQueue(  284): android.os.TransactionTooLargeException
W/BroadcastQueue(  284): 	at android.os.BinderProxy.transact(Native Method)
W/BroadcastQueue(  284): 	at android.app.ApplicationThreadProxy.scheduleRegisteredReceiver(ApplicationThreadNative.java:1009)
W/BroadcastQueue(  284): 	at com.android.server.am.BroadcastQueue.performReceiveLocked(BroadcastQueue.java:373)
W/BroadcastQueue(  284): 	at com.android.server.am.BroadcastQueue.deliverToRegisteredReceiverLocked(BroadcastQueue.java:439)
W/BroadcastQueue(  284): 	at com.android.server.am.BroadcastQueue.processNextBroadcast(BroadcastQueue.java:487)
W/BroadcastQueue(  284): 	at com.android.server.am.BroadcastQueue$1.handleMessage(BroadcastQueue.java:140)
W/BroadcastQueue(  284): 	at android.os.Handler.dispatchMessage(Handler.java:99)
W/BroadcastQueue(  284): 	at android.os.Looper.loop(Looper.java:137)
W/BroadcastQueue(  284): 	at com.android.server.am.ActivityManagerService$AThread.run(ActivityManagerService.java:1480)
E/JavaBinder(  284): !!! FAILED BINDER TRANSACTION !!!
W/BroadcastQueue(  284): Failure sending broadcast Intent { act=android.intent.action.ANY_DATA_STATE flg=0x10 (has extras) }
W/BroadcastQueue(  284): android.os.TransactionTooLargeException
W/BroadcastQueue(  284): 	at android.os.BinderProxy.transact(Native Method)
W/BroadcastQueue(  284): 	at android.app.ApplicationThreadProxy.scheduleRegisteredReceiver(ApplicationThreadNative.java:1009)
W/BroadcastQueue(  284): 	at com.android.server.am.BroadcastQueue.performReceiveLocked(BroadcastQueue.java:373)
W/BroadcastQueue(  284): 	at com.android.server.am.BroadcastQueue.deliverToRegisteredReceiverLocked(BroadcastQueue.java:439)
W/BroadcastQueue(  284): 	at com.android.server.am.BroadcastQueue.processNextBroadcast(BroadcastQueue.java:487)
W/BroadcastQueue(  284): 	at com.android.server.am.BroadcastQueue$1.handleMessage(BroadcastQueue.java:140)
W/BroadcastQueue(  284): 	at android.os.Handler.dispatchMessage(Handler.java:99)
W/BroadcastQueue(  284): 	at android.os.Looper.loop(Looper.java:137)
W/BroadcastQueue(  284): 	at com.android.server.am.ActivityManagerService$AThread.run(ActivityManagerService.java:1480)
I/ServiceManager(   31): service 'phone' died
I/ServiceManager(   31): service 'isms' died
I/ServiceManager(   31): service 'simphonebook' died
I/ServiceManager(   31): service 'iphonesubinfo' died
W/dalvikvm(  434): threadid=3: spin on suspend #1 threadid=11 (pcf=0)
D/dalvikvm(  434): Temporarily moving tid 477 to fg (was 0)
D/dalvikvm(  434): Temporarily raised priority on tid 477 (10 -> 0)
W/dalvikvm(  434): threadid=3: spin on suspend resolved in 1027 msec
D/dalvikvm(  434): Restored policy of 477 to 0
D/dalvikvm(  434): Restored priority on 477 to 10
D/dalvikvm(  284): GC_FOR_ALLOC freed 73K, 10% free 6403K/7056K, paused 111ms, total 112ms
W/BroadcastQueue(  284): Failure sending broadcast Intent { act=android.intent.action.ANY_DATA_STATE flg=0x10 (has extras) }
W/BroadcastQueue(  284): android.os.DeadObjectException
W/BroadcastQueue(  284): 	at android.os.BinderProxy.transact(Native Method)
W/BroadcastQueue(  284): 	at android.app.ApplicationThreadProxy.scheduleRegisteredReceiver(ApplicationThreadNative.java:1009)
W/BroadcastQueue(  284): 	at com.android.server.am.BroadcastQueue.performReceiveLocked(BroadcastQueue.java:373)
W/BroadcastQueue(  284): 	at com.android.server.am.BroadcastQueue.deliverToRegisteredReceiverLocked(BroadcastQueue.java:439)
W/BroadcastQueue(  284): 	at com.android.server.am.BroadcastQueue.processNextBroadcast(BroadcastQueue.java:487)
W/BroadcastQueue(  284): 	at com.android.server.am.BroadcastQueue$1.handleMessage(BroadcastQueue.java:140)
W/BroadcastQueue(  284): 	at android.os.Handler.dispatchMessage(Handler.java:99)
W/BroadcastQueue(  284): 	at android.os.Looper.loop(Looper.java:137)
W/BroadcastQueue(  284): 	at com.android.server.am.ActivityManagerService$AThread.run(ActivityManagerService.java:1480)
W/BroadcastQueue(  284): Failure sending broadcast Intent { act=android.intent.action.ANY_DATA_STATE flg=0x10 (has extras) }
W/BroadcastQueue(  284): android.os.DeadObjectException
W/BroadcastQueue(  284): 	at android.os.BinderProxy.transact(Native Method)
W/BroadcastQueue(  284): 	at android.app.ApplicationThreadProxy.scheduleRegisteredReceiver(ApplicationThreadNative.java:1009)
W/BroadcastQueue(  284): 	at com.android.server.am.BroadcastQueue.performReceiveLocked(BroadcastQueue.java:373)
W/BroadcastQueue(  284): 	at com.android.server.am.BroadcastQueue.deliverToRegisteredReceiverLocked(BroadcastQueue.java:439)
W/BroadcastQueue(  284): 	at com.android.server.am.BroadcastQueue.processNextBroadcast(BroadcastQueue.java:487)
W/BroadcastQueue(  284): 	at com.android.server.am.BroadcastQueue$1.handleMessage(BroadcastQueue.java:140)
W/BroadcastQueue(  284): 	at android.os.Handler.dispatchMessage(Handler.java:99)
W/BroadcastQueue(  284): 	at android.os.Looper.loop(Looper.java:137)
W/BroadcastQueue(  284): 	at com.android.server.am.ActivityManagerService$AThread.run(ActivityManagerService.java:1480)
D/dalvikvm(  284): GC_FOR_ALLOC freed 297K, 13% free 6540K/7444K, paused 97ms, total 102ms
I/dalvikvm-heap(  284): Grow heap (frag case) to 6.701MB for 262190-byte allocation
D/dalvikvm(  284): GC_FOR_ALLOC freed 1K, 12% free 6794K/7704K, paused 101ms, total 101ms
W/BroadcastQueue(  284): Failure sending broadcast Intent { act=android.intent.action.ANY_DATA_STATE flg=0x10 (has extras) }
W/BroadcastQueue(  284): android.os.DeadObjectException
W/BroadcastQueue(  284): 	at android.os.BinderProxy.transact(Native Method)
W/BroadcastQueue(  284): 	at android.app.ApplicationThreadProxy.scheduleRegisteredReceiver(ApplicationThreadNative.java:1009)
W/BroadcastQueue(  284): 	at com.android.server.am.BroadcastQueue.performReceiveLocked(BroadcastQueue.java:373)
W/BroadcastQueue(  284): 	at com.android.server.am.BroadcastQueue.deliverToRegisteredReceiverLocked(BroadcastQueue.java:439)
W/BroadcastQueue(  284): 	at com.android.server.am.BroadcastQueue.processNextBroadcast(BroadcastQueue.java:487)
W/BroadcastQueue(  284): 	at com.android.server.am.BroadcastQueue$1.handleMessage(BroadcastQueue.java:140)
W/BroadcastQueue(  284): 	at android.os.Handler.dispatchMessage(Handler.java:99)
W/BroadcastQueue(  284): 	at android.os.Looper.loop(Looper.java:137)
W/BroadcastQueue(  284): 	at com.android.server.am.ActivityManagerService$AThread.run(ActivityManagerService.java:1480)
W/BroadcastQueue(  284): Failure sending broadcast Intent { act=android.intent.action.ANY_DATA_STATE flg=0x10 (has extras) }
W/BroadcastQueue(  284): android.os.DeadObjectException
W/BroadcastQueue(  284): 	at android.os.BinderProxy.transact(Native Method)
W/BroadcastQueue(  284): 	at android.app.ApplicationThreadProxy.scheduleRegisteredReceiver(ApplicationThreadNative.java:1009)
W/BroadcastQueue(  284): 	at com.android.server.am.BroadcastQueue.performReceiveLocked(BroadcastQueue.java:373)
W/BroadcastQueue(  284): 	at com.android.server.am.BroadcastQueue.deliverToRegisteredReceiverLocked(BroadcastQueue.java:439)
W/BroadcastQueue(  284): 	at com.android.server.am.BroadcastQueue.processNextBroadcast(BroadcastQueue.java:487)
W/BroadcastQueue(  284): 	at com.android.server.am.BroadcastQueue$1.handleMessage(BroadcastQueue.java:140)
W/BroadcastQueue(  284): 	at android.os.Handler.dispatchMessage(Handler.java:99)
W/BroadcastQueue(  284): 	at android.os.Looper.loop(Looper.java:137)
W/BroadcastQueue(  284): 	at com.android.server.am.ActivityManagerService$AThread.run(ActivityManagerService.java:1480)
W/BroadcastQueue(  284): Failure sending broadcast Intent { act=android.intent.action.ANY_DATA_STATE flg=0x10 (has extras) }
W/BroadcastQueue(  284): android.os.DeadObjectException
W/BroadcastQueue(  284): 	at android.os.BinderProxy.transact(Native Method)
W/BroadcastQueue(  284): 	at android.app.ApplicationThreadProxy.scheduleRegisteredReceiver(ApplicationThreadNative.java:1009)
W/BroadcastQueue(  284): 	at com.android.server.am.BroadcastQueue.performReceiveLocked(BroadcastQueue.java:373)
W/BroadcastQueue(  284): 	at com.android.server.am.BroadcastQueue.deliverToRegisteredReceiverLocked(BroadcastQueue.java:439)
W/BroadcastQueue(  284): 	at com.android.server.am.BroadcastQueue.processNextBroadcast(BroadcastQueue.java:487)
W/BroadcastQueue(  284): 	at com.android.server.am.BroadcastQueue$1.handleMessage(BroadcastQueue.java:140)
W/BroadcastQueue(  284): 	at android.os.Handler.dispatchMessage(Handler.java:99)
W/BroadcastQueue(  284): 	at android.os.Looper.loop(Looper.java:137)
W/BroadcastQueue(  284): 	at com.android.server.am.ActivityManagerService$AThread.run(ActivityManagerService.java:1480)
W/BroadcastQueue(  284): Failure sending broadcast Intent { act=android.intent.action.SIM_STATE_CHANGED flg=0x20000010 (has extras) }
W/BroadcastQueue(  284): android.os.DeadObjectException
W/BroadcastQueue(  284): 	at android.os.BinderProxy.transact(Native Method)
W/BroadcastQueue(  284): 	at android.app.ApplicationThreadProxy.scheduleRegisteredReceiver(ApplicationThreadNative.java:1009)
W/BroadcastQueue(  284): 	at com.android.server.am.BroadcastQueue.performReceiveLocked(BroadcastQueue.java:373)
W/BroadcastQueue(  284): 	at com.android.server.am.BroadcastQueue.deliverToRegisteredReceiverLocked(BroadcastQueue.java:439)
W/BroadcastQueue(  284): 	at com.android.server.am.BroadcastQueue.processNextBroadcast(BroadcastQueue.java:487)
W/BroadcastQueue(  284): 	at com.android.server.am.BroadcastQueue$1.handleMessage(BroadcastQueue.java:140)
W/BroadcastQueue(  284): 	at android.os.Handler.dispatchMessage(Handler.java:99)
W/BroadcastQueue(  284): 	at android.os.Looper.loop(Looper.java:137)
W/BroadcastQueue(  284): 	at com.android.server.am.ActivityManagerService$AThread.run(ActivityManagerService.java:1480)
I/ActivityManager(  284): Process com.android.phone (pid 388) has died.
W/ActivityManager(  284): Scheduling restart of crashed service com.android.phone/.TelephonyDebugService in 0ms
I/ActivityManager(  284): Start proc com.android.phone for restart com.android.phone: pid=562 uid=1001 gids={41001, 3002, 3001, 3003, 1015, 1028}
D/SystemUIService(  538): loading: class com.android.systemui.statusbar.phone.PhoneStatusBar
D/SystemUIService(  538): running: com.android.systemui.statusbar.phone.PhoneStatusBar@40cddaa8
W/ServiceWatcher(  284): com.google.android.location not found
W/ServiceWatcher(  284): com.google.android.location not found
W/LocationManagerService(  284): no network location provider found
W/ServiceWatcher(  284): com.google.android.location not found
I/StatusBarManagerService(  284): registerStatusBar bar=com.android.internal.statusbar.IStatusBar$Stub$Proxy@41012fb8
E/Trace   (  562): error opening trace file: No such file or directory (2)
I/dalvikvm(  491): threadid=3: reacting to signal 3
D/dalvikvm(  538): GC_CONCURRENT freed 124K, 7% free 2670K/2856K, paused 10ms+3ms, total 51ms
D/dalvikvm(  538): WAIT_FOR_CONCURRENT_GC blocked 41ms
I/dalvikvm-heap(  538): Grow heap (frag case) to 3.269MB for 635812-byte allocation
D/dalvikvm(  538): GC_FOR_ALLOC freed 5K, 6% free 3286K/3480K, paused 28ms, total 29ms
D/dalvikvm(  284): GC_FOR_ALLOC freed 1549K, 26% free 5964K/7964K, paused 582ms, total 586ms
I/PackageManager(  284): No secure containers on sdcard
D/dalvikvm(  284): GC_CONCURRENT freed 222K, 17% free 6641K/7964K, paused 18ms+8ms, total 124ms
D/dalvikvm(  284): WAIT_FOR_CONCURRENT_GC blocked 37ms
D/dalvikvm(  284): WAIT_FOR_CONCURRENT_GC blocked 80ms
I/dalvikvm(  491): Wrote stack traces to '/data/anr/traces.txt'
W/PackageManager(  284): Unknown permission com.google.android.googleapps.permission.GOOGLE_AUTH.mail in package com.android.contacts
I/dalvikvm(  434): Wrote stack traces to '/data/anr/traces.txt'
W/PackageManager(  284): Unknown permission android.permission.ADD_SYSTEM_SERVICE in package com.android.phone
W/PackageManager(  284): Unknown permission com.android.smspush.WAPPUSH_MANAGER_BIND in package com.android.phone
W/PackageManager(  284): Unknown permission com.google.android.googleapps.permission.GOOGLE_AUTH in package com.android.providers.calendar
W/PackageManager(  284): Unknown permission com.google.android.googleapps.permission.GOOGLE_AUTH.cl in package com.android.providers.calendar
W/PackageManager(  284): Unknown permission com.google.android.googleapps.permission.GOOGLE_AUTH.mail in package com.android.calendar
W/PackageManager(  284): Not granting permission android.permission.SEND_DOWNLOAD_COMPLETED_INTENTS to package com.android.browser (protectionLevel=2 flags=0x89be45)
W/PackageManager(  284): Not granting permission android.permission.BIND_APPWIDGET to package com.android.widgetpreview (protectionLevel=18 flags=0x8be44)
W/PackageManager(  284): Unknown permission com.google.android.googleapps.permission.GOOGLE_AUTH in package com.android.settings
W/PackageManager(  284): Unknown permission com.google.android.gallery3d.permission.GALLERY_PROVIDER in package com.android.exchange
W/PackageManager(  284): Unknown permission com.google.android.googleapps.permission.ACCESS_GOOGLE_PASSWORD in package com.android.development
W/PackageManager(  284): Unknown permission com.google.android.googleapps.permission.GOOGLE_AUTH in package com.android.development
W/PackageManager(  284): Unknown permission com.google.android.googleapps.permission.GOOGLE_AUTH.ALL_SERVICES in package com.android.development
W/PackageManager(  284): Unknown permission com.google.android.googleapps.permission.GOOGLE_AUTH.YouTubeUser in package com.android.development
W/PackageManager(  284): Unknown permission com.google.android.gallery3d.permission.GALLERY_PROVIDER in package com.android.email
W/PackageManager(  284): Not granting permission android.permission.DEVICE_POWER to package com.android.deskclock (protectionLevel=2 flags=0x88be45)
W/TelephonyProvider(  562): onCreate: confFile=/system/etc/apns-conf.xml oldCheckSum=-1
D/TelephonyManager(  562): getLteOnCdmaMode=0 curVal=-1 product_type='' lteOnCdmaProductType=''
D/TelephonyManager(  562): getLteOnCdmaMode=0 curVal=-1 product_type='' lteOnCdmaProductType=''
E/BluetoothAdapter(  538): Bluetooth binder is null
E/BluetoothAdapter(  538): Bluetooth binder is null
D/TelephonyManager(  562): getLteOnCdmaMode=0 curVal=-1 product_type='' lteOnCdmaProductType=''
E/BluetoothAdapter(  538): Bluetooth binder is null
I/Choreographer(  284): Skipped 781 frames!  The application may be doing too much work on its main thread.
W/Settings(  562): Setting airplane_mode_on has moved from android.provider.Settings.System to android.provider.Settings.Global, returning read-only value.
W/Settings(  562): Setting auto_time has moved from android.provider.Settings.System to android.provider.Settings.Global, returning read-only global URI.
W/Settings(  562): Setting auto_time_zone has moved from android.provider.Settings.System to android.provider.Settings.Global, returning read-only global URI.
D/dalvikvm(  284): GC_FOR_ALLOC freed 787K, 17% free 6680K/7964K, paused 95ms, total 107ms
I/dalvikvm-heap(  284): Grow heap (frag case) to 7.665MB for 1128976-byte allocation
D/dalvikvm(  284): GC_FOR_ALLOC freed 887K, 24% free 6895K/9068K, paused 59ms, total 59ms
I/Choreographer(  284): Skipped 82 frames!  The application may be doing too much work on its main thread.
D/dalvikvm(  284): GC_CONCURRENT freed 24K, 25% free 6875K/9068K, paused 14ms+24ms, total 230ms
I/Choreographer(  284): Skipped 70 frames!  The application may be doing too much work on its main thread.
I/ActivityManager(  284): Start proc com.android.location.fused for service com.android.location.fused/.FusedLocationService: pid=582 uid=10022 gids={50022, 1028}
W/ActivityManager(  284): Unable to start service Intent { act=com.android.internal.telephony.IWapPushManager } U=0: not found
E/Trace   (  582): error opening trace file: No such file or directory (2)
W/WindowManager(  284): App freeze timeout expired.
W/WindowManager(  284): Force clearing freeze: AppWindowToken{40f90b88 token=Token{40f8d7e8 ActivityRecord{40f8d3b0 u0 com.android.launcher/com.android.launcher2.Launcher}}}
D/        (  562): [ApnContext:default] set reason as dataEnabled,current state IDLE
D/        (  562): [ApnContext:default] setRetryCount: 0
D/        (  562): [ApnContext:mms] set reason as dataEnabled,current state IDLE
D/        (  562): [ApnContext:mms] setRetryCount: 0
D/dalvikvm(  538): GC_CONCURRENT freed 67K, 4% free 3651K/3780K, paused 4ms+175ms, total 301ms
D/        (  562): [ApnContext:supl] set reason as dataEnabled,current state IDLE
D/        (  562): [ApnContext:supl] setRetryCount: 0
D/        (  562): [ApnContext:hipri] set reason as dataEnabled,current state IDLE
D/        (  562): [ApnContext:hipri] setRetryCount: 0
D/        (  562): [ApnContext:fota] set reason as dataEnabled,current state IDLE
D/        (  562): [ApnContext:fota] setRetryCount: 0
D/        (  562): [ApnContext:ims] set reason as dataEnabled,current state IDLE
D/        (  562): [ApnContext:ims] setRetryCount: 0
D/        (  562): [ApnContext:cbs] set reason as dataEnabled,current state IDLE
D/        (  562): [ApnContext:cbs] setRetryCount: 0
D/TelephonyManager(  562): getLteOnCdmaMode=0 curVal=-1 product_type='' lteOnCdmaProductType=''
D/CallManager(  562): registerPhone(GSM Handler (com.android.internal.telephony.PhoneProxy) {40d02770})
I/Choreographer(  284): Skipped 279 frames!  The application may be doing too much work on its main thread.
E/BluetoothAdapter(  562): Bluetooth binder is null
D/dalvikvm(  562): GC_CONCURRENT freed 204K, 10% free 2600K/2868K, paused 4ms+13ms, total 385ms
E/BluetoothAdapter(  562): Bluetooth binder is null
E/BluetoothAdapter(  538): Bluetooth binder is null
D/DebugService(  562): DebugService DebugService:
D/TelephonyDebugService(  562): TelephonyDebugService()
I/AccountTypeManager(  478): Loaded meta-data for 1 account types, 0 accounts in 745ms(wall) 42ms(cpu)
W/ServiceWatcher(  284): com.google.android.location not found
D/PhoneStatusBar(  538): disable: < expand icons alerts ticker system_info BACK* HOME* RECENT* CLOCK* SEARCH* >
E/LocationManagerService(  284): no geocoder provider found
D/dalvikvm(  284): GC_EXPLICIT freed 1207K, 35% free 5953K/9068K, paused 5ms+146ms, total 545ms
D/dalvikvm(  562): GC_CONCURRENT freed 334K, 13% free 2682K/3080K, paused 4ms+3ms, total 58ms
D/CAT     (  562): CatService: Running CAT service. STK app installed:false
D/CAT     (  562): CatService: NEW sInstance
E/BluetoothAdapter(  538): Bluetooth binder is null
D/SystemUIService(  538): loading: class com.android.systemui.power.PowerUI
D/SystemUIService(  538): running: com.android.systemui.power.PowerUI@40e4c628
D/SystemUIService(  538): loading: class com.android.systemui.media.RingtonePlayer
D/SystemUIService(  538): running: com.android.systemui.media.RingtonePlayer@40e4d408
W/WallpaperService(  284): Wallpaper service gone: ComponentInfo{com.android.systemui/com.android.systemui.ImageWallpaper}
I/Choreographer(  538): Skipped 1514 frames!  The application may be doing too much work on its main thread.
W/Settings(  562): Setting auto_time_zone has moved from android.provider.Settings.System to android.provider.Settings.Global, returning read-only value.
I/RecoverySystem(  284): No recovery log file
I/ActivityManager(  284): Start proc com.android.deskclock for broadcast com.android.deskclock/.AlarmInitReceiver: pid=611 uid=10006 gids={50006, 1028}
E/SurfaceFlinger(   37): ro.sf.lcd_density must be defined as a build property
D/CAT     (  562): CatService: Return current sInstance
E/Trace   (  611): error opening trace file: No such file or directory (2)
I/Choreographer(  538): Skipped 406 frames!  The application may be doing too much work on its main thread.
D/gralloc_goldfish(  538): Emulator without GPU emulation detected.
D/dalvikvm(  538): GC_CONCURRENT freed 262K, 8% free 3776K/4100K, paused 4ms+14ms, total 64ms
E/SurfaceFlinger(   37): ro.sf.lcd_density must be defined as a build property
D/dalvikvm(  538): GC_FOR_ALLOC freed 11K, 9% free 3769K/4100K, paused 439ms, total 440ms
V/AlarmClock(  611): No next alarm
I/dalvikvm-heap(  538): Grow heap (frag case) to 9.850MB for 6410576-byte allocation
D/dalvikvm(  538): GC_FOR_ALLOC freed <1K, 4% free 10029K/10364K, paused 74ms, total 74ms
V/AlarmClock(  611): AlarmInitReceiver - Reset timers and clear stopwatch data
D/dalvikvm(  538): GC_CONCURRENT freed <1K, 4% free 10030K/10364K, paused 4ms+3ms, total 119ms
V/AlarmClock(  611): No next alarm
V/AlarmClock(  611): AlarmInitReceiver finished
D/CAT     (  562): CatService: SIM ready. Reporting STK service running now...
D/dalvikvm(  538): GC_FOR_ALLOC freed <1K, 3% free 10138K/10364K, paused 51ms, total 51ms
I/dalvikvm-heap(  538): Grow heap (frag case) to 12.653MB for 2828816-byte allocation
D/dalvikvm(  284): GC_CONCURRENT freed 1042K, 23% free 5808K/7536K, paused 6ms+20ms, total 210ms
D/dalvikvm(  284): WAIT_FOR_CONCURRENT_GC blocked 106ms
D/dalvikvm(  284): WAIT_FOR_CONCURRENT_GC blocked 141ms
D/dalvikvm(  284): WAIT_FOR_CONCURRENT_GC blocked 144ms
D/dalvikvm(  538): GC_CONCURRENT freed 0K, 2% free 12900K/13128K, paused 4ms+242ms, total 335ms
D/dalvikvm(  538): WAIT_FOR_CONCURRENT_GC blocked 59ms
D/dalvikvm(  538): WAIT_FOR_CONCURRENT_GC blocked 318ms
W/Settings(  562): Setting auto_time_zone has moved from android.provider.Settings.System to android.provider.Settings.Global, returning read-only value.
D/MccTable(  562): updateMccMncConfiguration: mcc=310, mnc=260
D/TelephonyManager(  562): getLteOnCdmaMode=0 curVal=-1 product_type='' lteOnCdmaProductType=''
D/MccTable(  562): locale set to en_us
D/MccTable(  562): WIFI_COUNTRY_CODE set to us
D/dalvikvm(  562): GC_CONCURRENT freed 307K, 12% free 2782K/3136K, paused 2ms+3ms, total 205ms
I/WifiService(  284): WifiService trying to set country code to us with persist set to true
I/ActivityManager(  284): Config changes=1400 {1.0 310mcc260mnc en_US ldltr sw320dp w320dp h508dp 240dpi nrml long port finger qwerty/v/v -nav/h s.6}
I/Choreographer(  284): Skipped 1218 frames!  The application may be doing too much work on its main thread.
V/TAG     (  284): bug 7643792: fitSystemWindows([0,38][0,0])
I/Choreographer(  284): Skipped 31 frames!  The application may be doing too much work on its main thread.
D/MccTable(  562): updateMccMncConfiguration: mcc=310, mnc=260
D/TelephonyManager(  562): getLteOnCdmaMode=0 curVal=-1 product_type='' lteOnCdmaProductType=''
D/MccTable(  562): locale set to en_us
D/MccTable(  562): WIFI_COUNTRY_CODE set to us
I/WifiService(  284): WifiService trying to set country code to us with persist set to true
I/ActivityManager(  284): Config changes=1400 {1.0 310mcc260mnc en_US ldltr sw320dp w320dp h508dp 240dpi nrml long port finger qwerty/v/v -nav/h s.7}
D/dalvikvm(  284): GC_CONCURRENT freed 706K, 23% free 5866K/7536K, paused 6ms+8ms, total 310ms
D/dalvikvm(  284): WAIT_FOR_CONCURRENT_GC blocked 191ms
I/dalvikvm-heap(  284): Grow heap (frag case) to 6.869MB for 1128976-byte allocation
D/dalvikvm(  284): GC_FOR_ALLOC freed 139K, 21% free 6828K/8640K, paused 73ms, total 73ms
I/Choreographer(  284): Skipped 104 frames!  The application may be doing too much work on its main thread.
I/Choreographer(  284): Skipped 67 frames!  The application may be doing too much work on its main thread.
I/Choreographer(  284): Skipped 40 frames!  The application may be doing too much work on its main thread.
I/Choreographer(  284): Skipped 63 frames!  The application may be doing too much work on its main thread.
D/dalvikvm(  562): GC_CONCURRENT freed 315K, 12% free 2971K/3352K, paused 15ms+42ms, total 119ms
I/Choreographer(  284): Skipped 34 frames!  The application may be doing too much work on its main thread.
D/dalvikvm(  284): WAIT_FOR_CONCURRENT_GC blocked 3750ms
D/dalvikvm(  562): GC_CONCURRENT freed 511K, 17% free 2901K/3476K, paused 3ms+80ms, total 174ms
D/ConnectivityService(  284): ConnectivityChange for mobile: CONNECTED/CONNECTED
I/Choreographer(  538): Skipped 935 frames!  The application may be doing too much work on its main thread.
I/ActivityManager(  284): Start proc com.android.email for broadcast com.android.email/.service.EmailBroadcastReceiver: pid=640 uid=10019 gids={50019, 3003, 1015, 1028}
E/Trace   (  640): error opening trace file: No such file or directory (2)
I/Choreographer(  538): Skipped 45 frames!  The application may be doing too much work on its main thread.
I/ActivityManager(  284): Start proc com.android.exchange for service com.android.exchange/.ExchangeService: pid=657 uid=10032 gids={50032, 3003, 1015, 1028}
I/ActivityManager(  284): Start proc com.android.providers.calendar for broadcast com.android.providers.calendar/.CalendarReceiver: pid=666 uid=10023 gids={50023, 3003, 1015, 1028}
E/Trace   (  657): error opening trace file: No such file or directory (2)
E/Trace   (  666): error opening trace file: No such file or directory (2)
I/FusedLocation(  582): engine started (com.android.location.fused)
I/ActivityManager(  284): Start proc com.android.mms for broadcast com.android.mms/.transaction.MmsSystemEventReceiver: pid=691 uid=10029 gids={50029, 3003, 1015, 1028}
D/Eas Debug(  657): Logging: 
E/Trace   (  691): error opening trace file: No such file or directory (2)
D/ExchangeService(  657): !!! EAS ExchangeService, onCreate
D/ExchangeService(  657): !!! EAS ExchangeService, onStartCommand, startingUp = false, running = false
D/CountryDetector(  284): The first listener is added
V/MmsConfig(  691): mnc/mcc: 310260
V/MmsConfig(  691): tag: bool value: enabledMMS - true
V/MmsConfig(  691): tag: int value: maxMessageSize - 307200
V/MmsConfig(  691): tag: int value: maxImageHeight - 480
V/MmsConfig(  691): tag: int value: maxImageWidth - 640
V/MmsConfig(  691): tag: int value: defaultSMSMessagesPerThread - 500
V/MmsConfig(  691): tag: int value: defaultMMSMessagesPerThread - 50
V/MmsConfig(  691): tag: int value: minMessageCountPerThread - 10
V/MmsConfig(  691): tag: int value: maxMessageCountPerThread - 5000
V/MmsConfig(  691): tag: string value: uaProfUrl - http://www.google.com/oha/rdf/ua-profile-kila.xml
V/MmsConfig(  691): tag: int value: recipientLimit - -1
V/MmsConfig(  691): tag: bool value: enableMultipartSMS - true
V/MmsConfig(  691): tag: int value: smsToMmsTextThreshold - -1
V/MmsConfig(  691): tag: bool value: enableSlideDuration - true
V/MmsConfig(  691): tag: int value: maxMessageTextSize - -1
I/dalvikvm(  284): Jit: resizing JitTable from 4096 to 8192
D/dalvikvm(  284): GREF has increased to 501
D/ExchangeService(  657): !!! EAS ExchangeService, onStartCommand, startingUp = true, running = false
I/ActivityManager(  284): Start proc com.android.settings for broadcast com.android.settings/.widget.SettingsAppWidgetProvider: pid=719 uid=1000 gids={41000, 1015, 1028, 3002, 3001, 3003}
E/Trace   (  719): error opening trace file: No such file or directory (2)
E/BluetoothAdapter(  719): Bluetooth binder is null
E/JavaBinder(  538): *** Uncaught remote exception!  (Exceptions are not yet supported across processes.)
E/JavaBinder(  538): java.lang.RuntimeException: android.os.DeadObjectException
E/JavaBinder(  538): 	at android.os.Parcel.writeException(Parcel.java:1326)
E/JavaBinder(  538): 	at android.os.Binder.execTransact(Binder.java:354)
E/JavaBinder(  538): 	at dalvik.system.NativeStart.run(Native Method)
E/JavaBinder(  538): Caused by: android.os.DeadObjectException
E/JavaBinder(  538): 	at android.os.BinderProxy.transact(Native Method)
E/JavaBinder(  538): 	at android.content.IIntentReceiver$Stub$Proxy.performReceive(IIntentReceiver.java:124)
E/JavaBinder(  538): 	at android.app.ActivityThread$ApplicationThread.scheduleRegisteredReceiver(ActivityThread.java:809)
E/JavaBinder(  538): 	at android.app.ApplicationThreadNative.onTransact(ApplicationThreadNative.java:383)
E/JavaBinder(  538): 	at android.os.Binder.execTransact(Binder.java:351)
E/JavaBinder(  538): 	... 1 more
D/Mms:app (  691): cancelNotification
D/dalvikvm(  402): GC_CONCURRENT freed 196K, 8% free 3213K/3468K, paused 16ms+4ms, total 144ms
D/Tethering(  284): MasterInitialState.processMessage what=3
D/dalvikvm(  402): GC_CONCURRENT freed 327K, 11% free 3332K/3716K, paused 14ms+6ms, total 96ms
D/Launcher.Model(  402): Reload apps on config change. curr_mcc:310 prevmcc:0
I/Choreographer(  402): Skipped 277 frames!  The application may be doing too much work on its main thread.
E/SurfaceFlinger(   37): ro.sf.lcd_density must be defined as a build property
D/gralloc_goldfish(  402): Emulator without GPU emulation detected.
D/dalvikvm(  402): GC_CONCURRENT freed 111K, 7% free 3642K/3884K, paused 70ms+7ms, total 144ms
I/ActivityManager(  284): Displayed com.android.launcher/com.android.launcher2.Launcher: +1m7s12ms
D/MmsSmsDatabaseHelper(  562): [MmsSmsDb] tableName: threads hasAutoIncrement: CREATE TABLE threads (_id INTEGER PRIMARY KEY AUTOINCREMENT,date INTEGER DEFAULT 0,message_count INTEGER DEFAULT 0,recipient_ids TEXT,snippet TEXT,snippet_cs INTEGER DEFAULT 0,read INTEGER DEFAULT 1,type INTEGER DEFAULT 0,error INTEGER DEFAULT 0,has_attachment INTEGER DEFAULT 0) result: true
D/ExchangeService(  657): !!! EAS ExchangeService, onStartCommand, startingUp = true, running = false
D/Eas Debug(  657): Logging: 
D/ExchangeService(  657): Received deviceId from Email app: androidc259148960
D/ExchangeService(  657): Reconciling accounts...
D/MmsSmsDatabaseHelper(  562): [MmsSmsDb] tableName: canonical_addresses hasAutoIncrement: CREATE TABLE canonical_addresses (_id INTEGER PRIMARY KEY AUTOINCREMENT,address TEXT) result: true
D/MmsSmsDatabaseHelper(  562): [MmsSmsDb] tableName: part hasAutoIncrement: CREATE TABLE part (_id INTEGER PRIMARY KEY AUTOINCREMENT,mid INTEGER,seq INTEGER DEFAULT 0,ct TEXT,name TEXT,chset INTEGER,cd TEXT,fn TEXT,cid TEXT,cl TEXT,ctt_s INTEGER,ctt_t TEXT,_data TEXT,text TEXT) result: true
D/MmsSmsDatabaseHelper(  562): [MmsSmsDb] tableName: pdu hasAutoIncrement: CREATE TABLE pdu (_id INTEGER PRIMARY KEY AUTOINCREMENT,thread_id INTEGER,date INTEGER,date_sent INTEGER DEFAULT 0,msg_box INTEGER,read INTEGER DEFAULT 0,m_id TEXT,sub TEXT,sub_cs INTEGER,ct_t TEXT,ct_l TEXT,exp INTEGER,m_cls TEXT,m_type INTEGER,v INTEGER,m_size INTEGER,pri INTEGER,rr INTEGER,rpt_a INTEGER,resp_st INTEGER,st INTEGER,tr_id TEXT,retr_st INTEGER,retr_txt TEXT,retr_txt_cs INTEGER,read_status INTEGER,ct_cls INTEGER,resp_txt TEXT,d_tm INTEGER,d_rpt INTEGER,locked INTEGER DEFAULT 0,seen INTEGER DEFAULT 0,text_only INTEGER DEFAULT 0) result: true
D/MmsSmsDatabaseHelper(  562): [getWritableDatabase] hasAutoIncrementThreads: true hasAutoIncrementAddresses: true hasAutoIncrementPart: true hasAutoIncrementPdu: true
D/GpsLocationProvider(  284): NTP server returned: 1479751656767 (Mon Nov 21 18:07:36 GMT 2016) reference: 136574 certainty: 111 system time offset: -376
D/dalvikvm(  402): GC_CONCURRENT freed 329K, 10% free 3711K/4100K, paused 18ms+35ms, total 110ms
D/dalvikvm(  402): GC_FOR_ALLOC freed 15K, 10% free 3709K/4100K, paused 26ms, total 26ms
I/dalvikvm-heap(  402): Grow heap (frag case) to 4.171MB for 518416-byte allocation
D/dalvikvm(  402): GC_CONCURRENT freed 0K, 9% free 4215K/4608K, paused 13ms+4ms, total 38ms
D/dalvikvm(  402): WAIT_FOR_CONCURRENT_GC blocked 25ms
D/dalvikvm(  402): GC_FOR_ALLOC freed <1K, 9% free 4216K/4608K, paused 22ms, total 25ms
I/dalvikvm-heap(  402): Grow heap (frag case) to 4.666MB for 518416-byte allocation
D/dalvikvm(  402): GC_CONCURRENT freed <1K, 8% free 4722K/5116K, paused 9ms+3ms, total 36ms
D/dalvikvm(  402): WAIT_FOR_CONCURRENT_GC blocked 28ms
D/dalvikvm(  402): GC_FOR_ALLOC freed <1K, 8% free 4722K/5116K, paused 22ms, total 22ms
I/dalvikvm-heap(  402): Grow heap (frag case) to 5.162MB for 518416-byte allocation
D/dalvikvm(  402): GC_FOR_ALLOC freed <1K, 8% free 5229K/5624K, paused 23ms, total 23ms
D/dalvikvm(  402): GREF has increased to 201
I/Choreographer(  402): Skipped 71 frames!  The application may be doing too much work on its main thread.
I/Choreographer(  402): Skipped 53 frames!  The application may be doing too much work on its main thread.
I/CalendarProvider2(  666): Sending notification intent: Intent { act=android.intent.action.PROVIDER_CHANGED dat=content://com.android.calendar }
W/ContentResolver(  666): Failed to get type for: content://com.android.calendar (Unknown URL content://com.android.calendar)
D/dalvikvm(  562): GREF has increased to 201
D/Mms:app (  691): cancelNotification
D/EmailProvider(  640): fromDatabase accounts: 0
D/EmailProvider(  640): ending toDatabase transaction; copyCount = 0
D/EmailProvider(  640): ending fromDatabase transaction; copyCount = 0
W/ActivityManager(  284): Unable to start service Intent { cmp=com.android.email/.service.AttachmentDownloadService } U=0: not found
W/ActivityManager(  284): Unable to start service Intent { cmp=com.android.email/.service.AttachmentDownloadService } U=0: not found
D/ExchangeService(  657): !!! EAS ExchangeService, onStartCommand, startingUp = true, running = false
D/dalvikvm(  640): GC_CONCURRENT freed 200K, 10% free 2586K/2852K, paused 21ms+10ms, total 79ms
D/dalvikvm(  491): GREF has increased to 201
W/ActivityManager(  284): Unable to start service Intent { cmp=com.android.email/.service.AttachmentDownloadService } U=0: not found
W/MediaProvider(  491): no database for scanned volume external
D/dalvikvm(  402): GC_CONCURRENT freed 378K, 8% free 5687K/6132K, paused 11ms+5ms, total 56ms
D/dalvikvm(  491): GC_CONCURRENT freed 196K, 10% free 2564K/2820K, paused 4ms+3ms, total 57ms
W/MediaScanner(  491): Error opening directory '/mnt/sdcard/.android_secure/', skipping: Permission denied.
D/dalvikvm(  284): GC_EXPLICIT freed 2007K, 33% free 5794K/8640K, paused 5ms+8ms, total 88ms
V/MediaScanner(  491): pruneDeadThumbnailFiles... android.database.sqlite.SQLiteCursor@40cfe860
V/MediaScanner(  491): /pruneDeadThumbnailFiles... android.database.sqlite.SQLiteCursor@40cfe860
E/ThrottleService(  284): problem during onPollAlarm: java.lang.IllegalStateException: problem parsing stats: java.io.FileNotFoundException: /proc/net/xt_qtaguid/iface_stat_all: open failed: ENOENT (No such file or directory)
I/AudioService(  284):  AudioFocus  abandonAudioFocus() from android.media.AudioManager@40cda080com.android.music.MediaPlaybackService$3@40cd8ca0
W/BroadcastQueue(  284): Timeout of broadcast BroadcastRecord{41018d60 u-1 android.intent.action.TIME_TICK} - receiver=android.os.BinderProxy@41044040, started 60000ms ago
W/BroadcastQueue(  284): Receiver during timeout: BroadcastFilter{410167e0 u0 ReceiverList{41016760 346 com.android.systemui/10034/u0 remote:41044040}}
E/JavaBinder(  538): *** Uncaught remote exception!  (Exceptions are not yet supported across processes.)
E/JavaBinder(  538): java.lang.RuntimeException: android.os.DeadObjectException
E/JavaBinder(  538): 	at android.os.Parcel.writeException(Parcel.java:1326)
E/JavaBinder(  538): 	at android.os.Binder.execTransact(Binder.java:354)
E/JavaBinder(  538): 	at dalvik.system.NativeStart.run(Native Method)
E/JavaBinder(  538): Caused by: android.os.DeadObjectException
E/JavaBinder(  538): 	at android.os.BinderProxy.transact(Native Method)
E/JavaBinder(  538): 	at android.content.IIntentReceiver$Stub$Proxy.performReceive(IIntentReceiver.java:124)
E/JavaBinder(  538): 	at android.app.ActivityThread$ApplicationThread.scheduleRegisteredReceiver(ActivityThread.java:809)
E/JavaBinder(  538): 	at android.app.ApplicationThreadNative.onTransact(ApplicationThreadNative.java:383)
E/JavaBinder(  538): 	at android.os.Binder.execTransact(Binder.java:351)
E/JavaBinder(  538): 	... 1 more
D/AndroidRuntime(  788): 
D/AndroidRuntime(  788): >>>>>> AndroidRuntime START com.android.internal.os.RuntimeInit <<<<<<
D/AndroidRuntime(  788): CheckJNI is ON
D/dalvikvm(  788): Trying to load lib libjavacore.so 0x0
D/dalvikvm(  788): Added shared lib libjavacore.so 0x0
D/dalvikvm(  788): Trying to load lib libnativehelper.so 0x0
D/dalvikvm(  788): Added shared lib libnativehelper.so 0x0
D/AndroidRuntime(  788): Calling main entry com.android.commands.am.Am
D/dalvikvm(  788): Note: class Landroid/app/ActivityManagerNative; has 157 unimplemented (abstract) methods
D/dalvikvm(  798): Not late-enabling CheckJNI (already on)
I/ActivityManager(  284): Start proc it.unina.android.ripper_service:android_ripper_service_process for service it.unina.android.ripper_service/.AndroidRipperService: pid=798 uid=10047 gids={50047, 3003, 1028}
D/AndroidRuntime(  788): Shutting down VM
D/dalvikvm(  788): GC_CONCURRENT freed 94K, 17% free 499K/596K, paused 0ms+0ms, total 7ms
D/jdwp    (  788): Got wake-up signal, bailing out of select
D/dalvikvm(  788): Debugger has detached; object registry had 1 entries
E/Trace   (  798): error opening trace file: No such file or directory (2)
V/AndroidRipperService(  798): onCreate()
V/SERVER  (  798): Starting ServerSocket on PORT 8888
V/SERVER  (  798): Started ServerSocket on PORT 8888
V/SERVER  (  798): Ready to accept connections on port: 8888
D/AndroidRuntime(  819): 
D/AndroidRuntime(  819): >>>>>> AndroidRuntime START com.android.internal.os.RuntimeInit <<<<<<
D/AndroidRuntime(  819): CheckJNI is ON
D/dalvikvm(  819): Trying to load lib libjavacore.so 0x0
D/dalvikvm(  819): Added shared lib libjavacore.so 0x0
D/dalvikvm(  819): Trying to load lib libnativehelper.so 0x0
D/dalvikvm(  819): Added shared lib libnativehelper.so 0x0
D/AndroidRuntime(  819): Calling main entry com.android.commands.am.Am
D/dalvikvm(  819): Note: class Landroid/app/ActivityManagerNative; has 157 unimplemented (abstract) methods
I/ActivityManager(  284): Force stopping package net.mandaria.tippytipper appid=10049 user=0
D/dalvikvm(  831): Not late-enabling CheckJNI (already on)
I/ActivityManager(  284): Start proc net.mandaria.tippytipper for added application net.mandaria.tippytipper: pid=831 uid=10049 gids={50049, 1015, 3003, 1028}
I/dalvikvm(  831): Turning on JNI app bug workarounds for target SDK version 4...
E/Trace   (  831): error opening trace file: No such file or directory (2)
D/dalvikvm(  831): GC_CONCURRENT freed 229K, 11% free 2597K/2888K, paused 5ms+5ms, total 55ms
I/System.out(  831): EMMA: collecting runtime coverage data ...
D/PolideaInstrumentationTestRunner(  831): Creating the Test Runner with arguments: [coverage, class]
D/PolideaInstrumentationTestRunner(  831): Test runner is running with the following parameters:
D/PolideaInstrumentationTestRunner(  831): junitOutputDirectory: /data/data/net.mandaria.tippytipper/files
D/PolideaInstrumentationTestRunner(  831): junitOutputFilePostfix: -TEST.xml
D/PolideaInstrumentationTestRunner(  831): junitNoPackagePrefix: NO_PACKAGE
D/PolideaInstrumentationTestRunner(  831): junitSplitLevel: package
D/PolideaInstrumentationTestRunner(  831): junitSingleFileName: ALL-TEST.xml
D/PolideaInstrumentationTestRunner(  831): Creating output directory if it does not exist
D/PolideaInstrumentationTestRunner(  831): Created directory? false
D/PolideaInstrumentationTestRunner(  831): Deleting old files
D/PolideaInstrumentationTestRunner(  831): Deleting: [/data/data/net.mandaria.tippytipper/files/it.unina.android.ripper-TEST.xml]
D/PolideaInstrumentationTestRunner(  831): Getting android test runner
D/PolideaInstrumentationTestRunner(  831): JUnit test output enabled
W/dalvikvm(  831): method Landroid/test/InstrumentationTestRunner$StringResultPrinter;.print incorrectly overrides package-private method with same name in Ljunit/textui/ResultPrinter;
D/PolideaInstrumentationTestRunner(  831): Starting test: testApplication(it.unina.android.ripper.RipperTestCase)
I/TestRunner(  831): started: testApplication(it.unina.android.ripper.RipperTestCase)
V/AndroidRipperService(  798): onBind()
V/AndroidRipperService(  798): onBind()
V/AndroidRipperService(  798): register()
I/ActivityManager(  284): START u0 {act=android.intent.action.MAIN flg=0x10000000 cmp=net.mandaria.tippytipper/.activities.TippyTipper} from pid 831
D/PermissionCache(   37): checking android.permission.READ_FRAME_BUFFER for uid=1000 => granted (16464 us)
