W/WindowManager(  284): Failure taking screenshot for (246x410) to layer 21000
D/dalvikvm(  831): GC_CONCURRENT freed 304K, 12% free 2682K/3048K, paused 52ms+8ms, total 95ms
E/SurfaceFlinger(   37): ro.sf.lcd_density must be defined as a build property
I/Choreographer(  284): Skipped 46 frames!  The application may be doing too much work on its main thread.
D/FlurryAgent(  831): Starting new session
D/FlurryAgent(  831): Sending report to: http://data.flurry.com/aar.do
V/        (  798): ready
V/RipperService(  798): PING
V/AndroidRipperService(  798): mHandler.handleMessage() RECIVED
V/AndroidRipperService(  798): broadcast()
I/AndroidRipper(  831): Recived message: PING
V/RipperTestCase(  831): Not ready to operate!
V/AndroidRipperService(  798): broadcast() done
V/        (  798): ready
E/SurfaceFlinger(   37): ro.sf.lcd_density must be defined as a build property
D/gralloc_goldfish(  831): Emulator without GPU emulation detected.
I/Choreographer(  284): Skipped 30 frames!  The application may be doing too much work on its main thread.
I/ActivityManager(  284): Displayed net.mandaria.tippytipper/.activities.TippyTipper: +1s884ms
D/FlurryAgent(  831): Report successful
V/RipperService(  798): PING
V/AndroidRipperService(  798): mHandler.handleMessage() RECIVED
V/AndroidRipperService(  798): broadcast()
I/AndroidRipper(  831): Recived message: PING
V/RipperTestCase(  831): Not ready to operate!
V/AndroidRipperService(  798): broadcast() done
V/        (  798): ready
I/AndroidRipper(  831): [RipperTestCase] Ready to operate after restarting...
V/RipperService(  798): PING
V/AndroidRipperService(  798): mHandler.handleMessage() RECIVED
V/AndroidRipperService(  798): broadcast()
I/AndroidRipper(  831): Recived message: PING
V/AndroidRipperService(  798): send()
I/System.out(  798): {"type":"PONG","index":"4"}
V/AndroidRipperService(  798): broadcast() done
V/        (  798): ready
V/RipperService(  798): DSC
V/AndroidRipperService(  798): mHandler.handleMessage() RECIVED
V/AndroidRipperService(  798): broadcast()
I/AndroidRipper(  831): Recived message: DSC
V/RipperTestCase(  831): DSC : net.mandaria.tippytipper
V/AndroidRipperService(  798): broadcast() done
V/        (  798): ready
D/dalvikvm(  831): GC_CONCURRENT freed 122K, 6% free 2990K/3180K, paused 4ms+32ms, total 67ms
I/Choreographer(  284): Skipped 92 frames!  The application may be doing too much work on its main thread.
I/Choreographer(  284): Skipped 99 frames!  The application may be doing too much work on its main thread.
V/AndroidRipperService(  798): send()
I/System.out(  798): {"type":"DSC","xml":"<activity title=\"Tippy Tipper\" name=\"TippyTipper\" class=\"net.mandaria.tippytipper.activities.TippyTipper\" menu=\"TRUE\" keypress=\"FALSE\" longkeypress=\"FALSE\" tab_activity=\"FALSE\" tab_count=\"0\" id=\"\" uid=\"\" root_activity=\"TRUE\"\/>\n","index":"6"}
W/SoundPool(  284):   sample 0 not READY
D/PhoneStatusBar(  538): disable: < expand icons alerts ticker system_info BACK HOME recent* CLOCK search* >
I/ARMAssembler(   37): generated scanline__00000077:03515104_00009002_00000000 [127 ipp] (149 ins) at [0x40c5c1f0:0x40c5c444] in 8553001 ns
I/Choreographer(  284): Skipped 33 frames!  The application may be doing too much work on its main thread.
I/ARMAssembler(   37): generated scanline__00000077:03515104_00009001_00000000 [131 ipp] (153 ins) at [0x40c5c450:0x40c5c6b4] in 1953000 ns
D/PhoneStatusBar(  538): disable: < expand icons alerts ticker system_info back* home* recent clock* search >
V/PhoneStatusBar(  538): setLightsOn(true)
I/Choreographer(  284): Skipped 40 frames!  The application may be doing too much work on its main thread.
V/RipperService(  798): EVT
V/AndroidRipperService(  798): mHandler.handleMessage() RECIVED
V/AndroidRipperService(  798): broadcast()
I/AndroidRipper(  831): Recived message: EVT
V/RipperTestCase(  831): DSC : net.mandaria.tippytipper
V/AndroidRipperService(  798): broadcast() done
V/        (  798): ready
I/Choreographer(  284): Skipped 97 frames!  The application may be doing too much work on its main thread.
V/TAG     (  284): bug 7643792: fitSystemWindows([0,38][0,0])
I/Choreographer(  284): Skipped 80 frames!  The application may be doing too much work on its main thread.
D/dalvikvm(  284): GC_CONCURRENT freed 702K, 33% free 5846K/8640K, paused 6ms+7ms, total 1308ms
W/SurfaceFlinger(   37): createScreenshotSurface failed (Function not implemented)
I/ActivityManager(  284): Config changes=1480 {1.0 310mcc260mnc en_US ldltr sw320dp w533dp h294dp 240dpi nrml long land finger qwerty/v/v -nav/h s.8}
I/InputReader(  284): Reconfiguring input devices.  changes=0x00000004
I/InputReader(  284): Device reconfigured: id=0, name='qwerty2', size 480x800, orientation 1, mode 1, display id 0
D/FlurryAgent(  831): Ending session
D/dalvikvm(  538): GC_FOR_ALLOC freed 9152K, 71% free 3907K/13132K, paused 124ms, total 136ms
I/dalvikvm-heap(  538): Grow heap (frag case) to 9.984MB for 6410576-byte allocation
D/dalvikvm(  538): GC_FOR_ALLOC freed 6K, 23% free 10161K/13132K, paused 71ms, total 71ms
D/dalvikvm(  538): GC_CONCURRENT freed <1K, 23% free 10161K/13132K, paused 4ms+3ms, total 68ms
D/FlurryAgent(  831): Continuing previous session
I/Choreographer(  831): Skipped 149 frames!  The application may be doing too much work on its main thread.
D/dalvikvm(  831): GC_CONCURRENT freed 216K, 9% free 3161K/3440K, paused 4ms+14ms, total 104ms
E/SurfaceFlinger(   37): ro.sf.lcd_density must be defined as a build property
D/dalvikvm(  538): GC_FOR_ALLOC freed <1K, 23% free 10161K/13132K, paused 56ms, total 56ms
I/dalvikvm-heap(  538): Grow heap (frag case) to 12.676MB for 2828816-byte allocation
V/AndroidRipperService(  798): send()
I/System.out(  798): {"type":"ACK","index":"8"}
V/RipperService(  798): DSC
V/AndroidRipperService(  798): mHandler.handleMessage() RECIVED
V/AndroidRipperService(  798): broadcast()
V/AndroidRipperService(  798): broadcast() done
V/        (  798): ready
I/AndroidRipper(  831): Recived message: DSC
V/RipperTestCase(  831): DSC : net.mandaria.tippytipper
D/dalvikvm(  538): GC_CONCURRENT freed 0K, 2% free 12924K/13132K, paused 5ms+81ms, total 138ms
D/dalvikvm(  538): WAIT_FOR_CONCURRENT_GC blocked 123ms
I/AndroidRipper(  831): [SimpleExtractor] Found widget: id=-1 (android.widget.LinearLayout{40d95a98 V.E..... ......I. 0,0-800,480})
I/AndroidRipper(  831): [SimpleExtractor] Found widget: id=16909140 (android.view.ViewStub{40d96610 G.E..... ......I. 0,0-0,0 #1020354})
I/AndroidRipper(  831): [SimpleExtractor] Found widget: id=-1 (android.widget.FrameLayout{40d968a0 V.E..... ......I. 0,38-800,76})
I/AndroidRipper(  831): [SimpleExtractor] Found widget: id=16908310 (android.widget.TextView{40d96d48 V.ED.... ......I. 6,1-794,36 #1020016 android:id/title})
I/AndroidRipper(  831): [SimpleExtractor] Found widget: id=16908290 (android.widget.FrameLayout{40d97c80 V.E..... ......I. 0,76-800,480 #1020002 android:id/content})
I/AndroidRipper(  831): [SimpleExtractor] Found widget: id=-1 (android.widget.LinearLayout{40d986f0 V.E..... ......I. 0,0-800,404})
W/WindowManager(  284): Window freeze timeout expired.
W/WindowManager(  284): Force clearing orientation change: Window{40f066c8 u0 StatusBar}
W/WindowManager(  284): Force clearing orientation change: Window{4102bf40 u0 com.android.systemui.ImageWallpaper}
I/AndroidRipper(  831): [SimpleExtractor] Found widget: id=-1 (android.widget.LinearLayout{40d98a70 V.E..... ......I. 15,8-785,86})
I/AndroidRipper(  831): [SimpleExtractor] Found widget: id=-1 (android.widget.TextView{40d98e40 V.ED.... ......I. 0,3-237,74})
I/AndroidRipper(  831): [SimpleExtractor] Found widget: id=2131361792 (android.widget.EditText{40d99348 VFED..CL .F....I. 267,0-770,78 #7f0a0000 app:id/txt_amount})
I/AndroidRipper(  831): [SimpleExtractor] Found widget: id=-1 (android.widget.LinearLayout{40da4510 V.E..... ......I. 15,86-785,404})
I/AndroidRipper(  831): [SimpleExtractor] Found widget: id=-1 (android.widget.LinearLayout{40da4898 V.E..... ......I. 0,0-770,82})
I/AndroidRipper(  831): [SimpleExtractor] Found widget: id=2131361793 (android.widget.Button{40da4c60 VFED..C. ......I. 5,5-252,77 #7f0a0001 app:id/btn_seven})
I/AndroidRipper(  831): [SimpleExtractor] Found widget: id=2131361794 (android.widget.Button{40db32a8 VFED..C. ......I. 262,5-509,77 #7f0a0002 app:id/btn_eight})
I/AndroidRipper(  831): [SimpleExtractor] Found widget: id=2131361795 (android.widget.Button{40db3d38 VFED..C. ......I. 519,5-765,77 #7f0a0003 app:id/btn_nine})
I/Choreographer(  538): Skipped 58 frames!  The application may be doing too much work on its main thread.
I/AndroidRipper(  831): [SimpleExtractor] Found widget: id=-1 (android.widget.LinearLayout{40db47c8 V.E..... ......I. 0,82-770,164})
I/AndroidRipper(  831): [SimpleExtractor] Found widget: id=2131361796 (android.widget.Button{40db4b70 VFED..C. ......I. 5,5-252,77 #7f0a0004 app:id/btn_four})
I/AndroidRipper(  831): [SimpleExtractor] Found widget: id=2131361797 (android.widget.Button{40db5600 VFED..C. ......I. 262,5-509,77 #7f0a0005 app:id/btn_five})
I/AndroidRipper(  831): [SimpleExtractor] Found widget: id=2131361798 (android.widget.Button{40db6090 VFED..C. ......I. 519,5-765,77 #7f0a0006 app:id/btn_six})
I/AndroidRipper(  831): [SimpleExtractor] Found widget: id=-1 (android.widget.LinearLayout{40db6b20 V.E..... ......I. 0,164-770,246})
I/AndroidRipper(  831): [SimpleExtractor] Found widget: id=2131361799 (android.widget.Button{40db6ec8 VFED..C. ......I. 5,5-252,77 #7f0a0007 app:id/btn_one})
I/ARMAssembler(   37): generated scanline__00000077:03010104_00008002_00000000 [ 89 ipp] (110 ins) at [0x40c5c6c0:0x40c5c878] in 1112000 ns
I/AndroidRipper(  831): [SimpleExtractor] Found widget: id=2131361800 (android.widget.Button{40db7958 VFED..C. ......I. 262,5-509,77 #7f0a0008 app:id/btn_two})
I/AndroidRipper(  831): [SimpleExtractor] Found widget: id=2131361801 (android.widget.Button{40db83e8 VFED..C. ......I. 519,5-765,77 #7f0a0009 app:id/btn_three})
I/AndroidRipper(  831): [SimpleExtractor] Found widget: id=-1 (android.widget.LinearLayout{40db8e78 V.E..... ......I. 0,246-770,318})
I/AndroidRipper(  831): [SimpleExtractor] Found widget: id=2131361802 (android.widget.Button{40db9220 VFED..CL ......I. 5,5-252,67 #7f0a000a app:id/btn_delete})
I/ARMAssembler(   37): generated scanline__00000077:03515104_00008001_00000000 [113 ipp] (134 ins) at [0x40c5c880:0x40c5ca98] in 868001 ns
I/AndroidRipper(  831): [SimpleExtractor] Found widget: id=2131361803 (android.widget.Button{40db9cb8 VFED..C. ......I. 262,5-509,67 #7f0a000b app:id/btn_zero})
I/AndroidRipper(  831): [SimpleExtractor] Found widget: id=2131361804 (android.widget.Button{40dba748 VFED..C. ......I. 519,5-765,67 #7f0a000c app:id/btn_ok})
I/AndroidRipper(  831): [SimpleExtractor] Found widget: id=-1 (com.android.internal.policy.impl.PhoneWindow$DecorView{40d953a0 V.E..... R.....I. 0,0-800,480})
V/AndroidRipperService(  798): send()
I/System.out(  798): {"type":"DSC","xml":"<activity title=\"Tippy Tipper\" name=\"TippyTipper\" class=\"net.mandaria.tippytipper.activities.TippyTipper\" menu=\"TRUE\" keypress=\"FALSE\" longkeypress=\"FALSE\" tab_activity=\"FALSE\" tab_count=\"0\" id=\"\" uid=\"\" root_activity=\"TRUE\">\n  <widget id=\"-1\" class=\"android.widget.LinearLayout\" simple_type=\"linearLayout\" name=\"\" count=\"3\" index=\"0\" enabled=\"TRUE\" visible=\"TRUE\" p_id=\"-1\" p_name=\"\" p_type=\"com.android.internal.policy.impl.PhoneWindow.DecorView\" ancestor_id=\"\" ancestor_type=\"null\"\/>\n  <widget id=\"16909140\" class=\"android.view.ViewStub\" simple_type=\"\" name=\"\" index=\"1\" enabled=\"TRUE\" visible=\"FALSE\" p_id=\"-1\" p_name=\"\" p_type=\"android.widget.LinearLayout\" ancestor_id=\"\" ancestor_type=\"null\"\/>\n  <widget id=\"-1\" class=\"android.widget.FrameLayout\" simple_type=\"\" name=\"\" count=\"1\" index=\"2\" enabled=\"TRUE\" visible=\"TRUE\" p_id=\"-1\" p_name=\"\" p_type=\"android.widget.LinearLayout\" ancestor_id=\"\" ancestor_type=\"null\"\/>\n  <widget id=\"16908310\" class=\"android.widget.TextView\" simple_type=\"text\" r_id=\"title\" text_type=\"0\" name=\"Tippy Tipper\" value=\"Tippy Tipper\" index=\"3\" enabled=\"TRUE\" visible=\"TRUE\" p_id=\"-1\" p_name=\"\" p_type=\"android.widget.FrameLayout\" ancestor_id=\"\" ancestor_type=\"null\"\/>\n  <widget id=\"16908290\" class=\"android.widget.FrameLayout\" simple_type=\"\" r_id=\"content\" name=\"\" count=\"1\" index=\"4\" enabled=\"TRUE\" visible=\"TRUE\" p_id=\"-1\" p_name=\"\" p_type=\"android.widget.LinearLayout\" ancestor_id=\"\" ancestor_type=\"null\"\/>\n  <widget id=\"-1\" class=\"android.widget.LinearLayout\" simple_type=\"linearLayout\" name=\"\" count=\"2\" index=\"5\" enabled=\"TRUE\" visible=\"TRUE\" p_id=\"16908290\" p_name=\"\" p_type=\"android.widget.FrameLayout\" ancestor_id=\"\" ancestor_type=\"\"\/>\n  <widget id=\"-1\" class=\"android.widget.LinearLayout\" simple_type=\"linearLayout\" name=\"\" count=\"2\" index=\"6\" enabled=\"TRUE\" visible=\"TRUE\" p_id=\"-1\" p_name=\"\" p_type=\"android.widget.LinearLayout\" ancestor_id=\"16908290\" ancestor_type=\"android.widget.FrameLayout\"\/>\n  <widget id=\"-1\" class=\"android.widget.TextView\" simple_type=\"text\" text_type=\"0\" name=\"Enter bill amount:\" value=\"Enter bill amount:\" index=\"7\" enabled=\"TRUE\" visible=\"TRUE\" p_id=\"-1\" p_name=\"\" p_type=\"android.widget.LinearLayout\" ancestor_id=\"16908290\" ancestor_type=\"android.widget.FrameLayout\"\/>\n  <widget id=\"2131361792\" class=\"android.widget.EditText\" simple_type=\"editText\" r_id=\"txt_amount\" text_type=\"0\" name=\"\" value=\"$0.00\" index=\"8\" enabled=\"TRUE\" visible=\"TRUE\" p_id=\"-1\" p_name=\"\" p_type=\"android.widget.LinearLayout\" ancestor_id=\"16908290\" ancestor_type=\"android.widget.FrameLayout\"\/>\n  <widget id=\"-1\" class=\"android.widget.LinearLayout\" simple_type=\"linearLayout\" name=\"\" count=\"4\" index=\"9\" enabled=\"TRUE\" visible=\"TRUE\" p_id=\"-1\" p_name=\"\" p_type=\"android.widget.LinearLayout\" ancestor_id=\"16908290\" ancestor_type=\"android.widget.FrameLayout\"\/>\n  <widget id=\"-1\" class=\"android.widget.LinearLayout\" simple_type=\"linearLayout\" name=\"\" count=\"3\" index=\"10\" enabled=\"TRUE\" visible=\"TRUE\" p_id=\"-1\" p_name=\"\" p_type=\"android.widget.LinearLayout\" ancestor_id=\"16908290\" ancestor_type=\"android.widget.FrameLayout\"\/>\n  <widget id=\"2131361793\" class=\"android.widget.Button\" simple_type=\"button\" r_id=\"btn_seven\" text_type=\"0\" name=\"7\" value=\"7\" index=\"11\" enabled=\"TRUE\" visible=\"TRUE\" p_id=\"-1\" p_name=\"\" p_type=\"android.widget.LinearLayout\" ancestor_id=\"16908290\" ancestor_type=\"android.widget.FrameLayout\"\/>\n  <widget id=\"2131361794\" class=\"android.widget.Button\" simple_type=\"button\" r_id=\"btn_eight\" text_type=\"0\" name=\"8\" value=\"8\" index=\"12\" enabled=\"TRUE\" visible=\"TRUE\" p_id=\"-1\" p_name=\"\" p_type=\"android.widget.LinearLayout\" ancestor_id=\"16908290\" ancestor_type=\"android.widget.
D/dalvikvm(  831): GC_CONCURRENT freed 311K, 11% free 3244K/3620K, paused 16ms+12ms, total 76ms
V/RipperService(  798): DSC
V/AndroidRipperService(  798): mHandler.handleMessage() RECIVED
V/AndroidRipperService(  798): broadcast()
I/AndroidRipper(  831): Recived message: DSC
V/RipperTestCase(  831): DSC : net.mandaria.tippytipper
V/AndroidRipperService(  798): broadcast() done
V/        (  798): ready
I/AndroidRipper(  831): [SimpleExtractor] Found widget: id=-1 (android.widget.LinearLayout{40d95a98 V.E..... ......I. 0,0-800,480})
I/AndroidRipper(  831): [SimpleExtractor] Found widget: id=16909140 (android.view.ViewStub{40d96610 G.E..... ......I. 0,0-0,0 #1020354})
I/AndroidRipper(  831): [SimpleExtractor] Found widget: id=-1 (android.widget.FrameLayout{40d968a0 V.E..... ......I. 0,38-800,76})
I/AndroidRipper(  831): [SimpleExtractor] Found widget: id=16908310 (android.widget.TextView{40d96d48 V.ED.... ......I. 6,1-794,36 #1020016 android:id/title})
I/AndroidRipper(  831): [SimpleExtractor] Found widget: id=16908290 (android.widget.FrameLayout{40d97c80 V.E..... ......I. 0,76-800,480 #1020002 android:id/content})
I/AndroidRipper(  831): [SimpleExtractor] Found widget: id=-1 (android.widget.LinearLayout{40d986f0 V.E..... ......I. 0,0-800,404})
I/AndroidRipper(  831): [SimpleExtractor] Found widget: id=-1 (android.widget.LinearLayout{40d98a70 V.E..... ......I. 15,8-785,86})
I/AndroidRipper(  831): [SimpleExtractor] Found widget: id=-1 (android.widget.TextView{40d98e40 V.ED.... ......I. 0,3-237,74})
I/AndroidRipper(  831): [SimpleExtractor] Found widget: id=2131361792 (android.widget.EditText{40d99348 VFED..CL .F....I. 267,0-770,78 #7f0a0000 app:id/txt_amount})
I/AndroidRipper(  831): [SimpleExtractor] Found widget: id=-1 (android.widget.LinearLayout{40da4510 V.E..... ......I. 15,86-785,404})
I/AndroidRipper(  831): [SimpleExtractor] Found widget: id=-1 (android.widget.LinearLayout{40da4898 V.E..... ......I. 0,0-770,82})
I/AndroidRipper(  831): [SimpleExtractor] Found widget: id=2131361793 (android.widget.Button{40da4c60 VFED..C. ......I. 5,5-252,77 #7f0a0001 app:id/btn_seven})
I/AndroidRipper(  831): [SimpleExtractor] Found widget: id=2131361794 (android.widget.Button{40db32a8 VFED..C. ......I. 262,5-509,77 #7f0a0002 app:id/btn_eight})
I/AndroidRipper(  831): [SimpleExtractor] Found widget: id=2131361795 (android.widget.Button{40db3d38 VFED..C. ......I. 519,5-765,77 #7f0a0003 app:id/btn_nine})
I/AndroidRipper(  831): [SimpleExtractor] Found widget: id=-1 (android.widget.LinearLayout{40db47c8 V.E..... ......I. 0,82-770,164})
I/AndroidRipper(  831): [SimpleExtractor] Found widget: id=2131361796 (android.widget.Button{40db4b70 VFED..C. ......I. 5,5-252,77 #7f0a0004 app:id/btn_four})
I/AndroidRipper(  831): [SimpleExtractor] Found widget: id=2131361797 (android.widget.Button{40db5600 VFED..C. ......I. 262,5-509,77 #7f0a0005 app:id/btn_five})
I/AndroidRipper(  831): [SimpleExtractor] Found widget: id=2131361798 (android.widget.Button{40db6090 VFED..C. ......I. 519,5-765,77 #7f0a0006 app:id/btn_six})
I/AndroidRipper(  831): [SimpleExtractor] Found widget: id=-1 (android.widget.LinearLayout{40db6b20 V.E..... ......I. 0,164-770,246})
I/AndroidRipper(  831): [SimpleExtractor] Found widget: id=2131361799 (android.widget.Button{40db6ec8 VFED..C. ......I. 5,5-252,77 #7f0a0007 app:id/btn_one})
I/AndroidRipper(  831): [SimpleExtractor] Found widget: id=2131361800 (android.widget.Button{40db7958 VFED..C. ......I. 262,5-509,77 #7f0a0008 app:id/btn_two})
I/AndroidRipper(  831): [SimpleExtractor] Found widget: id=2131361801 (android.widget.Button{40db83e8 VFED..C. ......I. 519,5-765,77 #7f0a0009 app:id/btn_three})
I/AndroidRipper(  831): [SimpleExtractor] Found widget: id=-1 (android.widget.LinearLayout{40db8e78 V.E..... ......I. 0,246-770,318})
I/AndroidRipper(  831): [SimpleExtractor] Found widget: id=2131361802 (android.widget.Button{40db9220 VFED..CL ......I. 5,5-252,67 #7f0a000a app:id/btn_delete})
I/AndroidRipper(  831): [SimpleExtractor] Found widget: id=2131361803 (android.widget.Button{40db9cb8 VFED..C. ......I. 262,5-509,67 #7f0a000b app:id/btn_zero})
I/AndroidRipper(  831): [SimpleExtractor] Found widget: id=2131361804 (android.widget.Button{40dba748 VFED..C. ......I. 519,5-765,67 #7f0a000c app:id/btn_ok})
I/AndroidRipper(  831): [SimpleExtractor] Found widget: id=-1 (com.android.internal.policy.impl.PhoneWindow$DecorView{40d953a0 V.E..... R.....I. 0,0-800,480})
V/AndroidRipperService(  798): send()
I/System.out(  798): {"type":"DSC","xml":"<activity title=\"Tippy Tipper\" name=\"TippyTipper\" class=\"net.mandaria.tippytipper.activities.TippyTipper\" menu=\"TRUE\" keypress=\"FALSE\" longkeypress=\"FALSE\" tab_activity=\"FALSE\" tab_count=\"0\" id=\"\" uid=\"\" root_activity=\"TRUE\">\n  <widget id=\"-1\" class=\"android.widget.LinearLayout\" simple_type=\"linearLayout\" name=\"\" count=\"3\" index=\"0\" enabled=\"TRUE\" visible=\"TRUE\" p_id=\"-1\" p_name=\"\" p_type=\"com.android.internal.policy.impl.PhoneWindow.DecorView\" ancestor_id=\"\" ancestor_type=\"null\"\/>\n  <widget id=\"16909140\" class=\"android.view.ViewStub\" simple_type=\"\" name=\"\" index=\"1\" enabled=\"TRUE\" visible=\"FALSE\" p_id=\"-1\" p_name=\"\" p_type=\"android.widget.LinearLayout\" ancestor_id=\"\" ancestor_type=\"null\"\/>\n  <widget id=\"-1\" class=\"android.widget.FrameLayout\" simple_type=\"\" name=\"\" count=\"1\" index=\"2\" enabled=\"TRUE\" visible=\"TRUE\" p_id=\"-1\" p_name=\"\" p_type=\"android.widget.LinearLayout\" ancestor_id=\"\" ancestor_type=\"null\"\/>\n  <widget id=\"16908310\" class=\"android.widget.TextView\" simple_type=\"text\" r_id=\"title\" text_type=\"0\" name=\"Tippy Tipper\" value=\"Tippy Tipper\" index=\"3\" enabled=\"TRUE\" visible=\"TRUE\" p_id=\"-1\" p_name=\"\" p_type=\"android.widget.FrameLayout\" ancestor_id=\"\" ancestor_type=\"null\"\/>\n  <widget id=\"16908290\" class=\"android.widget.FrameLayout\" simple_type=\"\" r_id=\"content\" name=\"\" count=\"1\" index=\"4\" enabled=\"TRUE\" visible=\"TRUE\" p_id=\"-1\" p_name=\"\" p_type=\"android.widget.LinearLayout\" ancestor_id=\"\" ancestor_type=\"null\"\/>\n  <widget id=\"-1\" class=\"android.widget.LinearLayout\" simple_type=\"linearLayout\" name=\"\" count=\"2\" index=\"5\" enabled=\"TRUE\" visible=\"TRUE\" p_id=\"16908290\" p_name=\"\" p_type=\"android.widget.FrameLayout\" ancestor_id=\"\" ancestor_type=\"\"\/>\n  <widget id=\"-1\" class=\"android.widget.LinearLayout\" simple_type=\"linearLayout\" name=\"\" count=\"2\" index=\"6\" enabled=\"TRUE\" visible=\"TRUE\" p_id=\"-1\" p_name=\"\" p_type=\"android.widget.LinearLayout\" ancestor_id=\"16908290\" ancestor_type=\"android.widget.FrameLayout\"\/>\n  <widget id=\"-1\" class=\"android.widget.TextView\" simple_type=\"text\" text_type=\"0\" name=\"Enter bill amount:\" value=\"Enter bill amount:\" index=\"7\" enabled=\"TRUE\" visible=\"TRUE\" p_id=\"-1\" p_name=\"\" p_type=\"android.widget.LinearLayout\" ancestor_id=\"16908290\" ancestor_type=\"android.widget.FrameLayout\"\/>\n  <widget id=\"2131361792\" class=\"android.widget.EditText\" simple_type=\"editText\" r_id=\"txt_amount\" text_type=\"0\" name=\"\" value=\"$0.00\" index=\"8\" enabled=\"TRUE\" visible=\"TRUE\" p_id=\"-1\" p_name=\"\" p_type=\"android.widget.LinearLayout\" ancestor_id=\"16908290\" ancestor_type=\"android.widget.FrameLayout\"\/>\n  <widget id=\"-1\" class=\"android.widget.LinearLayout\" simple_type=\"linearLayout\" name=\"\" count=\"4\" index=\"9\" enabled=\"TRUE\" visible=\"TRUE\" p_id=\"-1\" p_name=\"\" p_type=\"android.widget.LinearLayout\" ancestor_id=\"16908290\" ancestor_type=\"android.widget.FrameLayout\"\/>\n  <widget id=\"-1\" class=\"android.widget.LinearLayout\" simple_type=\"linearLayout\" name=\"\" count=\"3\" index=\"10\" enabled=\"TRUE\" visible=\"TRUE\" p_id=\"-1\" p_name=\"\" p_type=\"android.widget.LinearLayout\" ancestor_id=\"16908290\" ancestor_type=\"android.widget.FrameLayout\"\/>\n  <widget id=\"2131361793\" class=\"android.widget.Button\" simple_type=\"button\" r_id=\"btn_seven\" text_type=\"0\" name=\"7\" value=\"7\" index=\"11\" enabled=\"TRUE\" visible=\"TRUE\" p_id=\"-1\" p_name=\"\" p_type=\"android.widget.LinearLayout\" ancestor_id=\"16908290\" ancestor_type=\"android.widget.FrameLayout\"\/>\n  <widget id=\"2131361794\" class=\"android.widget.Button\" simple_type=\"button\" r_id=\"btn_eight\" text_type=\"0\" name=\"8\" value=\"8\" index=\"12\" enabled=\"TRUE\" visible=\"TRUE\" p_id=\"-1\" p_name=\"\" p_type=\"android.widget.LinearLayout\" ancestor_id=\"16908290\" ancestor_type=\"android.widget.
D/dalvikvm(  798): GC_CONCURRENT freed 309K, 14% free 2471K/2848K, paused 4ms+3ms, total 125ms
D/dalvikvm(  284): GC_EXPLICIT freed 86K, 33% free 5818K/8640K, paused 4ms+24ms, total 191ms
V/RipperService(  798): COVER
V/AndroidRipperService(  798): mHandler.handleMessage() RECIVED
V/AndroidRipperService(  798): broadcast()
I/AndroidRipper(  831): Recived message: COVER
V/RipperTestCase(  831): Dumping coverage data!
V/RipperTestCase(  831): Dumping coverage data!
V/AndroidRipperService(  798): broadcast() done
V/        (  798): ready
I/System.out(  831): EMMA: runtime coverage data written to [/data/data/net.mandaria.tippytipper/coverage1479751744693.ec] {in 83 ms}
V/AndroidRipperService(  798): send()
I/System.out(  798): {"type":"ACK","index":"14"}
V/RipperService(  798): END
V/AndroidRipperService(  798): mHandler.handleMessage() RECIVED
V/AndroidRipperService(  798): broadcast()
I/AndroidRipper(  831): Recived message: END
V/AndroidRipperService(  798): broadcast() done
V/        (  798): ready
V/SERVER  (  798): ServerSocket on PORT 8888: offline
V/AndroidRipperService(  798): mHandler.handleMessage() DISCONNECTED
V/SERVER  (  798): Ready to accept connections on port: 8888
V/AndroidRipperService(  798): unregister()
W/WindowManager(  284): Failure taking screenshot for (236x394) to layer 21010
V/AndroidRipperService(  798): unregister()
W/SurfaceFlinger(   37): createScreenshotSurface failed (Function not implemented)
I/ActivityManager(  284): Config changes=1480 {1.0 310mcc260mnc en_US ldltr sw320dp w320dp h508dp 240dpi nrml long port finger qwerty/v/v -nav/h s.9}
I/InputReader(  284): Reconfiguring input devices.  changes=0x00000004
I/InputReader(  284): Device reconfigured: id=0, name='qwerty2', size 480x800, orientation 0, mode 1, display id 0
W/ActivityManager(  284): Duplicate finish request for ActivityRecord{40e5ee18 u0 net.mandaria.tippytipper/.activities.TippyTipper}
I/Choreographer(  402): Skipped 47 frames!  The application may be doing too much work on its main thread.
D/dalvikvm(  538): GC_FOR_ALLOC freed 9040K, 71% free 3902K/13132K, paused 248ms, total 256ms
I/dalvikvm-heap(  538): Grow heap (frag case) to 9.979MB for 6410576-byte allocation
E/SurfaceFlinger(   37): ro.sf.lcd_density must be defined as a build property
D/dalvikvm(  831): JIT unchain all for threadid=14
D/dalvikvm(  538): GC_FOR_ALLOC freed <1K, 23% free 10161K/13132K, paused 278ms, total 278ms
D/dalvikvm(  831): GC_CONCURRENT freed 469K, 15% free 3168K/3700K, paused 19ms+364ms, total 1390ms
D/dalvikvm(  831): WAIT_FOR_CONCURRENT_GC blocked 560ms
D/dalvikvm(  538): GC_CONCURRENT freed <1K, 23% free 10162K/13132K, paused 12ms+34ms, total 228ms
D/dalvikvm(  831): JIT unchain all for threadid=14
I/Choreographer(  831): Skipped 217 frames!  The application may be doing too much work on its main thread.
W/IInputConnectionWrapper(  831): showStatusIcon on inactive InputConnection
D/dalvikvm(  831): JIT unchain all for threadid=14
D/dalvikvm(  831): GC_EXPLICIT freed 13K, 15% free 3155K/3700K, paused 313ms+301ms, total 684ms
W/WindowManager(  284): Window freeze timeout expired.
W/WindowManager(  284): Force clearing orientation change: Window{40f066c8 u0 StatusBar}
W/WindowManager(  284): Force clearing orientation change: Window{4102bf40 u0 com.android.systemui.ImageWallpaper}
D/dalvikvm(  831): JIT unchain all for threadid=14
D/FlurryAgent(  831): Ending session
D/dalvikvm(  831): JIT unchain all for threadid=14
D/dalvikvm(  831): GC_EXPLICIT freed 6K, 15% free 3151K/3700K, paused 326ms+605ms, total 1015ms
D/PolideaInstrumentationTestRunner(  831): Finished test: testApplication(it.unina.android.ripper.RipperTestCase)
I/TestRunner(  831): finished: testApplication(it.unina.android.ripper.RipperTestCase)
I/TestRunner(  831): passed: testApplication(it.unina.android.ripper.RipperTestCase)
I/System.out(  831): EMMA: runtime coverage data written to [/data/data/net.mandaria.tippytipper/files/coverage.ec] {in 73 ms}
D/PolideaInstrumentationTestRunner(  831): Post processing
D/PolideaInstrumentationTestRunner(  831): Packages: 1
D/PolideaInstrumentationTestRunner(  831): Processing package package it.unina.android.ripper
D/PolideaInstrumentationTestRunner(  831): Writing to file /data/data/net.mandaria.tippytipper/files/it.unina.android.ripper-TEST.xml
D/PolideaInstrumentationTestRunner(  831): closing file
D/AndroidRuntime(  819): Shutting down VM
D/dalvikvm(  819): GC_CONCURRENT freed 99K, 18% free 470K/572K, paused 1ms+2ms, total 10ms
D/jdwp    (  819): Got wake-up signal, bailing out of select
D/dalvikvm(  819): Debugger has detached; object registry had 1 entries
D/dalvikvm(  538): GC_FOR_ALLOC freed <1K, 23% free 10163K/13132K, paused 397ms, total 397ms
I/dalvikvm-heap(  538): Grow heap (frag case) to 12.677MB for 2828816-byte allocation
D/dalvikvm(  538): GC_CONCURRENT freed 0K, 2% free 12925K/13132K, paused 5ms+4ms, total 64ms
D/dalvikvm(  538): WAIT_FOR_CONCURRENT_GC blocked 44ms
I/ActivityManager(  284): Force stopping package net.mandaria.tippytipper appid=10049 user=0
I/ActivityManager(  284): Killing proc 831:net.mandaria.tippytipper/u0a10049: force stop net.mandaria.tippytipper
W/Resources(   38): Preloaded drawable resource #0x10804ff (android:drawable/spinner_ab_focused_holo_light) that varies with configuration!!
W/Resources(   38): Preloaded drawable resource #0x10804fb (android:drawable/spinner_ab_default_holo_light) that varies with configuration!!
W/Resources(   38): Preloaded drawable resource #0x10804fb (android:drawable/spinner_ab_default_holo_light) that varies with configuration!!
D/dalvikvm(   38): WAIT_FOR_CONCURRENT_GC blocked 1ms
D/dalvikvm(   38): GC_EXPLICIT freed 74K, 27% free 2313K/3156K, paused 3ms+12ms, total 94ms
W/Resources(   38): Preloaded drawable resource #0x108050a (android:drawable/spinner_default_holo_dark) that varies with configuration!!
W/Resources(   38): Preloaded drawable resource #0x108050b (android:drawable/spinner_default_holo_light) that varies with configuration!!
W/Resources(   38): Preloaded drawable resource #0x108050c (android:drawable/spinner_disabled_holo_dark) that varies with configuration!!
W/Resources(   38): Preloaded drawable resource #0x108050d (android:drawable/spinner_disabled_holo_light) that varies with configuration!!
W/Resources(   38): Preloaded drawable resource #0x1080510 (android:drawable/spinner_focused_holo_dark) that varies with configuration!!
W/Resources(   38): Preloaded drawable resource #0x1080511 (android:drawable/spinner_focused_holo_light) that varies with configuration!!
W/Resources(   38): Preloaded drawable resource #0x1080514 (android:drawable/spinner_pressed_holo_dark) that varies with configuration!!
D/dalvikvm(   38): GC_EXPLICIT freed 56K, 27% free 2312K/3156K, paused 3ms+2ms, total 34ms
W/Resources(   38): Preloaded drawable resource #0x1080515 (android:drawable/spinner_pressed_holo_light) that varies with configuration!!
W/Resources(   38): Preloaded drawable resource #0x108020b (android:drawable/cab_background_bottom_holo_dark) that varies with configuration!!
W/Resources(   38): Preloaded drawable resource #0x108020e (android:drawable/cab_background_top_holo_light) that varies with configuration!!
W/Resources(   38): Preloaded drawable resource #0x108020c (android:drawable/cab_background_bottom_holo_light) that varies with configuration!!
W/Resources(   38): Preloaded drawable resource #0x10802b1 (android:drawable/ic_cab_done_holo_dark) that varies with configuration!!
W/Resources(   38): Preloaded drawable resource #0x108020d (android:drawable/cab_background_top_holo_dark) that varies with configuration!!
W/Resources(   38): Preloaded drawable resource #0x10802b2 (android:drawable/ic_cab_done_holo_light) that varies with configuration!!
D/dalvikvm(   38): GC_EXPLICIT freed 55K, 27% free 2313K/3156K, paused 5ms+2ms, total 34ms
W/Resources(   38): Preloaded drawable resource #0x10800d3 (android:drawable/btn_cab_done_default_holo_dark) that varies with configuration!!
W/Resources(   38): Preloaded drawable resource #0x10800d6 (android:drawable/btn_cab_done_focused_holo_light) that varies with configuration!!
W/Resources(   38): Preloaded drawable resource #0x10800d4 (android:drawable/btn_cab_done_default_holo_light) that varies with configuration!!
W/Resources(   38): Preloaded drawable resource #0x10800d9 (android:drawable/btn_cab_done_pressed_holo_dark) that varies with configuration!!
W/Resources(   38): Preloaded drawable resource #0x10800d5 (android:drawable/btn_cab_done_focused_holo_dark) that varies with configuration!!
W/Resources(   38): Preloaded drawable resource #0x10800da (android:drawable/btn_cab_done_pressed_holo_light) that varies with configuration!!
W/Resources(   38): Preloaded drawable resource #0x10800da (android:drawable/btn_cab_done_pressed_holo_light) that varies with configuration!!
W/Resources(   38): Preloaded drawable resource #0x10800d6 (android:drawable/btn_cab_done_focused_holo_light) that varies with configuration!!
W/Resources(   38): Preloaded drawable resource #0x10800d4 (android:drawable/btn_cab_done_default_holo_light) that varies with configuration!!
W/Resources(   38): Preloaded drawable resource #0x10800d4 (android:drawable/btn_cab_done_default_holo_light) that varies with configuration!!
W/Resources(   38): Preloaded drawable resource #0x10800d9 (android:drawable/btn_cab_done_pressed_holo_dark) that varies with configuration!!
W/Resources(   38): Preloaded drawable resource #0x10800d5 (android:drawable/btn_cab_done_focused_holo_dark) that varies with configuration!!
W/Resources(   38): Preloaded drawable resource #0x10800d3 (android:drawable/btn_cab_done_default_holo_dark) that varies with configuration!!
W/Resources(   38): Preloaded drawable resource #0x10800d3 (android:drawable/btn_cab_done_default_holo_dark) that varies with configuration!!
W/Resources(   38): Preloaded drawable resource #0x1080038 (android:drawable/ic_menu_close_clear_cancel) that varies with configuration!!
W/Resources(   38): Preloaded drawable resource #0x108032a (android:drawable/ic_menu_copy_holo_dark) that varies with configuration!!
W/Resources(   38): Preloaded drawable resource #0x108032b (android:drawable/ic_menu_copy_holo_light) that varies with configuration!!
D/dalvikvm(   38): GC_EXPLICIT freed 57K, 27% free 2317K/3156K, paused 3ms+3ms, total 29ms
W/Resources(   38): Preloaded drawable resource #0x108032d (android:drawable/ic_menu_cut_holo_dark) that varies with configuration!!
W/Resources(   38): Preloaded drawable resource #0x108032e (android:drawable/ic_menu_cut_holo_light) that varies with configuration!!
W/Resources(   38): Preloaded drawable resource #0x1080045 (android:drawable/ic_menu_more) that varies with configuration!!
W/Resources(   38): Preloaded drawable resource #0x1080341 (android:drawable/ic_menu_moreoverflow_normal_holo_dark) that varies with configuration!!
W/Resources(   38): Preloaded drawable resource #0x1080341 (android:drawable/ic_menu_moreoverflow_normal_holo_dark) that varies with configuration!!
W/Resources(   38): Preloaded drawable resource #0x1080342 (android:drawable/ic_menu_moreoverflow_normal_holo_light) that varies with configuration!!
W/Resources(   38): Preloaded drawable resource #0x1080342 (android:drawable/ic_menu_moreoverflow_normal_holo_light) that varies with configuration!!
D/dalvikvm(   38): GC_EXPLICIT freed 58K, 27% free 2317K/3156K, paused 2ms+3ms, total 30ms
W/Resources(   38): Preloaded drawable resource #0x1080345 (android:drawable/ic_menu_paste_holo_dark) that varies with configuration!!
W/Resources(   38): Preloaded drawable resource #0x1080346 (android:drawable/ic_menu_paste_holo_light) that varies with configuration!!
W/Resources(   38): Preloaded drawable resource #0x108034c (android:drawable/ic_menu_selectall_holo_light) that varies with configuration!!
W/Resources(   38): Preloaded drawable resource #0x108034b (android:drawable/ic_menu_selectall_holo_dark) that varies with configuration!!
W/Resources(   38): Preloaded drawable resource #0x10802b5 (android:drawable/ic_clear_disabled) that varies with configuration!!
W/Resources(   38): Preloaded drawable resource #0x10802b7 (android:drawable/ic_clear_normal) that varies with configuration!!
W/Resources(   38): Preloaded drawable resource #0x10802b7 (android:drawable/ic_clear_normal) that varies with configuration!!
D/dalvikvm(   38): GC_EXPLICIT freed 66K, 27% free 2318K/3156K, paused 12ms+4ms, total 42ms
W/Resources(   38): Preloaded drawable resource #0x10802b5 (android:drawable/ic_clear_disabled) that varies with configuration!!
W/Resources(   38): Preloaded drawable resource #0x10802b7 (android:drawable/ic_clear_normal) that varies with configuration!!
W/Resources(   38): Preloaded drawable resource #0x108035b (android:drawable/ic_search) that varies with configuration!!
W/Resources(   38): Preloaded drawable resource #0x10802cf (android:drawable/ic_go) that varies with configuration!!
W/Resources(   38): Preloaded drawable resource #0x1080362 (android:drawable/ic_voice_search) that varies with configuration!!
D/dalvikvm(   38): GC_EXPLICIT freed 53K, 27% free 2317K/3156K, paused 5ms+3ms, total 107ms
W/Resources(   38): Preloaded drawable resource #0x108021f (android:drawable/dialog_bottom_holo_dark) that varies with configuration!!
W/Resources(   38): Preloaded drawable resource #0x1080220 (android:drawable/dialog_bottom_holo_light) that varies with configuration!!
W/Resources(   38): Preloaded drawable resource #0x1080224 (android:drawable/dialog_full_holo_dark) that varies with configuration!!
D/dalvikvm(   38): GC_EXPLICIT freed 77K, 27% free 2317K/3156K, paused 3ms+25ms, total 119ms
W/Resources(   38): Preloaded drawable resource #0x1080225 (android:drawable/dialog_full_holo_light) that varies with configuration!!
W/Resources(   38): Preloaded drawable resource #0x108022d (android:drawable/dialog_middle_holo_dark) that varies with configuration!!
D/dalvikvm(   38): GC_EXPLICIT freed 50K, 27% free 2317K/3156K, paused 121ms+3ms, total 211ms
W/Resources(   38): Preloaded drawable resource #0x108022e (android:drawable/dialog_middle_holo_light) that varies with configuration!!
W/Resources(   38): Preloaded drawable resource #0x108022f (android:drawable/dialog_top_holo_dark) that varies with configuration!!
W/Resources(   38): Preloaded drawable resource #0x1080230 (android:drawable/dialog_top_holo_light) that varies with configuration!!
D/dalvikvm(   38): GC_EXPLICIT freed 55K, 27% free 2318K/3156K, paused 5ms+3ms, total 135ms
W/Resources(   38): Preloaded drawable resource #0x10802c2 (android:drawable/ic_dialog_alert_holo_dark) that varies with configuration!!
W/Resources(   38): Preloaded drawable resource #0x10802c3 (android:drawable/ic_dialog_alert_holo_light) that varies with configuration!!
W/Resources(   38): Preloaded drawable resource #0x10803c9 (android:drawable/list_divider_holo_dark) that varies with configuration!!
W/Resources(   38): Preloaded drawable resource #0x10803ca (android:drawable/list_divider_holo_light) that varies with configuration!!
W/Resources(   38): Preloaded drawable resource #0x10803ca (android:drawable/list_divider_holo_light) that varies with configuration!!
W/Resources(   38): Preloaded drawable resource #0x10800bd (android:drawable/ab_transparent_dark_holo) that varies with configuration!!
W/Resources(   38): Preloaded drawable resource #0x10800bb (android:drawable/ab_stacked_transparent_dark_holo) that varies with configuration!!
W/Resources(   38): Preloaded drawable resource #0x10800a1 (android:drawable/ab_bottom_transparent_dark_holo) that varies with configuration!!
D/dalvikvm(   38): GC_EXPLICIT freed 47K, 27% free 2321K/3156K, paused 2ms+14ms, total 110ms
W/Resources(   38): Preloaded drawable resource #0x10800b5 (android:drawable/ab_solid_dark_holo) that varies with configuration!!
W/Resources(   38): Preloaded drawable resource #0x10800b8 (android:drawable/ab_stacked_solid_dark_holo) that varies with configuration!!
W/Resources(   38): Preloaded drawable resource #0x108009e (android:drawable/ab_bottom_solid_dark_holo) that varies with configuration!!
W/Resources(   38): Preloaded drawable resource #0x10800be (android:drawable/ab_transparent_light_holo) that varies with configuration!!
W/Resources(   38): Preloaded drawable resource #0x10800bc (android:drawable/ab_stacked_transparent_light_holo) that varies with configuration!!
W/Resources(   38): Preloaded drawable resource #0x10800a2 (android:drawable/ab_bottom_transparent_light_holo) that varies with configuration!!
W/Resources(   38): Preloaded drawable resource #0x10800b6 (android:drawable/ab_solid_light_holo) that varies with configuration!!
W/Resources(   38): Preloaded drawable resource #0x10800ba (android:drawable/ab_stacked_solid_light_holo) that varies with configuration!!
D/dalvikvm(   38): GC_EXPLICIT freed 53K, 27% free 2322K/3156K, paused 60ms+3ms, total 105ms
W/Resources(   38): Preloaded drawable resource #0x10800a0 (android:drawable/ab_bottom_solid_light_holo) that varies with configuration!!
W/Resources(   38): Preloaded drawable resource #0x10800b7 (android:drawable/ab_solid_shadow_holo) that varies with configuration!!
W/Resources(   38): Preloaded drawable resource #0x10803f0 (android:drawable/list_selector_disabled_holo_dark) that varies with configuration!!
W/Resources(   38): Preloaded drawable resource #0x10803f0 (android:drawable/list_selector_disabled_holo_dark) that varies with configuration!!
W/Resources(   38): Preloaded drawable resource #0x10803d1 (android:drawable/list_pressed_holo_dark) that varies with configuration!!
W/Resources(   38): Preloaded drawable resource #0x10803d0 (android:drawable/list_longpressed_holo) that varies with configuration!!
W/Resources(   38): Preloaded drawable resource #0x10803d0 (android:drawable/list_longpressed_holo) that varies with configuration!!
W/Resources(   38): Preloaded drawable resource #0x10803d1 (android:drawable/list_pressed_holo_dark) that varies with configuration!!
W/Resources(   38): Preloaded drawable resource #0x10803d0 (android:drawable/list_longpressed_holo) that varies with configuration!!
W/Resources(   38): Preloaded drawable resource #0x10803d0 (android:drawable/list_longpressed_holo) that varies with configuration!!
W/Resources(   38): Preloaded drawable resource #0x10803cc (android:drawable/list_focused_holo) that varies with configuration!!
W/Resources(   38): Preloaded drawable resource #0x10803f1 (android:drawable/list_selector_disabled_holo_light) that varies with configuration!!
W/Resources(   38): Preloaded drawable resource #0x10803f1 (android:drawable/list_selector_disabled_holo_light) that varies with configuration!!
W/Resources(   38): Preloaded drawable resource #0x10803d2 (android:drawable/list_pressed_holo_light) that varies with configuration!!
W/Resources(   38): Preloaded drawable resource #0x10803d0 (android:drawable/list_longpressed_holo) that varies with configuration!!
W/Resources(   38): Preloaded drawable resource #0x10803d0 (android:drawable/list_longpressed_holo) that varies with configuration!!
W/Resources(   38): Preloaded drawable resource #0x10803d2 (android:drawable/list_pressed_holo_light) that varies with configuration!!
W/Resources(   38): Preloaded drawable resource #0x10803d0 (android:drawable/list_longpressed_holo) that varies with configuration!!
W/Resources(   38): Preloaded drawable resource #0x10803d0 (android:drawable/list_longpressed_holo) that varies with configuration!!
W/Resources(   38): Preloaded drawable resource #0x10803cc (android:drawable/list_focused_holo) that varies with configuration!!
D/dalvikvm(   38): GC_EXPLICIT freed 31K, 26% free 2359K/3156K, paused 2ms+3ms, total 40ms
W/Resources(   38): Preloaded drawable resource #0x108027a (android:drawable/fastscroll_thumb_pressed_holo) that varies with configuration!!
W/Resources(   38): Preloaded drawable resource #0x1080278 (android:drawable/fastscroll_thumb_default_holo) that varies with configuration!!
W/Resources(   38): Preloaded drawable resource #0x1080278 (android:drawable/fastscroll_thumb_default_holo) that varies with configuration!!
W/Resources(   38): Preloaded drawable resource #0x108027a (android:drawable/fastscroll_thumb_pressed_holo) that varies with configuration!!
D/dalvikvm(   38): GC_EXPLICIT freed 51K, 26% free 2358K/3156K, paused 21ms+4ms, total 71ms
W/Resources(   38): Preloaded drawable resource #0x1080278 (android:drawable/fastscroll_thumb_default_holo) that varies with configuration!!
W/Resources(   38): Preloaded drawable resource #0x108027f (android:drawable/fastscroll_track_pressed_holo_dark) that varies with configuration!!
W/Resources(   38): Preloaded drawable resource #0x108027b (android:drawable/fastscroll_track_default_holo_dark) that varies with configuration!!
W/Resources(   38): Preloaded drawable resource #0x108027b (android:drawable/fastscroll_track_default_holo_dark) that varies with configuration!!
W/Resources(   38): Preloaded drawable resource #0x108027f (android:drawable/fastscroll_track_pressed_holo_dark) that varies with configuration!!
W/Resources(   38): Preloaded drawable resource #0x108027b (android:drawable/fastscroll_track_default_holo_dark) that varies with configuration!!
W/Resources(   38): Preloaded drawable resource #0x1080274 (android:drawable/fastscroll_label_left_holo_dark) that varies with configuration!!
D/dalvikvm(   38): GC_EXPLICIT freed 74K, 26% free 2358K/3156K, paused 3ms+3ms, total 31ms
W/Resources(   38): Preloaded drawable resource #0x1080276 (android:drawable/fastscroll_label_right_holo_dark) that varies with configuration!!
D/dalvikvm(   38): GC_EXPLICIT freed 50K, 26% free 2357K/3156K, paused 10ms+3ms, total 45ms
W/Resources(   38): Preloaded drawable resource #0x1080280 (android:drawable/fastscroll_track_pressed_holo_light) that varies with configuration!!
W/Resources(   38): Preloaded drawable resource #0x108027c (android:drawable/fastscroll_track_default_holo_light) that varies with configuration!!
W/Resources(   38): Preloaded drawable resource #0x108027c (android:drawable/fastscroll_track_default_holo_light) that varies with configuration!!
W/Resources(   38): Preloaded drawable resource #0x1080280 (android:drawable/fastscroll_track_pressed_holo_light) that varies with configuration!!
W/Resources(   38): Preloaded drawable resource #0x108027c (android:drawable/fastscroll_track_default_holo_light) that varies with configuration!!
W/Resources(   38): Preloaded drawable resource #0x1080275 (android:drawable/fastscroll_label_left_holo_light) that varies with configuration!!
D/dalvikvm(   38): GC_EXPLICIT freed 57K, 26% free 2359K/3156K, paused 2ms+4ms, total 44ms
W/Resources(   38): Preloaded drawable resource #0x1080277 (android:drawable/fastscroll_label_right_holo_light) that varies with configuration!!
D/dalvikvm(   38): GC_EXPLICIT freed 50K, 26% free 2358K/3156K, paused 2ms+3ms, total 30ms
W/Resources(   38): Preloaded drawable resource #0x1080259 (android:drawable/editbox_dropdown_background_dark) that varies with configuration!!
W/Resources(   38): Preloaded drawable resource #0x10805f8 (android:drawable/textfield_search_selected_holo_dark) that varies with configuration!!
W/Resources(   38): Preloaded drawable resource #0x10805ec (android:drawable/textfield_search_default_holo_dark) that varies with configuration!!
W/Resources(   38): Preloaded drawable resource #0x10805ec (android:drawable/textfield_search_default_holo_dark) that varies with configuration!!
W/Resources(   38): Preloaded drawable resource #0x10805f5 (android:drawable/textfield_search_right_selected_holo_dark) that varies with configuration!!
W/Resources(   38): Preloaded drawable resource #0x10805f3 (android:drawable/textfield_search_right_default_holo_dark) that varies with configuration!!
W/Resources(   38): Preloaded drawable resource #0x10805f3 (android:drawable/textfield_search_right_default_holo_dark) that varies with configuration!!
W/Resources(   38): Preloaded drawable resource #0x10805f9 (android:drawable/textfield_search_selected_holo_light) that varies with configuration!!
W/Resources(   38): Preloaded drawable resource #0x10805ed (android:drawable/textfield_search_default_holo_light) that varies with configuration!!
W/Resources(   38): Preloaded drawable resource #0x10805ed (android:drawable/textfield_search_default_holo_light) that varies with configuration!!
W/Resources(   38): Preloaded drawable resource #0x10805f6 (android:drawable/textfield_search_right_selected_holo_light) that varies with configuration!!
W/Resources(   38): Preloaded drawable resource #0x10805f4 (android:drawable/textfield_search_right_default_holo_light) that varies with configuration!!
W/Resources(   38): Preloaded drawable resource #0x10805f4 (android:drawable/textfield_search_right_default_holo_light) that varies with configuration!!
W/Resources(   38): Preloaded drawable resource #0x10805f8 (android:drawable/textfield_search_selected_holo_dark) that varies with configuration!!
W/Resources(   38): Preloaded drawable resource #0x10805ec (android:drawable/textfield_search_default_holo_dark) that varies with configuration!!
W/Resources(   38): Preloaded drawable resource #0x10805f5 (android:drawable/textfield_search_right_selected_holo_dark) that varies with configuration!!
W/Resources(   38): Preloaded drawable resource #0x10805f3 (android:drawable/textfield_search_right_default_holo_dark) that varies with configuration!!
W/Resources(   38): Preloaded drawable resource #0x10805f9 (android:drawable/textfield_search_selected_holo_light) that varies with configuration!!
W/Resources(   38): Preloaded drawable resource #0x10805ed (android:drawable/textfield_search_default_holo_light) that varies with configuration!!
W/Resources(   38): Preloaded drawable resource #0x10805f6 (android:drawable/textfield_search_right_selected_holo_light) that varies with configuration!!
W/Resources(   38): Preloaded drawable resource #0x10805f4 (android:drawable/textfield_search_right_default_holo_light) that varies with configuration!!
D/dalvikvm(   38): GC_EXPLICIT freed 47K, 26% free 2364K/3156K, paused 3ms+2ms, total 94ms
W/Resources(   38): Preloaded drawable resource #0x10805c1 (android:drawable/tab_unselected_holo) that varies with configuration!!
W/Resources(   38): Preloaded drawable resource #0x10805bc (android:drawable/tab_selected_holo) that varies with configuration!!
