W/BroadcastQueue(  326): 	at android.content.IIntentReceiver$Stub$Proxy.performReceive(IIntentReceiver.java:124)
W/BroadcastQueue(  326): 	at com.android.server.am.BroadcastQueue.performReceiveLocked(BroadcastQueue.java:376)
W/BroadcastQueue(  326): 	at com.android.server.am.BroadcastQueue.deliverToRegisteredReceiverLocked(BroadcastQueue.java:439)
W/BroadcastQueue(  326): 	at com.android.server.am.BroadcastQueue.processNextBroadcast(BroadcastQueue.java:487)
W/BroadcastQueue(  326): 	at com.android.server.am.BroadcastQueue$1.handleMessage(BroadcastQueue.java:140)
W/BroadcastQueue(  326): 	at android.os.Handler.dispatchMessage(Handler.java:99)
W/BroadcastQueue(  326): 	at android.os.Looper.loop(Looper.java:137)
W/BroadcastQueue(  326): 	at com.android.server.am.ActivityManagerService$AThread.run(ActivityManagerService.java:1480)
W/LocationManagerService(  326): no network location provider found
W/ServiceWatcher(  326): com.google.android.location not found
W/dalvikvm(  479): threadid=2: spin on suspend #1 threadid=14 (pcf=0)
D/dalvikvm(  479): Temporarily moving tid 631 to fg (was 0)
D/dalvikvm(  479): Temporarily raised priority on tid 631 (10 -> 0)
W/dalvikvm(  479): threadid=2: spin on suspend resolved in 1071 msec
D/dalvikvm(  479): Restored policy of 631 to 0
D/dalvikvm(  479): Restored priority on 631 to 10
D/dalvikvm(  479): JIT unchain all for threadid=1
D/dalvikvm(  479): GC_CONCURRENT freed 279K, 11% free 2831K/3172K, paused 1090ms+294ms, total 1565ms
W/WindowManager(  326): Window freeze timeout expired.
W/WindowManager(  326): Force clearing orientation change: Window{40db3ff8 u0 Keyguard}
D/MccTable(  479): updateMccMncConfiguration: mcc=310, mnc=260
D/TelephonyManager(  479): getLteOnCdmaMode=0 curVal=-1 product_type='' lteOnCdmaProductType=''
D/MccTable(  479): locale set to en_us
D/MccTable(  479): WIFI_COUNTRY_CODE set to us
D/dalvikvm(  326): GC_CONCURRENT freed 309K, 17% free 6323K/7572K, paused 105ms+94ms, total 1038ms
D/dalvikvm(  326): WAIT_FOR_CONCURRENT_GC blocked 847ms
D/dalvikvm(  326): WAIT_FOR_CONCURRENT_GC blocked 870ms
I/WifiService(  326): WifiService trying to set country code to us with persist set to true
E/SurfaceFlinger(   37): ro.sf.lcd_density must be defined as a build property
I/dalvikvm(  500): Wrote stack traces to '/data/anr/traces.txt'
I/Choreographer(  423): Skipped 31 frames!  The application may be doing too much work on its main thread.
I/Choreographer(  326): Skipped 79 frames!  The application may be doing too much work on its main thread.
W/Launcher.Model(  500): Desktop items loading interrupted:
W/Launcher.Model(  500): java.lang.NullPointerException
W/Launcher.Model(  500): 	at com.android.launcher2.LauncherModel$LoaderTask.checkItemPlacement(LauncherModel.java:1176)
W/Launcher.Model(  500): 	at com.android.launcher2.LauncherModel$LoaderTask.loadWorkspace(LauncherModel.java:1333)
W/Launcher.Model(  500): 	at com.android.launcher2.LauncherModel$LoaderTask.loadAndBindWorkspace(LauncherModel.java:972)
W/Launcher.Model(  500): 	at com.android.launcher2.LauncherModel$LoaderTask.run(LauncherModel.java:1076)
W/Launcher.Model(  500): 	at android.os.Handler.handleCallback(Handler.java:725)
W/Launcher.Model(  500): 	at android.os.Handler.dispatchMessage(Handler.java:92)
W/Launcher.Model(  500): 	at android.os.Looper.loop(Looper.java:137)
W/Launcher.Model(  500): 	at android.os.HandlerThread.run(HandlerThread.java:60)
D/dalvikvm(  326): JIT unchain all for threadid=54
D/dalvikvm(  500): GC_CONCURRENT freed 207K, 8% free 3213K/3480K, paused 179ms+84ms, total 428ms
D/dalvikvm(  326): GC_FOR_ALLOC freed 952K, 18% free 6213K/7572K, paused 608ms, total 614ms
I/Choreographer(  326): Skipped 158 frames!  The application may be doing too much work on its main thread.
W/WindowManager(  326): Window freeze timeout expired.
W/WindowManager(  326): App freeze timeout expired.
W/WindowManager(  326): Force clearing freeze: AppWindowToken{40f94f30 token=Token{40f8d228 ActivityRecord{40f8cdf0 u0 com.android.launcher/com.android.launcher2.Launcher}}}
I/Choreographer(  326): Skipped 37 frames!  The application may be doing too much work on its main thread.
D/dalvikvm(  326): GC_CONCURRENT freed 427K, 12% free 6683K/7572K, paused 180ms+6ms, total 438ms
I/ActivityManager(  326): Start proc com.android.location.fused for service com.android.location.fused/.FusedLocationService: pid=705 uid=10022 gids={50022, 1028}
I/ActivityManager(  326): Config changes=1400 {1.0 310mcc260mnc en_US ldltr sw320dp w320dp h508dp 240dpi nrml long port finger -keyb/v/h tball/v s.5}
I/ActivityManager(  326): Start proc com.android.inputmethod.latin for service com.android.inputmethod.latin/.LatinIME: pid=725 uid=10010 gids={50010, 1028}
D/dalvikvm(   38): GC_EXPLICIT freed 34K, 4% free 2381K/2476K, paused 2ms+7ms, total 57ms
D/dalvikvm(   38): GC_EXPLICIT freed <1K, 4% free 2382K/2476K, paused 2ms+3ms, total 60ms
D/dalvikvm(   38): GC_EXPLICIT freed <1K, 4% free 2382K/2476K, paused 3ms+2ms, total 60ms
E/Trace   (  705): error opening trace file: No such file or directory (2)
W/ServiceWatcher(  326): com.google.android.location not found
E/LocationManagerService(  326): no geocoder provider found
I/Choreographer(  423): Skipped 37 frames!  The application may be doing too much work on its main thread.
D/dalvikvm(  500): GC_CONCURRENT freed 266K, 9% free 3353K/3680K, paused 15ms+15ms, total 78ms
D/dalvikvm(  326): JIT unchain all for threadid=60
E/Trace   (  725): error opening trace file: No such file or directory (2)
D/dalvikvm(  326): GC_EXPLICIT freed 66K, 12% free 6677K/7572K, paused 442ms+480ms, total 1555ms
I/Choreographer(  326): Skipped 2382 frames!  The application may be doing too much work on its main thread.
W/ProcessStats(  326): Skipping unknown process pid 747
I/LatinIME(  725): Hardware accelerated drawing: false
I/Choreographer(  326): Skipped 315 frames!  The application may be doing too much work on its main thread.
D/dalvikvm(  326): GC_FOR_ALLOC freed 269K, 13% free 6613K/7572K, paused 579ms, total 581ms
I/dalvikvm-heap(  326): Grow heap (frag case) to 7.598MB for 1128976-byte allocation
D/dalvikvm(  326): GC_FOR_ALLOC freed <1K, 12% free 7715K/8676K, paused 364ms, total 364ms
D/dalvikvm(  326): GC_CONCURRENT freed 874K, 21% free 6857K/8676K, paused 52ms+122ms, total 362ms
I/Choreographer(  326): Skipped 441 frames!  The application may be doing too much work on its main thread.
W/InputAttributes(  725): No editor info for this field. Bug?
W/ActivityManager(  326): Activity idle timeout for ActivityRecord{40f8cdf0 u0 com.android.launcher/com.android.launcher2.Launcher}
D/Launcher.Model(  500): Reload apps on config change. curr_mcc:310 prevmcc:0
I/Choreographer(  500): Skipped 2832 frames!  The application may be doing too much work on its main thread.
E/SurfaceFlinger(   37): ro.sf.lcd_density must be defined as a build property
D/dalvikvm(  725): GC_CONCURRENT freed 249K, 11% free 2514K/2824K, paused 60ms+535ms, total 946ms
D/dalvikvm(  500): GC_CONCURRENT freed 149K, 6% free 3652K/3884K, paused 227ms+4ms, total 454ms
D/dalvikvm(  423): GC_FOR_ALLOC freed 55K, 8% free 3889K/4200K, paused 264ms, total 302ms
W/InputMethodManagerService(  326): Found no subtypes in a system IME: com.android.inputmethod.pinyin
W/WindowManager(  326): Window freeze timeout expired.
W/WindowManager(  326): Force clearing orientation change: Window{411acac8 u0 com.android.systemui.ImageWallpaper}
I/dalvikvm-heap(  423): Grow heap (frag case) to 9.967MB for 6410576-byte allocation
I/Choreographer(  326): Skipped 40 frames!  The application may be doing too much work on its main thread.
D/dalvikvm(  423): GC_CONCURRENT freed 2K, 4% free 10147K/10464K, paused 5ms+251ms, total 562ms
D/dalvikvm(  423): GC_FOR_ALLOC freed <1K, 4% free 10147K/10464K, paused 68ms, total 68ms
I/dalvikvm-heap(  423): Grow heap (frag case) to 12.663MB for 2828816-byte allocation
E/ActivityThread(  725): Failed to find provider info for com.android.inputmethod.latin.dictionarypack
E/BinaryDictionaryGetter(  725): Could not find a dictionary pack
D/dalvikvm(  423): GC_CONCURRENT freed 0K, 3% free 12910K/13228K, paused 25ms+61ms, total 672ms
D/dalvikvm(  423): WAIT_FOR_CONCURRENT_GC blocked 648ms
E/SurfaceFlinger(   37): ro.sf.lcd_density must be defined as a build property
W/ProcessStats(  326): Skipping unknown process pid 778
D/gralloc_goldfish(  500): Emulator without GPU emulation detected.
I/SurfaceFlinger(   37): Boot is finished (97776 ms)
I/ActivityManager(  326): Config changes=1400 {1.0 310mcc260mnc en_US ldltr sw320dp w320dp h508dp 240dpi nrml long port finger -keyb/v/h tball/v s.6}
I/PowerManagerService(  326): Boot animation finished.
I/Choreographer(  326): Skipped 90 frames!  The application may be doing too much work on its main thread.
I/ActivityManager(  326): Displayed com.android.launcher/com.android.launcher2.Launcher: +51s438ms
I/Choreographer(  423): Skipped 39 frames!  The application may be doing too much work on its main thread.
I/Choreographer(  500): Skipped 57 frames!  The application may be doing too much work on its main thread.
E/BluetoothAdapter(  326): Bluetooth binder is null
E/BluetoothAdapter(  326): Bluetooth binder is null
V/WiredAccessoryManager(  326): init()
E/SoundPool(  326): error loading /system/media/audio/ui/Effect_Tick.ogg
W/AudioService(  326): Soundpool could not load file: /system/media/audio/ui/Effect_Tick.ogg
E/SoundPool(  326): error loading /system/media/audio/ui/Effect_Tick.ogg
W/AudioService(  326): Soundpool could not load file: /system/media/audio/ui/Effect_Tick.ogg
E/SoundPool(  326): error loading /system/media/audio/ui/Effect_Tick.ogg
W/AudioService(  326): Soundpool could not load file: /system/media/audio/ui/Effect_Tick.ogg
E/SoundPool(  326): error loading /system/media/audio/ui/Effect_Tick.ogg
W/AudioService(  326): Soundpool could not load file: /system/media/audio/ui/Effect_Tick.ogg
E/SoundPool(  326): error loading /system/media/audio/ui/Effect_Tick.ogg
W/AudioService(  326): Soundpool could not load file: /system/media/audio/ui/Effect_Tick.ogg
E/SoundPool(  326): error loading /system/media/audio/ui/KeypressStandard.ogg
W/AudioService(  326): Soundpool could not load file: /system/media/audio/ui/KeypressStandard.ogg
E/SoundPool(  326): error loading /system/media/audio/ui/KeypressSpacebar.ogg
W/AudioService(  326): Soundpool could not load file: /system/media/audio/ui/KeypressSpacebar.ogg
E/SoundPool(  326): error loading /system/media/audio/ui/KeypressDelete.ogg
W/AudioService(  326): Soundpool could not load file: /system/media/audio/ui/KeypressDelete.ogg
E/SoundPool(  326): error loading /system/media/audio/ui/KeypressReturn.ogg
W/AudioService(  326): Soundpool could not load file: /system/media/audio/ui/KeypressReturn.ogg
W/AudioService(  326): loadSoundEffects(), Error -1 while loading samples
I/ActivityManager(  326): Start proc com.android.contacts for broadcast com.android.contacts/.calllog.CallLogReceiver: pid=790 uid=10001 gids={50001, 3003, 1015, 1028}
D/dalvikvm(  500): GC_FOR_ALLOC freed 165K, 6% free 3724K/3952K, paused 54ms, total 61ms
I/dalvikvm-heap(  500): Grow heap (frag case) to 4.186MB for 518416-byte allocation
D/dalvikvm(  500): GC_CONCURRENT freed 9K, 6% free 4221K/4460K, paused 4ms+24ms, total 93ms
E/Trace   (  790): error opening trace file: No such file or directory (2)
D/dalvikvm(  500): GC_FOR_ALLOC freed <1K, 6% free 4221K/4460K, paused 93ms, total 115ms
I/dalvikvm-heap(  500): Grow heap (frag case) to 4.672MB for 518416-byte allocation
D/dalvikvm(  500): GC_CONCURRENT freed <1K, 5% free 4728K/4968K, paused 6ms+47ms, total 274ms
D/dalvikvm(  500): WAIT_FOR_CONCURRENT_GC blocked 239ms
D/dalvikvm(  500): GREF has increased to 201
I/Choreographer(  500): Skipped 378 frames!  The application may be doing too much work on its main thread.
D/AndroidRuntime(  809): 
D/AndroidRuntime(  809): >>>>>> AndroidRuntime START com.android.internal.os.RuntimeInit <<<<<<
D/AndroidRuntime(  809): CheckJNI is ON
D/dalvikvm(  809): Trying to load lib libjavacore.so 0x0
D/dalvikvm(  809): Added shared lib libjavacore.so 0x0
D/dalvikvm(  809): Trying to load lib libnativehelper.so 0x0
D/dalvikvm(  809): Added shared lib libnativehelper.so 0x0
D/dalvikvm(  326): GC_CONCURRENT freed 1974K, 31% free 6007K/8676K, paused 258ms+38ms, total 870ms
D/dalvikvm(  326): WAIT_FOR_CONCURRENT_GC blocked 112ms
D/dalvikvm(  326): WAIT_FOR_CONCURRENT_GC blocked 230ms
D/dalvikvm(  326): WAIT_FOR_CONCURRENT_GC blocked 201ms
I/FusedLocation(  705): engine started (com.android.location.fused)
D/dalvikvm(  326): WAIT_FOR_CONCURRENT_GC blocked 472ms
I/Choreographer(  500): Skipped 164 frames!  The application may be doing too much work on its main thread.
D/AndroidRuntime(  809): Calling main entry com.android.commands.am.Am
D/dalvikvm(  809): Note: class Landroid/app/ActivityManagerNative; has 157 unimplemented (abstract) methods
D/dalvikvm(  825): Not late-enabling CheckJNI (already on)
I/ActivityManager(  326): Start proc it.unina.android.ripper_service:android_ripper_service_process for service it.unina.android.ripper_service/.AndroidRipperService: pid=825 uid=10049 gids={50049, 3003, 1028}
D/AndroidRuntime(  809): Shutting down VM
D/dalvikvm(  809): GC_CONCURRENT freed 94K, 17% free 499K/596K, paused 1ms+0ms, total 15ms
D/jdwp    (  809): Got wake-up signal, bailing out of select
D/dalvikvm(  809): Debugger has detached; object registry had 1 entries
D/dalvikvm(  326): GC_CONCURRENT freed 378K, 25% free 6539K/8676K, paused 7ms+7ms, total 244ms
D/dalvikvm(  326): WAIT_FOR_CONCURRENT_GC blocked 189ms
E/Trace   (  825): error opening trace file: No such file or directory (2)
I/Choreographer(  500): Skipped 219 frames!  The application may be doing too much work on its main thread.
V/AndroidRipperService(  825): onCreate()
V/SERVER  (  825): Starting ServerSocket on PORT 8888
V/SERVER  (  825): Started ServerSocket on PORT 8888
I/Choreographer(  326): Skipped 1185 frames!  The application may be doing too much work on its main thread.
E/NativeDaemonConnector.ResponseQueue(  326): Timeout waiting for response
E/VoldConnector(  326): timed-out waiting for response to 3 volume mount /mnt/sdcard
E/MountService(  326): Boot-time mount exception
E/MountService(  326): java.lang.NullPointerException
E/MountService(  326): 	at com.android.server.NativeDaemonConnectorException.getCode(NativeDaemonConnectorException.java:44)
E/MountService(  326): 	at com.android.server.MountService.doMountVolume(MountService.java:937)
E/MountService(  326): 	at com.android.server.MountService.handleSystemReady(MountService.java:527)
E/MountService(  326): 	at com.android.server.MountService.access$500(MountService.java:103)
E/MountService(  326): 	at com.android.server.MountService$MountServiceHandler.handleMessage(MountService.java:478)
E/MountService(  326): 	at android.os.Handler.dispatchMessage(Handler.java:99)
E/MountService(  326): 	at android.os.Looper.loop(Looper.java:137)
E/MountService(  326): 	at android.os.HandlerThread.run(HandlerThread.java:60)
V/SERVER  (  825): Ready to accept connections on port: 8888
D/dalvikvm(  326): GC_FOR_ALLOC freed 420K, 25% free 6509K/8676K, paused 72ms, total 85ms
I/dalvikvm-heap(  326): Grow heap (frag case) to 7.497MB for 1128976-byte allocation
D/dalvikvm(  326): GC_FOR_ALLOC freed 884K, 23% free 6727K/8676K, paused 63ms, total 63ms
I/Choreographer(  326): Skipped 100 frames!  The application may be doing too much work on its main thread.
D/dalvikvm(  326): GC_CONCURRENT freed 23K, 23% free 6716K/8676K, paused 8ms+16ms, total 404ms
I/Choreographer(  326): Skipped 73 frames!  The application may be doing too much work on its main thread.
I//system/bin/fsck_msdos(   32): ** Phase 2 - Check Cluster Chains
I/Choreographer(  326): Skipped 39 frames!  The application may be doing too much work on its main thread.
D/dalvikvm(  500): GC_CONCURRENT freed 452K, 11% free 4941K/5500K, paused 6ms+269ms, total 346ms
I/Choreographer(  326): Skipped 105 frames!  The application may be doing too much work on its main thread.
D/AndroidRuntime(  847): 
D/AndroidRuntime(  847): >>>>>> AndroidRuntime START com.android.internal.os.RuntimeInit <<<<<<
D/AndroidRuntime(  847): CheckJNI is ON
I/Choreographer(  326): Skipped 60 frames!  The application may be doing too much work on its main thread.
D/dalvikvm(  847): Trying to load lib libjavacore.so 0x0
D/dalvikvm(  847): Added shared lib libjavacore.so 0x0
I//system/bin/fsck_msdos(   32): ** Phase 3 - Checking Directories
I//system/bin/fsck_msdos(   32): ** Phase 4 - Checking for Lost Files
D/dalvikvm(  847): Trying to load lib libnativehelper.so 0x0
D/dalvikvm(  847): Added shared lib libnativehelper.so 0x0
I//system/bin/fsck_msdos(   32): 12 files, 1044448 free (522224 clusters)
I/Vold    (   32): Filesystem check completed OK
I/Vold    (   32): Device /dev/block/vold/179:0, target /mnt/sdcard mounted @ /mnt/secure/staging
D/Vold    (   32): Volume sdcard state changing 3 (Checking) -> 4 (Mounted)
D/MountService(  326): volume state changed for /mnt/sdcard (checking -> mounted)
I/PackageManager(  326): Updating external media status from unmounted to mounted
D/MountService(  326): sendStorageIntent Intent { act=android.intent.action.MEDIA_MOUNTED dat=file:///mnt/sdcard (has extras) } to UserHandle{-1}
I/PackageManager(  326): No secure containers on sdcard
W/PackageManager(  326): Unknown permission com.google.android.googleapps.permission.GOOGLE_AUTH.mail in package com.android.contacts
W/PackageManager(  326): Unknown permission android.permission.ADD_SYSTEM_SERVICE in package com.android.phone
W/PackageManager(  326): Unknown permission com.android.smspush.WAPPUSH_MANAGER_BIND in package com.android.phone
W/PackageManager(  326): Unknown permission com.google.android.googleapps.permission.GOOGLE_AUTH in package com.android.providers.calendar
W/PackageManager(  326): Unknown permission com.google.android.googleapps.permission.GOOGLE_AUTH.cl in package com.android.providers.calendar
W/PackageManager(  326): Unknown permission com.google.android.googleapps.permission.GOOGLE_AUTH.mail in package com.android.calendar
W/PackageManager(  326): Not granting permission android.permission.SEND_DOWNLOAD_COMPLETED_INTENTS to package com.android.browser (protectionLevel=2 flags=0x89be45)
W/PackageManager(  326): Not granting permission android.permission.BIND_APPWIDGET to package com.android.widgetpreview (protectionLevel=18 flags=0x8be44)
W/PackageManager(  326): Unknown permission com.google.android.googleapps.permission.GOOGLE_AUTH in package com.android.settings
W/PackageManager(  326): Unknown permission com.google.android.gallery3d.permission.GALLERY_PROVIDER in package com.android.exchange
D/AndroidRuntime(  847): Calling main entry com.android.commands.am.Am
D/dalvikvm(  847): Note: class Landroid/app/ActivityManagerNative; has 157 unimplemented (abstract) methods
W/PackageManager(  326): Unknown permission com.google.android.googleapps.permission.ACCESS_GOOGLE_PASSWORD in package com.android.development
W/PackageManager(  326): Unknown permission com.google.android.googleapps.permission.GOOGLE_AUTH in package com.android.development
W/PackageManager(  326): Unknown permission com.google.android.googleapps.permission.GOOGLE_AUTH.ALL_SERVICES in package com.android.development
W/PackageManager(  326): Unknown permission com.google.android.googleapps.permission.GOOGLE_AUTH.YouTubeUser in package com.android.development
W/PackageManager(  326): Unknown permission com.google.android.gallery3d.permission.GALLERY_PROVIDER in package com.android.email
W/PackageManager(  326): Not granting permission android.permission.DEVICE_POWER to package com.android.deskclock (protectionLevel=2 flags=0x88be45)
I/ActivityManager(  326): Force stopping package net.mandaria.tippytipper appid=10048 user=0
D/dalvikvm(  861): Not late-enabling CheckJNI (already on)
I/ActivityManager(  326): Start proc net.mandaria.tippytipper for added application net.mandaria.tippytipper: pid=861 uid=10048 gids={50048, 1015, 3003, 1028}
I/RecoverySystem(  326): No recovery log file
I/ActivityManager(  326): Start proc com.android.deskclock for broadcast com.android.deskclock/.AlarmInitReceiver: pid=876 uid=10006 gids={50006, 1028}
I/dalvikvm(  861): Turning on JNI app bug workarounds for target SDK version 4...
E/Trace   (  861): error opening trace file: No such file or directory (2)
E/Trace   (  876): error opening trace file: No such file or directory (2)
D/dalvikvm(  479): GC_CONCURRENT freed 354K, 13% free 2936K/3352K, paused 72ms+43ms, total 175ms
V/AlarmClock(  876): No next alarm
V/AlarmClock(  876): AlarmInitReceiver - Reset timers and clear stopwatch data
V/AlarmClock(  876): No next alarm
V/AlarmClock(  876): AlarmInitReceiver finished
I/AccountTypeManager(  790): Loaded meta-data for 1 account types, 0 accounts in 389ms(wall) 32ms(cpu)
D/dalvikvm(  861): GC_CONCURRENT freed 215K, 10% free 2603K/2880K, paused 5ms+13ms, total 163ms
D/dalvikvm(  479): GC_CONCURRENT freed 475K, 16% free 2890K/3428K, paused 12ms+3ms, total 195ms
D/ConnectivityService(  326): ConnectivityChange for mobile: CONNECTED/CONNECTED
I/System.out(  861): EMMA: collecting runtime coverage data ...
D/PolideaInstrumentationTestRunner(  861): Creating the Test Runner with arguments: [coverage, class]
D/PolideaInstrumentationTestRunner(  861): Test runner is running with the following parameters:
D/PolideaInstrumentationTestRunner(  861): junitOutputDirectory: /data/data/net.mandaria.tippytipper/files
D/PolideaInstrumentationTestRunner(  861): junitOutputFilePostfix: -TEST.xml
D/PolideaInstrumentationTestRunner(  861): junitNoPackagePrefix: NO_PACKAGE
D/PolideaInstrumentationTestRunner(  861): junitSplitLevel: package
D/PolideaInstrumentationTestRunner(  861): junitSingleFileName: ALL-TEST.xml
D/PolideaInstrumentationTestRunner(  861): Creating output directory if it does not exist
D/PolideaInstrumentationTestRunner(  861): Created directory? false
D/PolideaInstrumentationTestRunner(  861): Deleting old files
D/PolideaInstrumentationTestRunner(  861): Deleting: [/data/data/net.mandaria.tippytipper/files/it.unina.android.ripper-TEST.xml]
D/PolideaInstrumentationTestRunner(  861): Getting android test runner
D/PolideaInstrumentationTestRunner(  861): JUnit test output enabled
W/dalvikvm(  861): method Landroid/test/InstrumentationTestRunner$StringResultPrinter;.print incorrectly overrides package-private method with same name in Ljunit/textui/ResultPrinter;
D/PolideaInstrumentationTestRunner(  861): Starting test: testApplication(it.unina.android.ripper.RipperTestCase)
I/TestRunner(  861): started: testApplication(it.unina.android.ripper.RipperTestCase)
V/AndroidRipperService(  825): onBind()
V/        (  825): ready
V/AndroidRipperService(  825): onBind()
I/ActivityManager(  326): START u0 {act=android.intent.action.MAIN flg=0x10000000 cmp=net.mandaria.tippytipper/.activities.TippyTipper} from pid 861
D/PermissionCache(   37): checking android.permission.READ_FRAME_BUFFER for uid=1000 => granted (14444 us)
W/WindowManager(  326): Failure taking screenshot for (246x410) to layer 21000
V/AndroidRipperService(  825): register()
V/RipperService(  825): PING
V/AndroidRipperService(  825): mHandler.handleMessage() RECIVED
V/AndroidRipperService(  825): broadcast()
I/AndroidRipper(  861): Recived message: PING
V/RipperTestCase(  861): Not ready to operate!
V/AndroidRipperService(  825): broadcast() done
V/        (  825): ready
V/RipperService(  825): PING
V/AndroidRipperService(  825): mHandler.handleMessage() RECIVED
V/AndroidRipperService(  825): broadcast()
I/AndroidRipper(  861): Recived message: PING
V/RipperTestCase(  861): Not ready to operate!
V/AndroidRipperService(  825): broadcast() done
V/        (  825): ready
E/SurfaceFlinger(   37): ro.sf.lcd_density must be defined as a build property
D/dalvikvm(  861): GC_CONCURRENT freed 300K, 12% free 2728K/3100K, paused 13ms+50ms, total 120ms
I/dalvikvm(  326): Jit: resizing JitTable from 4096 to 8192
D/FlurryAgent(  861): Starting new session
D/dalvikvm(  326): GC_CONCURRENT freed 1868K, 33% free 5822K/8676K, paused 6ms+36ms, total 363ms
V/RipperService(  825): PING
V/AndroidRipperService(  825): mHandler.handleMessage() RECIVED
V/AndroidRipperService(  825): broadcast()
I/AndroidRipper(  861): Recived message: PING
V/RipperTestCase(  861): Not ready to operate!
V/AndroidRipperService(  825): broadcast() done
V/        (  825): ready
E/SurfaceFlinger(   37): ro.sf.lcd_density must be defined as a build property
D/gralloc_goldfish(  861): Emulator without GPU emulation detected.
I/ActivityManager(  326): Displayed net.mandaria.tippytipper/.activities.TippyTipper: +2s82ms
I/Choreographer(  500): Skipped 44 frames!  The application may be doing too much work on its main thread.
D/Tethering(  326): MasterInitialState.processMessage what=3
I/ActivityManager(  326): Start proc com.android.email for broadcast com.android.email/.service.EmailBroadcastReceiver: pid=910 uid=10019 gids={50019, 3003, 1015, 1028}
E/Trace   (  910): error opening trace file: No such file or directory (2)
I/ActivityManager(  326): Start proc com.android.exchange for service com.android.exchange/.ExchangeService: pid=927 uid=10032 gids={50032, 3003, 1015, 1028}
I/ActivityManager(  326): Start proc com.android.providers.calendar for broadcast com.android.providers.calendar/.CalendarReceiver: pid=935 uid=10023 gids={50023, 3003, 1015, 1028}
V/RipperService(  825): PING
V/AndroidRipperService(  825): mHandler.handleMessage() RECIVED
V/AndroidRipperService(  825): broadcast()
I/AndroidRipper(  861): Recived message: PING
V/RipperTestCase(  861): Not ready to operate!
V/AndroidRipperService(  825): broadcast() done
V/        (  825): ready
E/Trace   (  935): error opening trace file: No such file or directory (2)
E/Trace   (  927): error opening trace file: No such file or directory (2)
D/dalvikvm(  326): GREF has increased to 501
I/AndroidRipper(  861): [RipperTestCase] Ready to operate after restarting...
I/ActivityManager(  326): Start proc com.android.mms for broadcast com.android.mms/.transaction.MmsSystemEventReceiver: pid=959 uid=10029 gids={50029, 3003, 1015, 1028}
E/Trace   (  959): error opening trace file: No such file or directory (2)
D/Eas Debug(  927): Logging: 
D/CountryDetector(  326): The first listener is added
V/MmsConfig(  959): mnc/mcc: 310260
V/MmsConfig(  959): tag: bool value: enabledMMS - true
V/MmsConfig(  959): tag: int value: maxMessageSize - 307200
V/MmsConfig(  959): tag: int value: maxImageHeight - 480
V/MmsConfig(  959): tag: int value: maxImageWidth - 640
V/MmsConfig(  959): tag: int value: defaultSMSMessagesPerThread - 500
V/MmsConfig(  959): tag: int value: defaultMMSMessagesPerThread - 50
V/MmsConfig(  959): tag: int value: minMessageCountPerThread - 10
V/MmsConfig(  959): tag: int value: maxMessageCountPerThread - 5000
V/MmsConfig(  959): tag: string value: uaProfUrl - http://www.google.com/oha/rdf/ua-profile-kila.xml
V/MmsConfig(  959): tag: int value: recipientLimit - -1
V/MmsConfig(  959): tag: bool value: enableMultipartSMS - true
V/MmsConfig(  959): tag: int value: smsToMmsTextThreshold - -1
V/MmsConfig(  959): tag: bool value: enableSlideDuration - true
V/MmsConfig(  959): tag: int value: maxMessageTextSize - -1
I/ActivityManager(  326): Start proc com.android.settings for broadcast com.android.settings/.widget.SettingsAppWidgetProvider: pid=986 uid=1000 gids={41000, 1015, 1028, 3002, 3001, 3003}
D/ExchangeService(  927): !!! EAS ExchangeService, onStartCommand, startingUp = false, running = false
E/Trace   (  986): error opening trace file: No such file or directory (2)
D/ExchangeService(  927): !!! EAS ExchangeService, onCreate
D/ExchangeService(  927): !!! EAS ExchangeService, onStartCommand, startingUp = true, running = false
E/BluetoothAdapter(  986): Bluetooth binder is null
E/BluetoothAdapter(  986): Bluetooth binder is null
E/BluetoothAdapter(  986): Bluetooth binder is null
D/MediaScannerReceiver(  594): action: android.intent.action.MEDIA_MOUNTED path: /mnt/sdcard
D/MmsSmsDatabaseHelper(  479): [MmsSmsDb] tableName: threads hasAutoIncrement: CREATE TABLE threads (_id INTEGER PRIMARY KEY AUTOINCREMENT,date INTEGER DEFAULT 0,message_count INTEGER DEFAULT 0,recipient_ids TEXT,snippet TEXT,snippet_cs INTEGER DEFAULT 0,read INTEGER DEFAULT 1,type INTEGER DEFAULT 0,error INTEGER DEFAULT 0,has_attachment INTEGER DEFAULT 0) result: true
D/Mms:app (  959): cancelNotification
V/RipperService(  825): PING
V/AndroidRipperService(  825): mHandler.handleMessage() RECIVED
V/AndroidRipperService(  825): broadcast()
I/AndroidRipper(  861): Recived message: PING
V/AndroidRipperService(  825): send()
I/System.out(  825): {"type":"PONG","index":"6"}
V/AndroidRipperService(  825): broadcast() done
V/        (  825): ready
V/RipperService(  825): DSC
V/AndroidRipperService(  825): mHandler.handleMessage() RECIVED
V/AndroidRipperService(  825): broadcast()
I/AndroidRipper(  861): Recived message: DSC
V/RipperTestCase(  861): DSC : net.mandaria.tippytipper
V/AndroidRipperService(  825): broadcast() done
V/        (  825): ready
D/dalvikvm(  861): GC_CONCURRENT freed 137K, 7% free 3009K/3212K, paused 12ms+27ms, total 82ms
V/AndroidRipperService(  825): send()
I/System.out(  825): {"type":"DSC","xml":"<activity title=\"Tippy Tipper\" name=\"TippyTipper\" class=\"net.mandaria.tippytipper.activities.TippyTipper\" menu=\"TRUE\" keypress=\"FALSE\" longkeypress=\"FALSE\" tab_activity=\"FALSE\" tab_count=\"0\" id=\"\" uid=\"\" root_activity=\"TRUE\"\/>\n","index":"8"}
V/RipperService(  825): EVT
V/AndroidRipperService(  825): mHandler.handleMessage() RECIVED
V/AndroidRipperService(  825): broadcast()
I/AndroidRipper(  861): Recived message: EVT
V/RipperTestCase(  861): DSC : net.mandaria.tippytipper
V/AndroidRipperService(  825): broadcast() done
V/        (  825): ready
D/MmsSmsDatabaseHelper(  479): [MmsSmsDb] tableName: canonical_addresses hasAutoIncrement: CREATE TABLE canonical_addresses (_id INTEGER PRIMARY KEY AUTOINCREMENT,address TEXT) result: true
D/MmsSmsDatabaseHelper(  479): [MmsSmsDb] tableName: part hasAutoIncrement: CREATE TABLE part (_id INTEGER PRIMARY KEY AUTOINCREMENT,mid INTEGER,seq INTEGER DEFAULT 0,ct TEXT,name TEXT,chset INTEGER,cd TEXT,fn TEXT,cid TEXT,cl TEXT,ctt_s INTEGER,ctt_t TEXT,_data TEXT,text TEXT) result: true
D/ExchangeService(  927): Received deviceId from Email app: androidc259148960
D/ExchangeService(  927): Reconciling accounts...
D/ExchangeService(  927): !!! EAS ExchangeService, onStartCommand, startingUp = true, running = false
D/Eas Debug(  927): Logging: 
D/MmsSmsDatabaseHelper(  479): [MmsSmsDb] tableName: pdu hasAutoIncrement: CREATE TABLE pdu (_id INTEGER PRIMARY KEY AUTOINCREMENT,thread_id INTEGER,date INTEGER,date_sent INTEGER DEFAULT 0,msg_box INTEGER,read INTEGER DEFAULT 0,m_id TEXT,sub TEXT,sub_cs INTEGER,ct_t TEXT,ct_l TEXT,exp INTEGER,m_cls TEXT,m_type INTEGER,v INTEGER,m_size INTEGER,pri INTEGER,rr INTEGER,rpt_a INTEGER,resp_st INTEGER,st INTEGER,tr_id TEXT,retr_st INTEGER,retr_txt TEXT,retr_txt_cs INTEGER,read_status INTEGER,ct_cls INTEGER,resp_txt TEXT,d_tm INTEGER,d_rpt INTEGER,locked INTEGER DEFAULT 0,seen INTEGER DEFAULT 0,text_only INTEGER DEFAULT 0) result: true
D/MmsSmsDatabaseHelper(  479): [getWritableDatabase] hasAutoIncrementThreads: true hasAutoIncrementAddresses: true hasAutoIncrementPart: true hasAutoIncrementPdu: true
D/dalvikvm(  479): GREF has increased to 201
D/Mms:app (  959): cancelNotification
D/dalvikvm(  959): GC_CONCURRENT freed 224K, 11% free 2545K/2832K, paused 2ms+2ms, total 48ms
I/CalendarProvider2(  935): Sending notification intent: Intent { act=android.intent.action.PROVIDER_CHANGED dat=content://com.android.calendar }
W/ContentResolver(  935): Failed to get type for: content://com.android.calendar (Unknown URL content://com.android.calendar)
I/ActivityManager(  326): Start proc com.android.calendar for broadcast com.android.calendar/.alerts.AlertReceiver: pid=1018 uid=10004 gids={50004, 3003, 1028}
D/dalvikvm(  500): GC_CONCURRENT freed 391K, 10% free 5295K/5828K, paused 5ms+13ms, total 100ms
E/Trace   ( 1018): error opening trace file: No such file or directory (2)
D/AlertReceiver( 1018): onReceive: a=android.intent.action.PROVIDER_CHANGED Intent { act=android.intent.action.PROVIDER_CHANGED dat=content://com.android.calendar flg=0x10 cmp=com.android.calendar/.alerts.AlertReceiver }
V/AndroidRipperService(  825): send()
I/System.out(  825): {"type":"ACK","index":"10"}
V/RipperService(  825): DSC
V/AndroidRipperService(  825): mHandler.handleMessage() RECIVED
V/AndroidRipperService(  825): broadcast()
V/AndroidRipperService(  825): broadcast() done
I/AndroidRipper(  861): Recived message: DSC
V/RipperTestCase(  861): DSC : net.mandaria.tippytipper
V/        (  825): ready
V/AndroidRipperService(  825): send()
I/System.out(  825): {"type":"DSC","xml":"<activity title=\"Tippy Tipper\" name=\"TippyTipper\" class=\"net.mandaria.tippytipper.activities.TippyTipper\" menu=\"TRUE\" keypress=\"FALSE\" longkeypress=\"FALSE\" tab_activity=\"FALSE\" tab_count=\"0\" id=\"\" uid=\"\" root_activity=\"TRUE\"\/>\n","index":"12"}
V/RipperService(  825): EVT
V/AndroidRipperService(  825): mHandler.handleMessage() RECIVED
V/AndroidRipperService(  825): broadcast()
I/AndroidRipper(  861): Recived message: EVT
V/RipperTestCase(  861): DSC : net.mandaria.tippytipper
V/AndroidRipperService(  825): broadcast() done
V/        (  825): ready
W/InputDispatcher(  326): Permission denied: injecting event from pid 861 uid 10048 to window Window{40db3ff8 u0 Keyguard} owned by uid 1000
W/InputManager(  326): Input event injection from pid 861 permission denied.
W/System.err(  861): java.lang.SecurityException: Injecting to another application requires INJECT_EVENTS permission
W/System.err(  861): 	at android.os.Parcel.readException(Parcel.java:1425)
W/System.err(  861): 	at android.os.Parcel.readException(Parcel.java:1379)
W/System.err(  861): 	at android.hardware.input.IInputManager$Stub$Proxy.injectInputEvent(IInputManager.java:356)
W/System.err(  861): 	at android.hardware.input.InputManager.injectInputEvent(InputManager.java:619)
W/System.err(  861): 	at android.app.Instrumentation.sendKeySync(Instrumentation.java:887)
W/System.err(  861): 	at android.app.Instrumentation.sendCharacterSync(Instrumentation.java:910)
W/System.err(  861): 	at it.unina.android.ripper.automation.RipperAutomation.injectInteraction(RipperAutomation.java:152)
W/System.err(  861): 	at it.unina.android.ripper.automation.RipperAutomation.fireEventOnView(RipperAutomation.java:317)
W/System.err(  861): 	at it.unina.android.ripper.automation.RipperAutomation.fireEvent(RipperAutomation.java:77)
W/System.err(  861): 	at it.unina.android.ripper.RipperTestCase$3.receive(RipperTestCase.java:372)
W/System.err(  861): 	at it.unina.android.ripper_service.IAnrdoidRipperServiceCallback$Stub.onTransact(IAnrdoidRipperServiceCallback.java:51)
W/System.err(  861): 	at android.os.Binder.execTransact(Binder.java:351)
W/System.err(  861): 	at dalvik.system.NativeStart.run(Native Method)
V/RipperTestCase(  861): Dumping coverage data!
I/System.out(  861): EMMA: runtime coverage data written to [/data/data/net.mandaria.tippytipper/coverage-dump.ec] {in 64 ms}
V/AndroidRipperService(  825): send()
I/System.out(  825): {"type":"EVT","index":"14","eventType":"openMenu"}
V/RipperService(  825): COVER
V/AndroidRipperService(  825): mHandler.handleMessage() RECIVED
V/AndroidRipperService(  825): broadcast()
I/AndroidRipper(  861): Recived message: COVER
V/RipperTestCase(  861): Dumping coverage data!
V/RipperTestCase(  861): Dumping coverage data!
V/AndroidRipperService(  825): broadcast() done
V/        (  825): ready
I/System.out(  861): EMMA: runtime coverage data written to [/data/data/net.mandaria.tippytipper/coverage1479805344950.ec] {in 30 ms}
V/AndroidRipperService(  825): send()
I/System.out(  825): {"type":"ACK","index":"16"}
D/AlertService( 1018): 0 Action = android.intent.action.PROVIDER_CHANGED
V/RipperService(  825): END
V/AndroidRipperService(  825): mHandler.handleMessage() RECIVED
V/AndroidRipperService(  825): broadcast()
I/AndroidRipper(  861): Recived message: END
V/AndroidRipperService(  825): broadcast() done
V/        (  825): ready
V/SERVER  (  825): ServerSocket on PORT 8888: offline
V/AndroidRipperService(  825): unregister()
W/WindowManager(  326): Failure taking screenshot for (246x410) to layer 21005
I/Choreographer(  500): Skipped 48 frames!  The application may be doing too much work on its main thread.
V/AndroidRipperService(  825): mHandler.handleMessage() DISCONNECTED
V/SERVER  (  825): Ready to accept connections on port: 8888
E/SurfaceFlinger(   37): ro.sf.lcd_density must be defined as a build property
V/AndroidRipperService(  825): unregister()
W/ActivityManager(  326): Duplicate finish request for ActivityRecord{41039c10 u0 net.mandaria.tippytipper/.activities.TippyTipper}
D/dalvikvm(  861): JIT unchain all for threadid=14
D/dalvikvm(  861): JIT unchain all for threadid=14
D/dalvikvm(  861): GC_EXPLICIT freed 231K, 10% free 2969K/3284K, paused 307ms+348ms, total 767ms
D/dalvikvm(  861): JIT unchain all for threadid=14
D/FlurryAgent(  861): Ending session
D/dalvikvm(  861): JIT unchain all for threadid=14
D/dalvikvm(  861): GC_EXPLICIT freed 5K, 10% free 2967K/3284K, paused 314ms+282ms, total 680ms
D/PolideaInstrumentationTestRunner(  861): Finished test: testApplication(it.unina.android.ripper.RipperTestCase)
I/TestRunner(  861): finished: testApplication(it.unina.android.ripper.RipperTestCase)
I/TestRunner(  861): passed: testApplication(it.unina.android.ripper.RipperTestCase)
I/System.out(  861): EMMA: runtime coverage data written to [/data/data/net.mandaria.tippytipper/files/coverage.ec] {in 20 ms}
D/PolideaInstrumentationTestRunner(  861): Post processing
D/PolideaInstrumentationTestRunner(  861): Packages: 1
D/PolideaInstrumentationTestRunner(  861): Processing package package it.unina.android.ripper
D/PolideaInstrumentationTestRunner(  861): Writing to file /data/data/net.mandaria.tippytipper/files/it.unina.android.ripper-TEST.xml
D/PolideaInstrumentationTestRunner(  861): closing file
D/AndroidRuntime(  847): Shutting down VM
D/dalvikvm(  847): GC_CONCURRENT freed 99K, 18% free 470K/572K, paused 1ms+0ms, total 9ms
D/jdwp    (  847): Got wake-up signal, bailing out of select
D/dalvikvm(  847): Debugger has detached; object registry had 1 entries
I/ActivityManager(  326): Force stopping package net.mandaria.tippytipper appid=10048 user=0
I/ActivityManager(  326): Killing proc 861:net.mandaria.tippytipper/u0a10048: force stop net.mandaria.tippytipper
D/AlertService( 1018): Beginning updateAlertNotification
D/EmailProvider(  910): fromDatabase accounts: 0
D/EmailProvider(  910): ending toDatabase transaction; copyCount = 0
D/EmailProvider(  910): ending fromDatabase transaction; copyCount = 0
D/AlertService( 1018): No fired or scheduled alerts
D/dalvikvm(  594): GC_CONCURRENT freed 200K, 10% free 2563K/2824K, paused 13ms+4ms, total 63ms
D/dalvikvm(  326): GC_EXPLICIT freed 579K, 24% free 5792K/7572K, paused 5ms+8ms, total 86ms
W/MediaProvider(  594): no database for scanned volume external
W/ActivityManager(  326): Unable to start service Intent { cmp=com.android.email/.service.AttachmentDownloadService } U=0: not found
W/ActivityManager(  326): Unable to start service Intent { cmp=com.android.email/.service.AttachmentDownloadService } U=0: not found
D/dalvikvm(  910): GC_CONCURRENT freed 204K, 10% free 2570K/2840K, paused 26ms+2ms, total 99ms
