D/MccTable(  497): updateMccMncConfiguration: mcc=310, mnc=260
D/TelephonyManager(  497): getLteOnCdmaMode=0 curVal=-1 product_type='' lteOnCdmaProductType=''
D/MccTable(  497): locale set to en_us
D/MccTable(  497): WIFI_COUNTRY_CODE set to us
I/WifiService(  322): WifiService trying to set country code to us with persist set to true
I/ActivityManager(  322): Config changes=1400 {1.0 310mcc260mnc en_US ldltr sw320dp w320dp h508dp 240dpi nrml long port finger -keyb/v/h tball/v s.5}
I/Choreographer(  322): Skipped 329 frames!  The application may be doing too much work on its main thread.
E/SurfaceFlinger(   37): ro.sf.lcd_density must be defined as a build property
E/SurfaceFlinger(   37): ro.sf.lcd_density must be defined as a build property
I/Process (  322): Sending signal. PID: 528 SIG: 3
I/dalvikvm(  528): threadid=3: reacting to signal 3
D/dalvikvm(  322): GC_FOR_ALLOC freed 180K, 15% free 5870K/6836K, paused 233ms, total 238ms
I/dalvikvm(  528): Wrote stack traces to '/data/anr/traces.txt'
I/dalvikvm-heap(  322): Grow heap (frag case) to 6.870MB for 1128976-byte allocation
D/dalvikvm(  497): GC_CONCURRENT freed 294K, 11% free 2916K/3268K, paused 4ms+32ms, total 172ms
D/dalvikvm(  528): GC_CONCURRENT freed 271K, 11% free 3166K/3520K, paused 47ms+61ms, total 170ms
D/dalvikvm(  322): GC_FOR_ALLOC freed 10K, 13% free 6962K/7940K, paused 303ms, total 303ms
W/WindowManager(  322): App freeze timeout expired.
W/WindowManager(  322): Force clearing freeze: AppWindowToken{40f60c90 token=Token{40f7aff8 ActivityRecord{40e6ffa0 u0 com.android.launcher/com.android.launcher2.Launcher}}}
D/dalvikvm(  438): GC_CONCURRENT freed 167K, 6% free 3859K/4084K, paused 3ms+4ms, total 210ms
D/PhoneStatusBar(  438): disable: < expand icons alerts ticker system_info back home RECENT* clock SEARCH* >
W/WindowManager(  322): Window freeze timeout expired.
W/WindowManager(  322): Force clearing orientation change: Window{40f64908 u0 StatusBar}
W/WindowManager(  322): Force clearing orientation change: Window{40e52b68 u0 Keyguard}
E/ActivityManager(  322): ANR in com.android.systemui
E/ActivityManager(  322): Reason: Executing service com.android.systemui/.SystemUIService
E/ActivityManager(  322): Load: 5.14 / 1.39 / 0.47
E/ActivityManager(  322): CPU usage from 282ms to -10831ms ago:
E/ActivityManager(  322):   24% 322/system_server: 16% user + 8.1% kernel / faults: 4629 minor 5 major
E/ActivityManager(  322):   13% 37/surfaceflinger: 10% user + 2.7% kernel / faults: 7 minor
E/ActivityManager(  322):   7.3% 528/com.android.launcher: 4.1% user + 3.2% kernel / faults: 4272 minor 5 major
E/ActivityManager(  322):   6% 497/com.android.phone: 4% user + 1.9% kernel / faults: 961 minor 1 major
E/ActivityManager(  322):   3.1% 438/com.android.systemui: 1.9% user + 1.2% kernel / faults: 1176 minor 3 major
E/ActivityManager(  322):   3.1% 584/android.process.acore: 1.8% user + 1.3% kernel / faults: 227 minor 1 major
E/ActivityManager(  322):   2.3% 81/bootanimation: 2.1% user + 0.1% kernel
E/ActivityManager(  322):   0.5% 32/vold: 0% user + 0.5% kernel / faults: 5 minor
E/ActivityManager(  322):   1% 47/adbd: 0% user + 0.9% kernel / faults: 190 minor
E/ActivityManager(  322):   0.4% 29/mmcqd: 0% user + 0.4% kernel
E/ActivityManager(  322):   0.1% 40/mediaserver: 0% user + 0.1% kernel
E/ActivityManager(  322):   0% 1//init: 0% user + 0% kernel / faults: 19 minor
E/ActivityManager(  322):   0% 31/servicemanager: 0% user + 0% kernel
E/ActivityManager(  322):   0% 476/com.android.inputmethod.latin: 0% user + 0% kernel / faults: 5 minor
E/ActivityManager(  322): 100% TOTAL: 61% user + 37% kernel + 0.1% irq + 0.2% softirq
E/ActivityManager(  322): CPU usage from 8709ms to 10100ms later:
E/ActivityManager(  322):   18% 322/system_server: 13% user + 5.2% kernel / faults: 106 minor
E/ActivityManager(  322):     12% 337/UI: 10% user + 1.5% kernel
E/ActivityManager(  322):     11% 329/Compiler: 8.2% user + 3% kernel
E/ActivityManager(  322):     7.5% 342/ActivityManager: 2.2% user + 5.2% kernel
E/ActivityManager(  322):     3.7% 605/Binder_6: 3% user + 0.7% kernel
E/ActivityManager(  322):     0.7% 335/SensorService: 0.7% user + 0% kernel
E/ActivityManager(  322):     0.7% 338/WindowManager: 0% user + 0.7% kernel
E/ActivityManager(  322):     0.7% 606/Binder_7: 0.7% user + 0% kernel
E/ActivityManager(  322):     0.7% 668/Binder_9: 0.7% user + 0% kernel
E/ActivityManager(  322):   14% 37/surfaceflinger: 12% user + 2.1% kernel / faults: 1 minor
E/ActivityManager(  322):     13% 66/SurfaceFlinger: 13% user + 0% kernel
E/ActivityManager(  322):     0.7% 37/surfaceflinger: 0% user + 0.7% kernel
E/ActivityManager(  322):     0.7% 75/VSyncThread: 0% user + 0.7% kernel
E/ActivityManager(  322):     0.7% 78/EventThread: 0.7% user + 0% kernel
E/ActivityManager(  322):     0.7% 80/Binder_1: 0% user + 0.7% kernel
E/ActivityManager(  322):     0.7% 368/Binder_2: 0% user + 0.7% kernel
E/ActivityManager(  322):   11% 497/com.android.phone: 6% user + 5.1% kernel / faults: 85 minor
E/ActivityManager(  322):     12% 497/m.android.phone: 7.7% user + 4.3% kernel
E/ActivityManager(  322):     3.4% 569/RILSender: 0% user + 3.4% kernel
E/ActivityManager(  322):     0.8% 514/Compiler: 0% user + 0.8% kernel
E/ActivityManager(  322):     0.8% 518/Binder_1: 0% user + 0.8% kernel
E/ActivityManager(  322):     0.8% 519/Binder_2: 0.8% user + 0% kernel
E/ActivityManager(  322):     0.8% 570/RILReceiver: 0.8% user + 0% kernel
E/ActivityManager(  322):   6.8% 438/com.android.systemui: 5.1% user + 1.7% kernel / faults: 88 minor 1 major
E/ActivityManager(  322):     12% 438/ndroid.systemui: 9.4% user + 2.5% kernel
E/ActivityManager(  322):     0.8% 447/Compiler: 0% user + 0.8% kernel
E/ActivityManager(  322):   6.4% 528/com.android.launcher: 6.4% user + 0% kernel / faults: 8 minor
E/ActivityManager(  322):     13% 528/ndroid.launcher: 12% user + 1.8% kernel
E/ActivityManager(  322):   2.2% 81/bootanimation: 2.2% user + 0% kernel
E/ActivityManager(  322):     2.2% 99/BootAnimation: 2.2% user + 0% kernel
E/ActivityManager(  322):   0.7% 47/adbd: 0% user + 0.7% kernel / faults: 12 minor
E/ActivityManager(  322): 100% TOTAL: 71% user + 28% kernel
W/ActivityManager(  322): Killing ProcessRecord{40e79018 438:com.android.systemui/u0a10034}: background ANR
D/dalvikvm(  322): GC_CONCURRENT freed 74K, 12% free 7121K/8064K, paused 47ms+169ms, total 1115ms
D/dalvikvm(  322): WAIT_FOR_CONCURRENT_GC blocked 415ms
D/dalvikvm(  322): GC_FOR_ALLOC freed 256K, 15% free 7119K/8312K, paused 205ms, total 208ms
I/dalvikvm-heap(  322): Grow heap (frag case) to 7.254MB for 254296-byte allocation
D/dalvikvm(  322): GC_FOR_ALLOC freed 1111K, 27% free 6256K/8564K, paused 283ms, total 283ms
D/dalvikvm(  497): GC_CONCURRENT freed 470K, 16% free 2878K/3408K, paused 5ms+220ms, total 326ms
W/InputDispatcher(  322): channel '40f64908 StatusBar (server)' ~ Consumer closed input channel or an error occurred.  events=0x9
E/InputDispatcher(  322): channel '40f64908 StatusBar (server)' ~ Channel is unrecoverably broken and will be disposed!
I/WindowState(  322): WIN DEATH: Window{40f64908 u0 StatusBar}
W/InputDispatcher(  322): Attempted to unregister already unregistered input channel '40f64908 StatusBar (server)'
I/ActivityManager(  322): Process com.android.systemui (pid 438) has died.
W/ActivityManager(  322): Scheduling restart of crashed service com.android.systemui/.SystemUIService in 0ms
W/ActivityManager(  322): Scheduling restart of crashed service com.android.systemui/.ImageWallpaper in 0ms
I/ActivityManager(  322): Start proc com.android.systemui for restart com.android.systemui: pid=747 uid=10034 gids={50034, 1028, 1015, 3002, 3001}
D/dalvikvm(  322): GC_EXPLICIT freed 818K, 28% free 6205K/8564K, paused 65ms+352ms, total 893ms
W/ServiceWatcher(  322): com.google.android.location not found
E/VoldConnector(  322): NDC Command {4 asec list} took too long (10777ms)
I/PackageManager(  322): No secure containers on sdcard
D/dalvikvm(  528): GC_CONCURRENT freed 90K, 4% free 3550K/3696K, paused 14ms+7ms, total 245ms
W/PackageManager(  322): Unknown permission com.google.android.googleapps.permission.GOOGLE_AUTH.mail in package com.android.contacts
W/WindowManager(  322): Window freeze timeout expired.
W/WindowManager(  322): Force clearing orientation change: Window{40e52b68 u0 Keyguard}
D/dalvikvm(  322): GC_CONCURRENT freed 393K, 21% free 6772K/8564K, paused 114ms+8ms, total 373ms
D/dalvikvm(  322): WAIT_FOR_CONCURRENT_GC blocked 63ms
D/dalvikvm(  322): WAIT_FOR_CONCURRENT_GC blocked 121ms
W/PackageManager(  322): Unknown permission android.permission.ADD_SYSTEM_SERVICE in package com.android.phone
W/PackageManager(  322): Unknown permission com.android.smspush.WAPPUSH_MANAGER_BIND in package com.android.phone
W/PackageManager(  322): Unknown permission com.google.android.googleapps.permission.GOOGLE_AUTH in package com.android.providers.calendar
W/PackageManager(  322): Unknown permission com.google.android.googleapps.permission.GOOGLE_AUTH.cl in package com.android.providers.calendar
W/PackageManager(  322): Unknown permission com.google.android.googleapps.permission.GOOGLE_AUTH.mail in package com.android.calendar
W/PackageManager(  322): Not granting permission android.permission.SEND_DOWNLOAD_COMPLETED_INTENTS to package com.android.browser (protectionLevel=2 flags=0x89be45)
W/PackageManager(  322): Not granting permission android.permission.BIND_APPWIDGET to package com.android.widgetpreview (protectionLevel=18 flags=0x8be44)
W/PackageManager(  322): Unknown permission com.google.android.googleapps.permission.GOOGLE_AUTH in package com.android.settings
W/PackageManager(  322): Unknown permission com.google.android.gallery3d.permission.GALLERY_PROVIDER in package com.android.exchange
W/PackageManager(  322): Unknown permission com.google.android.googleapps.permission.ACCESS_GOOGLE_PASSWORD in package com.android.development
W/PackageManager(  322): Unknown permission com.google.android.googleapps.permission.GOOGLE_AUTH in package com.android.development
W/PackageManager(  322): Unknown permission com.google.android.googleapps.permission.GOOGLE_AUTH.ALL_SERVICES in package com.android.development
W/PackageManager(  322): Unknown permission com.google.android.googleapps.permission.GOOGLE_AUTH.YouTubeUser in package com.android.development
W/PackageManager(  322): Unknown permission com.google.android.gallery3d.permission.GALLERY_PROVIDER in package com.android.email
W/PackageManager(  322): Not granting permission android.permission.DEVICE_POWER to package com.android.deskclock (protectionLevel=2 flags=0x88be45)
E/Trace   (  747): error opening trace file: No such file or directory (2)
W/ServiceWatcher(  322): com.google.android.location not found
W/LocationManagerService(  322): no network location provider found
W/ServiceWatcher(  322): com.google.android.location not found
D/SystemUIService(  747): loading: class com.android.systemui.statusbar.phone.PhoneStatusBar
D/SystemUIService(  747): running: com.android.systemui.statusbar.phone.PhoneStatusBar@40cd7f08
I/ActivityManager(  322): Start proc com.android.location.fused for service com.android.location.fused/.FusedLocationService: pid=785 uid=10022 gids={50022, 1028}
I/Choreographer(  528): Skipped 3478 frames!  The application may be doing too much work on its main thread.
I/StatusBarManagerService(  322): registerStatusBar bar=com.android.internal.statusbar.IStatusBar$Stub$Proxy@411dd1f8
I/Choreographer(  322): Skipped 2742 frames!  The application may be doing too much work on its main thread.
W/ServiceWatcher(  322): com.google.android.location not found
E/LocationManagerService(  322): no geocoder provider found
V/TAG     (  322): bug 7643792: fitSystemWindows([0,0][0,0])
I/Choreographer(  322): Skipped 152 frames!  The application may be doing too much work on its main thread.
E/Trace   (  785): error opening trace file: No such file or directory (2)
W/ActivityManager(  322): Activity idle timeout for ActivityRecord{40e6ffa0 u0 com.android.launcher/com.android.launcher2.Launcher}
E/SurfaceFlinger(   37): ro.sf.lcd_density must be defined as a build property
D/Launcher.Model(  528): Reload apps on config change. curr_mcc:310 prevmcc:0
I/Choreographer(  528): Skipped 43 frames!  The application may be doing too much work on its main thread.
D/gralloc_goldfish(  528): Emulator without GPU emulation detected.
D/dalvikvm(  747): GC_CONCURRENT freed 110K, 6% free 2666K/2832K, paused 8ms+2ms, total 98ms
D/dalvikvm(  747): WAIT_FOR_CONCURRENT_GC blocked 91ms
I/dalvikvm-heap(  747): Grow heap (frag case) to 3.261MB for 635812-byte allocation
D/dalvikvm(  747): GC_FOR_ALLOC freed 5K, 6% free 3282K/3456K, paused 269ms, total 270ms
D/dalvikvm(  322): GC_FOR_ALLOC freed 1058K, 15% free 6629K/7752K, paused 954ms, total 1022ms
I/dalvikvm-heap(  322): Grow heap (frag case) to 7.611MB for 1128976-byte allocation
D/dalvikvm(  322): GC_FOR_ALLOC freed 889K, 23% free 6842K/8856K, paused 198ms, total 198ms
I/ActivityManager(  322): Displayed com.android.launcher/com.android.launcher2.Launcher: +39s495ms
W/WallpaperService(  322): Failed attaching wallpaper; clearing
W/WallpaperService(  322): android.os.DeadObjectException
W/WallpaperService(  322): 	at android.os.BinderProxy.transact(Native Method)
W/WallpaperService(  322): 	at android.service.wallpaper.IWallpaperService$Stub$Proxy.attach(IWallpaperService.java:95)
W/WallpaperService(  322): 	at com.android.server.WallpaperManagerService.attachServiceLocked(WallpaperManagerService.java:960)
W/WallpaperService(  322): 	at com.android.server.WallpaperManagerService$WallpaperConnection.onServiceConnected(WallpaperManagerService.java:233)
W/WallpaperService(  322): 	at android.app.LoadedApk$ServiceDispatcher.doConnected(LoadedApk.java:1101)
W/WallpaperService(  322): 	at android.app.LoadedApk$ServiceDispatcher$RunConnection.run(LoadedApk.java:1118)
W/WallpaperService(  322): 	at android.os.Handler.handleCallback(Handler.java:725)
W/WallpaperService(  322): 	at android.os.Handler.dispatchMessage(Handler.java:92)
W/WallpaperService(  322): 	at android.os.Looper.loop(Looper.java:137)
W/WallpaperService(  322): 	at com.android.server.ServerThread.run(SystemServer.java:1000)
I/Choreographer(  322): Skipped 774 frames!  The application may be doing too much work on its main thread.
D/dalvikvm(  322): GC_CONCURRENT freed 166K, 24% free 6814K/8856K, paused 55ms+189ms, total 1171ms
E/BluetoothAdapter(  747): Bluetooth binder is null
E/BluetoothAdapter(  747): Bluetooth binder is null
I/Choreographer(  322): Skipped 227 frames!  The application may be doing too much work on its main thread.
E/BluetoothAdapter(  747): Bluetooth binder is null
D/dalvikvm(  747): GC_CONCURRENT freed 67K, 4% free 3655K/3780K, paused 4ms+54ms, total 92ms
E/BluetoothAdapter(  747): Bluetooth binder is null
D/ConnectivityService(  322): ConnectivityChange for mobile: CONNECTED/CONNECTED
E/BluetoothAdapter(  322): Bluetooth binder is null
E/BluetoothAdapter(  322): Bluetooth binder is null
V/WiredAccessoryManager(  322): init()
E/SoundPool(  322): error loading /system/media/audio/ui/Effect_Tick.ogg
W/AudioService(  322): Soundpool could not load file: /system/media/audio/ui/Effect_Tick.ogg
E/SoundPool(  322): error loading /system/media/audio/ui/Effect_Tick.ogg
W/AudioService(  322): Soundpool could not load file: /system/media/audio/ui/Effect_Tick.ogg
E/SoundPool(  322): error loading /system/media/audio/ui/Effect_Tick.ogg
W/AudioService(  322): Soundpool could not load file: /system/media/audio/ui/Effect_Tick.ogg
I/ActivityManager(  322): Start proc android.process.media for broadcast com.android.providers.downloads/.DownloadReceiver: pid=834 uid=10000 gids={50000, 1015, 1023, 1024, 1028, 1006, 2001, 3003, 3007}
E/SoundPool(  322): error loading /system/media/audio/ui/Effect_Tick.ogg
W/AudioService(  322): Soundpool could not load file: /system/media/audio/ui/Effect_Tick.ogg
E/SoundPool(  322): error loading /system/media/audio/ui/Effect_Tick.ogg
W/AudioService(  322): Soundpool could not load file: /system/media/audio/ui/Effect_Tick.ogg
E/SoundPool(  322): error loading /system/media/audio/ui/KeypressStandard.ogg
W/AudioService(  322): Soundpool could not load file: /system/media/audio/ui/KeypressStandard.ogg
E/SoundPool(  322): error loading /system/media/audio/ui/KeypressSpacebar.ogg
W/AudioService(  322): Soundpool could not load file: /system/media/audio/ui/KeypressSpacebar.ogg
E/SoundPool(  322): error loading /system/media/audio/ui/KeypressDelete.ogg
W/AudioService(  322): Soundpool could not load file: /system/media/audio/ui/KeypressDelete.ogg
E/SoundPool(  322): error loading /system/media/audio/ui/KeypressReturn.ogg
W/AudioService(  322): Soundpool could not load file: /system/media/audio/ui/KeypressReturn.ogg
W/AudioService(  322): loadSoundEffects(), Error -1 while loading samples
E/Trace   (  834): error opening trace file: No such file or directory (2)
I/FusedLocation(  785): engine started (com.android.location.fused)
D/dalvikvm(  322): GC_CONCURRENT freed 2068K, 34% free 5858K/8856K, paused 5ms+47ms, total 408ms
D/dalvikvm(  322): WAIT_FOR_CONCURRENT_GC blocked 168ms
D/dalvikvm(  322): WAIT_FOR_CONCURRENT_GC blocked 285ms
D/dalvikvm(  322): WAIT_FOR_CONCURRENT_GC blocked 262ms
D/dalvikvm(  322): WAIT_FOR_CONCURRENT_GC blocked 285ms
I/Choreographer(  322): Skipped 856 frames!  The application may be doing too much work on its main thread.
D/dalvikvm(  322): GC_FOR_ALLOC freed 374K, 35% free 5784K/8856K, paused 97ms, total 104ms
I/dalvikvm-heap(  322): Grow heap (frag case) to 6.786MB for 1128976-byte allocation
D/dalvikvm(  322): GC_FOR_ALLOC freed 100K, 24% free 6786K/8856K, paused 88ms, total 88ms
D/dalvikvm(  322): GREF has increased to 401
D/PhoneStatusBar(  747): disable: < expand icons alerts ticker system_info BACK* HOME* RECENT* CLOCK* SEARCH* >
I/Choreographer(  322): Skipped 163 frames!  The application may be doing too much work on its main thread.
I/DownloadManager(  834): in removeSpuriousFiles
D/dalvikvm(  322): GC_CONCURRENT freed 25K, 24% free 6777K/8856K, paused 12ms+162ms, total 680ms
D/Tethering(  322): MasterInitialState.processMessage what=3
E/BluetoothAdapter(  747): Bluetooth binder is null
D/MediaScannerReceiver(  834): action: android.intent.action.MEDIA_MOUNTED path: /mnt/sdcard
I/ActivityManager(  322): Start proc com.android.music for broadcast com.android.music/.MediaButtonIntentReceiver: pid=879 uid=10025 gids={50025, 3003, 1015, 1028}
D/dalvikvm(   38): GC_EXPLICIT freed 34K, 4% free 2382K/2472K, paused 2ms+3ms, total 175ms
D/dalvikvm(   38): GC_EXPLICIT freed <1K, 4% free 2382K/2472K, paused 8ms+2ms, total 52ms
D/SystemUIService(  747): loading: class com.android.systemui.power.PowerUI
D/SystemUIService(  747): running: com.android.systemui.power.PowerUI@40e4b090
D/SystemUIService(  747): loading: class com.android.systemui.media.RingtonePlayer
D/SystemUIService(  747): running: com.android.systemui.media.RingtonePlayer@40e4be30
D/dalvikvm(   38): GC_EXPLICIT freed <1K, 4% free 2382K/2472K, paused 2ms+3ms, total 62ms
I/Choreographer(  747): Skipped 2136 frames!  The application may be doing too much work on its main thread.
I/Choreographer(  322): Skipped 421 frames!  The application may be doing too much work on its main thread.
I/dalvikvm(  879): Turning on JNI app bug workarounds for target SDK version 9...
E/Trace   (  879): error opening trace file: No such file or directory (2)
I/ActivityManager(  322): Start proc com.android.contacts for broadcast com.android.contacts/.calllog.CallLogReceiver: pid=899 uid=10001 gids={50001, 3003, 1015, 1028}
I/AudioService(  322):   Remote Control   registerMediaButtonIntent() for PendingIntent{40eab8e0: PendingIntentRecord{40e99268 com.android.music broadcastIntent}}
E/SurfaceFlinger(   37): ro.sf.lcd_density must be defined as a build property
I/Choreographer(  322): Skipped 125 frames!  The application may be doing too much work on its main thread.
V/TAG     (  322): bug 7643792: fitSystemWindows([0,38][0,0])
I/Choreographer(  322): Skipped 60 frames!  The application may be doing too much work on its main thread.
W/WindowManager(  322): Window freeze timeout expired.
W/WindowManager(  322): Force clearing orientation change: Window{40ec52c8 u0 StatusBar}
E/Trace   (  899): error opening trace file: No such file or directory (2)
I/Choreographer(  322): Skipped 50 frames!  The application may be doing too much work on its main thread.
I/Choreographer(  322): Skipped 30 frames!  The application may be doing too much work on its main thread.
D/dalvikvm(  747): GC_CONCURRENT freed 271K, 8% free 3804K/4132K, paused 10ms+237ms, total 719ms
E/SurfaceFlinger(   37): ro.sf.lcd_density must be defined as a build property
D/dalvikvm(  747): GC_FOR_ALLOC freed 37K, 9% free 3791K/4132K, paused 93ms, total 108ms
I/RecoverySystem(  322): No recovery log file
I/ActivityManager(  322): Start proc com.android.deskclock for broadcast com.android.deskclock/.AlarmInitReceiver: pid=939 uid=10006 gids={50006, 1028}
I/dalvikvm-heap(  747): Grow heap (frag case) to 9.867MB for 6410576-byte allocation
D/dalvikvm(  747): GC_CONCURRENT freed 1K, 4% free 10050K/10396K, paused 14ms+3ms, total 103ms
E/Trace   (  939): error opening trace file: No such file or directory (2)
W/WindowManager(  322): Window freeze timeout expired.
W/WindowManager(  322): Force clearing orientation change: Window{40f26cc8 u0 com.android.systemui.ImageWallpaper}
V/AlarmClock(  939): No next alarm
V/AlarmClock(  939): AlarmInitReceiver - Reset timers and clear stopwatch data
V/AlarmClock(  939): No next alarm
V/AlarmClock(  939): AlarmInitReceiver finished
I/ActivityManager(  322): Start proc com.android.email for broadcast com.android.email/.service.EmailBroadcastReceiver: pid=971 uid=10019 gids={50019, 3003, 1015, 1028}
D/dalvikvm(  747): GC_FOR_ALLOC freed <1K, 4% free 10051K/10396K, paused 194ms, total 194ms
I/dalvikvm-heap(  747): Grow heap (frag case) to 12.564MB for 2828816-byte allocation
D/dalvikvm(  747): GC_CONCURRENT freed 0K, 3% free 12813K/13160K, paused 4ms+9ms, total 117ms
D/dalvikvm(  747): WAIT_FOR_CONCURRENT_GC blocked 113ms
E/Trace   (  971): error opening trace file: No such file or directory (2)
D/gralloc_goldfish(  747): Emulator without GPU emulation detected.
I/Choreographer(  747): Skipped 1982 frames!  The application may be doing too much work on its main thread.
I/SurfaceFlinger(   37): Boot is finished (99222 ms)
I/ActivityManager(  322): Config changes=1400 {1.0 310mcc260mnc en_US ldltr sw320dp w320dp h508dp 240dpi nrml long port finger -keyb/v/h tball/v s.6}
I/PowerManagerService(  322): Boot animation finished.
I/Choreographer(  322): Skipped 71 frames!  The application may be doing too much work on its main thread.
I/Choreographer(  747): Skipped 133 frames!  The application may be doing too much work on its main thread.
I/ActivityManager(  322): Start proc com.android.exchange for service com.android.exchange/.ExchangeService: pid=996 uid=10032 gids={50032, 3003, 1015, 1028}
I/ActivityManager(  322): Start proc com.android.providers.calendar for broadcast com.android.providers.calendar/.CalendarReceiver: pid=1007 uid=10023 gids={50023, 3003, 1015, 1028}
E/Trace   (  996): error opening trace file: No such file or directory (2)
E/Trace   ( 1007): error opening trace file: No such file or directory (2)
I/ActivityManager(  322): Start proc com.android.mms for broadcast com.android.mms/.transaction.MmsSystemEventReceiver: pid=1029 uid=10029 gids={50029, 3003, 1015, 1028}
E/Trace   ( 1029): error opening trace file: No such file or directory (2)
D/Eas Debug(  996): Logging: 
D/CountryDetector(  322): The first listener is added
D/dalvikvm(  322): GREF has increased to 501
V/MmsConfig( 1029): mnc/mcc: 310260
V/MmsConfig( 1029): tag: bool value: enabledMMS - true
V/MmsConfig( 1029): tag: int value: maxMessageSize - 307200
V/MmsConfig( 1029): tag: int value: maxImageHeight - 480
V/MmsConfig( 1029): tag: int value: maxImageWidth - 640
V/MmsConfig( 1029): tag: int value: defaultSMSMessagesPerThread - 500
V/MmsConfig( 1029): tag: int value: defaultMMSMessagesPerThread - 50
V/MmsConfig( 1029): tag: int value: minMessageCountPerThread - 10
V/MmsConfig( 1029): tag: int value: maxMessageCountPerThread - 5000
V/MmsConfig( 1029): tag: string value: uaProfUrl - http://www.google.com/oha/rdf/ua-profile-kila.xml
V/MmsConfig( 1029): tag: int value: recipientLimit - -1
D/AndroidRuntime( 1047): 
D/AndroidRuntime( 1047): >>>>>> AndroidRuntime START com.android.internal.os.RuntimeInit <<<<<<
V/MmsConfig( 1029): tag: bool value: enableMultipartSMS - true
V/MmsConfig( 1029): tag: int value: smsToMmsTextThreshold - -1
V/MmsConfig( 1029): tag: bool value: enableSlideDuration - true
V/MmsConfig( 1029): tag: int value: maxMessageTextSize - -1
D/AndroidRuntime( 1047): CheckJNI is ON
D/dalvikvm( 1047): Trying to load lib libjavacore.so 0x0
D/dalvikvm( 1047): Added shared lib libjavacore.so 0x0
D/dalvikvm( 1047): Trying to load lib libnativehelper.so 0x0
D/dalvikvm( 1047): Added shared lib libnativehelper.so 0x0
D/ExchangeService(  996): !!! EAS ExchangeService, onCreate
I/ActivityManager(  322): Start proc com.android.settings for broadcast com.android.settings/.widget.SettingsAppWidgetProvider: pid=1075 uid=1000 gids={41000, 1015, 1028, 3002, 3001, 3003}
D/ExchangeService(  996): !!! EAS ExchangeService, onStartCommand, startingUp = false, running = false
E/Trace   ( 1075): error opening trace file: No such file or directory (2)
D/AndroidRuntime( 1047): Calling main entry com.android.commands.am.Am
D/dalvikvm( 1047): Note: class Landroid/app/ActivityManagerNative; has 157 unimplemented (abstract) methods
D/dalvikvm( 1097): Not late-enabling CheckJNI (already on)
I/ActivityManager(  322): Start proc it.unina.android.ripper_service:android_ripper_service_process for service it.unina.android.ripper_service/.AndroidRipperService: pid=1097 uid=10049 gids={50049, 3003, 1028}
D/AndroidRuntime( 1047): Shutting down VM
D/dalvikvm( 1047): GC_CONCURRENT freed 94K, 17% free 499K/596K, paused 1ms+1ms, total 10ms
D/jdwp    ( 1047): Got wake-up signal, bailing out of select
D/dalvikvm( 1047): Debugger has detached; object registry had 1 entries
E/BluetoothAdapter( 1075): Bluetooth binder is null
E/BluetoothAdapter( 1075): Bluetooth binder is null
E/Trace   ( 1097): error opening trace file: No such file or directory (2)
E/BluetoothAdapter( 1075): Bluetooth binder is null
V/AndroidRipperService( 1097): onCreate()
V/SERVER  ( 1097): Starting ServerSocket on PORT 8888
V/SERVER  ( 1097): Started ServerSocket on PORT 8888
V/SERVER  ( 1097): Ready to accept connections on port: 8888
D/ExchangeService(  996): !!! EAS ExchangeService, onStartCommand, startingUp = true, running = false
D/SystemClock(  322): Setting time of day to sec=1483292676
W/SystemClock(  322): Unable to set rtc to 1483292676: Invalid argument
I/ActivityManager(  322): Start proc com.android.calendar for broadcast com.android.calendar/.widget.CalendarAppWidgetService$CalendarFactory: pid=1114 uid=10004 gids={50004, 3003, 1028}
E/Trace   ( 1114): error opening trace file: No such file or directory (2)
V/AlarmClock(  939): No next alarm
V/AlarmClock(  939): AlarmInitReceiver finished
D/Mms:app ( 1029): cancelNotification
D/EmailProvider(  971): fromDatabase accounts: 0
D/EmailProvider(  971): ending toDatabase transaction; copyCount = 0
D/EmailProvider(  971): ending fromDatabase transaction; copyCount = 0
D/ExchangeService(  996): !!! EAS ExchangeService, onStartCommand, startingUp = true, running = false
D/MmsSmsDatabaseHelper(  497): [MmsSmsDb] tableName: threads hasAutoIncrement: CREATE TABLE threads (_id INTEGER PRIMARY KEY AUTOINCREMENT,date INTEGER DEFAULT 0,message_count INTEGER DEFAULT 0,recipient_ids TEXT,snippet TEXT,snippet_cs INTEGER DEFAULT 0,read INTEGER DEFAULT 1,type INTEGER DEFAULT 0,error INTEGER DEFAULT 0,has_attachment INTEGER DEFAULT 0) result: true
D/GpsLocationProvider(  322): NTP server returned: 1483292676186 (Sun Jan 01 17:44:36 GMT 2017) reference: 114209 certainty: 108 system time offset: -1232
D/Eas Debug(  996): Logging: 
D/AndroidRuntime( 1145): 
D/AndroidRuntime( 1145): >>>>>> AndroidRuntime START com.android.internal.os.RuntimeInit <<<<<<
D/AndroidRuntime( 1145): CheckJNI is ON
D/dalvikvm( 1145): Trying to load lib libjavacore.so 0x0
D/dalvikvm(  834): GC_CONCURRENT freed 224K, 10% free 2545K/2824K, paused 19ms+176ms, total 342ms
D/dalvikvm( 1145): Added shared lib libjavacore.so 0x0
D/dalvikvm( 1145): Trying to load lib libnativehelper.so 0x0
D/dalvikvm( 1145): Added shared lib libnativehelper.so 0x0
D/dalvikvm(  528): GC_CONCURRENT freed 707K, 19% free 3272K/4036K, paused 4ms+67ms, total 139ms
D/MmsSmsDatabaseHelper(  497): [MmsSmsDb] tableName: canonical_addresses hasAutoIncrement: CREATE TABLE canonical_addresses (_id INTEGER PRIMARY KEY AUTOINCREMENT,address TEXT) result: true
W/ActivityManager(  322): Unable to start service Intent { cmp=com.android.email/.service.AttachmentDownloadService } U=0: not found
W/ActivityManager(  322): Unable to start service Intent { cmp=com.android.email/.service.AttachmentDownloadService } U=0: not found
I/Choreographer(  528): Skipped 40 frames!  The application may be doing too much work on its main thread.
D/AndroidRuntime( 1145): Calling main entry com.android.commands.am.Am
D/dalvikvm( 1145): Note: class Landroid/app/ActivityManagerNative; has 157 unimplemented (abstract) methods
I/ActivityManager(  322): Force stopping package de.freewarepoint.whohasmystuff appid=10051 user=0
D/dalvikvm( 1162): Not late-enabling CheckJNI (already on)
I/ActivityManager(  322): Start proc de.freewarepoint.whohasmystuff for added application de.freewarepoint.whohasmystuff: pid=1162 uid=10051 gids={50051, 1015, 1028}
D/dalvikvm(  528): GC_FOR_ALLOC freed 133K, 18% free 3318K/4036K, paused 57ms, total 73ms
I/dalvikvm-heap(  528): Grow heap (frag case) to 3.786MB for 518416-byte allocation
D/dalvikvm(  528): GC_CONCURRENT freed 7K, 16% free 3817K/4544K, paused 15ms+29ms, total 71ms
D/dalvikvm(  528): WAIT_FOR_CONCURRENT_GC blocked 44ms
D/dalvikvm(  528): GC_FOR_ALLOC freed <1K, 16% free 3818K/4544K, paused 45ms, total 45ms
I/dalvikvm-heap(  528): Grow heap (frag case) to 4.274MB for 518416-byte allocation
E/Trace   ( 1162): error opening trace file: No such file or directory (2)
D/dalvikvm(  528): GC_CONCURRENT freed <1K, 15% free 4324K/5052K, paused 4ms+3ms, total 80ms
D/dalvikvm(  528): WAIT_FOR_CONCURRENT_GC blocked 69ms
D/dalvikvm(  528): GC_FOR_ALLOC freed <1K, 15% free 4325K/5052K, paused 36ms, total 43ms
I/dalvikvm-heap(  528): Grow heap (frag case) to 4.769MB for 518416-byte allocation
I/CalendarProvider2( 1007): Sending notification intent: Intent { act=android.intent.action.PROVIDER_CHANGED dat=content://com.android.calendar }
D/dalvikvm(  528): GC_FOR_ALLOC freed <1K, 14% free 4831K/5560K, paused 36ms, total 36ms
W/ContentResolver( 1007): Failed to get type for: content://com.android.calendar (Unknown URL content://com.android.calendar)
D/dalvikvm(  528): GREF has increased to 201
D/AlertReceiver( 1114): onReceive: a=android.intent.action.PROVIDER_CHANGED Intent { act=android.intent.action.PROVIDER_CHANGED dat=content://com.android.calendar flg=0x10 cmp=com.android.calendar/.alerts.AlertReceiver }
I/Choreographer(  528): Skipped 170 frames!  The application may be doing too much work on its main thread.
D/PolideaInstrumentationTestRunner( 1162): Creating the Test Runner with arguments: [coverage, class]
D/PolideaInstrumentationTestRunner( 1162): Test runner is running with the following parameters:
D/PolideaInstrumentationTestRunner( 1162): junitOutputDirectory: /data/data/de.freewarepoint.whohasmystuff/files
D/PolideaInstrumentationTestRunner( 1162): junitOutputFilePostfix: -TEST.xml
D/PolideaInstrumentationTestRunner( 1162): junitNoPackagePrefix: NO_PACKAGE
D/PolideaInstrumentationTestRunner( 1162): junitSplitLevel: package
D/PolideaInstrumentationTestRunner( 1162): junitSingleFileName: ALL-TEST.xml
D/PolideaInstrumentationTestRunner( 1162): Creating output directory if it does not exist
D/PolideaInstrumentationTestRunner( 1162): Created directory? false
D/PolideaInstrumentationTestRunner( 1162): Deleting old files
D/PolideaInstrumentationTestRunner( 1162): Deleting: [/data/data/de.freewarepoint.whohasmystuff/files/it.unina.android.ripper-TEST.xml]
I/Choreographer(  322): Skipped 69 frames!  The application may be doing too much work on its main thread.
I/Choreographer(  322): Skipped 48 frames!  The application may be doing too much work on its main thread.
V/        ( 1097): ready
I/Choreographer(  322): Skipped 145 frames!  The application may be doing too much work on its main thread.
W/SoundPool(  322):   sample 0 not READY
D/PhoneStatusBar(  747): disable: < expand icons alerts ticker system_info BACK HOME recent* CLOCK search* >
I/Choreographer(  322): Skipped 45 frames!  The application may be doing too much work on its main thread.
I/dalvikvm(  322): Jit: resizing JitTable from 4096 to 8192
V/RipperService( 1097): PING
I/ARMAssembler(   37): generated scanline__00000077:03515104_00009001_00000000 [131 ipp] (153 ins) at [0x409731f0:0x40973454] in 7977001 ns
I/Choreographer(  322): Skipped 42 frames!  The application may be doing too much work on its main thread.
I/Choreographer(  322): Skipped 30 frames!  The application may be doing too much work on its main thread.
D/PhoneStatusBar(  747): disable: < expand icons alerts ticker system_info back* home* recent clock* search >
D/dalvikvm(  322): GC_CONCURRENT freed 1990K, 34% free 5869K/8856K, paused 6ms+117ms, total 692ms
I/Choreographer(  322): Skipped 33 frames!  The application may be doing too much work on its main thread.
D/dalvikvm( 1162): GC_CONCURRENT freed 289K, 13% free 2546K/2900K, paused 5ms+794ms, total 976ms
V/TAG     (  322): bug 7643792: fitSystemWindows([0,38][0,0])
I/Choreographer(  322): Skipped 78 frames!  The application may be doing too much work on its main thread.
I/System.out( 1162): EMMA: collecting runtime coverage data ...
D/PolideaInstrumentationTestRunner( 1162): Getting android test runner
D/PolideaInstrumentationTestRunner( 1162): JUnit test output enabled
I/Choreographer(  528): Skipped 641 frames!  The application may be doing too much work on its main thread.
W/dalvikvm( 1162): method Landroid/test/InstrumentationTestRunner$StringResultPrinter;.print incorrectly overrides package-private method with same name in Ljunit/textui/ResultPrinter;
D/PolideaInstrumentationTestRunner( 1162): Starting test: testApplication(it.unina.android.ripper.RipperTestCase)
I/TestRunner( 1162): started: testApplication(it.unina.android.ripper.RipperTestCase)
V/AndroidRipperService( 1097): mHandler.handleMessage() RECIVED
V/AndroidRipperService( 1097): broadcast()
V/AndroidRipperService( 1097): broadcast() done
V/        ( 1097): ready
I/ActivityManager(  322): START u0 {act=android.intent.action.MAIN flg=0x10000000 cmp=de.freewarepoint.whohasmystuff/.ListLentObjects} from pid 1162
D/PermissionCache(   37): checking android.permission.READ_FRAME_BUFFER for uid=1000 => granted (12589 us)
W/WindowManager(  322): Failure taking screenshot for (246x410) to layer 21005
V/RipperService( 1097): PING
V/AndroidRipperService( 1097): mHandler.handleMessage() RECIVED
V/AndroidRipperService( 1097): broadcast()
V/AndroidRipperService( 1097): broadcast() done
V/        ( 1097): ready
V/AndroidRipperService( 1097): onBind()
V/AndroidRipperService( 1097): register()
V/AndroidRipperService( 1097): onBind()
E/SurfaceFlinger(   37): ro.sf.lcd_density must be defined as a build property
D/MmsSmsDatabaseHelper(  497): [MmsSmsDb] tableName: part hasAutoIncrement: CREATE TABLE part (_id INTEGER PRIMARY KEY AUTOINCREMENT,mid INTEGER,seq INTEGER DEFAULT 0,ct TEXT,name TEXT,chset INTEGER,cd TEXT,fn TEXT,cid TEXT,cl TEXT,ctt_s INTEGER,ctt_t TEXT,_data TEXT,text TEXT) result: true
I/ARMAssembler(   37): generated scanline__00000077:03010104_00008001_00000000 [ 89 ipp] (110 ins) at [0x40973460:0x40973618] in 1410000 ns
I/Choreographer(  322): Skipped 34 frames!  The application may be doing too much work on its main thread.
D/dalvikvm( 1162): GC_FOR_ALLOC freed 114K, 10% free 2683K/2956K, paused 18ms, total 20ms
I/dalvikvm-heap( 1162): Grow heap (frag case) to 3.281MB for 635812-byte allocation
D/dalvikvm( 1162): GC_FOR_ALLOC freed <1K, 8% free 3303K/3580K, paused 32ms, total 32ms
D/AlertService( 1114): 0 Action = android.intent.action.PROVIDER_CHANGED
D/dalvikvm( 1162): GC_CONCURRENT freed 1K, 8% free 3319K/3580K, paused 20ms+17ms, total 54ms
E/SurfaceFlinger(   37): ro.sf.lcd_density must be defined as a build property
I/Choreographer( 1162): Skipped 36 frames!  The application may be doing too much work on its main thread.
D/gralloc_goldfish( 1162): Emulator without GPU emulation detected.
I/ActivityManager(  322): Displayed de.freewarepoint.whohasmystuff/.ListLentObjects: +1s422ms
V/RipperService( 1097): PING
V/AndroidRipperService( 1097): mHandler.handleMessage() RECIVED
V/AndroidRipperService( 1097): broadcast()
I/AndroidRipper( 1162): Recived message: PING
V/RipperTestCase( 1162): Not ready to operate!
V/AndroidRipperService( 1097): broadcast() done
V/        ( 1097): ready
D/AlertService( 1114): Beginning updateAlertNotification
D/MmsSmsDatabaseHelper(  497): [MmsSmsDb] tableName: pdu hasAutoIncrement: CREATE TABLE pdu (_id INTEGER PRIMARY KEY AUTOINCREMENT,thread_id INTEGER,date INTEGER,date_sent INTEGER DEFAULT 0,msg_box INTEGER,read INTEGER DEFAULT 0,m_id TEXT,sub TEXT,sub_cs INTEGER,ct_t TEXT,ct_l TEXT,exp INTEGER,m_cls TEXT,m_type INTEGER,v INTEGER,m_size INTEGER,pri INTEGER,rr INTEGER,rpt_a INTEGER,resp_st INTEGER,st INTEGER,tr_id TEXT,retr_st INTEGER,retr_txt TEXT,retr_txt_cs INTEGER,read_status INTEGER,ct_cls INTEGER,resp_txt TEXT,d_tm INTEGER,d_rpt INTEGER,locked INTEGER DEFAULT 0,seen INTEGER DEFAULT 0,text_only INTEGER DEFAULT 0) result: true
W/ActivityManager(  322): Unable to start service Intent { cmp=com.android.email/.service.AttachmentDownloadService } U=0: not found
I/Choreographer(  528): Skipped 397 frames!  The application may be doing too much work on its main thread.
D/MmsSmsDatabaseHelper(  497): [getWritableDatabase] hasAutoIncrementThreads: true hasAutoIncrementAddresses: true hasAutoIncrementPart: true hasAutoIncrementPdu: true
D/dalvikvm(  971): GC_CONCURRENT freed 193K, 10% free 2575K/2836K, paused 5ms+3ms, total 106ms
D/ExchangeService(  996): !!! EAS ExchangeService, onStartCommand, startingUp = true, running = false
D/AlertService( 1114): No fired or scheduled alerts
I/AccountTypeManager(  899): Loaded meta-data for 1 account types, 0 accounts in 77ms(wall) 38ms(cpu)
W/MediaScanner(  834): Error opening directory '/mnt/sdcard/.android_secure/', skipping: Permission denied.
V/RipperService( 1097): PING
V/AndroidRipperService( 1097): mHandler.handleMessage() RECIVED
V/AndroidRipperService( 1097): broadcast()
I/AndroidRipper( 1162): Recived message: PING
V/RipperTestCase( 1162): Not ready to operate!
V/AndroidRipperService( 1097): broadcast() done
V/        ( 1097): ready
I/AndroidRipper( 1162): [RipperTestCase] Ready to operate after restarting...
D/Mms:app ( 1029): cancelNotification
D/dalvikvm(  497): GREF has increased to 201
V/MediaScanner(  834): pruneDeadThumbnailFiles... android.database.sqlite.SQLiteCursor@40ce7f10
V/MediaScanner(  834): /pruneDeadThumbnailFiles... android.database.sqlite.SQLiteCursor@40ce7f10
D/dalvikvm(  834): GREF has increased to 201
D/dalvikvm(  322): GREF has increased to 601
D/dalvikvm(  528): GC_CONCURRENT freed 291K, 7% free 5256K/5652K, paused 13ms+4ms, total 54ms
W/MediaScanner(  834): Error opening directory '/mnt/sdcard/.android_secure/', skipping: Permission denied.
V/MediaScanner(  834): pruneDeadThumbnailFiles... android.database.sqlite.SQLiteCursor@40cf0a48
V/MediaScanner(  834): /pruneDeadThumbnailFiles... android.database.sqlite.SQLiteCursor@40cf0a48
V/RipperService( 1097): PING
V/AndroidRipperService( 1097): mHandler.handleMessage() RECIVED
V/AndroidRipperService( 1097): broadcast()
I/AndroidRipper( 1162): Recived message: PING
V/AndroidRipperService( 1097): send()
I/System.out( 1097): {"type":"PONG","index":"6"}
V/AndroidRipperService( 1097): broadcast() done
V/        ( 1097): ready
V/RipperService( 1097): DSC
V/AndroidRipperService( 1097): mHandler.handleMessage() RECIVED
V/AndroidRipperService( 1097): broadcast()
I/AndroidRipper( 1162): Recived message: DSC
V/RipperTestCase( 1162): DSC : de.freewarepoint.whohasmystuff
V/AndroidRipperService( 1097): broadcast() done
V/        ( 1097): ready
I/AndroidRipper( 1162): [SimpleExtractor] Found widget: id=-1 (android.widget.LinearLayout{40d2db88 V.E..... ......I. 0,0-480,800})
I/AndroidRipper( 1162): [SimpleExtractor] Found widget: id=16909145 (com.android.internal.widget.ActionBarContainer{40ce7f18 V.ED.... ......I. 0,38-480,110 #1020359 android:id/action_bar_container})
I/AndroidRipper( 1162): [SimpleExtractor] Found widget: id=16909146 (com.android.internal.widget.ActionBarView{40ce48f0 V.E..... ......I. 0,0-480,72 #102035a android:id/action_bar})
I/AndroidRipper( 1162): [SimpleExtractor] Found widget: id=-1 (android.widget.LinearLayout{40ce8310 V.....C. ......I. 13,0-314,72})
I/AndroidRipper( 1162): [SimpleExtractor] Found widget: id=-1 (com.android.internal.widget.ActionBarView$HomeView{40ce5e30 V.E..... ......I. 0,0-60,72})
I/AndroidRipper( 1162): [SimpleExtractor] Found widget: id=16908870 (android.widget.ImageView{40ce8928 G.ED.... ......I. 0,0-0,0 #1020246 android:id/up})
I/AndroidRipper( 1162): [SimpleExtractor] Found widget: id=16908332 (android.widget.ImageView{40cdf8a0 V.ED.... ......I. 6,12-54,60 #102002c android:id/home})
I/AndroidRipper( 1162): [SimpleExtractor] Found widget: id=-1 (android.widget.LinearLayout{40d21e78 V.E..... ......I. 60,0-301,72})
I/AndroidRipper( 1162): [SimpleExtractor] Found widget: id=16908870 (android.widget.ImageView{40d22168 G.ED.... ......I. 0,0-0,0 #1020246 android:id/up})
I/AndroidRipper( 1162): [SimpleExtractor] Found widget: id=-1 (android.widget.LinearLayout{40cc2b98 V.E..... ......I. 0,17-229,54})
I/AndroidRipper( 1162): [SimpleExtractor] Found widget: id=16908877 (android.widget.TextView{40cdbae8 V.ED.... ......I. 0,0-229,37 #102024d android:id/action_bar_title})
I/AndroidRipper( 1162): [SimpleExtractor] Found widget: id=16908878 (android.widget.TextView{40cdbf90 G.ED.... ......I. 0,0-0,0 #102024e android:id/action_bar_subtitle})
I/AndroidRipper( 1162): [SimpleExtractor] Found widget: id=-1 (com.android.internal.view.menu.ActionMenuView{40cd86d8 V.ED.... ......ID 480,0-480,72})
I/AndroidRipper( 1162): [SimpleExtractor] Found widget: id=16909147 (com.android.internal.widget.ActionBarContextView{40cd7618 G.E..... ......ID 0,0-0,0 #102035b android:id/action_context_bar})
I/AndroidRipper( 1162): [SimpleExtractor] Found widget: id=16908290 (android.widget.FrameLayout{40cfb960 V.E..... ......I. 0,110-480,800 #1020002 android:id/content})
I/AndroidRipper( 1162): [SimpleExtractor] Found widget: id=-1 (android.widget.LinearLayout{40d0de70 V.E..... ......I. 0,0-480,690})
I/AndroidRipper( 1162): [SimpleExtractor] Found widget: id=16908298 (android.widget.ListView{40d0ce30 VFED.VCL .F....I. 0,0-480,690 #102000a android:id/list})
I/AndroidRipper( 1162): [SimpleExtractor] Found widget: id=-1 (android.widget.LinearLayout{40cda568 V.E..... ..S...I. 0,0-480,96})
I/AndroidRipper( 1162): [SimpleExtractor] Found widget: id=-1 (android.widget.LinearLayout{40ce5390 V.E..... ..S...I. 9,9-317,87})
I/AndroidRipper( 1162): [SimpleExtractor] Found widget: id=2131165201 (android.widget.TextView{40d160c8 V.ED.... ..S...I. 0,0-308,39 #7f070011 app:id/toptext})
I/AndroidRipper( 1162): [SimpleExtractor] Found widget: id=2131165202 (android.widget.TextView{40cee980 V.ED.... ..S...I. 0,39-308,78 #7f070012 app:id/bottomtext})
I/AndroidRipper( 1162): [SimpleExtractor] Found widget: id=-1 (android.widget.LinearLayout{40ce0d98 V.E..... ..S...I. 317,9-471,87})
I/AndroidRipper( 1162): [SimpleExtractor] Found widget: id=2131165203 (android.widget.TextView{40d2ea08 V.ED.... ..S...I. 0,0-154,78 #7f070013 app:id/date})
I/AndroidRipper( 1162): [SimpleExtractor] Found widget: id=-1 (android.widget.LinearLayout{40cec948 V.E..... ......I. 0,97-480,193})
I/AndroidRipper( 1162): [SimpleExtractor] Found widget: id=-1 (android.widget.LinearLayout{40ce72d0 V.E..... ......I. 9,9-317,87})
I/AndroidRipper( 1162): [SimpleExtractor] Found widget: id=2131165201 (android.widget.TextView{40ce4bd0 V.ED.... ......I. 0,0-308,39 #7f070011 app:id/toptext})
I/AndroidRipper( 1162): [SimpleExtractor] Found widget: id=2131165202 (android.widget.TextView{40d2e318 V.ED.... ......I. 0,39-308,78 #7f070012 app:id/bottomtext})
I/AndroidRipper( 1162): [SimpleExtractor] Found widget: id=-1 (android.widget.LinearLayout{40cec278 V.E..... ......I. 317,9-471,87})
I/AndroidRipper( 1162): [SimpleExtractor] Found widget: id=2131165203 (android.widget.TextView{40d2e5b8 V.ED.... ......I. 0,0-154,78 #7f070013 app:id/date})
I/AndroidRipper( 1162): [SimpleExtractor] Found widget: id=16909148 (com.android.internal.widget.ActionBarContainer{40d1fd60 G.ED.... ......I. 0,0-0,0 #102035c android:id/split_action_bar})
I/AndroidRipper( 1162): [SimpleExtractor] Found widget: id=-1 (com.android.internal.policy.impl.PhoneWindow$DecorView{40d1f300 V.E..... R.....I. 0,0-480,800})
D/dalvikvm( 1162): GC_CONCURRENT freed 229K, 8% free 3492K/3784K, paused 5ms+17ms, total 61ms
V/AndroidRipperService( 1097): send()
I/System.out( 1097): {"type":"DSC","xml":"<activity title=\"Who Has My Stuff?\" name=\"ListLentObjects\" class=\"de.freewarepoint.whohasmystuff.ListLentObjects\" menu=\"TRUE\" keypress=\"FALSE\" longkeypress=\"FALSE\" tab_activity=\"FALSE\" tab_count=\"0\" id=\"\" uid=\"\" root_activity=\"TRUE\">\n  <widget id=\"-1\" class=\"android.widget.LinearLayout\" simple_type=\"linearLayout\" name=\"\" count=\"3\" index=\"0\" enabled=\"TRUE\" visible=\"TRUE\" p_id=\"-1\" p_name=\"\" p_type=\"com.android.internal.policy.impl.PhoneWindow.DecorView\" ancestor_id=\"\" ancestor_type=\"null\"\/>\n  <widget id=\"16909145\" class=\"com.android.internal.widget.ActionBarContainer\" simple_type=\"\" r_id=\"action_bar_container\" name=\"\" count=\"2\" index=\"1\" enabled=\"TRUE\" visible=\"TRUE\" p_id=\"-1\" p_name=\"\" p_type=\"android.widget.LinearLayout\" ancestor_id=\"\" ancestor_type=\"null\"\/>\n  <widget id=\"16909146\" class=\"com.android.internal.widget.ActionBarView\" simple_type=\"\" r_id=\"action_bar\" name=\"\" count=\"2\" index=\"2\" enabled=\"TRUE\" visible=\"TRUE\" p_id=\"16909145\" p_name=\"\" p_type=\"com.android.internal.widget.ActionBarContainer\" ancestor_id=\"\" ancestor_type=\"\"\/>\n  <widget id=\"-1\" class=\"android.widget.LinearLayout\" simple_type=\"linearLayout\" name=\"\" count=\"2\" index=\"3\" enabled=\"FALSE\" visible=\"TRUE\" p_id=\"16909146\" p_name=\"\" p_type=\"com.android.internal.widget.ActionBarView\" ancestor_id=\"\" ancestor_type=\"\"\/>\n  <widget id=\"-1\" class=\"com.android.internal.widget.ActionBarView.HomeView\" simple_type=\"\" name=\"\" count=\"2\" index=\"4\" enabled=\"TRUE\" visible=\"TRUE\" p_id=\"-1\" p_name=\"\" p_type=\"android.widget.LinearLayout\" ancestor_id=\"16909146\" ancestor_type=\"com.android.internal.widget.ActionBarView\"\/>\n  <widget id=\"16908870\" class=\"android.widget.ImageView\" simple_type=\"image\" r_id=\"up\" name=\"\" index=\"5\" enabled=\"TRUE\" visible=\"FALSE\" p_id=\"-1\" p_name=\"\" p_type=\"com.android.internal.widget.ActionBarView.HomeView\" ancestor_id=\"16909146\" ancestor_type=\"com.android.internal.widget.ActionBarView\"\/>\n  <widget id=\"16908332\" class=\"android.widget.ImageView\" simple_type=\"image\" r_id=\"home\" name=\"\" index=\"6\" enabled=\"TRUE\" visible=\"TRUE\" p_id=\"-1\" p_name=\"\" p_type=\"com.android.internal.widget.ActionBarView.HomeView\" ancestor_id=\"16909146\" ancestor_type=\"com.android.internal.widget.ActionBarView\"\/>\n  <widget id=\"-1\" class=\"android.widget.LinearLayout\" simple_type=\"linearLayout\" name=\"\" count=\"2\" index=\"7\" enabled=\"TRUE\" visible=\"TRUE\" p_id=\"-1\" p_name=\"\" p_type=\"android.widget.LinearLayout\" ancestor_id=\"16909146\" ancestor_type=\"com.android.internal.widget.ActionBarView\"\/>\n  <widget id=\"16908870\" class=\"android.widget.ImageView\" simple_type=\"image\" r_id=\"up\" name=\"\" index=\"8\" enabled=\"TRUE\" visible=\"FALSE\" p_id=\"-1\" p_name=\"\" p_type=\"android.widget.LinearLayout\" ancestor_id=\"16909146\" ancestor_type=\"com.android.internal.widget.ActionBarView\"\/>\n  <widget id=\"-1\" class=\"android.widget.LinearLayout\" simple_type=\"linearLayout\" name=\"\" count=\"2\" index=\"9\" enabled=\"TRUE\" visible=\"TRUE\" p_id=\"-1\" p_name=\"\" p_type=\"android.widget.LinearLayout\" ancestor_id=\"16909146\" ancestor_type=\"com.android.internal.widget.ActionBarView\"\/>\n  <widget id=\"16908877\" class=\"android.widget.TextView\" simple_type=\"text\" r_id=\"action_bar_title\" text_type=\"0\" name=\"Who Has My Stuff?\" value=\"Who Has My Stuff?\" index=\"10\" enabled=\"TRUE\" visible=\"TRUE\" p_id=\"-1\" p_name=\"\" p_type=\"android.widget.LinearLayout\" ancestor_id=\"16909146\" ancestor_type=\"com.android.internal.widget.ActionBarView\"\/>\n  <widget id=\"16908878\" class=\"android.widget.TextView\" simple_type=\"text\" r_id=\"action_bar_subtitle\" text_type=\"0\" name=\"\" value=\"\" index=\"11\" enabled=\"TRUE\" visible=\"FALSE\" p_id=\"-1\" p_name=\"\" p_type=\"android.widget.LinearLayout\" ancestor_id=\"16909146\" ancestor_type=\"com.android.internal.widget.Action
V/RipperService( 1097): EVT
V/AndroidRipperService( 1097): mHandler.handleMessage() RECIVED
V/AndroidRipperService( 1097): broadcast()
I/AndroidRipper( 1162): Recived message: EVT
V/RipperTestCase( 1162): DSC : de.freewarepoint.whohasmystuff
V/AndroidRipperService( 1097): broadcast() done
V/        ( 1097): ready
W/SurfaceFlinger(   37): createScreenshotSurface failed (Function not implemented)
