W/Resources(   38): Preloaded drawable resource #0x10803d0 (android:drawable/list_longpressed_holo) that varies with configuration!!
W/Resources(   38): Preloaded drawable resource #0x10803d2 (android:drawable/list_pressed_holo_light) that varies with configuration!!
W/Resources(   38): Preloaded drawable resource #0x10803d0 (android:drawable/list_longpressed_holo) that varies with configuration!!
W/Resources(   38): Preloaded drawable resource #0x10803d0 (android:drawable/list_longpressed_holo) that varies with configuration!!
W/Resources(   38): Preloaded drawable resource #0x10803cc (android:drawable/list_focused_holo) that varies with configuration!!
D/dalvikvm(   38): GC_EXPLICIT freed 31K, 26% free 2359K/3156K, paused 2ms+2ms, total 30ms
W/Resources(   38): Preloaded drawable resource #0x108027a (android:drawable/fastscroll_thumb_pressed_holo) that varies with configuration!!
W/Resources(   38): Preloaded drawable resource #0x1080278 (android:drawable/fastscroll_thumb_default_holo) that varies with configuration!!
W/Resources(   38): Preloaded drawable resource #0x1080278 (android:drawable/fastscroll_thumb_default_holo) that varies with configuration!!
W/Resources(   38): Preloaded drawable resource #0x108027a (android:drawable/fastscroll_thumb_pressed_holo) that varies with configuration!!
D/dalvikvm(   38): GC_EXPLICIT freed 51K, 26% free 2358K/3156K, paused 2ms+3ms, total 29ms
W/Resources(   38): Preloaded drawable resource #0x1080278 (android:drawable/fastscroll_thumb_default_holo) that varies with configuration!!
W/Resources(   38): Preloaded drawable resource #0x108027f (android:drawable/fastscroll_track_pressed_holo_dark) that varies with configuration!!
W/Resources(   38): Preloaded drawable resource #0x108027b (android:drawable/fastscroll_track_default_holo_dark) that varies with configuration!!
W/Resources(   38): Preloaded drawable resource #0x108027b (android:drawable/fastscroll_track_default_holo_dark) that varies with configuration!!
W/Resources(   38): Preloaded drawable resource #0x108027f (android:drawable/fastscroll_track_pressed_holo_dark) that varies with configuration!!
W/Resources(   38): Preloaded drawable resource #0x108027b (android:drawable/fastscroll_track_default_holo_dark) that varies with configuration!!
W/Resources(   38): Preloaded drawable resource #0x1080274 (android:drawable/fastscroll_label_left_holo_dark) that varies with configuration!!
D/dalvikvm(   38): GC_EXPLICIT freed 74K, 26% free 2358K/3156K, paused 2ms+2ms, total 40ms
W/Resources(   38): Preloaded drawable resource #0x1080276 (android:drawable/fastscroll_label_right_holo_dark) that varies with configuration!!
D/dalvikvm(   38): GC_EXPLICIT freed 50K, 26% free 2357K/3156K, paused 2ms+3ms, total 29ms
W/Resources(   38): Preloaded drawable resource #0x1080280 (android:drawable/fastscroll_track_pressed_holo_light) that varies with configuration!!
W/Resources(   38): Preloaded drawable resource #0x108027c (android:drawable/fastscroll_track_default_holo_light) that varies with configuration!!
W/Resources(   38): Preloaded drawable resource #0x108027c (android:drawable/fastscroll_track_default_holo_light) that varies with configuration!!
W/Resources(   38): Preloaded drawable resource #0x1080280 (android:drawable/fastscroll_track_pressed_holo_light) that varies with configuration!!
W/Resources(   38): Preloaded drawable resource #0x108027c (android:drawable/fastscroll_track_default_holo_light) that varies with configuration!!
W/Resources(   38): Preloaded drawable resource #0x1080275 (android:drawable/fastscroll_label_left_holo_light) that varies with configuration!!
D/dalvikvm(   38): GC_EXPLICIT freed 57K, 26% free 2359K/3156K, paused 3ms+2ms, total 42ms
W/Resources(   38): Preloaded drawable resource #0x1080277 (android:drawable/fastscroll_label_right_holo_light) that varies with configuration!!
D/dalvikvm(   38): GC_EXPLICIT freed 50K, 26% free 2358K/3156K, paused 2ms+3ms, total 30ms
W/Resources(   38): Preloaded drawable resource #0x1080259 (android:drawable/editbox_dropdown_background_dark) that varies with configuration!!
W/Resources(   38): Preloaded drawable resource #0x10805f8 (android:drawable/textfield_search_selected_holo_dark) that varies with configuration!!
W/Resources(   38): Preloaded drawable resource #0x10805ec (android:drawable/textfield_search_default_holo_dark) that varies with configuration!!
W/Resources(   38): Preloaded drawable resource #0x10805ec (android:drawable/textfield_search_default_holo_dark) that varies with configuration!!
W/Resources(   38): Preloaded drawable resource #0x10805f5 (android:drawable/textfield_search_right_selected_holo_dark) that varies with configuration!!
W/Resources(   38): Preloaded drawable resource #0x10805f3 (android:drawable/textfield_search_right_default_holo_dark) that varies with configuration!!
W/Resources(   38): Preloaded drawable resource #0x10805f3 (android:drawable/textfield_search_right_default_holo_dark) that varies with configuration!!
W/Resources(   38): Preloaded drawable resource #0x10805f9 (android:drawable/textfield_search_selected_holo_light) that varies with configuration!!
W/Resources(   38): Preloaded drawable resource #0x10805ed (android:drawable/textfield_search_default_holo_light) that varies with configuration!!
W/Resources(   38): Preloaded drawable resource #0x10805ed (android:drawable/textfield_search_default_holo_light) that varies with configuration!!
W/Resources(   38): Preloaded drawable resource #0x10805f6 (android:drawable/textfield_search_right_selected_holo_light) that varies with configuration!!
W/Resources(   38): Preloaded drawable resource #0x10805f4 (android:drawable/textfield_search_right_default_holo_light) that varies with configuration!!
W/Resources(   38): Preloaded drawable resource #0x10805f4 (android:drawable/textfield_search_right_default_holo_light) that varies with configuration!!
W/Resources(   38): Preloaded drawable resource #0x10805f8 (android:drawable/textfield_search_selected_holo_dark) that varies with configuration!!
W/Resources(   38): Preloaded drawable resource #0x10805ec (android:drawable/textfield_search_default_holo_dark) that varies with configuration!!
W/Resources(   38): Preloaded drawable resource #0x10805f5 (android:drawable/textfield_search_right_selected_holo_dark) that varies with configuration!!
W/Resources(   38): Preloaded drawable resource #0x10805f3 (android:drawable/textfield_search_right_default_holo_dark) that varies with configuration!!
W/Resources(   38): Preloaded drawable resource #0x10805f9 (android:drawable/textfield_search_selected_holo_light) that varies with configuration!!
W/Resources(   38): Preloaded drawable resource #0x10805ed (android:drawable/textfield_search_default_holo_light) that varies with configuration!!
W/Resources(   38): Preloaded drawable resource #0x10805f6 (android:drawable/textfield_search_right_selected_holo_light) that varies with configuration!!
W/Resources(   38): Preloaded drawable resource #0x10805f4 (android:drawable/textfield_search_right_default_holo_light) that varies with configuration!!
D/dalvikvm(   38): GC_EXPLICIT freed 47K, 26% free 2364K/3156K, paused 2ms+3ms, total 45ms
W/Resources(   38): Preloaded drawable resource #0x10805c1 (android:drawable/tab_unselected_holo) that varies with configuration!!
W/Resources(   38): Preloaded drawable resource #0x10805bc (android:drawable/tab_selected_holo) that varies with configuration!!
W/Resources(   38): Preloaded drawable resource #0x10805c0 (android:drawable/tab_unselected_focused_holo) that varies with configuration!!
W/Resources(   38): Preloaded drawable resource #0x10805bb (android:drawable/tab_selected_focused_holo) that varies with configuration!!
W/Resources(   38): Preloaded drawable resource #0x10805c2 (android:drawable/tab_unselected_pressed_holo) that varies with configuration!!
W/Resources(   38): Preloaded drawable resource #0x10805bd (android:drawable/tab_selected_pressed_holo) that varies with configuration!!
W/Resources(   38): Preloaded drawable resource #0x10805c2 (android:drawable/tab_unselected_pressed_holo) that varies with configuration!!
W/Resources(   38): Preloaded drawable resource #0x10805bd (android:drawable/tab_selected_pressed_holo) that varies with configuration!!
W/Resources(   38): Preloaded drawable resource #0x10805bd (android:drawable/tab_selected_pressed_holo) that varies with configuration!!
W/Resources(   38): Preloaded drawable resource #0x10805c1 (android:drawable/tab_unselected_holo) that varies with configuration!!
W/Resources(   38): Preloaded drawable resource #0x10805bc (android:drawable/tab_selected_holo) that varies with configuration!!
W/Resources(   38): Preloaded drawable resource #0x10805c0 (android:drawable/tab_unselected_focused_holo) that varies with configuration!!
W/Resources(   38): Preloaded drawable resource #0x10805bb (android:drawable/tab_selected_focused_holo) that varies with configuration!!
W/Resources(   38): Preloaded drawable resource #0x10805c2 (android:drawable/tab_unselected_pressed_holo) that varies with configuration!!
W/Resources(   38): Preloaded drawable resource #0x10805bd (android:drawable/tab_selected_pressed_holo) that varies with configuration!!
W/Resources(   38): Preloaded drawable resource #0x10804a5 (android:drawable/quickcontact_badge_overlay_pressed_dark) that varies with configuration!!
W/Resources(   38): Preloaded drawable resource #0x10804a0 (android:drawable/quickcontact_badge_overlay_focused_dark) that varies with configuration!!
W/Resources(   38): Preloaded drawable resource #0x10804a3 (android:drawable/quickcontact_badge_overlay_normal_dark) that varies with configuration!!
W/Resources(   38): Preloaded drawable resource #0x10804a3 (android:drawable/quickcontact_badge_overlay_normal_dark) that varies with configuration!!
W/Resources(   38): Preloaded drawable resource #0x10804a3 (android:drawable/quickcontact_badge_overlay_normal_dark) that varies with configuration!!
D/dalvikvm(   38): GC_EXPLICIT freed 56K, 26% free 2365K/3156K, paused 4ms+5ms, total 150ms
W/Resources(   38): Preloaded drawable resource #0x10804a5 (android:drawable/quickcontact_badge_overlay_pressed_dark) that varies with configuration!!
W/Resources(   38): Preloaded drawable resource #0x10804a6 (android:drawable/quickcontact_badge_overlay_pressed_light) that varies with configuration!!
W/Resources(   38): Preloaded drawable resource #0x10804a1 (android:drawable/quickcontact_badge_overlay_focused_light) that varies with configuration!!
W/Resources(   38): Preloaded drawable resource #0x10804a4 (android:drawable/quickcontact_badge_overlay_normal_light) that varies with configuration!!
W/Resources(   38): Preloaded drawable resource #0x10804a4 (android:drawable/quickcontact_badge_overlay_normal_light) that varies with configuration!!
W/Resources(   38): Preloaded drawable resource #0x10804a4 (android:drawable/quickcontact_badge_overlay_normal_light) that varies with configuration!!
W/Resources(   38): Preloaded drawable resource #0x10804a6 (android:drawable/quickcontact_badge_overlay_pressed_light) that varies with configuration!!
I/Zygote  (   38): ...preloaded 270 resources in 10781ms.
D/dalvikvm(   38): GC_EXPLICIT freed 48K, 25% free 2369K/3156K, paused 2ms+3ms, total 133ms
I/Zygote  (   38): ...preloaded 31 resources in 260ms.
D/dalvikvm(   38): GC_EXPLICIT freed 9K, 25% free 2377K/3156K, paused 2ms+12ms, total 111ms
D/dalvikvm(   38): GC_EXPLICIT freed 7K, 25% free 2369K/3156K, paused 2ms+3ms, total 130ms
D/dalvikvm(   38): GC_EXPLICIT freed <1K, 25% free 2369K/3156K, paused 4ms+7ms, total 94ms
I/dalvikvm(   38): System server process 326 has been created
I/Zygote  (   38): Accepting command socket connections
E/BatteryService(  326): usbOnlinePath not found
E/BatteryService(  326): wirelessOnlinePath not found
E/BatteryService(  326): batteryVoltagePath not found
E/BatteryService(  326): batteryTemperaturePath not found
I/sysproc (  326): Entered system_init()
I/sysproc (  326): ServiceManager: 0x2a1a13f8
D/SensorService(  326): nuSensorService starting...
I/SensorService(  326): Goldfish 3-axis Accelerometer
I/SensorService(  326): Goldfish 3-axis Magnetic field sensor
I/SensorService(  326): Goldfish Orientation sensor
I/SensorService(  326): Goldfish Temperature sensor
I/SensorService(  326): Goldfish Proximity sensor
D/SensorService(  326): nuSensorService thread starting...
I/sysproc (  326): System server: starting Android runtime.
I/sysproc (  326): System server: starting Android services.
I/SystemServer(  326): Entered the Android system server!
I/sysproc (  326): System server: entering thread pool.
I/SystemServer(  326): Enabled StrictMode logging for UI Looper
I/SystemServer(  326): Waiting for installd to be ready.
I/Installer(  326): connecting...
I/installd(   41): new connection
I/SystemServer(  326): Entropy Mixer
I/SystemServer(  326): Enabled StrictMode logging for WM Looper
I/SystemServer(  326): Power Manager
E/PowerManagerService-JNI(  326): Couldn't load power module (No such file or directory)
I/SystemServer(  326): Activity Manager
I/ActivityManager(  326): Memory class: 48
W/UsageStats(  326): Usage stats version changed; dropping
I/ActivityManager(  326): Enabled StrictMode logging for AThread's Looper
I/SystemServer(  326): Display Manager
E/SurfaceFlinger(   37): ro.sf.lcd_density must be defined as a build property
I/SystemServer(  326): Telephony Registry
I/DisplayManagerService(  326): Display device added: DisplayDeviceInfo{"Built-in Screen": 480 x 800, 260.416 fps, density 240, 240.0 x 240.0 dpi, touch INTERNAL, FLAG_DEFAULT_DISPLAY, FLAG_ROTATES_WITH_CONTENT, FLAG_SECURE, FLAG_SUPPORTS_PROTECTED_BUFFERS, rotation 0, type BUILT_IN, address null}
I/SystemServer(  326): Scheduling Policy
I/SystemServer(  326): Package Manager
D/dalvikvm(  326): GC_CONCURRENT freed 154K, 8% free 2637K/2856K, paused 4ms+20ms, total 208ms
D/dalvikvm(  326): GC_CONCURRENT freed 312K, 12% free 2729K/3100K, paused 4ms+8ms, total 103ms
W/PackageManager(  326): Running ENG build: no pre-dexopt!
D/dalvikvm(  326): GC_CONCURRENT freed 228K, 10% free 2898K/3188K, paused 4ms+3ms, total 47ms
W/PackageParser(  326): No actions in intent filter at /system/app/Contacts.apk Binary XML file line #533
D/dalvikvm(  326): GC_CONCURRENT freed 203K, 8% free 3133K/3396K, paused 3ms+72ms, total 253ms
D/dalvikvm(  326): GC_CONCURRENT freed 228K, 8% free 3319K/3608K, paused 5ms+6ms, total 116ms
W/PackageManager(  326): Package com.android.camera desires unavailable shared library com.google.android.media.effects; ignoring!
D/PackageManager(  326): No files in app dir /vendor/app
D/dalvikvm(  326): GC_CONCURRENT freed 221K, 8% free 3542K/3824K, paused 11ms+52ms, total 211ms
W/PackageParser(  326): No actions in intent filter at /data/app/ApiDemos.apk Binary XML file line #2737
W/PackageParser(  326): No actions in intent filter at /data/app/ApiDemos.apk Binary XML file line #2743
W/PackageManager(  326): Package com.example.android.apis desires unavailable shared library com.example.will.never.exist; ignoring!
I/PackageManager(  326): Time to scan packages: 4.507 seconds
D/dalvikvm(  326): GC_CONCURRENT freed 217K, 7% free 3754K/4024K, paused 5ms+3ms, total 147ms
W/PackageManager(  326): Unknown permission com.google.android.googleapps.permission.GOOGLE_AUTH.mail in package com.android.contacts
W/PackageManager(  326): Unknown permission android.permission.ADD_SYSTEM_SERVICE in package com.android.phone
W/PackageManager(  326): Unknown permission com.android.smspush.WAPPUSH_MANAGER_BIND in package com.android.phone
W/PackageManager(  326): Unknown permission com.google.android.googleapps.permission.GOOGLE_AUTH in package com.android.providers.calendar
W/PackageManager(  326): Unknown permission com.google.android.googleapps.permission.GOOGLE_AUTH.cl in package com.android.providers.calendar
W/PackageManager(  326): Unknown permission com.google.android.googleapps.permission.GOOGLE_AUTH.mail in package com.android.calendar
W/PackageManager(  326): Not granting permission android.permission.SEND_DOWNLOAD_COMPLETED_INTENTS to package com.android.browser (protectionLevel=2 flags=0x9be45)
W/PackageManager(  326): Not granting permission android.permission.BIND_APPWIDGET to package com.android.widgetpreview (protectionLevel=18 flags=0x8be44)
W/PackageManager(  326): Unknown permission com.google.android.googleapps.permission.GOOGLE_AUTH in package com.android.settings
W/PackageManager(  326): Unknown permission com.google.android.gallery3d.permission.GALLERY_PROVIDER in package com.android.exchange
W/PackageManager(  326): Unknown permission com.google.android.googleapps.permission.ACCESS_GOOGLE_PASSWORD in package com.android.development
W/PackageManager(  326): Unknown permission com.google.android.googleapps.permission.GOOGLE_AUTH in package com.android.development
W/PackageManager(  326): Unknown permission com.google.android.googleapps.permission.GOOGLE_AUTH.ALL_SERVICES in package com.android.development
W/PackageManager(  326): Unknown permission com.google.android.googleapps.permission.GOOGLE_AUTH.YouTubeUser in package com.android.development
W/PackageManager(  326): Unknown permission com.google.android.gallery3d.permission.GALLERY_PROVIDER in package com.android.email
W/PackageManager(  326): Not granting permission android.permission.DEVICE_POWER to package com.android.deskclock (protectionLevel=2 flags=0x8be45)
D/dalvikvm(  326): GC_EXPLICIT freed 322K, 12% free 3681K/4144K, paused 3ms+3ms, total 186ms
I/SystemServer(  326): User Service
I/SystemServer(  326): Account Manager
I/SystemServer(  326): Content Manager
I/SystemServer(  326): System Content Providers
I/SystemServer(  326): Lights Service
I/SystemServer(  326): Battery Service
I/SystemServer(  326): Vibrator Service
I/libsuspend(  326): Selected early suspend
I/libsuspend(  326): Starting early suspend unblocker thread
D/PermissionCache(   37): checking android.permission.ACCESS_SURFACE_FLINGER for uid=1000 => granted (2187 us)
D/SurfaceFlinger(   37): Screen acquired, type=0 flinger=0x2a007318
D/SurfaceFlinger(   37):  screen was previously acquired
I/SystemServer(  326): Alarm Manager
D/AlarmManagerService(  326): Kernel timezone updated to 0 minutes west of GMT
I/SystemServer(  326): Init Watchdog
I/SystemServer(  326): Input Manager
I/InputManager(  326): Initializing input manager, mUseDevInputEventForAudioJack=false
I/SystemServer(  326): Window Manager
E/SoundPool(  326): error loading /system/media/audio/ui/Lock.ogg
W/KeyguardViewMediator(  326): failed to load lock sound from /system/media/audio/ui/Lock.ogg
E/SoundPool(  326): error loading /system/media/audio/ui/Unlock.ogg
W/KeyguardViewMediator(  326): failed to load unlock sound from /system/media/audio/ui/Unlock.ogg
I/InputManager(  326): Starting input manager
I/SystemServer(  326): No Bluetooh Service (emulator)
I/SystemServer(  326): Input Method Service
D/dalvikvm(  326): GC_CONCURRENT freed 262K, 8% free 3908K/4244K, paused 4ms+52ms, total 122ms
W/InputMethodManagerService(  326): Couldn't create dir.: /data/system/inputmethod
I/EventHub(  326): New device: id=1, fd=90, path='/dev/input/event0', name='qwerty2', classes=0x2d, configuration='/system/usr/idc/qwerty2.idc', keyLayout='/system/usr/keylayout/qwerty.kl', keyCharacterMap='/system/usr/keychars/qwerty2.kcm', builtinKeyboard=true, usingSuspendBlockIoctl=false, usingClockIoctl=false
E/EventHub(  326): could not get driver version for /dev/input/mouse0, Not a typewriter
E/EventHub(  326): could not get driver version for /dev/input/mice, Not a typewriter
I/InputReader(  326): Device added: id=-1, name='Virtual', sources=0x00000301
I/InputReader(  326):   Touch device 'qwerty2' could not query the properties of its associated display.  The device will be inoperable until the display size becomes available.
I/InputReader(  326): Device added: id=0, name='qwerty2', sources=0x00011307
E/Trace   (  326): error opening trace file: No such file or directory (2)
I/SystemServer(  326): Accessibility Manager
I/ActivityManager(  326): Config changes=15f8 {1.0 ?mcc?mnc en_US ldltr sw320dp w320dp h508dp 240dpi nrml long port ?uimode ?night finger -keyb/v/h tball/v s.2}
I/InputReader(  326): Reconfiguring input devices.  changes=0x00000004
I/InputReader(  326): Device reconfigured: id=0, name='qwerty2', size 480x800, orientation 0, mode 1, display id 0
I/InputReader(  326): Reconfiguring input devices.  changes=0x00000004
I/InputReader(  326): Device reconfigured: id=0, name='qwerty2', size 480x800, orientation 0, mode 1, display id 0
I/SystemServer(  326): Mount Service
D/MountService(  326): got storage path: /mnt/sdcard description: USB storage primary: true removable: false emulated: false mtpReserve: 0 allowMassStorage: false maxFileSize: 0
D/MountService(  326): addVolumeLocked() StorageVolume [mStorageId=0 mPath=/mnt/sdcard mDescriptionId=17040615 mPrimary=true mRemovable=false mEmulated=false mMtpReserveSpace=0 mAllowMassStorage=false mMaxFileSize=0 mOwner=null]
I/SystemServer(  326): LockSettingsService
D/dalvikvm(  326): GREF has increased to 201
D/MountService(  326): volume state changed for /mnt/sdcard (null -> unmounted)
I/PackageManager(  326): Updating external media status from unmounted to unmounted
I/SystemServer(  326): Device Policy
W/MountService(  326): getSecureContainerList() called when storage not mounted
I/SystemServer(  326): Status Bar
I/SystemServer(  326): Clipboard Service
I/SystemServer(  326): NetworkManagement Service
I/PackageManager(  326): No secure containers on sdcard
W/PackageManager(  326): Unknown permission com.google.android.googleapps.permission.GOOGLE_AUTH.mail in package com.android.contacts
W/PackageManager(  326): Unknown permission android.permission.ADD_SYSTEM_SERVICE in package com.android.phone
W/PackageManager(  326): Unknown permission com.android.smspush.WAPPUSH_MANAGER_BIND in package com.android.phone
W/PackageManager(  326): Unknown permission com.google.android.googleapps.permission.GOOGLE_AUTH in package com.android.providers.calendar
W/PackageManager(  326): Unknown permission com.google.android.googleapps.permission.GOOGLE_AUTH.cl in package com.android.providers.calendar
W/PackageManager(  326): Unknown permission com.google.android.googleapps.permission.GOOGLE_AUTH.mail in package com.android.calendar
W/PackageManager(  326): Not granting permission android.permission.SEND_DOWNLOAD_COMPLETED_INTENTS to package com.android.browser (protectionLevel=2 flags=0x89be45)
W/PackageManager(  326): Not granting permission android.permission.BIND_APPWIDGET to package com.android.widgetpreview (protectionLevel=18 flags=0x8be44)
I/SystemServer(  326): Text Service Manager Service
W/PackageManager(  326): Unknown permission com.google.android.googleapps.permission.GOOGLE_AUTH in package com.android.settings
W/PackageManager(  326): Unknown permission com.google.android.gallery3d.permission.GALLERY_PROVIDER in package com.android.exchange
W/PackageManager(  326): Unknown permission com.google.android.googleapps.permission.ACCESS_GOOGLE_PASSWORD in package com.android.development
W/PackageManager(  326): Unknown permission com.google.android.googleapps.permission.GOOGLE_AUTH in package com.android.development
W/PackageManager(  326): Unknown permission com.google.android.googleapps.permission.GOOGLE_AUTH.ALL_SERVICES in package com.android.development
W/PackageManager(  326): Unknown permission com.google.android.googleapps.permission.GOOGLE_AUTH.YouTubeUser in package com.android.development
W/PackageManager(  326): Unknown permission com.google.android.gallery3d.permission.GALLERY_PROVIDER in package com.android.email
W/PackageManager(  326): Not granting permission android.permission.DEVICE_POWER to package com.android.deskclock (protectionLevel=2 flags=0x88be45)
I/SystemServer(  326): NetworkStats Service
D/dalvikvm(  326): GC_CONCURRENT freed 320K, 9% free 4010K/4400K, paused 5ms+6ms, total 291ms
I/SystemServer(  326): NetworkPolicy Service
I/SystemServer(  326): Wi-Fi P2pService
I/SystemServer(  326): Wi-Fi Service
I/SystemServer(  326): Connectivity Service
D/ConnectivityService(  326): ConnectivityService starting up
E/CommandListener(   34): Failed to open /proc/sys/net/ipv6/conf/wlan0/disable_ipv6: No such file or directory
E/WifiStateMachine(  326): Failed to disable IPv6: java.lang.IllegalStateException: command '1 interface ipv6 wlan0 disable' failed with '400 1 Failed to change IPv6 state (No such file or directory)'
E/MobileDataStateTracker(  326): default: Ignoring feature request because could not acquire PhoneService
E/MobileDataStateTracker(  326): default: Could not enable APN type "default"
I/WifiService(  326): WifiService starting up with Wi-Fi disabled
I/SystemServer(  326): Network Service Discovery Service
D/NsdService(  326): Network service discovery enabled true
I/SystemServer(  326): Throttle Service
I/SystemServer(  326): UpdateLock Service
I/SystemServer(  326): Notification Manager
I/SystemServer(  326): Device Storage Monitor
I/SystemServer(  326): Location Manager
I/SystemServer(  326): Country Detector
I/SystemServer(  326): Search Service
I/SystemServer(  326): DropBox Service
I/SystemServer(  326): Wallpaper Service
I/SystemServer(  326): Audio Service
D/dalvikvm(  326): GC_CONCURRENT freed 258K, 8% free 4200K/4532K, paused 7ms+4ms, total 105ms
I/SystemServer(  326): Dock Observer
W/DockObserver(  326): This kernel does not have dock station support
I/SystemServer(  326): Wired Accessory Manager
W/WiredAccessoryManager(  326): This kernel does not have wired headset support
W/WiredAccessoryManager(  326): This kernel does not have usb audio support
W/WiredAccessoryManager(  326): This kernel does not have HDMI audio support
I/SystemServer(  326): USB Service
I/SystemServer(  326): Serial Service
I/SystemServer(  326): Twilight Service
I/SystemServer(  326): UI Mode Manager Service
I/SystemServer(  326): Backup Service
V/BackupManagerService(  326): No ancestral data
I/BackupManagerService(  326): Found stale backup journal, scheduling
I/BackupManagerService(  326):   android
I/BackupManagerService(  326):   com.android.browser
I/BackupManagerService(  326):   com.android.calendar
I/BackupManagerService(  326):   com.android.inputmethod.latin
I/BackupManagerService(  326):   com.android.providers.settings
I/BackupManagerService(  326):   com.android.providers.userdictionary
I/BackupManagerService(  326):   com.android.sharedstoragebackup
I/BackupManagerService(  326): Backup enabled => true
I/SystemServer(  326): AppWidget Service
I/SystemServer(  326): Recognition Service
I/SystemServer(  326): DiskStats Service
I/SystemServer(  326): SamplingProfiler Service
I/SystemServer(  326): NetworkTimeUpdateService
I/SystemServer(  326): CommonTimeManagementService
I/SystemServer(  326): CertBlacklister
I/SystemServer(  326): Dreams Service
I/WindowManager(  326): SAFE MODE not enabled
D/dalvikvm(  326): JIT started for system_server
D/dalvikvm(  326): GC_CONCURRENT freed 296K, 8% free 4293K/4660K, paused 10ms+45ms, total 182ms
I/ActivityManager(  326): System now ready
I/SystemServer(  326): Making services ready
I/Zygote  (  326): Process: zygote socket opened
I/ActivityManager(  326): Start proc com.android.systemui for service com.android.systemui/.SystemUIService: pid=423 uid=10034 gids={50034, 1028, 1015, 3002, 3001}
I/Vold    (   32): /dev/block/vold/179:0 being considered for volume sdcard
D/Vold    (   32): Volume sdcard state changing 1 (Idle-Unmounted) -> 3 (Checking)
D/NetworkManagementService(  326): not enabling bandwidth control
I/keystore(   42): uid: 1000 action: e -> 7 state: 3 -> 3 retry: 4
D/MountService(  326): volume state changed for /mnt/sdcard (unmounted -> checking)
D/MountService(  326): sendStorageIntent Intent { act=android.intent.action.MEDIA_CHECKING dat=file:///mnt/sdcard (has extras) } to UserHandle{-1}
I/Choreographer(  326): Skipped 99 frames!  The application may be doing too much work on its main thread.
W/NetworkStats(  326): bandwidth controls disabled, unable to track stats
W/NetworkPolicy(  326): bandwidth controls disabled, unable to enforce policy
I/keystore(   42): uid: 1000 action: e -> 7 state: 3 -> 3 retry: 4
I/ActivityManager(  326): Config changes=200 {1.0 ?mcc?mnc en_US ldltr sw320dp w320dp h508dp 240dpi nrml long port finger -keyb/v/h tball/v s.3}
W/RecognitionManagerService(  326): no available voice recognition services found for user 0
E/Trace   (  423): error opening trace file: No such file or directory (2)
I//system/bin/fsck_msdos(   32): ** /dev/block/vold/179:0
D/SystemUIService(  423): loading: class com.android.systemui.statusbar.phone.PhoneStatusBar
I//system/bin/fsck_msdos(   32): ** Phase 1 - Read and Compare FATs
I//system/bin/fsck_msdos(   32): Attempting to allocate 2044 KB for FAT
D/SystemUIService(  423): running: com.android.systemui.statusbar.phone.PhoneStatusBar@40cd3b38
I/StatusBarManagerService(  326): registerStatusBar bar=com.android.internal.statusbar.IStatusBar$Stub$Proxy@40ef8480
D/dalvikvm(  326): GC_CONCURRENT freed 109K, 4% free 4696K/4872K, paused 28ms+27ms, total 196ms
D/dalvikvm(  326): WAIT_FOR_CONCURRENT_GC blocked 78ms
D/dalvikvm(  326): WAIT_FOR_CONCURRENT_GC blocked 128ms
W/InputMethodManagerService(  326): Ignoring setImeWindowStatus of uid 1000 token: null
W/InputMethodManagerService(  326): Found no subtypes in a system IME: com.android.inputmethod.pinyin
I/ActivityManager(  326): Start proc com.android.inputmethod.latin for service com.android.inputmethod.latin/.LatinIME: pid=459 uid=10010 gids={50010, 1028}
I/CommonTimeManagementService(  326): No common time service detected on this platform.  Common time services will be unavailable.
I/InputReader(  326): Reconfiguring input devices.  changes=0x00000020
I/ActivityManager(  326): Start proc com.android.phone for added application com.android.phone: pid=479 uid=1001 gids={41001, 3002, 3001, 3003, 1015, 1028}
I/ActivityManager(  326): START u0 {act=android.intent.action.MAIN cat=[android.intent.category.HOME] flg=0x10000000 cmp=com.android.launcher/com.android.launcher2.Launcher} from pid 0
I/InputReader(  326): Reconfiguring input devices.  changes=0x00000010
E/ThrottleService(  326): problem during onPollAlarm: java.lang.IllegalStateException: problem parsing stats: java.io.FileNotFoundException: /proc/net/xt_qtaguid/iface_stat_all: open failed: ENOENT (No such file or directory)
D/dalvikvm(  423): GC_FOR_ALLOC freed 90K, 6% free 2664K/2816K, paused 65ms, total 68ms
I/dalvikvm-heap(  423): Grow heap (frag case) to 3.263MB for 635812-byte allocation
I/ActivityManager(  326): Start proc com.android.launcher for activity com.android.launcher/com.android.launcher2.Launcher: pid=500 uid=10020 gids={50020, 1028}
D/dalvikvm(  423): GC_CONCURRENT freed 5K, 5% free 3280K/3440K, paused 12ms+3ms, total 112ms
D/dalvikvm(  423): WAIT_FOR_CONCURRENT_GC blocked 53ms
D/dalvikvm(  326): GC_CONCURRENT freed 379K, 9% free 4899K/5344K, paused 147ms+490ms, total 1258ms
D/dalvikvm(  326): WAIT_FOR_CONCURRENT_GC blocked 293ms
D/dalvikvm(  326): WAIT_FOR_CONCURRENT_GC blocked 266ms
D/dalvikvm(  326): WAIT_FOR_CONCURRENT_GC blocked 451ms
D/dalvikvm(  326): WAIT_FOR_CONCURRENT_GC blocked 474ms
I/SystemServer(  326): Enabled StrictMode for system server main thread.
D/dalvikvm(  326): WAIT_FOR_CONCURRENT_GC blocked 372ms
E/Trace   (  479): error opening trace file: No such file or directory (2)
D/dalvikvm(  326): WAIT_FOR_CONCURRENT_GC blocked 691ms
I/LocationBlacklist(  326): whitelist: []
I/LocationBlacklist(  326): blacklist: []
E/Trace   (  459): error opening trace file: No such file or directory (2)
D/dalvikvm(  326): GC_FOR_ALLOC freed 65K, 9% free 5090K/5552K, paused 325ms, total 329ms
E/Trace   (  500): error opening trace file: No such file or directory (2)
E/SurfaceFlinger(   37): ro.sf.lcd_density must be defined as a build property
D/gralloc_goldfish(  326): Emulator without GPU emulation detected.
E/BluetoothAdapter(  423): Bluetooth binder is null
E/BluetoothAdapter(  423): Bluetooth binder is null
E/BluetoothAdapter(  423): Bluetooth binder is null
D/dalvikvm(  326): GC_CONCURRENT freed 362K, 8% free 5410K/5840K, paused 5ms+111ms, total 551ms
D/dalvikvm(  326): WAIT_FOR_CONCURRENT_GC blocked 11ms
D/dalvikvm(  326): WAIT_FOR_CONCURRENT_GC blocked 166ms
W/dalvikvm(  500): threadid=5: spin on suspend #1 threadid=1 (pcf=0)
W/TelephonyProvider(  479): onCreate: confFile=/system/etc/apns-conf.xml oldCheckSum=-1
D/TelephonyManager(  479): getLteOnCdmaMode=0 curVal=-1 product_type='' lteOnCdmaProductType=''
W/dalvikvm(  500): threadid=5: spin on suspend resolved in 1148 msec
I/LatinIME(  459): Hardware accelerated drawing: false
D/TelephonyManager(  479): getLteOnCdmaMode=0 curVal=-1 product_type='' lteOnCdmaProductType=''
D/dalvikvm(  326): GC_CONCURRENT freed 654K, 12% free 5519K/6240K, paused 6ms+107ms, total 795ms
D/dalvikvm(  326): WAIT_FOR_CONCURRENT_GC blocked 50ms
D/dalvikvm(  326): WAIT_FOR_CONCURRENT_GC blocked 449ms
D/dalvikvm(  326): WAIT_FOR_CONCURRENT_GC blocked 297ms
D/dalvikvm(  326): WAIT_FOR_CONCURRENT_GC blocked 223ms
D/dalvikvm(  326): WAIT_FOR_CONCURRENT_GC blocked 435ms
D/dalvikvm(  326): GREF has increased to 301
D/TelephonyManager(  479): getLteOnCdmaMode=0 curVal=-1 product_type='' lteOnCdmaProductType=''
D/dalvikvm(  326): WAIT_FOR_CONCURRENT_GC blocked 426ms
D/dalvikvm(  423): GC_CONCURRENT freed 66K, 4% free 3648K/3776K, paused 5ms+68ms, total 192ms
I/ActivityManager(  326): Start proc com.android.music for broadcast com.android.music/.MediaButtonIntentReceiver: pid=543 uid=10025 gids={50025, 3003, 1015, 1028}
I/Choreographer(  326): Skipped 3099 frames!  The application may be doing too much work on its main thread.
W/InputAttributes(  459): No editor info for this field. Bug?
V/TAG     (  326): bug 7643792: fitSystemWindows([0,0][0,0])
I/dalvikvm(  543): Turning on JNI app bug workarounds for target SDK version 9...
E/ActivityThread(  459): Failed to find provider info for com.android.inputmethod.latin.dictionarypack
E/BinaryDictionaryGetter(  459): Could not find a dictionary pack
I/ActivityManager(  326): Start proc android.process.acore for content provider com.android.providers.userdictionary/.UserDictionaryProvider: pid=570 uid=10001 gids={50001, 3003, 1015, 1028}
E/Trace   (  543): error opening trace file: No such file or directory (2)
W/InputMethodManagerService(  326): Found no subtypes in a system IME: com.android.inputmethod.pinyin
D/dalvikvm(  459): GC_CONCURRENT freed 273K, 12% free 2512K/2848K, paused 7ms+2ms, total 465ms
E/StrictMode(  459): A resource was acquired at attached stack trace but never released. See java.io.Closeable for information on avoiding resource leaks.
E/StrictMode(  459): java.lang.Throwable: Explicit termination method 'close' not called
E/StrictMode(  459): 	at dalvik.system.CloseGuard.open(CloseGuard.java:184)
E/StrictMode(  459): 	at android.os.ParcelFileDescriptor.<init>(ParcelFileDescriptor.java:412)
E/StrictMode(  459): 	at android.content.res.AssetManager.openNonAssetFdNative(Native Method)
E/StrictMode(  459): 	at android.content.res.AssetManager.openNonAssetFd(AssetManager.java:428)
E/StrictMode(  459): 	at android.content.res.Resources.openRawResourceFd(Resources.java:979)
E/StrictMode(  459): 	at com.android.inputmethod.latin.BinaryDictionaryGetter.loadFallbackResource(BinaryDictionaryGetter.java:183)
E/StrictMode(  459): 	at com.android.inputmethod.latin.BinaryDictionaryGetter.getDictionaryFiles(BinaryDictionaryGetter.java:456)
E/StrictMode(  459): 	at com.android.inputmethod.latin.DictionaryFactory.createMainDictionaryFromManager(DictionaryFactory.java:57)
E/StrictMode(  459): 	at com.android.inputmethod.latin.DictionaryFactory.createMainDictionaryFromManager(DictionaryFactory.java:87)
E/StrictMode(  459): 	at com.android.inputmethod.latin.Suggest$1.run(Suggest.java:108)
V/TAG     (  326): bug 7643792: fitSystemWindows([0,0][0,0])
D/dalvikvm(  326): GC_CONCURRENT freed 736K, 13% free 5518K/6324K, paused 6ms+7ms, total 992ms
E/BluetoothAdapter(  423): Bluetooth binder is null
I/Choreographer(  326): Skipped 290 frames!  The application may be doing too much work on its main thread.
E/SurfaceFlinger(   37): ro.sf.lcd_density must be defined as a build property
E/Trace   (  570): error opening trace file: No such file or directory (2)
W/Settings(  479): Setting airplane_mode_on has moved from android.provider.Settings.System to android.provider.Settings.Global, returning read-only value.
W/Settings(  479): Setting auto_time has moved from android.provider.Settings.System to android.provider.Settings.Global, returning read-only global URI.
D/dalvikvm(  326): GC_FOR_ALLOC freed 143K, 15% free 5422K/6324K, paused 245ms, total 249ms
I/dalvikvm-heap(  326): Grow heap (frag case) to 6.435MB for 1128976-byte allocation
D/dalvikvm(  326): GC_FOR_ALLOC freed 4K, 13% free 6520K/7428K, paused 260ms, total 260ms
W/Settings(  479): Setting auto_time_zone has moved from android.provider.Settings.System to android.provider.Settings.Global, returning read-only global URI.
W/ActivityManager(  326): Unable to start service Intent { act=com.android.internal.telephony.IWapPushManager } U=0: not found
W/WindowManager(  326): Window freeze timeout expired.
W/WindowManager(  326): Force clearing orientation change: Window{40db3ff8 u0 Keyguard}
I/AudioService(  326):   Remote Control   registerMediaButtonIntent() for PendingIntent{40e86fc8: PendingIntentRecord{40e58d08 com.android.music broadcastIntent}}
D/        (  479): [ApnContext:default] set reason as dataEnabled,current state IDLE
I/ActivityManager(  326): Start proc android.process.media for content provider com.android.providers.media/.MediaProvider: pid=594 uid=10000 gids={50000, 1015, 1023, 1024, 1028, 1006, 2001, 3003, 3007}
D/        (  479): [ApnContext:default] setRetryCount: 0
D/dalvikvm(  326): GC_CONCURRENT freed 22K, 12% free 6538K/7428K, paused 56ms+20ms, total 919ms
D/        (  479): [ApnContext:mms] set reason as dataEnabled,current state IDLE
I/Choreographer(  326): Skipped 569 frames!  The application may be doing too much work on its main thread.
D/        (  479): [ApnContext:mms] setRetryCount: 0
D/        (  479): [ApnContext:supl] set reason as dataEnabled,current state IDLE
D/        (  479): [ApnContext:supl] setRetryCount: 0
D/        (  479): [ApnContext:hipri] set reason as dataEnabled,current state IDLE
D/        (  479): [ApnContext:hipri] setRetryCount: 0
D/        (  479): [ApnContext:fota] set reason as dataEnabled,current state IDLE
D/        (  479): [ApnContext:fota] setRetryCount: 0
D/        (  479): [ApnContext:ims] set reason as dataEnabled,current state IDLE
D/        (  479): [ApnContext:ims] setRetryCount: 0
D/        (  479): [ApnContext:cbs] set reason as dataEnabled,current state IDLE
D/        (  479): [ApnContext:cbs] setRetryCount: 0
E/Trace   (  594): error opening trace file: No such file or directory (2)
I/Choreographer(  326): Skipped 187 frames!  The application may be doing too much work on its main thread.
D/PhoneStatusBar(  423): disable: < expand icons alerts ticker system_info back home recent clock search >
D/dalvikvm(  479): GC_CONCURRENT freed 196K, 10% free 2568K/2824K, paused 5ms+653ms, total 707ms
D/TelephonyManager(  479): getLteOnCdmaMode=0 curVal=-1 product_type='' lteOnCdmaProductType=''
E/BluetoothAdapter(  423): Bluetooth binder is null
D/CallManager(  479): registerPhone(GSM Handler (com.android.internal.telephony.PhoneProxy) {40d03d70})
D/SystemUIService(  423): loading: class com.android.systemui.power.PowerUI
D/SystemUIService(  423): running: com.android.systemui.power.PowerUI@40e41200
D/SystemUIService(  423): loading: class com.android.systemui.media.RingtonePlayer
D/SystemUIService(  423): running: com.android.systemui.media.RingtonePlayer@40e41fe0
E/BluetoothAdapter(  479): Bluetooth binder is null
I/Choreographer(  423): Skipped 3525 frames!  The application may be doing too much work on its main thread.
D/dalvikvm(  500): GC_CONCURRENT freed 189K, 9% free 2667K/2920K, paused 421ms+653ms, total 2092ms
I/DownloadManager(  594): in removeSpuriousFiles
E/BluetoothAdapter(  479): Bluetooth binder is null
E/SurfaceFlinger(   37): ro.sf.lcd_density must be defined as a build property
V/TAG     (  326): bug 7643792: fitSystemWindows([0,38][0,0])
I/Choreographer(  326): Skipped 121 frames!  The application may be doing too much work on its main thread.
W/WindowManager(  326): Window freeze timeout expired.
W/WindowManager(  326): Force clearing orientation change: Window{41083478 u0 StatusBar}
D/DebugService(  479): DebugService DebugService:
D/TelephonyDebugService(  479): TelephonyDebugService()
W/ProcessStats(  326): Skipping unknown process pid 648
W/ProcessStats(  326): Skipping unknown process pid 650
W/ActivityManager(  326): Timeout executing service: ServiceRecord{40f4aa50 u0 com.android.inputmethod.latin/.LatinIME}
D/PhoneStatusBar(  423): disable: < expand icons alerts ticker system_info BACK* HOME* RECENT* CLOCK* SEARCH* >
I/Process (  326): Sending signal. PID: 459 SIG: 3
I/dalvikvm(  459): threadid=3: reacting to signal 3
I/dalvikvm(  459): Wrote stack traces to '/data/anr/traces.txt'
I/Process (  326): Sending signal. PID: 326 SIG: 3
I/dalvikvm(  326): threadid=3: reacting to signal 3
D/dalvikvm(  479): GC_CONCURRENT freed 372K, 15% free 2646K/3080K, paused 2ms+3ms, total 853ms
D/dalvikvm(  570): GC_CONCURRENT freed 184K, 9% free 2611K/2856K, paused 823ms+2ms, total 1003ms
I/dalvikvm(  326): Wrote stack traces to '/data/anr/traces.txt'
I/Process (  326): Sending signal. PID: 423 SIG: 3
I/dalvikvm(  423): threadid=3: reacting to signal 3
D/dalvikvm(  326): GREF has increased to 401
I/Process (  326): Sending signal. PID: 479 SIG: 3
I/dalvikvm(  479): threadid=3: reacting to signal 3
I/Choreographer(  423): Skipped 2199 frames!  The application may be doing too much work on its main thread.
I/dalvikvm(  423): Wrote stack traces to '/data/anr/traces.txt'
I/dalvikvm(  479): Wrote stack traces to '/data/anr/traces.txt'
W/Settings(  479): Setting auto_time_zone has moved from android.provider.Settings.System to android.provider.Settings.Global, returning read-only value.
D/dalvikvm(  479): GC_CONCURRENT freed 9K, 13% free 2683K/3080K, paused 19ms+27ms, total 292ms
D/gralloc_goldfish(  423): Emulator without GPU emulation detected.
I/Choreographer(  423): Skipped 61 frames!  The application may be doing too much work on its main thread.
D/CAT     (  479): CatService: Running CAT service. STK app installed:false
D/CAT     (  479): CatService: NEW sInstance
D/dalvikvm(  500): GC_CONCURRENT freed 84K, 5% free 2993K/3136K, paused 4ms+3ms, total 298ms
D/dalvikvm(  326): GC_CONCURRENT freed 1686K, 24% free 5822K/7572K, paused 138ms+68ms, total 1008ms
D/dalvikvm(  326): WAIT_FOR_CONCURRENT_GC blocked 870ms
W/GpsLocationProvider(  326): Could not open GPS configuration file /etc/gps.conf
D/CAT     (  479): CatService: SIM ready. Reporting STK service running now...
I//system/bin/fsck_msdos(   32): Attempting to allocate 2044 KB for FAT
W/ServiceWatcher(  326): com.google.android.location not found
D/dalvikvm(  326): GC_EXPLICIT freed 48K, 24% free 5792K/7572K, paused 18ms+423ms, total 1661ms
D/dalvikvm(  423): GC_CONCURRENT freed 261K, 8% free 3878K/4200K, paused 18ms+4ms, total 98ms
I/Choreographer(  500): Skipped 267 frames!  The application may be doing too much work on its main thread.
I/Choreographer(  423): Skipped 40 frames!  The application may be doing too much work on its main thread.
D/MccTable(  479): updateMccMncConfiguration: mcc=310, mnc=260
D/TelephonyManager(  479): getLteOnCdmaMode=0 curVal=-1 product_type='' lteOnCdmaProductType=''
D/MccTable(  479): locale set to en_us
D/MccTable(  479): WIFI_COUNTRY_CODE set to us
W/ServiceWatcher(  326): com.google.android.location not found
I/WifiService(  326): WifiService trying to set country code to us with persist set to true
I/ActivityManager(  326): Config changes=1403 {1.0 310mcc260mnc en_US ldltr sw320dp w320dp h508dp 240dpi nrml long port finger -keyb/v/h tball/v s.4}
W/SurfaceFlinger(   37): createScreenshotSurface failed (Function not implemented)
I/Process (  326): Sending signal. PID: 500 SIG: 3
I/dalvikvm(  500): threadid=3: reacting to signal 3
W/Settings(  479): Setting auto_time_zone has moved from android.provider.Settings.System to android.provider.Settings.Global, returning read-only value.
E/ActivityManager(  326): ANR in com.android.inputmethod.latin
E/ActivityManager(  326): Reason: Executing service com.android.inputmethod.latin/.LatinIME
E/ActivityManager(  326): Load: 7.28 / 1.89 / 0.64
E/ActivityManager(  326): CPU usage from 294ms to -10931ms ago:
E/ActivityManager(  326):   21% 326/system_server: 14% user + 7.5% kernel / faults: 2687 minor 5 major
E/ActivityManager(  326):   13% 37/surfaceflinger: 10% user + 3.3% kernel
E/ActivityManager(  326):   11% 500/com.android.launcher: 5.8% user + 5.6% kernel / faults: 7081 minor 4 major
E/ActivityManager(  326):   10% 479/com.android.phone: 6.7% user + 3.7% kernel / faults: 1026 minor 9 major
E/ActivityManager(  326):   3.2% 82/bootanimation: 2.5% user + 0.7% kernel
E/ActivityManager(  326):   3% 423/com.android.systemui: 2.1% user + 0.9% kernel / faults: 519 minor
E/ActivityManager(  326):   2.7% 570/android.process.acore: 1.7% user + 0.9% kernel / faults: 995 minor 1 major
E/ActivityManager(  326):   1.1% 430/fsck_msdos: 0.5% user + 0.6% kernel / faults: 1831 minor
E/ActivityManager(  326):   0.8% 36/rild: 0.2% user + 0.5% kernel
E/ActivityManager(  326):   0.8% 47/adbd: 0% user + 0.7% kernel / faults: 109 minor
E/ActivityManager(  326):   0.3% 459/com.android.inputmethod.latin: 0.1% user + 0.1% kernel / faults: 241 minor 1 major
E/ActivityManager(  326):   0.6% 594/android.process.media: 0.5% user + 0% kernel / faults: 35 minor
E/ActivityManager(  326):   0.1% 29/mmcqd: 0% user + 0.1% kernel
E/ActivityManager(  326):   0% 1//init: 0% user + 0% kernel / faults: 13 minor
E/ActivityManager(  326): 100% TOTAL: 62% user + 37% kernel + 0.2% irq
E/ActivityManager(  326): CPU usage from 8328ms to 10015ms later:
E/ActivityManager(  326):   15% 326/system_server: 9% user + 6.2% kernel / faults: 89 minor
E/ActivityManager(  326):     12% 347/ActivityManager: 4.8% user + 7.6% kernel
E/ActivityManager(  326):     4.8% 335/Compiler: 4.1% user + 0.6% kernel
E/ActivityManager(  326):     4.8% 656/Binder_8: 2.7% user + 2% kernel
E/ActivityManager(  326):     3.4% 514/Binder_4: 3.4% user + 0% kernel
E/ActivityManager(  326):     0.6% 326/system_server: 0% user + 0.6% kernel
E/ActivityManager(  326):     0.6% 340/Binder_1: 0% user + 0.6% kernel
E/ActivityManager(  326):     0.6% 341/Binder_2: 0% user + 0.6% kernel
E/ActivityManager(  326):     0.6% 378/PowerManagerSer: 0% user + 0.6% kernel
E/ActivityManager(  326):     0.6% 402/WifiService: 0.6% user + 0% kernel
E/ActivityManager(  326):     0.6% 591/Binder_6: 0.6% user + 0% kernel
E/ActivityManager(  326):     0.6% 651/Binder_7: 0.6% user + 0% kernel
E/ActivityManager(  326):   14% 500/com.android.launcher: 9.2% user + 5% kernel / faults: 567 minor
E/ActivityManager(  326):     8.5% 500/ndroid.launcher: 5.7% user + 2.8% kernel
E/ActivityManager(  326):     7.8% 507/Compiler: 4.2% user + 3.5% kernel
E/ActivityManager(  326):     6.4% 539/launcher-loader: 4.2% user + 2.1% kernel
E/ActivityManager(  326):     2.8% 502/GC: 2.1% user + 0.7% kernel
E/ActivityManager(  326):   11% 37/surfaceflinger: 8.6% user + 2.8% kernel
E/ActivityManager(  326):     10% 69/SurfaceFlinger: 10% user + 0.7% kernel
E/ActivityManager(  326):     1.4% 37/surfaceflinger: 0% user + 1.4% kernel
E/ActivityManager(  326):     0.7% 75/VSyncThread: 0% user + 0.7% kernel
E/ActivityManager(  326):     0.7% 78/EventThread: 0% user + 0.7% kernel
E/ActivityManager(  326):     0.7% 81/Binder_1: 0% user + 0.7% kernel
E/ActivityManager(  326):     0.7% 523/Binder_2: 0% user + 0.7% kernel
E/ActivityManager(  326):   6.2% 82/bootanimation: 4.8% user + 1.3% kernel
E/ActivityManager(  326):     4.1% 100/BootAnimation: 3.4% user + 0.6% kernel
E/ActivityManager(  326):   4.4% 423/com.android.systemui: 3.3% user + 1.1% kernel / faults: 87 minor
E/ActivityManager(  326):     2.7% 423/ndroid.systemui: 2.7% user + 0% kernel
E/ActivityManager(  326):     1.1% 431/Compiler: 0% user + 1.1% kernel
E/ActivityManager(  326):     0.5% 449/Binder_2: 0% user + 0.5% kernel
E/ActivityManager(  326):   5.8% 479/com.android.phone: 2.9% user + 2.9% kernel / faults: 56 minor
E/ActivityManager(  326):     2.1% 479/m.android.phone: 1.4% user + 0.7% kernel
E/ActivityManager(  326):     1.4% 555/RILReceiver: 1.4% user + 0% kernel
E/ActivityManager(  326):     0.7% 486/Compiler: 0% user + 0.7% kernel
E/ActivityManager(  326):     0.7% 554/RILSender: 0.7% user + 0% kernel
E/ActivityManager(  326):    +0% 686/WifiManager: 0% user + 0% kernel
E/ActivityManager(  326):   0.7% 47/adbd: 0% user + 0.7% kernel / faults: 24 minor
E/ActivityManager(  326):     0.7% 47/adbd: 0% user + 0.7% kernel
E/ActivityManager(  326):   0.1% 459/com.android.inputmethod.latin: 0.1% user + 0% kernel / faults: 2 minor
E/ActivityManager(  326):     0.1% 459/putmethod.latin: 0.1% user + 0% kernel
E/ActivityManager(  326):     0.1% 469/Compiler: 0.1% user + 0% kernel
E/ActivityManager(  326): 100% TOTAL: 62% user + 36% kernel + 0.7% irq
W/ActivityManager(  326): Killing ProcessRecord{40f4b208 459:com.android.inputmethod.latin/u0a10010}: background ANR
I/ActivityManager(  326): Process com.android.inputmethod.latin (pid 459) has died.
W/ActivityManager(  326): Scheduling restart of crashed service com.android.inputmethod.latin/.LatinIME in 5000ms
W/BroadcastQueue(  326): Failure sending broadcast Intent { act=android.media.RINGER_MODE_CHANGED flg=0x28000010 (has extras) }
W/BroadcastQueue(  326): android.os.DeadObjectException
W/BroadcastQueue(  326): 	at android.os.BinderProxy.transact(Native Method)
