W/PackageManager(  352): Unknown permission com.google.android.gallery3d.permission.GALLERY_PROVIDER in package com.android.email
W/PackageManager(  352): Not granting permission android.permission.DEVICE_POWER to package com.android.deskclock (protectionLevel=2 flags=0x8be45)
D/dalvikvm(  352): GC_CONCURRENT freed 274K, 8% free 3783K/4112K, paused 12ms+6ms, total 149ms
D/dalvikvm(  352): GC_EXPLICIT freed 248K, 13% free 3677K/4196K, paused 3ms+3ms, total 64ms
I/SystemServer(  352): User Service
I/SystemServer(  352): Account Manager
I/SystemServer(  352): Content Manager
I/SystemServer(  352): System Content Providers
I/SystemServer(  352): Lights Service
I/SystemServer(  352): Battery Service
I/SystemServer(  352): Vibrator Service
I/libsuspend(  352): Selected early suspend
I/libsuspend(  352): Starting early suspend unblocker thread
D/PermissionCache(   37): checking android.permission.ACCESS_SURFACE_FLINGER for uid=1000 => granted (2127 us)
D/SurfaceFlinger(   37): Screen acquired, type=0 flinger=0x2a007318
D/SurfaceFlinger(   37):  screen was previously acquired
I/SystemServer(  352): Alarm Manager
D/AlarmManagerService(  352): Kernel timezone updated to 0 minutes west of GMT
I/SystemServer(  352): Init Watchdog
I/SystemServer(  352): Input Manager
I/InputManager(  352): Initializing input manager, mUseDevInputEventForAudioJack=false
I/SystemServer(  352): Window Manager
E/SoundPool(  352): error loading /system/media/audio/ui/Lock.ogg
W/KeyguardViewMediator(  352): failed to load lock sound from /system/media/audio/ui/Lock.ogg
E/SoundPool(  352): error loading /system/media/audio/ui/Unlock.ogg
W/KeyguardViewMediator(  352): failed to load unlock sound from /system/media/audio/ui/Unlock.ogg
D/dalvikvm(  352): GC_CONCURRENT freed 263K, 8% free 3864K/4196K, paused 74ms+46ms, total 248ms
I/InputManager(  352): Starting input manager
I/EventHub(  352): New device: id=1, fd=89, path='/dev/input/event0', name='qwerty2', classes=0x2d, configuration='/system/usr/idc/qwerty2.idc', keyLayout='/system/usr/keylayout/qwerty.kl', keyCharacterMap='/system/usr/keychars/qwerty2.kcm', builtinKeyboard=true, usingSuspendBlockIoctl=false, usingClockIoctl=false
E/EventHub(  352): could not get driver version for /dev/input/mouse0, Not a typewriter
E/EventHub(  352): could not get driver version for /dev/input/mice, Not a typewriter
I/InputReader(  352): Device added: id=-1, name='Virtual', sources=0x00000301
I/InputReader(  352):   Touch device 'qwerty2' could not query the properties of its associated display.  The device will be inoperable until the display size becomes available.
I/InputReader(  352): Device added: id=0, name='qwerty2', sources=0x00011307
E/Trace   (  352): error opening trace file: No such file or directory (2)
I/SystemServer(  352): No Bluetooh Service (emulator)
I/SystemServer(  352): Input Method Service
W/InputMethodManagerService(  352): Couldn't create dir.: /data/system/inputmethod
I/SystemServer(  352): Accessibility Manager
I/ActivityManager(  352): Config changes=15f8 {1.0 ?mcc?mnc en_US ldltr sw320dp w320dp h508dp 240dpi nrml long port ?uimode ?night finger -keyb/v/h tball/v s.2}
I/InputReader(  352): Reconfiguring input devices.  changes=0x00000004
I/InputReader(  352): Device reconfigured: id=0, name='qwerty2', size 480x800, orientation 0, mode 1, display id 0
I/SystemServer(  352): Mount Service
D/MountService(  352): got storage path: /mnt/sdcard description: USB storage primary: true removable: false emulated: false mtpReserve: 0 allowMassStorage: false maxFileSize: 0
D/MountService(  352): addVolumeLocked() StorageVolume [mStorageId=0 mPath=/mnt/sdcard mDescriptionId=17040615 mPrimary=true mRemovable=false mEmulated=false mMtpReserveSpace=0 mAllowMassStorage=false mMaxFileSize=0 mOwner=null]
I/SystemServer(  352): LockSettingsService
I/SystemServer(  352): Device Policy
I/SystemServer(  352): Status Bar
I/SystemServer(  352): Clipboard Service
I/SystemServer(  352): NetworkManagement Service
I/SystemServer(  352): Text Service Manager Service
I/SystemServer(  352): NetworkStats Service
D/dalvikvm(  352): GREF has increased to 201
I/SystemServer(  352): NetworkPolicy Service
D/MountService(  352): volume state changed for /mnt/sdcard (null -> unmounted)
I/PackageManager(  352): Updating external media status from unmounted to unmounted
I/SystemServer(  352): Wi-Fi P2pService
I/SystemServer(  352): Wi-Fi Service
W/MountService(  352): getSecureContainerList() called when storage not mounted
I/PackageManager(  352): No secure containers on sdcard
W/PackageManager(  352): Unknown permission com.google.android.googleapps.permission.GOOGLE_AUTH.mail in package com.android.contacts
W/PackageManager(  352): Unknown permission android.permission.ADD_SYSTEM_SERVICE in package com.android.phone
W/PackageManager(  352): Unknown permission com.android.smspush.WAPPUSH_MANAGER_BIND in package com.android.phone
W/PackageManager(  352): Unknown permission com.google.android.googleapps.permission.GOOGLE_AUTH in package com.android.providers.calendar
W/PackageManager(  352): Unknown permission com.google.android.googleapps.permission.GOOGLE_AUTH.cl in package com.android.providers.calendar
W/PackageManager(  352): Unknown permission com.google.android.googleapps.permission.GOOGLE_AUTH.mail in package com.android.calendar
W/PackageManager(  352): Not granting permission android.permission.SEND_DOWNLOAD_COMPLETED_INTENTS to package com.android.browser (protectionLevel=2 flags=0x89be45)
W/PackageManager(  352): Not granting permission android.permission.BIND_APPWIDGET to package com.android.widgetpreview (protectionLevel=18 flags=0x8be44)
E/CommandListener(   34): Failed to open /proc/sys/net/ipv6/conf/wlan0/disable_ipv6: No such file or directory
E/WifiStateMachine(  352): Failed to disable IPv6: java.lang.IllegalStateException: command '1 interface ipv6 wlan0 disable' failed with '400 1 Failed to change IPv6 state (No such file or directory)'
W/PackageManager(  352): Unknown permission com.google.android.googleapps.permission.GOOGLE_AUTH in package com.android.settings
W/PackageManager(  352): Unknown permission com.google.android.gallery3d.permission.GALLERY_PROVIDER in package com.android.exchange
W/PackageManager(  352): Unknown permission com.google.android.googleapps.permission.ACCESS_GOOGLE_PASSWORD in package com.android.development
W/PackageManager(  352): Unknown permission com.google.android.googleapps.permission.GOOGLE_AUTH in package com.android.development
W/PackageManager(  352): Unknown permission com.google.android.googleapps.permission.GOOGLE_AUTH.ALL_SERVICES in package com.android.development
W/PackageManager(  352): Unknown permission com.google.android.googleapps.permission.GOOGLE_AUTH.YouTubeUser in package com.android.development
W/PackageManager(  352): Unknown permission com.google.android.gallery3d.permission.GALLERY_PROVIDER in package com.android.email
W/PackageManager(  352): Not granting permission android.permission.DEVICE_POWER to package com.android.deskclock (protectionLevel=2 flags=0x88be45)
I/SystemServer(  352): Connectivity Service
D/ConnectivityService(  352): ConnectivityService starting up
E/MobileDataStateTracker(  352): default: Ignoring feature request because could not acquire PhoneService
E/MobileDataStateTracker(  352): default: Could not enable APN type "default"
D/dalvikvm(  352): GC_CONCURRENT freed 272K, 8% free 4102K/4436K, paused 5ms+11ms, total 188ms
D/dalvikvm(  352): WAIT_FOR_CONCURRENT_GC blocked 19ms
I/WifiService(  352): WifiService starting up with Wi-Fi disabled
I/SystemServer(  352): Network Service Discovery Service
D/NsdService(  352): Network service discovery enabled true
I/SystemServer(  352): Throttle Service
I/SystemServer(  352): UpdateLock Service
I/SystemServer(  352): Notification Manager
I/SystemServer(  352): Device Storage Monitor
I/SystemServer(  352): Location Manager
I/SystemServer(  352): Country Detector
I/SystemServer(  352): Search Service
I/SystemServer(  352): DropBox Service
I/SystemServer(  352): Wallpaper Service
I/SystemServer(  352): Audio Service
D/dalvikvm(  352): GC_CONCURRENT freed 374K, 10% free 4232K/4672K, paused 5ms+16ms, total 825ms
I/SystemServer(  352): Dock Observer
W/DockObserver(  352): This kernel does not have dock station support
I/SystemServer(  352): Wired Accessory Manager
W/WiredAccessoryManager(  352): This kernel does not have wired headset support
W/WiredAccessoryManager(  352): This kernel does not have usb audio support
W/WiredAccessoryManager(  352): This kernel does not have HDMI audio support
I/SystemServer(  352): USB Service
I/SystemServer(  352): Serial Service
I/SystemServer(  352): Twilight Service
I/SystemServer(  352): UI Mode Manager Service
I/SystemServer(  352): Backup Service
V/BackupManagerService(  352): No ancestral data
I/BackupManagerService(  352): Found stale backup journal, scheduling
I/BackupManagerService(  352):   android
I/BackupManagerService(  352):   com.android.browser
I/BackupManagerService(  352):   com.android.calendar
I/BackupManagerService(  352):   com.android.inputmethod.latin
I/BackupManagerService(  352):   com.android.providers.settings
I/BackupManagerService(  352):   com.android.providers.userdictionary
I/BackupManagerService(  352):   com.android.sharedstoragebackup
I/BackupManagerService(  352): Backup enabled => true
I/SystemServer(  352): AppWidget Service
I/SystemServer(  352): Recognition Service
I/SystemServer(  352): DiskStats Service
I/SystemServer(  352): SamplingProfiler Service
I/SystemServer(  352): NetworkTimeUpdateService
I/SystemServer(  352): CommonTimeManagementService
I/SystemServer(  352): CertBlacklister
I/SystemServer(  352): Dreams Service
I/WindowManager(  352): SAFE MODE not enabled
D/dalvikvm(  352): JIT started for system_server
I/ActivityManager(  352): System now ready
I/SystemServer(  352): Making services ready
I/Zygote  (  352): Process: zygote socket opened
I/ActivityManager(  352): Start proc com.android.systemui for service com.android.systemui/.SystemUIService: pid=451 uid=10034 gids={50034, 1028, 1015, 3002, 3001}
I/Vold    (   32): /dev/block/vold/179:0 being considered for volume sdcard
D/Vold    (   32): Volume sdcard state changing 1 (Idle-Unmounted) -> 3 (Checking)
I//system/bin/fsck_msdos(   32): ** /dev/block/vold/179:0
D/MountService(  352): volume state changed for /mnt/sdcard (unmounted -> checking)
D/MountService(  352): sendStorageIntent Intent { act=android.intent.action.MEDIA_CHECKING dat=file:///mnt/sdcard (has extras) } to UserHandle{-1}
D/NetworkManagementService(  352): not enabling bandwidth control
I/keystore(   42): uid: 1000 action: e -> 7 state: 3 -> 3 retry: 4
W/NetworkStats(  352): bandwidth controls disabled, unable to track stats
W/NetworkPolicy(  352): bandwidth controls disabled, unable to enforce policy
I/keystore(   42): uid: 1000 action: e -> 7 state: 3 -> 3 retry: 4
I/ActivityManager(  352): Config changes=200 {1.0 ?mcc?mnc en_US ldltr sw320dp w320dp h508dp 240dpi nrml long port finger -keyb/v/h tball/v s.3}
W/RecognitionManagerService(  352): no available voice recognition services found for user 0
D/dalvikvm(  352): GC_CONCURRENT freed 307K, 8% free 4429K/4800K, paused 7ms+206ms, total 1631ms
D/dalvikvm(  352): WAIT_FOR_CONCURRENT_GC blocked 228ms
I//system/bin/fsck_msdos(   32): ** Phase 1 - Read and Compare FATs
E/Trace   (  451): error opening trace file: No such file or directory (2)
I//system/bin/fsck_msdos(   32): Attempting to allocate 2044 KB for FAT
D/dalvikvm(  352): GC_FOR_ALLOC freed 39K, 7% free 4669K/5000K, paused 61ms, total 69ms
D/SystemUIService(  451): loading: class com.android.systemui.statusbar.phone.PhoneStatusBar
D/SystemUIService(  451): running: com.android.systemui.statusbar.phone.PhoneStatusBar@40cd2bd0
D/dalvikvm(  352): GC_CONCURRENT freed 226K, 6% free 5017K/5308K, paused 46ms+6ms, total 391ms
D/dalvikvm(  352): WAIT_FOR_CONCURRENT_GC blocked 73ms
D/dalvikvm(  352): WAIT_FOR_CONCURRENT_GC blocked 175ms
D/dalvikvm(  352): WAIT_FOR_CONCURRENT_GC blocked 183ms
I/StatusBarManagerService(  352): registerStatusBar bar=com.android.internal.statusbar.IStatusBar$Stub$Proxy@40e04c18
W/InputMethodManagerService(  352): Ignoring setImeWindowStatus of uid 1000 token: null
W/InputMethodManagerService(  352): Found no subtypes in a system IME: com.android.inputmethod.pinyin
I/ActivityManager(  352): Start proc com.android.inputmethod.latin for service com.android.inputmethod.latin/.LatinIME: pid=492 uid=10010 gids={50010, 1028}
W/ProcessStats(  352): Skipping unknown process pid 489
I/CommonTimeManagementService(  352): No common time service detected on this platform.  Common time services will be unavailable.
I/InputReader(  352): Reconfiguring input devices.  changes=0x00000020
I/ActivityManager(  352): Start proc com.android.phone for added application com.android.phone: pid=508 uid=1001 gids={41001, 3002, 3001, 3003, 1015, 1028}
W/SocketClient(   34): write error (Broken pipe)
D/dalvikvm(  352): GC_CONCURRENT freed 280K, 6% free 5400K/5744K, paused 286ms+21ms, total 1300ms
D/dalvikvm(  352): WAIT_FOR_CONCURRENT_GC blocked 443ms
D/dalvikvm(  352): WAIT_FOR_CONCURRENT_GC blocked 328ms
I/ActivityManager(  352): START u0 {act=android.intent.action.MAIN cat=[android.intent.category.HOME] flg=0x10000000 cmp=com.android.launcher/com.android.launcher2.Launcher} from pid 0
D/dalvikvm(  352): WAIT_FOR_CONCURRENT_GC blocked 555ms
I/InputReader(  352): Reconfiguring input devices.  changes=0x00000010
D/dalvikvm(  352): WAIT_FOR_CONCURRENT_GC blocked 321ms
I/ActivityManager(  352): Start proc com.android.launcher for activity com.android.launcher/com.android.launcher2.Launcher: pid=521 uid=10020 gids={50020, 1028}
I/SystemServer(  352): Enabled StrictMode for system server main thread.
E/Trace   (  492): error opening trace file: No such file or directory (2)
E/ThrottleService(  352): problem during onPollAlarm: java.lang.IllegalStateException: problem parsing stats: java.io.FileNotFoundException: /proc/net/xt_qtaguid/iface_stat_all: open failed: ENOENT (No such file or directory)
E/Trace   (  508): error opening trace file: No such file or directory (2)
D/dalvikvm(  352): GC_CONCURRENT freed 661K, 12% free 5498K/6224K, paused 212ms+5ms, total 1148ms
D/dalvikvm(  352): WAIT_FOR_CONCURRENT_GC blocked 88ms
D/dalvikvm(  352): WAIT_FOR_CONCURRENT_GC blocked 470ms
D/dalvikvm(  352): WAIT_FOR_CONCURRENT_GC blocked 490ms
E/SurfaceFlinger(   37): ro.sf.lcd_density must be defined as a build property
D/gralloc_goldfish(  352): Emulator without GPU emulation detected.
D/dalvikvm(  451): GC_FOR_ALLOC freed 90K, 6% free 2664K/2812K, paused 140ms, total 231ms
I/dalvikvm-heap(  451): Grow heap (frag case) to 3.259MB for 635812-byte allocation
D/dalvikvm(  352): WAIT_FOR_CONCURRENT_GC blocked 697ms
I/LocationBlacklist(  352): whitelist: []
I/LocationBlacklist(  352): blacklist: []
D/dalvikvm(  451): GC_CONCURRENT freed 5K, 5% free 3280K/3436K, paused 4ms+30ms, total 84ms
D/dalvikvm(  451): WAIT_FOR_CONCURRENT_GC blocked 61ms
I/LatinIME(  492): Hardware accelerated drawing: false
E/Trace   (  521): error opening trace file: No such file or directory (2)
W/TelephonyProvider(  508): onCreate: confFile=/system/etc/apns-conf.xml oldCheckSum=-1
D/TelephonyManager(  508): getLteOnCdmaMode=0 curVal=-1 product_type='' lteOnCdmaProductType=''
D/TelephonyManager(  508): getLteOnCdmaMode=0 curVal=-1 product_type='' lteOnCdmaProductType=''
I/Choreographer(  352): Skipped 2765 frames!  The application may be doing too much work on its main thread.
D/TelephonyManager(  508): getLteOnCdmaMode=0 curVal=-1 product_type='' lteOnCdmaProductType=''
W/InputAttributes(  492): No editor info for this field. Bug?
D/dalvikvm(  352): GC_CONCURRENT freed 777K, 14% free 5504K/6344K, paused 247ms+62ms, total 763ms
D/dalvikvm(  352): WAIT_FOR_CONCURRENT_GC blocked 142ms
D/dalvikvm(  352): WAIT_FOR_CONCURRENT_GC blocked 164ms
D/dalvikvm(  352): WAIT_FOR_CONCURRENT_GC blocked 153ms
D/dalvikvm(  352): WAIT_FOR_CONCURRENT_GC blocked 552ms
D/dalvikvm(  352): WAIT_FOR_CONCURRENT_GC blocked 526ms
E/BluetoothAdapter(  451): Bluetooth binder is null
E/BluetoothAdapter(  451): Bluetooth binder is null
E/ActivityThread(  492): Failed to find provider info for com.android.inputmethod.latin.dictionarypack
D/dalvikvm(  352): GREF has increased to 301
W/Settings(  508): Setting airplane_mode_on has moved from android.provider.Settings.System to android.provider.Settings.Global, returning read-only value.
I/ActivityManager(  352): Start proc com.android.music for broadcast com.android.music/.MediaButtonIntentReceiver: pid=573 uid=10025 gids={50025, 3003, 1015, 1028}
V/TAG     (  352): bug 7643792: fitSystemWindows([0,0][0,0])
W/Settings(  508): Setting auto_time has moved from android.provider.Settings.System to android.provider.Settings.Global, returning read-only global URI.
W/Settings(  508): Setting auto_time_zone has moved from android.provider.Settings.System to android.provider.Settings.Global, returning read-only global URI.
E/BinaryDictionaryGetter(  492): Could not find a dictionary pack
D/dalvikvm(  492): GC_CONCURRENT freed 265K, 12% free 2510K/2832K, paused 28ms+186ms, total 275ms
W/ActivityManager(  352): Unable to start service Intent { act=com.android.internal.telephony.IWapPushManager } U=0: not found
E/BluetoothAdapter(  451): Bluetooth binder is null
I/ActivityManager(  352): Start proc android.process.acore for content provider com.android.providers.userdictionary/.UserDictionaryProvider: pid=587 uid=10001 gids={50001, 3003, 1015, 1028}
W/InputMethodManagerService(  352): Found no subtypes in a system IME: com.android.inputmethod.pinyin
I/dalvikvm(  573): Turning on JNI app bug workarounds for target SDK version 9...
V/TAG     (  352): bug 7643792: fitSystemWindows([0,0][0,0])
D/        (  508): [ApnContext:default] set reason as dataEnabled,current state IDLE
D/        (  508): [ApnContext:default] setRetryCount: 0
E/Trace   (  573): error opening trace file: No such file or directory (2)
D/        (  508): [ApnContext:mms] set reason as dataEnabled,current state IDLE
D/        (  508): [ApnContext:mms] setRetryCount: 0
D/        (  508): [ApnContext:supl] set reason as dataEnabled,current state IDLE
D/        (  508): [ApnContext:supl] setRetryCount: 0
D/        (  508): [ApnContext:hipri] set reason as dataEnabled,current state IDLE
D/        (  508): [ApnContext:hipri] setRetryCount: 0
D/        (  508): [ApnContext:fota] set reason as dataEnabled,current state IDLE
D/        (  508): [ApnContext:fota] setRetryCount: 0
D/        (  508): [ApnContext:ims] set reason as dataEnabled,current state IDLE
D/        (  508): [ApnContext:ims] setRetryCount: 0
D/        (  508): [ApnContext:cbs] set reason as dataEnabled,current state IDLE
D/        (  508): [ApnContext:cbs] setRetryCount: 0
D/dalvikvm(  508): GC_CONCURRENT freed 197K, 10% free 2562K/2816K, paused 4ms+29ms, total 170ms
I/Choreographer(  352): Skipped 157 frames!  The application may be doing too much work on its main thread.
D/dalvikvm(  352): GC_CONCURRENT freed 743K, 15% free 5453K/6344K, paused 65ms+81ms, total 545ms
D/TelephonyManager(  508): getLteOnCdmaMode=0 curVal=-1 product_type='' lteOnCdmaProductType=''
D/CallManager(  508): registerPhone(GSM Handler (com.android.internal.telephony.PhoneProxy) {40d05780})
E/SurfaceFlinger(   37): ro.sf.lcd_density must be defined as a build property
E/Trace   (  587): error opening trace file: No such file or directory (2)
E/BluetoothAdapter(  508): Bluetooth binder is null
D/dalvikvm(  352): GC_FOR_ALLOC freed 24K, 15% free 5435K/6344K, paused 419ms, total 421ms
I/dalvikvm-heap(  352): Grow heap (frag case) to 6.443MB for 1128976-byte allocation
D/dalvikvm(  352): GC_FOR_ALLOC freed 1K, 13% free 6536K/7448K, paused 301ms, total 301ms
W/WindowManager(  352): Window freeze timeout expired.
W/WindowManager(  352): Force clearing orientation change: Window{40ebfd60 u0 Keyguard}
I/Choreographer(  352): Skipped 30 frames!  The application may be doing too much work on its main thread.
D/dalvikvm(  352): GC_CONCURRENT freed 13K, 13% free 6549K/7448K, paused 23ms+86ms, total 606ms
I/Choreographer(  352): Skipped 535 frames!  The application may be doing too much work on its main thread.
I/AudioService(  352):   Remote Control   registerMediaButtonIntent() for PendingIntent{40e5ab60: PendingIntentRecord{40e29918 com.android.music broadcastIntent}}
E/BluetoothAdapter(  508): Bluetooth binder is null
I/ActivityManager(  352): Start proc android.process.media for content provider com.android.providers.media/.MediaProvider: pid=621 uid=10000 gids={50000, 1015, 1023, 1024, 1028, 1006, 2001, 3003, 3007}
D/dalvikvm(  451): GC_CONCURRENT freed 66K, 4% free 3634K/3756K, paused 5ms+3ms, total 446ms
E/Trace   (  621): error opening trace file: No such file or directory (2)
E/BluetoothAdapter(  451): Bluetooth binder is null
I/Choreographer(  352): Skipped 253 frames!  The application may be doing too much work on its main thread.
D/dalvikvm(  521): GC_CONCURRENT freed 176K, 9% free 2621K/2852K, paused 27ms+228ms, total 371ms
I/DownloadManager(  621): in removeSpuriousFiles
W/ActivityManager(  352): Timeout executing service: ServiceRecord{40f02e98 u0 com.android.systemui/.SystemUIService}
I/Process (  352): Sending signal. PID: 451 SIG: 3
I/dalvikvm(  451): threadid=3: reacting to signal 3
I/Process (  352): Sending signal. PID: 352 SIG: 3
I/dalvikvm(  352): threadid=3: reacting to signal 3
D/dalvikvm(  587): GC_CONCURRENT freed 211K, 10% free 2583K/2856K, paused 11ms+3ms, total 98ms
I/dalvikvm(  451): Wrote stack traces to '/data/anr/traces.txt'
I/Process (  352): Sending signal. PID: 508 SIG: 3
I/dalvikvm(  508): threadid=3: reacting to signal 3
I/dalvikvm(  352): Wrote stack traces to '/data/anr/traces.txt'
I/dalvikvm(  508): Wrote stack traces to '/data/anr/traces.txt'
D/PhoneStatusBar(  451): disable: < expand icons alerts ticker system_info back home recent clock search >
E/BluetoothAdapter(  451): Bluetooth binder is null
D/SystemUIService(  451): loading: class com.android.systemui.power.PowerUI
D/SystemUIService(  451): running: com.android.systemui.power.PowerUI@40e5b2d0
D/dalvikvm(  352): GREF has increased to 401
D/SystemUIService(  451): loading: class com.android.systemui.media.RingtonePlayer
D/SystemUIService(  451): running: com.android.systemui.media.RingtonePlayer@40e5bf50
D/dalvikvm(  451): GC_CONCURRENT freed 227K, 7% free 3812K/4096K, paused 3ms+91ms, total 214ms
I/Choreographer(  451): Skipped 4364 frames!  The application may be doing too much work on its main thread.
D/dalvikvm(  508): GC_CONCURRENT freed 311K, 13% free 2645K/3012K, paused 4ms+117ms, total 275ms
D/DebugService(  508): DebugService DebugService:
D/TelephonyDebugService(  508): TelephonyDebugService()
D/dalvikvm(  521): GC_CONCURRENT freed 96K, 5% free 2988K/3140K, paused 4ms+11ms, total 249ms
I//system/bin/fsck_msdos(   32): Attempting to allocate 2044 KB for FAT
I//system/bin/fsck_msdos(   32): ** Phase 2 - Check Cluster Chains
I//system/bin/fsck_msdos(   32): ** Phase 3 - Checking Directories
I//system/bin/fsck_msdos(   32): ** Phase 4 - Checking for Lost Files
I//system/bin/fsck_msdos(   32): 12 files, 1044448 free (522224 clusters)
I/Vold    (   32): Filesystem check completed OK
I/Vold    (   32): Device /dev/block/vold/179:0, target /mnt/sdcard mounted @ /mnt/secure/staging
D/Vold    (   32): Volume sdcard state changing 3 (Checking) -> 4 (Mounted)
D/MountService(  352): volume state changed for /mnt/sdcard (checking -> mounted)
I/PackageManager(  352): Updating external media status from unmounted to mounted
D/MountService(  352): sendStorageIntent Intent { act=android.intent.action.MEDIA_MOUNTED dat=file:///mnt/sdcard (has extras) } to UserHandle{-1}
E/VoldConnector(  352): NDC Command {3 volume mount /mnt/sdcard} took too long (29448ms)
E/SurfaceFlinger(   37): ro.sf.lcd_density must be defined as a build property
D/PhoneStatusBar(  451): disable: < expand icons alerts ticker system_info BACK* HOME* RECENT* CLOCK* SEARCH* >
D/dalvikvm(  352): GC_EXPLICIT freed 1537K, 24% free 5668K/7448K, paused 1144ms+242ms, total 2556ms
V/TAG     (  352): bug 7643792: fitSystemWindows([0,38][0,0])
I/Choreographer(  352): Skipped 100 frames!  The application may be doing too much work on its main thread.
W/Settings(  508): Setting auto_time_zone has moved from android.provider.Settings.System to android.provider.Settings.Global, returning read-only value.
W/WindowManager(  352): Window freeze timeout expired.
W/WindowManager(  352): Force clearing orientation change: Window{40ec79c0 u0 StatusBar}
I/Choreographer(  352): Skipped 143 frames!  The application may be doing too much work on its main thread.
I/Process (  352): Sending signal. PID: 521 SIG: 3
I/dalvikvm(  521): threadid=3: reacting to signal 3
I/Choreographer(  451): Skipped 1579 frames!  The application may be doing too much work on its main thread.
I/Process (  352): Sending signal. PID: 587 SIG: 3
I/dalvikvm(  587): threadid=3: reacting to signal 3
D/gralloc_goldfish(  451): Emulator without GPU emulation detected.
I/dalvikvm(  521): Wrote stack traces to '/data/anr/traces.txt'
D/dalvikvm(  521): GC_CONCURRENT freed 71K, 5% free 3162K/3304K, paused 25ms+79ms, total 272ms
E/ActivityManager(  352): ANR in com.android.systemui
E/ActivityManager(  352): Reason: Executing service com.android.systemui/.SystemUIService
E/ActivityManager(  352): Load: 7.0 / 1.87 / 0.63
E/ActivityManager(  352): CPU usage from 536ms to -12082ms ago:
E/ActivityManager(  352):   17% 352/system_server: 11% user + 5.7% kernel / faults: 2677 minor 4 major
E/ActivityManager(  352):   13% 37/surfaceflinger: 10% user + 3.1% kernel / faults: 2 minor
E/ActivityManager(  352):   9.7% 521/com.android.launcher: 5.9% user + 3.8% kernel / faults: 6586 minor 3 major
E/ActivityManager(  352):   6.4% 451/com.android.systemui: 4.4% user + 1.9% kernel / faults: 1431 minor 3 major
E/ActivityManager(  352):   6.4% 587/android.process.acore: 4.2% user + 2.2% kernel / faults: 1392 minor 1 major
E/ActivityManager(  352):   4.9% 508/com.android.phone: 3.4% user + 1.5% kernel / faults: 520 minor 2 major
E/ActivityManager(  352):   2.6% 88/bootanimation: 2.1% user + 0.5% kernel
E/ActivityManager(  352):   0.2% 32/vold: 0% user + 0.2% kernel / faults: 20 minor
E/ActivityManager(  352):   0.9% 47/adbd: 0.2% user + 0.7% kernel / faults: 132 minor
E/ActivityManager(  352):   0.4% 492/com.android.inputmethod.latin: 0.1% user + 0.2% kernel / faults: 152 minor 1 major
E/ActivityManager(  352):   0.3% 29/mmcqd: 0% user + 0.3% kernel
E/ActivityManager(  352):   0.3% 621/android.process.media: 0.2% user + 0% kernel / faults: 40 minor
E/ActivityManager(  352):   0% 31/servicemanager: 0% user + 0% kernel / faults: 6 minor
E/ActivityManager(  352):   0% 40/mediaserver: 0% user + 0% kernel
E/ActivityManager(  352): 100% TOTAL: 64% user + 35% kernel + 0.2% irq + 0.3% softirq
E/ActivityManager(  352): CPU usage from 9584ms to 10843ms later:
E/ActivityManager(  352):   33% 352/system_server: 19% user + 14% kernel / faults: 460 minor
E/ActivityManager(  352):     6.6% 358/Compiler: 5.7% user + 0.9% kernel
E/ActivityManager(  352):     6.6% 367/UI: 6.6% user + 0% kernel
E/ActivityManager(  352):     5.7% 369/ActivityManager: 0% user + 5.7% kernel
E/ActivityManager(  352):     1.9% 368/WindowManager: 1.9% user + 0% kernel
E/ActivityManager(  352):     1.9% 565/Binder_3: 0% user + 1.9% kernel
E/ActivityManager(  352):     1.9% 586/Binder_5: 1.9% user + 0% kernel
E/ActivityManager(  352):     0.9% 352/system_server: 0% user + 0.9% kernel
E/ActivityManager(  352):     0.9% 363/Binder_1: 0.9% user + 0% kernel
E/ActivityManager(  352):     0.9% 366/er.ServerThread: 0.9% user + 0% kernel
E/ActivityManager(  352):     0.9% 376/PackageManager: 0.9% user + 0% kernel
E/ActivityManager(  352):     0.9% 668/Binder_9: 0.9% user + 0% kernel
E/ActivityManager(  352):   10% 37/surfaceflinger: 8.4% user + 2.5% kernel
E/ActivityManager(  352):     14% 68/SurfaceFlinger: 13% user + 0.8% kernel
E/ActivityManager(  352):     0.8% 77/VSyncThread: 0% user + 0.8% kernel
E/ActivityManager(  352):     0.8% 84/EventThread: 0.8% user + 0% kernel
E/ActivityManager(  352):     0.8% 87/Binder_1: 0.8% user + 0% kernel
E/ActivityManager(  352):     0.8% 261/Binder_2: 0% user + 0.8% kernel
E/ActivityManager(  352):   6.5% 508/com.android.phone: 4.9% user + 1.6% kernel / faults: 112 minor
E/ActivityManager(  352):     10% 508/m.android.phone: 8.1% user + 2.4% kernel
E/ActivityManager(  352):     4.9% 519/Compiler: 2.4% user + 2.4% kernel
E/ActivityManager(  352):     0.8% 510/GC: 0.8% user + 0% kernel
E/ActivityManager(  352):   5.8% 451/com.android.systemui: 5.8% user + 0% kernel / faults: 31 minor
E/ActivityManager(  352):     9.1% 451/ndroid.systemui: 9.1% user + 0% kernel
E/ActivityManager(  352):     0.8% 467/Compiler: 0% user + 0.8% kernel
E/ActivityManager(  352):     0.8% 639/AsyncTask #1: 0% user + 0.8% kernel
E/ActivityManager(  352):   3.5% 521/com.android.launcher: 1.7% user + 1.7% kernel / faults: 773 minor 1 major
E/ActivityManager(  352):     7.1% 583/launcher-loader: 2.9% user + 4.1% kernel
E/ActivityManager(  352):     4.7% 521/ndroid.launcher: 1.7% user + 2.9% kernel
E/ActivityManager(  352):     2.3% 532/Compiler: 1.7% user + 0.5% kernel
E/ActivityManager(  352):   2.8% 88/bootanimation: 2.8% user + 0% kernel
E/ActivityManager(  352):     3.8% 105/BootAnimation: 3.8% user + 0% kernel
E/ActivityManager(  352):   0.9% 47/adbd: 0% user + 0.9% kernel / faults: 12 minor
E/ActivityManager(  352):     0.9% 47/adbd: 0% user + 0.9% kernel
E/ActivityManager(  352):   0.5% 587/android.process.acore: 0.5% user + 0% kernel
E/ActivityManager(  352):     0.5% 603/Binder_1: 0.5% user + 0% kernel
E/ActivityManager(  352): 100% TOTAL: 61% user + 37% kernel + 1% softirq
W/ActivityManager(  352): Killing ProcessRecord{40f03610 451:com.android.systemui/u0a10034}: background ANR
W/dalvikvm(  587): threadid=3: spin on suspend #1 threadid=14 (pcf=0)
D/dalvikvm(  587): Temporarily moving tid 661 to fg (was 0)
D/dalvikvm(  587): Temporarily raised priority on tid 661 (10 -> 0)
W/dalvikvm(  587): threadid=3: spin on suspend resolved in 1041 msec
D/dalvikvm(  587): Restored policy of 661 to 0
D/dalvikvm(  587): Restored priority on 661 to 10
I/Choreographer(  521): Skipped 167 frames!  The application may be doing too much work on its main thread.
W/InputDispatcher(  352): channel '40ec79c0 StatusBar (server)' ~ Consumer closed input channel or an error occurred.  events=0x9
E/InputDispatcher(  352): channel '40ec79c0 StatusBar (server)' ~ Channel is unrecoverably broken and will be disposed!
I/dalvikvm(  587): Wrote stack traces to '/data/anr/traces.txt'
I/WindowState(  352): WIN DEATH: Window{40ec79c0 u0 StatusBar}
W/InputDispatcher(  352): Attempted to unregister already unregistered input channel '40ec79c0 StatusBar (server)'
D/dalvikvm(  352): GC_CONCURRENT freed 441K, 19% free 6053K/7448K, paused 893ms+17ms, total 1264ms
D/dalvikvm(  352): WAIT_FOR_CONCURRENT_GC blocked 396ms
D/dalvikvm(  352): WAIT_FOR_CONCURRENT_GC blocked 24ms
D/dalvikvm(  352): WAIT_FOR_CONCURRENT_GC blocked 29ms
D/dalvikvm(  352): WAIT_FOR_CONCURRENT_GC blocked 59ms
W/BroadcastQueue(  352): Failure sending broadcast Intent { act=android.media.RINGER_MODE_CHANGED flg=0x28000010 (has extras) }
W/BroadcastQueue(  352): android.os.DeadObjectException
W/BroadcastQueue(  352): 	at android.os.BinderProxy.transact(Native Method)
W/BroadcastQueue(  352): 	at android.app.ApplicationThreadProxy.scheduleRegisteredReceiver(ApplicationThreadNative.java:1009)
W/BroadcastQueue(  352): 	at com.android.server.am.BroadcastQueue.performReceiveLocked(BroadcastQueue.java:373)
W/BroadcastQueue(  352): 	at com.android.server.am.BroadcastQueue.deliverToRegisteredReceiverLocked(BroadcastQueue.java:439)
W/BroadcastQueue(  352): 	at com.android.server.am.BroadcastQueue.processNextBroadcast(BroadcastQueue.java:487)
W/BroadcastQueue(  352): 	at com.android.server.am.BroadcastQueue$1.handleMessage(BroadcastQueue.java:140)
W/BroadcastQueue(  352): 	at android.os.Handler.dispatchMessage(Handler.java:99)
W/BroadcastQueue(  352): 	at android.os.Looper.loop(Looper.java:137)
W/BroadcastQueue(  352): 	at com.android.server.am.ActivityManagerService$AThread.run(ActivityManagerService.java:1480)
W/BroadcastQueue(  352): Failure sending broadcast Intent { act=android.intent.action.SIM_STATE_CHANGED flg=0x20000010 (has extras) }
W/BroadcastQueue(  352): android.os.DeadObjectException
W/BroadcastQueue(  352): 	at android.os.BinderProxy.transact(Native Method)
W/BroadcastQueue(  352): 	at android.app.ApplicationThreadProxy.scheduleRegisteredReceiver(ApplicationThreadNative.java:1009)
W/BroadcastQueue(  352): 	at com.android.server.am.BroadcastQueue.performReceiveLocked(BroadcastQueue.java:373)
W/BroadcastQueue(  352): 	at com.android.server.am.BroadcastQueue.deliverToRegisteredReceiverLocked(BroadcastQueue.java:439)
W/BroadcastQueue(  352): 	at com.android.server.am.BroadcastQueue.processNextBroadcast(BroadcastQueue.java:487)
W/BroadcastQueue(  352): 	at com.android.server.am.BroadcastQueue$1.handleMessage(BroadcastQueue.java:140)
W/BroadcastQueue(  352): 	at android.os.Handler.dispatchMessage(Handler.java:99)
W/BroadcastQueue(  352): 	at android.os.Looper.loop(Looper.java:137)
W/BroadcastQueue(  352): 	at com.android.server.am.ActivityManagerService$AThread.run(ActivityManagerService.java:1480)
E/VoldConnector(  352): NDC Command {4 asec list} took too long (1362ms)
V/TAG     (  352): bug 7643792: fitSystemWindows([0,0][0,0])
I/Choreographer(  352): Skipped 41 frames!  The application may be doing too much work on its main thread.
W/BroadcastQueue(  352): Failure sending broadcast Intent { act=android.intent.action.BATTERY_CHANGED flg=0x60000010 (has extras) }
W/BroadcastQueue(  352): android.os.DeadObjectException
W/BroadcastQueue(  352): 	at android.os.BinderProxy.transact(Native Method)
W/BroadcastQueue(  352): 	at android.app.ApplicationThreadProxy.scheduleRegisteredReceiver(ApplicationThreadNative.java:1009)
W/BroadcastQueue(  352): 	at com.android.server.am.BroadcastQueue.performReceiveLocked(BroadcastQueue.java:373)
W/BroadcastQueue(  352): 	at com.android.server.am.BroadcastQueue.deliverToRegisteredReceiverLocked(BroadcastQueue.java:439)
W/BroadcastQueue(  352): 	at com.android.server.am.BroadcastQueue.processNextBroadcast(BroadcastQueue.java:487)
W/BroadcastQueue(  352): 	at com.android.server.am.BroadcastQueue$1.handleMessage(BroadcastQueue.java:140)
W/BroadcastQueue(  352): 	at android.os.Handler.dispatchMessage(Handler.java:99)
W/BroadcastQueue(  352): 	at android.os.Looper.loop(Looper.java:137)
W/BroadcastQueue(  352): 	at com.android.server.am.ActivityManagerService$AThread.run(ActivityManagerService.java:1480)
I/PackageManager(  352): No secure containers on sdcard
W/BroadcastQueue(  352): Failure sending broadcast Intent { act=android.provider.Telephony.SPN_STRINGS_UPDATED flg=0x20000010 (has extras) }
W/BroadcastQueue(  352): android.os.DeadObjectException
W/BroadcastQueue(  352): 	at android.os.BinderProxy.transact(Native Method)
W/BroadcastQueue(  352): 	at android.app.ApplicationThreadProxy.scheduleRegisteredReceiver(ApplicationThreadNative.java:1009)
W/BroadcastQueue(  352): 	at com.android.server.am.BroadcastQueue.performReceiveLocked(BroadcastQueue.java:373)
W/BroadcastQueue(  352): 	at com.android.server.am.BroadcastQueue.deliverToRegisteredReceiverLocked(BroadcastQueue.java:439)
W/BroadcastQueue(  352): 	at com.android.server.am.BroadcastQueue.processNextBroadcast(BroadcastQueue.java:487)
W/BroadcastQueue(  352): 	at com.android.server.am.BroadcastQueue$1.handleMessage(BroadcastQueue.java:140)
W/BroadcastQueue(  352): 	at android.os.Handler.dispatchMessage(Handler.java:99)
W/BroadcastQueue(  352): 	at android.os.Looper.loop(Looper.java:137)
W/BroadcastQueue(  352): 	at com.android.server.am.ActivityManagerService$AThread.run(ActivityManagerService.java:1480)
W/PackageManager(  352): Unknown permission com.google.android.googleapps.permission.GOOGLE_AUTH.mail in package com.android.contacts
W/PackageManager(  352): Unknown permission android.permission.ADD_SYSTEM_SERVICE in package com.android.phone
W/PackageManager(  352): Unknown permission com.android.smspush.WAPPUSH_MANAGER_BIND in package com.android.phone
W/PackageManager(  352): Unknown permission com.google.android.googleapps.permission.GOOGLE_AUTH in package com.android.providers.calendar
W/PackageManager(  352): Unknown permission com.google.android.googleapps.permission.GOOGLE_AUTH.cl in package com.android.providers.calendar
W/PackageManager(  352): Unknown permission com.google.android.googleapps.permission.GOOGLE_AUTH.mail in package com.android.calendar
W/PackageManager(  352): Not granting permission android.permission.SEND_DOWNLOAD_COMPLETED_INTENTS to package com.android.browser (protectionLevel=2 flags=0x89be45)
W/PackageManager(  352): Not granting permission android.permission.BIND_APPWIDGET to package com.android.widgetpreview (protectionLevel=18 flags=0x8be44)
W/PackageManager(  352): Unknown permission com.google.android.googleapps.permission.GOOGLE_AUTH in package com.android.settings
W/PackageManager(  352): Unknown permission com.google.android.gallery3d.permission.GALLERY_PROVIDER in package com.android.exchange
W/PackageManager(  352): Unknown permission com.google.android.googleapps.permission.ACCESS_GOOGLE_PASSWORD in package com.android.development
W/PackageManager(  352): Unknown permission com.google.android.googleapps.permission.GOOGLE_AUTH in package com.android.development
W/PackageManager(  352): Unknown permission com.google.android.googleapps.permission.GOOGLE_AUTH.ALL_SERVICES in package com.android.development
W/PackageManager(  352): Unknown permission com.google.android.googleapps.permission.GOOGLE_AUTH.YouTubeUser in package com.android.development
W/PackageManager(  352): Unknown permission com.google.android.gallery3d.permission.GALLERY_PROVIDER in package com.android.email
W/PackageManager(  352): Not granting permission android.permission.DEVICE_POWER to package com.android.deskclock (protectionLevel=2 flags=0x88be45)
I/ActivityManager(  352): Process com.android.systemui (pid 451) has died.
W/ActivityManager(  352): Scheduling restart of crashed service com.android.systemui/.ImageWallpaper in 0ms
W/ActivityManager(  352): Scheduling restart of crashed service com.android.systemui/.SystemUIService in 0ms
I/ActivityManager(  352): Start proc com.android.systemui for restart com.android.systemui: pid=722 uid=10034 gids={50034, 1028, 1015, 3002, 3001}
W/GpsLocationProvider(  352): Could not open GPS configuration file /etc/gps.conf
W/ServiceWatcher(  352): com.google.android.location not found
E/SurfaceFlinger(   37): ro.sf.lcd_density must be defined as a build property
E/Trace   (  722): error opening trace file: No such file or directory (2)
D/CAT     (  508): CatService: Running CAT service. STK app installed:false
D/CAT     (  508): CatService: NEW sInstance
W/ServiceWatcher(  352): com.google.android.location not found
I/Choreographer(  521): Skipped 32 frames!  The application may be doing too much work on its main thread.
D/gralloc_goldfish(  521): Emulator without GPU emulation detected.
D/SystemUIService(  722): loading: class com.android.systemui.statusbar.phone.PhoneStatusBar
D/SystemUIService(  722): running: com.android.systemui.statusbar.phone.PhoneStatusBar@40cdba10
W/LocationManagerService(  352): no network location provider found
W/ServiceWatcher(  352): com.google.android.location not found
I/Choreographer(  521): Skipped 355 frames!  The application may be doing too much work on its main thread.
D/dalvikvm(  521): GC_FOR_ALLOC freed 178K, 7% free 3317K/3552K, paused 20ms, total 35ms
I/dalvikvm-heap(  521): Grow heap (frag case) to 3.785MB for 518416-byte allocation
I/ActivityManager(  352): Displayed com.android.launcher/com.android.launcher2.Launcher: +36s592ms
I/StatusBarManagerService(  352): registerStatusBar bar=com.android.internal.statusbar.IStatusBar$Stub$Proxy@41033688
D/dalvikvm(  521): GC_CONCURRENT freed 10K, 7% free 3812K/4060K, paused 13ms+14ms, total 336ms
D/dalvikvm(  521): WAIT_FOR_CONCURRENT_GC blocked 323ms
D/dalvikvm(  508): GC_CONCURRENT freed 270K, 11% free 2764K/3092K, paused 5ms+15ms, total 302ms
D/dalvikvm(  521): GC_FOR_ALLOC freed <1K, 7% free 3813K/4060K, paused 1223ms, total 1224ms
I/dalvikvm-heap(  521): Grow heap (frag case) to 4.269MB for 518416-byte allocation
D/CAT     (  508): CatService: SIM ready. Reporting STK service running now...
D/dalvikvm(  521): GC_CONCURRENT freed <1K, 6% free 4319K/4568K, paused 12ms+204ms, total 308ms
D/dalvikvm(  521): WAIT_FOR_CONCURRENT_GC blocked 283ms
D/dalvikvm(  521): GC_FOR_ALLOC freed <1K, 6% free 4320K/4568K, paused 43ms, total 68ms
I/dalvikvm-heap(  521): Grow heap (frag case) to 4.764MB for 518416-byte allocation
D/dalvikvm(  521): GC_FOR_ALLOC freed <1K, 5% free 4826K/5076K, paused 52ms, total 52ms
D/dalvikvm(  521): GREF has increased to 201
I/Choreographer(  521): Skipped 588 frames!  The application may be doing too much work on its main thread.
I/Choreographer(  521): Skipped 75 frames!  The application may be doing too much work on its main thread.
D/MccTable(  508): updateMccMncConfiguration: mcc=310, mnc=260
D/TelephonyManager(  508): getLteOnCdmaMode=0 curVal=-1 product_type='' lteOnCdmaProductType=''
D/MccTable(  508): locale set to en_us
D/dalvikvm(  722): GC_CONCURRENT freed 120K, 7% free 2670K/2848K, paused 4ms+2ms, total 728ms
D/dalvikvm(  722): WAIT_FOR_CONCURRENT_GC blocked 716ms
I/dalvikvm-heap(  722): Grow heap (frag case) to 3.265MB for 635812-byte allocation
D/MccTable(  508): WIFI_COUNTRY_CODE set to us
I/WifiService(  352): WifiService trying to set country code to us with persist set to true
I/ActivityManager(  352): Config changes=1403 {1.0 310mcc260mnc en_US ldltr sw320dp w320dp h508dp 240dpi nrml long port finger -keyb/v/h tball/v s.4}
D/dalvikvm(  722): GC_FOR_ALLOC freed 5K, 6% free 3286K/3472K, paused 107ms, total 155ms
W/SurfaceFlinger(   37): createScreenshotSurface failed (Function not implemented)
I/Choreographer(  352): Skipped 56 frames!  The application may be doing too much work on its main thread.
D/MediaScannerReceiver(  621): action: android.intent.action.MEDIA_MOUNTED path: /mnt/sdcard
I/Choreographer(  352): Skipped 66 frames!  The application may be doing too much work on its main thread.
I/Choreographer(  521): Skipped 557 frames!  The application may be doing too much work on its main thread.
D/MccTable(  508): updateMccMncConfiguration: mcc=310, mnc=260
D/TelephonyManager(  508): getLteOnCdmaMode=0 curVal=-1 product_type='' lteOnCdmaProductType=''
D/MccTable(  508): locale set to en_us
D/MccTable(  508): WIFI_COUNTRY_CODE set to us
I/WifiService(  352): WifiService trying to set country code to us with persist set to true
W/WindowManager(  352): Window freeze timeout expired.
W/WindowManager(  352): Force clearing orientation change: Window{40e60de8 u0 com.android.launcher/com.android.launcher2.Launcher}
D/dalvikvm(  352): GC_CONCURRENT freed 1121K, 17% free 5824K/7012K, paused 191ms+107ms, total 1810ms
D/dalvikvm(   38): GC_EXPLICIT freed 34K, 4% free 2381K/2472K, paused 3ms+5ms, total 45ms
D/dalvikvm(   38): GC_EXPLICIT freed <1K, 4% free 2381K/2472K, paused 3ms+2ms, total 59ms
D/dalvikvm(   38): GC_EXPLICIT freed <1K, 4% free 2381K/2472K, paused 2ms+10ms, total 68ms
I/ActivityManager(  352): Start proc com.android.location.fused for service com.android.location.fused/.FusedLocationService: pid=769 uid=10022 gids={50022, 1028}
I/ActivityManager(  352): Config changes=1400 {1.0 310mcc260mnc en_US ldltr sw320dp w320dp h508dp 240dpi nrml long port finger -keyb/v/h tball/v s.5}
W/Launcher.Model(  521): LoaderTask running with no launcher (loadAllAppsByBatch)
E/Trace   (  769): error opening trace file: No such file or directory (2)
W/ServiceWatcher(  352): com.google.android.location not found
E/LocationManagerService(  352): no geocoder provider found
W/ActivityManager(  352): Activity idle timeout for ActivityRecord{40e60fd8 u0 com.android.launcher/com.android.launcher2.Launcher}
W/WindowManager(  352): App freeze timeout expired.
W/WindowManager(  352): Force clearing freeze: AppWindowToken{40fe7210 token=Token{40ebacc8 ActivityRecord{40e60fd8 u0 com.android.launcher/com.android.launcher2.Launcher}}}
E/BluetoothAdapter(  722): Bluetooth binder is null
E/BluetoothAdapter(  722): Bluetooth binder is null
E/BluetoothAdapter(  722): Bluetooth binder is null
D/dalvikvm(  508): GC_CONCURRENT freed 368K, 13% free 2909K/3332K, paused 4ms+54ms, total 1066ms
D/dalvikvm(  508): WAIT_FOR_CONCURRENT_GC blocked 249ms
D/dalvikvm(  352): GC_CONCURRENT freed 301K, 9% free 6392K/7012K, paused 341ms+76ms, total 2237ms
D/dalvikvm(  352): WAIT_FOR_CONCURRENT_GC blocked 1602ms
I/Choreographer(  352): Skipped 444 frames!  The application may be doing too much work on its main thread.
D/dalvikvm(  722): GC_CONCURRENT freed 67K, 4% free 3656K/3780K, paused 45ms+83ms, total 173ms
W/WallpaperService(  352): Failed attaching wallpaper; clearing
W/WallpaperService(  352): android.os.DeadObjectException
W/WallpaperService(  352): 	at android.os.BinderProxy.transact(Native Method)
W/WallpaperService(  352): 	at android.service.wallpaper.IWallpaperService$Stub$Proxy.attach(IWallpaperService.java:95)
W/WallpaperService(  352): 	at com.android.server.WallpaperManagerService.attachServiceLocked(WallpaperManagerService.java:960)
W/WallpaperService(  352): 	at com.android.server.WallpaperManagerService$WallpaperConnection.onServiceConnected(WallpaperManagerService.java:233)
W/WallpaperService(  352): 	at android.app.LoadedApk$ServiceDispatcher.doConnected(LoadedApk.java:1101)
W/WallpaperService(  352): 	at android.app.LoadedApk$ServiceDispatcher$RunConnection.run(LoadedApk.java:1118)
W/WallpaperService(  352): 	at android.os.Handler.handleCallback(Handler.java:725)
W/WallpaperService(  352): 	at android.os.Handler.dispatchMessage(Handler.java:92)
W/WallpaperService(  352): 	at android.os.Looper.loop(Looper.java:137)
W/WallpaperService(  352): 	at com.android.server.ServerThread.run(SystemServer.java:1000)
E/BluetoothAdapter(  722): Bluetooth binder is null
W/MediaProvider(  621): no database for scanned volume external
D/dalvikvm(  352): GC_EXPLICIT freed 428K, 8% free 6801K/7368K, paused 675ms+151ms, total 1542ms
I/Choreographer(  352): Skipped 2738 frames!  The application may be doing too much work on its main thread.
D/PhoneStatusBar(  722): disable: < expand icons alerts ticker system_info BACK* HOME* RECENT* CLOCK* SEARCH* >
D/dalvikvm(  508): GC_CONCURRENT freed 485K, 16% free 2901K/3444K, paused 4ms+271ms, total 1127ms
D/dalvikvm(  521): GC_CONCURRENT freed 1921K, 35% free 3677K/5652K, paused 6ms+199ms, total 352ms
W/ActivityManager(  352): Timeout executing service: ServiceRecord{40f02e98 u0 com.android.systemui/.SystemUIService}
E/BluetoothAdapter(  722): Bluetooth binder is null
I/Process (  352): Sending signal. PID: 722 SIG: 3
I/dalvikvm(  722): threadid=3: reacting to signal 3
I/Process (  352): Sending signal. PID: 352 SIG: 3
I/dalvikvm(  352): threadid=3: reacting to signal 3
I/dalvikvm(  722): Wrote stack traces to '/data/anr/traces.txt'
I/Process (  352): Sending signal. PID: 508 SIG: 3
I/dalvikvm(  508): threadid=3: reacting to signal 3
I/Choreographer(  352): Skipped 1166 frames!  The application may be doing too much work on its main thread.
D/SystemUIService(  722): loading: class com.android.systemui.power.PowerUI
D/SystemUIService(  722): running: com.android.systemui.power.PowerUI@40e4c5e0
D/SystemUIService(  722): loading: class com.android.systemui.media.RingtonePlayer
D/SystemUIService(  722): running: com.android.systemui.media.RingtonePlayer@40e4d2a0
I/dalvikvm(  352): Wrote stack traces to '/data/anr/traces.txt'
D/dalvikvm(  722): GC_CONCURRENT freed 229K, 7% free 3837K/4124K, paused 4ms+80ms, total 184ms
I/dalvikvm(  508): Wrote stack traces to '/data/anr/traces.txt'
D/dalvikvm(  352): GC_FOR_ALLOC freed 1047K, 15% free 6581K/7692K, paused 1094ms, total 1122ms
I/dalvikvm-heap(  352): Grow heap (frag case) to 7.563MB for 1128976-byte allocation
D/dalvikvm(  508): GC_CONCURRENT freed 86K, 17% free 2876K/3444K, paused 374ms+3ms, total 775ms
D/dalvikvm(  352): GC_FOR_ALLOC freed 881K, 23% free 6802K/8796K, paused 308ms, total 308ms
I/Choreographer(  722): Skipped 4145 frames!  The application may be doing too much work on its main thread.
D/Launcher.Model(  521): Reload apps on config change. curr_mcc:310 prevmcc:0
I/Choreographer(  521): Skipped 3279 frames!  The application may be doing too much work on its main thread.
E/SurfaceFlinger(   37): ro.sf.lcd_density must be defined as a build property
E/SurfaceFlinger(   37): ro.sf.lcd_density must be defined as a build property
I/Choreographer(  521): Skipped 32 frames!  The application may be doing too much work on its main thread.
D/dalvikvm(  352): GC_CONCURRENT freed 237K, 21% free 7030K/8796K, paused 235ms+435ms, total 1636ms
I/Choreographer(  352): Skipped 897 frames!  The application may be doing too much work on its main thread.
E/BluetoothAdapter(  352): Bluetooth binder is null
E/BluetoothAdapter(  352): Bluetooth binder is null
V/WiredAccessoryManager(  352): init()
E/SoundPool(  352): error loading /system/media/audio/ui/Effect_Tick.ogg
W/AudioService(  352): Soundpool could not load file: /system/media/audio/ui/Effect_Tick.ogg
E/SoundPool(  352): error loading /system/media/audio/ui/Effect_Tick.ogg
W/AudioService(  352): Soundpool could not load file: /system/media/audio/ui/Effect_Tick.ogg
E/SoundPool(  352): error loading /system/media/audio/ui/Effect_Tick.ogg
W/AudioService(  352): Soundpool could not load file: /system/media/audio/ui/Effect_Tick.ogg
E/SoundPool(  352): error loading /system/media/audio/ui/Effect_Tick.ogg
