I/Choreographer(  329): Skipped 106 frames!  The application may be doing too much work on its main thread.
W/WindowManager(  329): ***** BOOT TIMEOUT: forcing display enabled
I/SurfaceFlinger(   37): Boot is finished (97224 ms)
I/ActivityManager(  329): Config changes=1400 {1.0 310mcc260mnc en_US ldltr sw320dp w320dp h508dp 240dpi nrml long port finger -keyb/v/h tball/v s.6}
E/JavaBinder(  329): !!! FAILED BINDER TRANSACTION !!!
E/JavaBinder(  329): !!! FAILED BINDER TRANSACTION !!!
W/BroadcastQueue(  329): Failure sending broadcast Intent { act=android.intent.action.CONFIGURATION_CHANGED flg=0x70000010 }
W/BroadcastQueue(  329): android.os.TransactionTooLargeException
W/BroadcastQueue(  329): 	at android.os.BinderProxy.transact(Native Method)
W/BroadcastQueue(  329): 	at android.app.ApplicationThreadProxy.scheduleRegisteredReceiver(ApplicationThreadNative.java:1009)
W/BroadcastQueue(  329): 	at com.android.server.am.BroadcastQueue.performReceiveLocked(BroadcastQueue.java:373)
W/BroadcastQueue(  329): 	at com.android.server.am.BroadcastQueue.deliverToRegisteredReceiverLocked(BroadcastQueue.java:439)
W/BroadcastQueue(  329): 	at com.android.server.am.BroadcastQueue.processNextBroadcast(BroadcastQueue.java:487)
W/BroadcastQueue(  329): 	at com.android.server.am.BroadcastQueue$1.handleMessage(BroadcastQueue.java:140)
W/BroadcastQueue(  329): 	at android.os.Handler.dispatchMessage(Handler.java:99)
W/BroadcastQueue(  329): 	at android.os.Looper.loop(Looper.java:137)
W/BroadcastQueue(  329): 	at com.android.server.am.ActivityManagerService$AThread.run(ActivityManagerService.java:1480)
E/JavaBinder(  329): !!! FAILED BINDER TRANSACTION !!!
W/BroadcastQueue(  329): Failure sending broadcast Intent { act=android.intent.action.CONFIGURATION_CHANGED flg=0x70000010 }
W/BroadcastQueue(  329): android.os.TransactionTooLargeException
W/BroadcastQueue(  329): 	at android.os.BinderProxy.transact(Native Method)
W/BroadcastQueue(  329): 	at android.app.ApplicationThreadProxy.scheduleRegisteredReceiver(ApplicationThreadNative.java:1009)
W/BroadcastQueue(  329): 	at com.android.server.am.BroadcastQueue.performReceiveLocked(BroadcastQueue.java:373)
W/BroadcastQueue(  329): 	at com.android.server.am.BroadcastQueue.deliverToRegisteredReceiverLocked(BroadcastQueue.java:439)
W/BroadcastQueue(  329): 	at com.android.server.am.BroadcastQueue.processNextBroadcast(BroadcastQueue.java:487)
W/BroadcastQueue(  329): 	at com.android.server.am.BroadcastQueue$1.handleMessage(BroadcastQueue.java:140)
W/BroadcastQueue(  329): 	at android.os.Handler.dispatchMessage(Handler.java:99)
W/BroadcastQueue(  329): 	at android.os.Looper.loop(Looper.java:137)
W/BroadcastQueue(  329): 	at com.android.server.am.ActivityManagerService$AThread.run(ActivityManagerService.java:1480)
E/JavaBinder(  329): !!! FAILED BINDER TRANSACTION !!!
W/BroadcastQueue(  329): Failure sending broadcast Intent { act=android.intent.action.CONFIGURATION_CHANGED flg=0x70000010 }
W/BroadcastQueue(  329): android.os.TransactionTooLargeException
W/BroadcastQueue(  329): 	at android.os.BinderProxy.transact(Native Method)
W/BroadcastQueue(  329): 	at android.app.ApplicationThreadProxy.scheduleRegisteredReceiver(ApplicationThreadNative.java:1009)
W/BroadcastQueue(  329): 	at com.android.server.am.BroadcastQueue.performReceiveLocked(BroadcastQueue.java:373)
W/BroadcastQueue(  329): 	at com.android.server.am.BroadcastQueue.deliverToRegisteredReceiverLocked(BroadcastQueue.java:439)
W/BroadcastQueue(  329): 	at com.android.server.am.BroadcastQueue.processNextBroadcast(BroadcastQueue.java:487)
W/BroadcastQueue(  329): 	at com.android.server.am.BroadcastQueue$1.handleMessage(BroadcastQueue.java:140)
W/BroadcastQueue(  329): 	at android.os.Handler.dispatchMessage(Handler.java:99)
W/BroadcastQueue(  329): 	at android.os.Looper.loop(Looper.java:137)
W/BroadcastQueue(  329): 	at com.android.server.am.ActivityManagerService$AThread.run(ActivityManagerService.java:1480)
E/JavaBinder(  329): !!! FAILED BINDER TRANSACTION !!!
I/Choreographer(  329): Skipped 36 frames!  The application may be doing too much work on its main thread.
I/PowerManagerService(  329): Boot animation finished.
W/BroadcastQueue(  329): Failure sending broadcast Intent { act=android.intent.action.CONFIGURATION_CHANGED flg=0x70000010 }
W/BroadcastQueue(  329): android.os.TransactionTooLargeException
W/BroadcastQueue(  329): 	at android.os.BinderProxy.transact(Native Method)
W/BroadcastQueue(  329): 	at android.app.ApplicationThreadProxy.scheduleRegisteredReceiver(ApplicationThreadNative.java:1009)
W/BroadcastQueue(  329): 	at com.android.server.am.BroadcastQueue.performReceiveLocked(BroadcastQueue.java:373)
W/BroadcastQueue(  329): 	at com.android.server.am.BroadcastQueue.deliverToRegisteredReceiverLocked(BroadcastQueue.java:439)
W/BroadcastQueue(  329): 	at com.android.server.am.BroadcastQueue.processNextBroadcast(BroadcastQueue.java:487)
W/BroadcastQueue(  329): 	at com.android.server.am.BroadcastQueue$1.handleMessage(BroadcastQueue.java:140)
W/BroadcastQueue(  329): 	at android.os.Handler.dispatchMessage(Handler.java:99)
W/BroadcastQueue(  329): 	at android.os.Looper.loop(Looper.java:137)
W/BroadcastQueue(  329): 	at com.android.server.am.ActivityManagerService$AThread.run(ActivityManagerService.java:1480)
D/dalvikvm(  329): GC_FOR_ALLOC freed 250K, 12% free 6661K/7564K, paused 73ms, total 103ms
I/dalvikvm-heap(  329): Grow heap (frag case) to 7.642MB for 1128976-byte allocation
D/dalvikvm(  329): GC_FOR_ALLOC freed 879K, 21% free 6884K/8668K, paused 64ms, total 64ms
I/Choreographer(  329): Skipped 214 frames!  The application may be doing too much work on its main thread.
D/dalvikvm(  329): GC_CONCURRENT freed 11K, 21% free 6879K/8668K, paused 7ms+48ms, total 280ms
I/Choreographer(  329): Skipped 54 frames!  The application may be doing too much work on its main thread.
D/dalvikvm(  329): GC_EXPLICIT freed 1112K, 34% free 5776K/8668K, paused 29ms+20ms, total 249ms
I/WindowState(  329): WIN DEATH: Window{41077158 u0 StatusBar}
W/InputDispatcher(  329): channel '40f18710 com.android.systemui.ImageWallpaper (server)' ~ Consumer closed input channel or an error occurred.  events=0x9
E/InputDispatcher(  329): channel '40f18710 com.android.systemui.ImageWallpaper (server)' ~ Channel is unrecoverably broken and will be disposed!
I//system/bin/fsck_msdos(   32): Attempting to allocate 2044 KB for FAT
I/WindowState(  329): WIN DEATH: Window{40f18710 u0 com.android.systemui.ImageWallpaper}
W/InputDispatcher(  329): Attempted to unregister already unregistered input channel '40f18710 com.android.systemui.ImageWallpaper (server)'
I/ActivityManager(  329): Process com.android.systemui (pid 458) has died.
W/ActivityManager(  329): Scheduling restart of crashed service com.android.systemui/.ImageWallpaper in 0ms
W/ActivityManager(  329): Scheduling restart of crashed service com.android.systemui/.SystemUIService in 0ms
I/Choreographer(  329): Skipped 44 frames!  The application may be doing too much work on its main thread.
D/dalvikvm(   38): GC_EXPLICIT freed 34K, 4% free 2381K/2472K, paused 2ms+3ms, total 169ms
I/Choreographer(  329): Skipped 37 frames!  The application may be doing too much work on its main thread.
I/ActivityManager(  329): Start proc com.android.systemui for restart com.android.systemui: pid=888 uid=10034 gids={50034, 1028, 1015, 3002, 3001}
D/dalvikvm(   38): GC_EXPLICIT freed <1K, 4% free 2381K/2472K, paused 3ms+2ms, total 179ms
D/dalvikvm(   38): GC_EXPLICIT freed <1K, 4% free 2381K/2472K, paused 3ms+2ms, total 224ms
D/AndroidRuntime(  887): 
D/AndroidRuntime(  887): >>>>>> AndroidRuntime START com.android.internal.os.RuntimeInit <<<<<<
D/AndroidRuntime(  887): CheckJNI is ON
V/TAG     (  329): bug 7643792: fitSystemWindows([0,0][0,0])
D/dalvikvm(  887): Trying to load lib libjavacore.so 0x0
D/dalvikvm(  887): Added shared lib libjavacore.so 0x0
D/dalvikvm(  887): Trying to load lib libnativehelper.so 0x0
D/dalvikvm(  887): Added shared lib libnativehelper.so 0x0
I/Choreographer(  329): Skipped 64 frames!  The application may be doing too much work on its main thread.
E/Trace   (  888): error opening trace file: No such file or directory (2)
W/GpsLocationProvider(  329): Could not open GPS configuration file /etc/gps.conf
D/SystemUIService(  888): loading: class com.android.systemui.statusbar.phone.PhoneStatusBar
D/SystemUIService(  888): running: com.android.systemui.statusbar.phone.PhoneStatusBar@40cdc720
I/StatusBarManagerService(  329): registerStatusBar bar=com.android.internal.statusbar.IStatusBar$Stub$Proxy@40e44d18
D/AndroidRuntime(  887): Calling main entry com.android.commands.am.Am
D/dalvikvm(  887): Note: class Landroid/app/ActivityManagerNative; has 157 unimplemented (abstract) methods
D/dalvikvm(  920): Not late-enabling CheckJNI (already on)
I/ActivityManager(  329): Start proc it.unina.android.ripper_service:android_ripper_service_process for service it.unina.android.ripper_service/.AndroidRipperService: pid=920 uid=10049 gids={50049, 3003, 1028}
D/AndroidRuntime(  887): Shutting down VM
D/dalvikvm(  887): GC_CONCURRENT freed 94K, 17% free 499K/596K, paused 1ms+0ms, total 10ms
D/jdwp    (  887): Got wake-up signal, bailing out of select
D/dalvikvm(  887): Debugger has detached; object registry had 1 entries
E/Trace   (  920): error opening trace file: No such file or directory (2)
D/dalvikvm(  888): GC_CONCURRENT freed 123K, 7% free 2670K/2852K, paused 21ms+3ms, total 122ms
D/dalvikvm(  888): WAIT_FOR_CONCURRENT_GC blocked 101ms
I/dalvikvm-heap(  888): Grow heap (frag case) to 3.265MB for 635812-byte allocation
D/dalvikvm(  888): GC_FOR_ALLOC freed 5K, 6% free 3286K/3476K, paused 75ms, total 76ms
V/AndroidRipperService(  920): onCreate()
V/SERVER  (  920): Starting ServerSocket on PORT 8888
V/SERVER  (  920): Started ServerSocket on PORT 8888
E/BluetoothAdapter(  888): Bluetooth binder is null
E/BluetoothAdapter(  888): Bluetooth binder is null
E/BluetoothAdapter(  888): Bluetooth binder is null
V/SERVER  (  920): Ready to accept connections on port: 8888
D/dalvikvm(  888): GC_CONCURRENT freed 68K, 4% free 3654K/3780K, paused 11ms+3ms, total 69ms
W/ServiceWatcher(  329): com.google.android.location not found
E/BluetoothAdapter(  888): Bluetooth binder is null
D/PhoneStatusBar(  888): disable: < expand icons alerts ticker system_info BACK* HOME* RECENT* CLOCK* SEARCH* >
E/BluetoothAdapter(  888): Bluetooth binder is null
D/SystemUIService(  888): loading: class com.android.systemui.power.PowerUI
D/SystemUIService(  888): running: com.android.systemui.power.PowerUI@40e4b548
D/SystemUIService(  888): loading: class com.android.systemui.media.RingtonePlayer
D/SystemUIService(  888): running: com.android.systemui.media.RingtonePlayer@40e4c328
I/Choreographer(  888): Skipped 197 frames!  The application may be doing too much work on its main thread.
E/SurfaceFlinger(   37): ro.sf.lcd_density must be defined as a build property
D/AndroidRuntime(  945): 
D/AndroidRuntime(  945): >>>>>> AndroidRuntime START com.android.internal.os.RuntimeInit <<<<<<
D/AndroidRuntime(  945): CheckJNI is ON
D/dalvikvm(  945): Trying to load lib libjavacore.so 0x0
D/dalvikvm(  945): Added shared lib libjavacore.so 0x0
D/dalvikvm(  945): Trying to load lib libnativehelper.so 0x0
D/dalvikvm(  945): Added shared lib libnativehelper.so 0x0
V/TAG     (  329): bug 7643792: fitSystemWindows([0,38][0,0])
I/Choreographer(  329): Skipped 89 frames!  The application may be doing too much work on its main thread.
D/dalvikvm(  888): GC_CONCURRENT freed 252K, 8% free 3791K/4100K, paused 21ms+14ms, total 154ms
W/ServiceWatcher(  329): com.google.android.location not found
W/LocationManagerService(  329): no network location provider found
W/ServiceWatcher(  329): com.google.android.location not found
I//system/bin/fsck_msdos(   32): ** Phase 2 - Check Cluster Chains
D/AndroidRuntime(  945): Calling main entry com.android.commands.am.Am
D/dalvikvm(  945): Note: class Landroid/app/ActivityManagerNative; has 157 unimplemented (abstract) methods
I//system/bin/fsck_msdos(   32): ** Phase 3 - Checking Directories
I//system/bin/fsck_msdos(   32): ** Phase 4 - Checking for Lost Files
I//system/bin/fsck_msdos(   32): 16 files, 1044440 free (522220 clusters)
I/ActivityManager(  329): Start proc com.android.location.fused for service com.android.location.fused/.FusedLocationService: pid=960 uid=10022 gids={50022, 1028}
I/Vold    (   32): Filesystem check completed OK
I/Vold    (   32): Device /dev/block/vold/179:0, target /mnt/sdcard mounted @ /mnt/secure/staging
D/Vold    (   32): Volume sdcard state changing 3 (Checking) -> 4 (Mounted)
D/MountService(  329): volume state changed for /mnt/sdcard (checking -> mounted)
I/PackageManager(  329): Updating external media status from unmounted to mounted
D/MountService(  329): sendStorageIntent Intent { act=android.intent.action.MEDIA_MOUNTED dat=file:///mnt/sdcard (has extras) } to UserHandle{-1}
E/VoldConnector(  329): NDC Command {3 volume mount /mnt/sdcard} took too long (58336ms)
I/ActivityManager(  329): Force stopping package net.mandaria.tippytipper appid=10048 user=0
D/dalvikvm(  979): Not late-enabling CheckJNI (already on)
I/ActivityManager(  329): Start proc net.mandaria.tippytipper for added application net.mandaria.tippytipper: pid=979 uid=10048 gids={50048, 1015, 3003, 1028}
E/Trace   (  960): error opening trace file: No such file or directory (2)
I/Choreographer(  888): Skipped 655 frames!  The application may be doing too much work on its main thread.
D/gralloc_goldfish(  888): Emulator without GPU emulation detected.
I/Choreographer(  329): Skipped 44 frames!  The application may be doing too much work on its main thread.
I/dalvikvm(  979): Turning on JNI app bug workarounds for target SDK version 4...
E/VoldConnector(  329): NDC Command {4 asec list} took too long (708ms)
I/PackageManager(  329): No secure containers on sdcard
E/Trace   (  979): error opening trace file: No such file or directory (2)
I/Choreographer(  329): Skipped 177 frames!  The application may be doing too much work on its main thread.
V/        (  920): ready
I/Choreographer(  329): Skipped 91 frames!  The application may be doing too much work on its main thread.
V/RipperService(  920): PING
W/SoundPool(  329):   sample 0 not READY
D/PhoneStatusBar(  888): disable: < expand icons alerts ticker system_info BACK HOME recent* CLOCK search* >
V/AndroidRipperService(  920): mHandler.handleMessage() RECIVED
V/AndroidRipperService(  920): broadcast()
V/AndroidRipperService(  920): broadcast() done
V/        (  920): ready
W/PackageManager(  329): Unknown permission com.google.android.googleapps.permission.GOOGLE_AUTH.mail in package com.android.contacts
W/PackageManager(  329): Unknown permission android.permission.ADD_SYSTEM_SERVICE in package com.android.phone
W/PackageManager(  329): Unknown permission com.android.smspush.WAPPUSH_MANAGER_BIND in package com.android.phone
I/RecoverySystem(  329): No recovery log file
D/dalvikvm(  329): GC_CONCURRENT freed 733K, 24% free 5775K/7512K, paused 7ms+9ms, total 82ms
W/PackageManager(  329): Unknown permission com.google.android.googleapps.permission.GOOGLE_AUTH in package com.android.providers.calendar
W/PackageManager(  329): Unknown permission com.google.android.googleapps.permission.GOOGLE_AUTH.cl in package com.android.providers.calendar
W/PackageManager(  329): Unknown permission com.google.android.googleapps.permission.GOOGLE_AUTH.mail in package com.android.calendar
W/PackageManager(  329): Not granting permission android.permission.SEND_DOWNLOAD_COMPLETED_INTENTS to package com.android.browser (protectionLevel=2 flags=0x89be45)
W/PackageManager(  329): Not granting permission android.permission.BIND_APPWIDGET to package com.android.widgetpreview (protectionLevel=18 flags=0x8be44)
W/PackageManager(  329): Unknown permission com.google.android.googleapps.permission.GOOGLE_AUTH in package com.android.settings
W/PackageManager(  329): Unknown permission com.google.android.gallery3d.permission.GALLERY_PROVIDER in package com.android.exchange
W/PackageManager(  329): Unknown permission com.google.android.googleapps.permission.ACCESS_GOOGLE_PASSWORD in package com.android.development
W/PackageManager(  329): Unknown permission com.google.android.googleapps.permission.GOOGLE_AUTH in package com.android.development
W/PackageManager(  329): Unknown permission com.google.android.googleapps.permission.GOOGLE_AUTH.ALL_SERVICES in package com.android.development
W/PackageManager(  329): Unknown permission com.google.android.googleapps.permission.GOOGLE_AUTH.YouTubeUser in package com.android.development
W/PackageManager(  329): Unknown permission com.google.android.gallery3d.permission.GALLERY_PROVIDER in package com.android.email
W/PackageManager(  329): Not granting permission android.permission.DEVICE_POWER to package com.android.deskclock (protectionLevel=2 flags=0x88be45)
I/Choreographer(  329): Skipped 282 frames!  The application may be doing too much work on its main thread.
I/ARMAssembler(   37): generated scanline__00000077:03515104_00009001_00000000 [131 ipp] (153 ins) at [0x409851f0:0x40985454] in 6867001 ns
I/Choreographer(  329): Skipped 36 frames!  The application may be doing too much work on its main thread.
I/ActivityManager(  329): Start proc com.android.deskclock for broadcast com.android.deskclock/.AlarmInitReceiver: pid=997 uid=10006 gids={50006, 1028}
V/TAG     (  329): bug 7643792: fitSystemWindows([0,38][0,0])
I/Choreographer(  329): Skipped 40 frames!  The application may be doing too much work on its main thread.
W/ServiceWatcher(  329): com.google.android.location not found
E/LocationManagerService(  329): no geocoder provider found
E/Trace   (  997): error opening trace file: No such file or directory (2)
D/dalvikvm(  979): GC_CONCURRENT freed 205K, 10% free 2609K/2872K, paused 4ms+42ms, total 112ms
V/AlarmClock(  997): No next alarm
V/AlarmClock(  997): AlarmInitReceiver - Reset timers and clear stopwatch data
V/AlarmClock(  997): No next alarm
V/AlarmClock(  997): AlarmInitReceiver finished
I/AccountTypeManager(  689): Loaded meta-data for 1 account types, 0 accounts in 506ms(wall) 47ms(cpu)
I/System.out(  979): EMMA: collecting runtime coverage data ...
D/PolideaInstrumentationTestRunner(  979): Creating the Test Runner with arguments: [coverage, class]
D/ConnectivityService(  329): ConnectivityChange for mobile: CONNECTED/CONNECTED
W/WallpaperService(  329): Wallpaper service gone: ComponentInfo{com.android.systemui/com.android.systemui.ImageWallpaper}
D/PolideaInstrumentationTestRunner(  979): Test runner is running with the following parameters:
D/PolideaInstrumentationTestRunner(  979): junitOutputDirectory: /data/data/net.mandaria.tippytipper/files
D/PolideaInstrumentationTestRunner(  979): junitOutputFilePostfix: -TEST.xml
D/PolideaInstrumentationTestRunner(  979): junitNoPackagePrefix: NO_PACKAGE
D/PolideaInstrumentationTestRunner(  979): junitSplitLevel: package
D/PolideaInstrumentationTestRunner(  979): junitSingleFileName: ALL-TEST.xml
D/PolideaInstrumentationTestRunner(  979): Creating output directory if it does not exist
D/PolideaInstrumentationTestRunner(  979): Created directory? false
D/PolideaInstrumentationTestRunner(  979): Deleting old files
D/PolideaInstrumentationTestRunner(  979): Deleting: [/data/data/net.mandaria.tippytipper/files/it.unina.android.ripper-TEST.xml]
E/SurfaceFlinger(   37): ro.sf.lcd_density must be defined as a build property
V/RipperService(  920): PING
D/dalvikvm(  888): GC_FOR_ALLOC freed 42K, 5% free 3904K/4100K, paused 68ms, total 73ms
D/PolideaInstrumentationTestRunner(  979): Getting android test runner
D/PolideaInstrumentationTestRunner(  979): JUnit test output enabled
W/dalvikvm(  979): method Landroid/test/InstrumentationTestRunner$StringResultPrinter;.print incorrectly overrides package-private method with same name in Ljunit/textui/ResultPrinter;
D/PolideaInstrumentationTestRunner(  979): Starting test: testApplication(it.unina.android.ripper.RipperTestCase)
I/TestRunner(  979): started: testApplication(it.unina.android.ripper.RipperTestCase)
I/dalvikvm-heap(  888): Grow heap (frag case) to 9.978MB for 6410576-byte allocation
D/dalvikvm(  888): GC_CONCURRENT freed 1K, 2% free 10164K/10364K, paused 22ms+16ms, total 59ms
V/AndroidRipperService(  920): mHandler.handleMessage() RECIVED
V/AndroidRipperService(  920): broadcast()
V/AndroidRipperService(  920): broadcast() done
V/        (  920): ready
V/RipperService(  920): PING
V/AndroidRipperService(  920): mHandler.handleMessage() RECIVED
V/AndroidRipperService(  920): broadcast()
V/AndroidRipperService(  920): broadcast() done
V/        (  920): ready
I/ActivityManager(  329): Start proc com.android.email for broadcast com.android.email/.service.EmailBroadcastReceiver: pid=1030 uid=10019 gids={50019, 3003, 1015, 1028}
I/ActivityManager(  329): START u0 {act=android.intent.action.MAIN flg=0x10000000 cmp=net.mandaria.tippytipper/.activities.TippyTipper} from pid 979
V/AndroidRipperService(  920): onBind()
V/AndroidRipperService(  920): register()
V/AndroidRipperService(  920): onBind()
D/dalvikvm(  888): GC_FOR_ALLOC freed <1K, 2% free 10164K/10364K, paused 255ms, total 255ms
E/SurfaceFlinger(   37): ro.sf.lcd_density must be defined as a build property
I/dalvikvm-heap(  888): Grow heap (frag case) to 12.675MB for 2828816-byte allocation
D/dalvikvm(  888): GC_FOR_ALLOC freed 0K, 2% free 12926K/13128K, paused 64ms, total 64ms
D/dalvikvm(  329): GC_CONCURRENT freed 783K, 23% free 5788K/7512K, paused 829ms+22ms, total 1304ms
E/Trace   ( 1030): error opening trace file: No such file or directory (2)
D/dalvikvm(  888): GC_CONCURRENT freed 6260K, 50% free 6667K/13128K, paused 22ms+60ms, total 164ms
V/RipperService(  920): PING
V/AndroidRipperService(  920): mHandler.handleMessage() RECIVED
V/AndroidRipperService(  920): broadcast()
I/AndroidRipper(  979): Recived message: PING
V/RipperTestCase(  979): Not ready to operate!
V/AndroidRipperService(  920): broadcast() done
V/        (  920): ready
W/ActivityManager(  329): Activity pause timeout for ActivityRecord{40f1aa80 u0 com.android.launcher/com.android.launcher2.Launcher}
I/ActivityManager(  329): Start proc com.android.exchange for service com.android.exchange/.ExchangeService: pid=1048 uid=10032 gids={50032, 3003, 1015, 1028}
I/ActivityManager(  329): Start proc com.android.providers.calendar for broadcast com.android.providers.calendar/.CalendarReceiver: pid=1063 uid=10023 gids={50023, 3003, 1015, 1028}
E/Trace   ( 1048): error opening trace file: No such file or directory (2)
I/ARMAssembler(   37): generated scanline__00000077:03515104_00009002_00000000 [127 ipp] (149 ins) at [0x40985460:0x409856b4] in 5449001 ns
D/dalvikvm(  979): GC_CONCURRENT freed 307K, 12% free 2693K/3060K, paused 7ms+2ms, total 207ms
D/dalvikvm(  329): GREF has increased to 501
E/Trace   ( 1063): error opening trace file: No such file or directory (2)
D/FlurryAgent(  979): Starting new session
D/FlurryAgent(  979): Sending report to: http://data.flurry.com/aar.do
V/RipperService(  920): PING
V/AndroidRipperService(  920): mHandler.handleMessage() RECIVED
V/AndroidRipperService(  920): broadcast()
I/AndroidRipper(  979): Recived message: PING
V/RipperTestCase(  979): Not ready to operate!
V/AndroidRipperService(  920): broadcast() done
V/        (  920): ready
D/PhoneStatusBar(  888): disable: < expand icons alerts ticker system_info back* home* recent clock* search >
E/SurfaceFlinger(   37): ro.sf.lcd_density must be defined as a build property
V/PhoneStatusBar(  888): setLightsOn(true)
I/Choreographer(  979): Skipped 35 frames!  The application may be doing too much work on its main thread.
D/Tethering(  329): MasterInitialState.processMessage what=3
D/gralloc_goldfish(  979): Emulator without GPU emulation detected.
I/ActivityManager(  329): Start proc com.android.mms for broadcast com.android.mms/.transaction.MmsSystemEventReceiver: pid=1083 uid=10029 gids={50029, 3003, 1015, 1028}
I/ActivityManager(  329): Displayed net.mandaria.tippytipper/.activities.TippyTipper: +2s397ms (total +1m3s380ms)
D/FlurryAgent(  979): Report successful
E/Trace   ( 1083): error opening trace file: No such file or directory (2)
D/CountryDetector(  329): The first listener is added
V/MmsConfig( 1083): mnc/mcc: 310260
V/MmsConfig( 1083): tag: bool value: enabledMMS - true
V/MmsConfig( 1083): tag: int value: maxMessageSize - 307200
V/MmsConfig( 1083): tag: int value: maxImageHeight - 480
V/MmsConfig( 1083): tag: int value: maxImageWidth - 640
V/MmsConfig( 1083): tag: int value: defaultSMSMessagesPerThread - 500
V/MmsConfig( 1083): tag: int value: defaultMMSMessagesPerThread - 50
V/MmsConfig( 1083): tag: int value: minMessageCountPerThread - 10
V/MmsConfig( 1083): tag: int value: maxMessageCountPerThread - 5000
V/MmsConfig( 1083): tag: string value: uaProfUrl - http://www.google.com/oha/rdf/ua-profile-kila.xml
V/MmsConfig( 1083): tag: int value: recipientLimit - -1
V/MmsConfig( 1083): tag: bool value: enableMultipartSMS - true
V/MmsConfig( 1083): tag: int value: smsToMmsTextThreshold - -1
V/MmsConfig( 1083): tag: bool value: enableSlideDuration - true
V/MmsConfig( 1083): tag: int value: maxMessageTextSize - -1
I/FusedLocation(  960): engine started (com.android.location.fused)
D/ExchangeService( 1048): !!! EAS ExchangeService, onCreate
I/dalvikvm(  329): Jit: resizing JitTable from 4096 to 8192
D/ExchangeService( 1048): !!! EAS ExchangeService, onStartCommand, startingUp = false, running = false
D/Eas Debug( 1048): Logging: 
I/ActivityManager(  329): Start proc com.android.settings for broadcast com.android.settings/.widget.SettingsAppWidgetProvider: pid=1125 uid=1000 gids={41000, 1015, 1028, 3002, 3001, 3003}
E/Trace   ( 1125): error opening trace file: No such file or directory (2)
V/RipperService(  920): PING
V/AndroidRipperService(  920): mHandler.handleMessage() RECIVED
V/AndroidRipperService(  920): broadcast()
I/AndroidRipper(  979): Recived message: PING
V/RipperTestCase(  979): Not ready to operate!
V/AndroidRipperService(  920): broadcast() done
V/        (  920): ready
E/BluetoothAdapter( 1125): Bluetooth binder is null
I/AndroidRipper(  979): [RipperTestCase] Ready to operate after restarting...
E/JavaBinder(  888): *** Uncaught remote exception!  (Exceptions are not yet supported across processes.)
E/JavaBinder(  888): java.lang.RuntimeException: android.os.DeadObjectException
E/JavaBinder(  888): 	at android.os.Parcel.writeException(Parcel.java:1326)
E/JavaBinder(  888): 	at android.os.Binder.execTransact(Binder.java:354)
E/JavaBinder(  888): 	at dalvik.system.NativeStart.run(Native Method)
E/JavaBinder(  888): Caused by: android.os.DeadObjectException
E/JavaBinder(  888): 	at android.os.BinderProxy.transact(Native Method)
E/JavaBinder(  888): 	at android.content.IIntentReceiver$Stub$Proxy.performReceive(IIntentReceiver.java:124)
E/JavaBinder(  888): 	at android.app.ActivityThread$ApplicationThread.scheduleRegisteredReceiver(ActivityThread.java:809)
E/JavaBinder(  888): 	at android.app.ApplicationThreadNative.onTransact(ApplicationThreadNative.java:383)
E/JavaBinder(  888): 	at android.os.Binder.execTransact(Binder.java:351)
E/JavaBinder(  888): 	... 1 more
D/ExchangeService( 1048): !!! EAS ExchangeService, onStartCommand, startingUp = true, running = false
D/GpsLocationProvider(  329): NTP server returned: 1483284015244 (Sun Jan 01 15:20:15 GMT 2017) reference: 123653 certainty: 7 system time offset: -18175
D/EmailProvider( 1030): fromDatabase accounts: 0
D/EmailProvider( 1030): ending toDatabase transaction; copyCount = 0
D/EmailProvider( 1030): ending fromDatabase transaction; copyCount = 0
W/ActivityManager(  329): Unable to start service Intent { cmp=com.android.email/.service.AttachmentDownloadService } U=0: not found
D/ExchangeService( 1048): !!! EAS ExchangeService, onStartCommand, startingUp = true, running = false
D/dalvikvm( 1030): GC_CONCURRENT freed 193K, 9% free 2578K/2832K, paused 13ms+2ms, total 54ms
W/ActivityManager(  329): Unable to start service Intent { cmp=com.android.email/.service.AttachmentDownloadService } U=0: not found
D/ExchangeService( 1048): Received deviceId from Email app: androidc259148960
D/ExchangeService( 1048): Reconciling accounts...
D/ExchangeService( 1048): !!! EAS ExchangeService, onStartCommand, startingUp = true, running = false
W/ActivityManager(  329): Unable to start service Intent { cmp=com.android.email/.service.AttachmentDownloadService } U=0: not found
D/dalvikvm(  534): GC_CONCURRENT freed 193K, 8% free 3219K/3468K, paused 11ms+106ms, total 156ms
D/Eas Debug( 1048): Logging: 
I/CalendarProvider2( 1063): Sending notification intent: Intent { act=android.intent.action.PROVIDER_CHANGED dat=content://com.android.calendar }
W/ContentResolver( 1063): Failed to get type for: content://com.android.calendar (Unknown URL content://com.android.calendar)
D/dalvikvm(  534): GC_CONCURRENT freed 302K, 10% free 3364K/3724K, paused 19ms+19ms, total 79ms
V/RipperService(  920): PING
V/AndroidRipperService(  920): mHandler.handleMessage() RECIVED
V/AndroidRipperService(  920): broadcast()
I/AndroidRipper(  979): Recived message: PING
V/AndroidRipperService(  920): send()
I/System.out(  920): {"type":"PONG","index":"8"}
V/AndroidRipperService(  920): broadcast() done
V/        (  920): ready
V/RipperService(  920): DSC
V/AndroidRipperService(  920): mHandler.handleMessage() RECIVED
V/AndroidRipperService(  920): broadcast()
I/AndroidRipper(  979): Recived message: DSC
V/RipperTestCase(  979): DSC : net.mandaria.tippytipper
V/AndroidRipperService(  920): broadcast() done
V/        (  920): ready
D/dalvikvm(  979): GC_CONCURRENT freed 166K, 8% free 2928K/3156K, paused 15ms+2ms, total 72ms
I/AndroidRipper(  979): [SimpleExtractor] Found widget: id=-1 (android.widget.LinearLayout{40d59e30 V.E..... ......I. 0,0-480,800})
I/AndroidRipper(  979): [SimpleExtractor] Found widget: id=16909140 (android.view.ViewStub{40d5b8c0 G.E..... ......I. 0,0-0,0 #1020354})
I/AndroidRipper(  979): [SimpleExtractor] Found widget: id=-1 (android.widget.FrameLayout{40d5bd18 V.E..... ......I. 0,38-480,76})
I/AndroidRipper(  979): [SimpleExtractor] Found widget: id=16908310 (android.widget.TextView{40d5e720 V.ED.... ......I. 6,1-474,36 #1020016 android:id/title})
I/AndroidRipper(  979): [SimpleExtractor] Found widget: id=16908290 (android.widget.FrameLayout{40d37e68 V.E..... ......I. 0,76-480,800 #1020002 android:id/content})
I/AndroidRipper(  979): [SimpleExtractor] Found widget: id=-1 (android.widget.LinearLayout{40d3b3f0 V.E..... ......I. 0,0-480,724})
I/AndroidRipper(  979): [SimpleExtractor] Found widget: id=-1 (android.widget.TextView{40d46360 V.ED.... ......I. 15,0-252,71})
I/AndroidRipper(  979): [SimpleExtractor] Found widget: id=2131361792 (android.widget.EditText{40d553f8 VFED..CL .F....I. 15,71-465,149 #7f0a0000 app:id/txt_amount})
I/AndroidRipper(  979): [SimpleExtractor] Found widget: id=-1 (android.widget.LinearLayout{40d3e218 V.E..... ......I. 15,187-465,724})
I/AndroidRipper(  979): [SimpleExtractor] Found widget: id=-1 (android.widget.LinearLayout{40d38de8 V.E..... ......I. 0,0-450,84})
I/AndroidRipper(  979): [SimpleExtractor] Found widget: id=2131361793 (android.widget.Button{40d3ba20 VFED..C. ......I. 6,6-144,78 #7f0a0001 app:id/btn_seven})
I/AndroidRipper(  979): [SimpleExtractor] Found widget: id=2131361794 (android.widget.Button{40d3c158 VFED..C. ......I. 156,6-294,78 #7f0a0002 app:id/btn_eight})
I/AndroidRipper(  979): [SimpleExtractor] Found widget: id=2131361795 (android.widget.Button{40d48ec0 VFED..C. ......I. 306,6-444,78 #7f0a0003 app:id/btn_nine})
I/AndroidRipper(  979): [SimpleExtractor] Found widget: id=-1 (android.widget.LinearLayout{40d391f8 V.E..... ......I. 0,84-450,168})
I/AndroidRipper(  979): [SimpleExtractor] Found widget: id=2131361796 (android.widget.Button{40d3aa30 VFED..C. ......I. 6,6-144,78 #7f0a0004 app:id/btn_four})
I/AndroidRipper(  979): [SimpleExtractor] Found widget: id=2131361797 (android.widget.Button{40d475e0 VFED..C. ......I. 156,6-294,78 #7f0a0005 app:id/btn_five})
I/AndroidRipper(  979): [SimpleExtractor] Found widget: id=2131361798 (android.widget.Button{40d54da0 VFED..C. ......I. 306,6-444,78 #7f0a0006 app:id/btn_six})
I/AndroidRipper(  979): [SimpleExtractor] Found widget: id=-1 (android.widget.LinearLayout{40d3a430 V.E..... ......I. 0,168-450,252})
I/AndroidRipper(  979): [SimpleExtractor] Found widget: id=2131361799 (android.widget.Button{40d3b6b8 VFED..C. ......I. 6,6-144,78 #7f0a0007 app:id/btn_one})
I/AndroidRipper(  979): [SimpleExtractor] Found widget: id=2131361800 (android.widget.Button{40d3ceb0 VFED..C. ......I. 156,6-294,78 #7f0a0008 app:id/btn_two})
I/AndroidRipper(  979): [SimpleExtractor] Found widget: id=2131361801 (android.widget.Button{40d56d60 VFED..C. ......I. 306,6-444,78 #7f0a0009 app:id/btn_three})
I/AndroidRipper(  979): [SimpleExtractor] Found widget: id=-1 (android.widget.LinearLayout{40d3d580 V.E..... ......I. 0,252-450,336})
I/AndroidRipper(  979): [SimpleExtractor] Found widget: id=2131361802 (android.widget.Button{40d47c28 VFED..CL ......I. 6,6-144,78 #7f0a000a app:id/btn_delete})
I/AndroidRipper(  979): [SimpleExtractor] Found widget: id=2131361803 (android.widget.Button{40d450a0 VFED..C. ......I. 156,6-294,78 #7f0a000b app:id/btn_zero})
I/AndroidRipper(  979): [SimpleExtractor] Found widget: id=2131361804 (android.widget.Button{40d51f48 VFED..C. ......I. 306,6-444,78 #7f0a000c app:id/btn_ok})
I/AndroidRipper(  979): [SimpleExtractor] Found widget: id=-1 (com.android.internal.policy.impl.PhoneWindow$DecorView{40d58d70 V.E..... R.....I. 0,0-480,800})
D/dalvikvm(  979): GC_CONCURRENT freed 279K, 10% free 3061K/3400K, paused 14ms+25ms, total 68ms
V/AndroidRipperService(  920): send()
I/System.out(  920): {"type":"DSC","xml":"<activity title=\"Tippy Tipper\" name=\"TippyTipper\" class=\"net.mandaria.tippytipper.activities.TippyTipper\" menu=\"TRUE\" keypress=\"FALSE\" longkeypress=\"FALSE\" tab_activity=\"FALSE\" tab_count=\"0\" id=\"\" uid=\"\" root_activity=\"TRUE\">\n  <widget id=\"-1\" class=\"android.widget.LinearLayout\" simple_type=\"linearLayout\" name=\"\" count=\"3\" index=\"0\" enabled=\"TRUE\" visible=\"TRUE\" p_id=\"-1\" p_name=\"\" p_type=\"com.android.internal.policy.impl.PhoneWindow.DecorView\" ancestor_id=\"\" ancestor_type=\"null\"\/>\n  <widget id=\"16909140\" class=\"android.view.ViewStub\" simple_type=\"\" name=\"\" index=\"1\" enabled=\"TRUE\" visible=\"FALSE\" p_id=\"-1\" p_name=\"\" p_type=\"android.widget.LinearLayout\" ancestor_id=\"\" ancestor_type=\"null\"\/>\n  <widget id=\"-1\" class=\"android.widget.FrameLayout\" simple_type=\"\" name=\"\" count=\"1\" index=\"2\" enabled=\"TRUE\" visible=\"TRUE\" p_id=\"-1\" p_name=\"\" p_type=\"android.widget.LinearLayout\" ancestor_id=\"\" ancestor_type=\"null\"\/>\n  <widget id=\"16908310\" class=\"android.widget.TextView\" simple_type=\"text\" r_id=\"title\" text_type=\"0\" name=\"Tippy Tipper\" value=\"Tippy Tipper\" index=\"3\" enabled=\"TRUE\" visible=\"TRUE\" p_id=\"-1\" p_name=\"\" p_type=\"android.widget.FrameLayout\" ancestor_id=\"\" ancestor_type=\"null\"\/>\n  <widget id=\"16908290\" class=\"android.widget.FrameLayout\" simple_type=\"\" r_id=\"content\" name=\"\" count=\"1\" index=\"4\" enabled=\"TRUE\" visible=\"TRUE\" p_id=\"-1\" p_name=\"\" p_type=\"android.widget.LinearLayout\" ancestor_id=\"\" ancestor_type=\"null\"\/>\n  <widget id=\"-1\" class=\"android.widget.LinearLayout\" simple_type=\"linearLayout\" name=\"\" count=\"3\" index=\"5\" enabled=\"TRUE\" visible=\"TRUE\" p_id=\"16908290\" p_name=\"\" p_type=\"android.widget.FrameLayout\" ancestor_id=\"\" ancestor_type=\"\"\/>\n  <widget id=\"-1\" class=\"android.widget.TextView\" simple_type=\"text\" text_type=\"0\" name=\"Enter bill amount:\" value=\"Enter bill amount:\" index=\"6\" enabled=\"TRUE\" visible=\"TRUE\" p_id=\"-1\" p_name=\"\" p_type=\"android.widget.LinearLayout\" ancestor_id=\"16908290\" ancestor_type=\"android.widget.FrameLayout\"\/>\n  <widget id=\"2131361792\" class=\"android.widget.EditText\" simple_type=\"editText\" r_id=\"txt_amount\" text_type=\"0\" name=\"\" value=\"$0.00\" index=\"7\" enabled=\"TRUE\" visible=\"TRUE\" p_id=\"-1\" p_name=\"\" p_type=\"android.widget.LinearLayout\" ancestor_id=\"16908290\" ancestor_type=\"android.widget.FrameLayout\"\/>\n  <widget id=\"-1\" class=\"android.widget.LinearLayout\" simple_type=\"linearLayout\" name=\"\" count=\"4\" index=\"8\" enabled=\"TRUE\" visible=\"TRUE\" p_id=\"-1\" p_name=\"\" p_type=\"android.widget.LinearLayout\" ancestor_id=\"16908290\" ancestor_type=\"android.widget.FrameLayout\"\/>\n  <widget id=\"-1\" class=\"android.widget.LinearLayout\" simple_type=\"linearLayout\" name=\"\" count=\"3\" index=\"9\" enabled=\"TRUE\" visible=\"TRUE\" p_id=\"-1\" p_name=\"\" p_type=\"android.widget.LinearLayout\" ancestor_id=\"16908290\" ancestor_type=\"android.widget.FrameLayout\"\/>\n  <widget id=\"2131361793\" class=\"android.widget.Button\" simple_type=\"button\" r_id=\"btn_seven\" text_type=\"0\" name=\"7\" value=\"7\" index=\"10\" enabled=\"TRUE\" visible=\"TRUE\" p_id=\"-1\" p_name=\"\" p_type=\"android.widget.LinearLayout\" ancestor_id=\"16908290\" ancestor_type=\"android.widget.FrameLayout\"\/>\n  <widget id=\"2131361794\" class=\"android.widget.Button\" simple_type=\"button\" r_id=\"btn_eight\" text_type=\"0\" name=\"8\" value=\"8\" index=\"11\" enabled=\"TRUE\" visible=\"TRUE\" p_id=\"-1\" p_name=\"\" p_type=\"android.widget.LinearLayout\" ancestor_id=\"16908290\" ancestor_type=\"android.widget.FrameLayout\"\/>\n  <widget id=\"2131361795\" class=\"android.widget.Button\" simple_type=\"button\" r_id=\"btn_nine\" text_type=\"0\" name=\"9\" value=\"9\" index=\"12\" enabled=\"TRUE\" visible=\"TRUE\" p_id=\"-1\" p_name=\"\" p_type=\"android.widget.LinearLayout\" ancestor_id=\"16908290\" 
D/MmsSmsDatabaseHelper(  515): [MmsSmsDb] tableName: threads hasAutoIncrement: CREATE TABLE threads (_id INTEGER PRIMARY KEY AUTOINCREMENT,date INTEGER DEFAULT 0,message_count INTEGER DEFAULT 0,recipient_ids TEXT,snippet TEXT,snippet_cs INTEGER DEFAULT 0,read INTEGER DEFAULT 1,type INTEGER DEFAULT 0,error INTEGER DEFAULT 0,has_attachment INTEGER DEFAULT 0) result: true
D/MmsSmsDatabaseHelper(  515): [MmsSmsDb] tableName: canonical_addresses hasAutoIncrement: CREATE TABLE canonical_addresses (_id INTEGER PRIMARY KEY AUTOINCREMENT,address TEXT) result: true
D/Mms:app ( 1083): cancelNotification
D/MmsSmsDatabaseHelper(  515): [MmsSmsDb] tableName: part hasAutoIncrement: CREATE TABLE part (_id INTEGER PRIMARY KEY AUTOINCREMENT,mid INTEGER,seq INTEGER DEFAULT 0,ct TEXT,name TEXT,chset INTEGER,cd TEXT,fn TEXT,cid TEXT,cl TEXT,ctt_s INTEGER,ctt_t TEXT,_data TEXT,text TEXT) result: true
D/MmsSmsDatabaseHelper(  515): [MmsSmsDb] tableName: pdu hasAutoIncrement: CREATE TABLE pdu (_id INTEGER PRIMARY KEY AUTOINCREMENT,thread_id INTEGER,date INTEGER,date_sent INTEGER DEFAULT 0,msg_box INTEGER,read INTEGER DEFAULT 0,m_id TEXT,sub TEXT,sub_cs INTEGER,ct_t TEXT,ct_l TEXT,exp INTEGER,m_cls TEXT,m_type INTEGER,v INTEGER,m_size INTEGER,pri INTEGER,rr INTEGER,rpt_a INTEGER,resp_st INTEGER,st INTEGER,tr_id TEXT,retr_st INTEGER,retr_txt TEXT,retr_txt_cs INTEGER,read_status INTEGER,ct_cls INTEGER,resp_txt TEXT,d_tm INTEGER,d_rpt INTEGER,locked INTEGER DEFAULT 0,seen INTEGER DEFAULT 0,text_only INTEGER DEFAULT 0) result: true
D/MmsSmsDatabaseHelper(  515): [getWritableDatabase] hasAutoIncrementThreads: true hasAutoIncrementAddresses: true hasAutoIncrementPart: true hasAutoIncrementPdu: true
D/Launcher.Model(  534): Reload apps on config change. curr_mcc:310 prevmcc:0
I/Choreographer(  534): Skipped 540 frames!  The application may be doing too much work on its main thread.
D/dalvikvm(  515): GREF has increased to 201
D/dalvikvm(  329): GREF has increased to 601
D/Mms:app ( 1083): cancelNotification
D/dalvikvm( 1083): GC_CONCURRENT freed 225K, 11% free 2542K/2828K, paused 3ms+2ms, total 44ms
D/dalvikvm(  534): GC_CONCURRENT freed 270K, 10% free 3493K/3860K, paused 9ms+4ms, total 47ms
V/RipperService(  920): EVT
V/AndroidRipperService(  920): mHandler.handleMessage() RECIVED
V/AndroidRipperService(  920): broadcast()
I/AndroidRipper(  979): Recived message: EVT
V/RipperTestCase(  979): DSC : net.mandaria.tippytipper
V/AndroidRipperService(  920): broadcast() done
V/        (  920): ready
D/dalvikvm(  665): GREF has increased to 201
I/Launcher(  534): setLoadOnResume
I/Launcher(  534): setLoadOnResume
D/dalvikvm(  534): GC_FOR_ALLOC freed 167K, 7% free 3649K/3908K, paused 21ms, total 36ms
I/dalvikvm-heap(  534): Grow heap (frag case) to 4.109MB for 518416-byte allocation
D/dalvikvm(  534): GC_CONCURRENT freed 8K, 7% free 4147K/4416K, paused 12ms+3ms, total 42ms
D/dalvikvm(  534): WAIT_FOR_CONCURRENT_GC blocked 17ms
W/MediaProvider(  665): no database for scanned volume external
D/dalvikvm(  534): GC_FOR_ALLOC freed <1K, 7% free 4147K/4416K, paused 28ms, total 34ms
I/dalvikvm-heap(  534): Grow heap (frag case) to 4.596MB for 518416-byte allocation
D/dalvikvm(  534): GC_CONCURRENT freed <1K, 6% free 4653K/4924K, paused 11ms+4ms, total 37ms
D/dalvikvm(  534): WAIT_FOR_CONCURRENT_GC blocked 26ms
D/dalvikvm(  534): GREF has increased to 201
I/Launcher(  534): setLoadOnResume
I/Launcher(  534): setLoadOnResume
W/SurfaceFlinger(   37): createScreenshotSurface failed (Function not implemented)
I/ActivityManager(  329): Config changes=1480 {1.0 310mcc260mnc en_US ldltr sw320dp w533dp h294dp 240dpi nrml long land finger -keyb/v/h tball/v s.7}
I/InputReader(  329): Reconfiguring input devices.  changes=0x00000004
I/InputReader(  329): Device reconfigured: id=0, name='qwerty2', size 480x800, orientation 1, mode 1, display id 0
D/FlurryAgent(  979): Ending session
D/dalvikvm(  888): GC_FOR_ALLOC freed 2812K, 5% free 3905K/4100K, paused 73ms, total 90ms
I/dalvikvm-heap(  888): Grow heap (frag case) to 9.978MB for 6410576-byte allocation
D/dalvikvm(  888): GC_CONCURRENT freed 3K, 2% free 10161K/10364K, paused 4ms+4ms, total 59ms
D/FlurryAgent(  979): Continuing previous session
I/Choreographer(  979): Skipped 107 frames!  The application may be doing too much work on its main thread.
E/SurfaceFlinger(   37): ro.sf.lcd_density must be defined as a build property
D/dalvikvm(  888): GC_FOR_ALLOC freed <1K, 2% free 10162K/10364K, paused 20ms, total 20ms
I/dalvikvm-heap(  888): Grow heap (frag case) to 12.672MB for 2828816-byte allocation
D/dalvikvm(  888): GC_CONCURRENT freed 0K, 2% free 12924K/13128K, paused 5ms+4ms, total 36ms
D/dalvikvm(  888): WAIT_FOR_CONCURRENT_GC blocked 31ms
V/AndroidRipperService(  920): send()
I/System.out(  920): {"type":"ACK","index":"12"}
V/RipperService(  920): DSC
V/AndroidRipperService(  920): mHandler.handleMessage() RECIVED
V/AndroidRipperService(  920): broadcast()
V/AndroidRipperService(  920): broadcast() done
V/        (  920): ready
I/AndroidRipper(  979): Recived message: DSC
V/RipperTestCase(  979): DSC : net.mandaria.tippytipper
D/dalvikvm(  979): GC_CONCURRENT freed 280K, 10% free 3173K/3512K, paused 5ms+3ms, total 96ms
I/Choreographer(  888): Skipped 56 frames!  The application may be doing too much work on its main thread.
I/ARMAssembler(   37): generated scanline__00000077:03010104_00008002_00000000 [ 89 ipp] (110 ins) at [0x409856c0:0x40985878] in 1136000 ns
I/AndroidRipper(  979): [SimpleExtractor] Found widget: id=-1 (android.widget.LinearLayout{40d3b108 V.E..... ......I. 0,0-800,480})
I/AndroidRipper(  979): [SimpleExtractor] Found widget: id=16909140 (android.view.ViewStub{40d432c0 G.E..... ......I. 0,0-0,0 #1020354})
I/ARMAssembler(   37): generated scanline__00000077:03515104_00008001_00000000 [113 ipp] (134 ins) at [0x40985880:0x40985a98] in 564000 ns
I/AndroidRipper(  979): [SimpleExtractor] Found widget: id=-1 (android.widget.FrameLayout{40cdf4c8 V.E..... ......I. 0,38-800,76})
I/AndroidRipper(  979): [SimpleExtractor] Found widget: id=16908310 (android.widget.TextView{40d71e00 V.ED.... ......I. 6,1-794,36 #1020016 android:id/title})
I/AndroidRipper(  979): [SimpleExtractor] Found widget: id=16908290 (android.widget.FrameLayout{40d4a1a0 V.E..... ......I. 0,76-800,480 #1020002 android:id/content})
I/AndroidRipper(  979): [SimpleExtractor] Found widget: id=-1 (android.widget.LinearLayout{40d6e978 V.E..... ......I. 0,0-800,404})
I/AndroidRipper(  979): [SimpleExtractor] Found widget: id=-1 (android.widget.LinearLayout{40d789a0 V.E..... ......I. 15,8-785,86})
I/AndroidRipper(  979): [SimpleExtractor] Found widget: id=-1 (android.widget.TextView{40d75348 V.ED.... ......I. 0,3-237,74})
I/AndroidRipper(  979): [SimpleExtractor] Found widget: id=2131361792 (android.widget.EditText{40d76b28 VFED..CL .F....I. 267,0-770,78 #7f0a0000 app:id/txt_amount})
I/AndroidRipper(  979): [SimpleExtractor] Found widget: id=-1 (android.widget.LinearLayout{40d69a68 V.E..... ......I. 15,86-785,404})
I/AndroidRipper(  979): [SimpleExtractor] Found widget: id=-1 (android.widget.LinearLayout{40cc6700 V.E..... ......I. 0,0-770,82})
I/AndroidRipper(  979): [SimpleExtractor] Found widget: id=2131361793 (android.widget.Button{40d5a9c8 VFED..C. ......I. 5,5-252,77 #7f0a0001 app:id/btn_seven})
I/AndroidRipper(  979): [SimpleExtractor] Found widget: id=2131361794 (android.widget.Button{40d74ef8 VFED..C. ......I. 262,5-509,77 #7f0a0002 app:id/btn_eight})
I/AndroidRipper(  979): [SimpleExtractor] Found widget: id=2131361795 (android.widget.Button{40d0ee58 VFED..C. ......I. 519,5-765,77 #7f0a0003 app:id/btn_nine})
I/AndroidRipper(  979): [SimpleExtractor] Found widget: id=-1 (android.widget.LinearLayout{40cec1e0 V.E..... ......I. 0,82-770,164})
I/AndroidRipper(  979): [SimpleExtractor] Found widget: id=2131361796 (android.widget.Button{40d44600 VFED..C. ......I. 5,5-252,77 #7f0a0004 app:id/btn_four})
I/AndroidRipper(  979): [SimpleExtractor] Found widget: id=2131361797 (android.widget.Button{40d5b388 VFED..C. ......I. 262,5-509,77 #7f0a0005 app:id/btn_five})
I/AndroidRipper(  979): [SimpleExtractor] Found widget: id=2131361798 (android.widget.Button{40d8f410 VFED..C. ......I. 519,5-765,77 #7f0a0006 app:id/btn_six})
I/AndroidRipper(  979): [SimpleExtractor] Found widget: id=-1 (android.widget.LinearLayout{40d67298 V.E..... ......I. 0,164-770,246})
I/AndroidRipper(  979): [SimpleExtractor] Found widget: id=2131361799 (android.widget.Button{40d07b40 VFED..C. ......I. 5,5-252,77 #7f0a0007 app:id/btn_one})
I/AndroidRipper(  979): [SimpleExtractor] Found widget: id=2131361800 (android.widget.Button{40d7e850 VFED..C. ......I. 262,5-509,77 #7f0a0008 app:id/btn_two})
I/AndroidRipper(  979): [SimpleExtractor] Found widget: id=2131361801 (android.widget.Button{40d8e2e8 VFED..C. ......I. 519,5-765,77 #7f0a0009 app:id/btn_three})
I/AndroidRipper(  979): [SimpleExtractor] Found widget: id=-1 (android.widget.LinearLayout{40d8dce0 V.E..... ......I. 0,246-770,318})
I/AndroidRipper(  979): [SimpleExtractor] Found widget: id=2131361802 (android.widget.Button{40d05fd0 VFED..CL ......I. 5,5-252,67 #7f0a000a app:id/btn_delete})
I/AndroidRipper(  979): [SimpleExtractor] Found widget: id=2131361803 (android.widget.Button{40d829c8 VFED..C. ......I. 262,5-509,67 #7f0a000b app:id/btn_zero})
I/AndroidRipper(  979): [SimpleExtractor] Found widget: id=2131361804 (android.widget.Button{40d83250 VFED..C. ......I. 519,5-765,67 #7f0a000c app:id/btn_ok})
I/AndroidRipper(  979): [SimpleExtractor] Found widget: id=-1 (com.android.internal.policy.impl.PhoneWindow$DecorView{40cdf8e0 V.E..... R.....I. 0,0-800,480})
V/AndroidRipperService(  920): send()
