W/WiredAccessoryManager(  333): This kernel does not have usb audio support
W/WiredAccessoryManager(  333): This kernel does not have HDMI audio support
I/SystemServer(  333): USB Service
I/SystemServer(  333): Serial Service
I/SystemServer(  333): Twilight Service
I/SystemServer(  333): UI Mode Manager Service
I/SystemServer(  333): Backup Service
I/BackupManagerService(  333): Found stale backup journal, scheduling
I/BackupManagerService(  333):   android
I/BackupManagerService(  333):   com.android.browser
I/BackupManagerService(  333):   com.android.calendar
I/BackupManagerService(  333):   com.android.inputmethod.latin
I/BackupManagerService(  333):   com.android.providers.settings
I/BackupManagerService(  333):   com.android.providers.userdictionary
I/BackupManagerService(  333):   com.android.sharedstoragebackup
I/BackupManagerService(  333): Backup enabled => true
I/SystemServer(  333): AppWidget Service
I/SystemServer(  333): Recognition Service
I/SystemServer(  333): DiskStats Service
I/SystemServer(  333): SamplingProfiler Service
I/SystemServer(  333): NetworkTimeUpdateService
I/SystemServer(  333): CommonTimeManagementService
I/SystemServer(  333): CertBlacklister
I/SystemServer(  333): Dreams Service
I/WindowManager(  333): SAFE MODE not enabled
D/dalvikvm(  333): JIT started for system_server
D/dalvikvm(  333): GC_CONCURRENT freed 323K, 9% free 4349K/4740K, paused 4ms+4ms, total 191ms
I/ActivityManager(  333): System now ready
I/SystemServer(  333): Making services ready
I/Zygote  (  333): Process: zygote socket opened
I/ActivityManager(  333): Start proc com.android.systemui for service com.android.systemui/.SystemUIService: pid=431 uid=10034 gids={50034, 1028, 1015, 3002, 3001}
I/Vold    (   32): /dev/block/vold/179:0 being considered for volume sdcard
D/Vold    (   32): Volume sdcard state changing 1 (Idle-Unmounted) -> 3 (Checking)
D/MountService(  333): volume state changed for /mnt/sdcard (unmounted -> checking)
D/MountService(  333): sendStorageIntent Intent { act=android.intent.action.MEDIA_CHECKING dat=file:///mnt/sdcard (has extras) } to UserHandle{-1}
D/NetworkManagementService(  333): not enabling bandwidth control
I/keystore(   42): uid: 1000 action: e -> 7 state: 3 -> 3 retry: 4
I//system/bin/fsck_msdos(   32): ** /dev/block/vold/179:0
W/NetworkStats(  333): bandwidth controls disabled, unable to track stats
W/NetworkPolicy(  333): bandwidth controls disabled, unable to enforce policy
I/keystore(   42): uid: 1000 action: e -> 7 state: 3 -> 3 retry: 4
I/ActivityManager(  333): Config changes=200 {1.0 ?mcc?mnc en_US ldltr sw320dp w320dp h508dp 240dpi nrml long port finger -keyb/v/h tball/v s.3}
I//system/bin/fsck_msdos(   32): ** Phase 1 - Read and Compare FATs
W/RecognitionManagerService(  333): no available voice recognition services found for user 0
I//system/bin/fsck_msdos(   32): Attempting to allocate 2044 KB for FAT
E/Trace   (  431): error opening trace file: No such file or directory (2)
D/dalvikvm(  333): GC_CONCURRENT freed 84K, 4% free 4726K/4884K, paused 10ms+38ms, total 242ms
D/dalvikvm(  333): WAIT_FOR_CONCURRENT_GC blocked 220ms
D/SystemUIService(  431): loading: class com.android.systemui.statusbar.phone.PhoneStatusBar
D/SystemUIService(  431): running: com.android.systemui.statusbar.phone.PhoneStatusBar@40cd33a0
I/StatusBarManagerService(  333): registerStatusBar bar=com.android.internal.statusbar.IStatusBar$Stub$Proxy@40e463a8
D/dalvikvm(  333): GC_CONCURRENT freed 245K, 6% free 5068K/5384K, paused 34ms+183ms, total 623ms
D/dalvikvm(  333): WAIT_FOR_CONCURRENT_GC blocked 351ms
D/dalvikvm(  431): GC_FOR_ALLOC freed 88K, 6% free 2662K/2812K, paused 92ms, total 95ms
I/dalvikvm-heap(  431): Grow heap (frag case) to 3.261MB for 635812-byte allocation
W/InputMethodManagerService(  333): Ignoring setImeWindowStatus of uid 1000 token: null
D/dalvikvm(  431): GC_CONCURRENT freed 5K, 5% free 3278K/3436K, paused 19ms+4ms, total 110ms
D/dalvikvm(  431): WAIT_FOR_CONCURRENT_GC blocked 17ms
D/dalvikvm(  431): WAIT_FOR_CONCURRENT_GC blocked 23ms
W/InputMethodManagerService(  333): Found no subtypes in a system IME: com.android.inputmethod.pinyin
I/ActivityManager(  333): Start proc com.android.inputmethod.latin for service com.android.inputmethod.latin/.LatinIME: pid=471 uid=10010 gids={50010, 1028}
I/CommonTimeManagementService(  333): No common time service detected on this platform.  Common time services will be unavailable.
I/InputReader(  333): Reconfiguring input devices.  changes=0x00000020
I/ActivityManager(  333): Start proc com.android.phone for added application com.android.phone: pid=491 uid=1001 gids={41001, 3002, 3001, 3003, 1015, 1028}
E/Trace   (  471): error opening trace file: No such file or directory (2)
W/SocketClient(   34): write error (Broken pipe)
D/dalvikvm(  333): GC_CONCURRENT freed 321K, 7% free 5424K/5812K, paused 164ms+66ms, total 702ms
D/dalvikvm(  333): WAIT_FOR_CONCURRENT_GC blocked 95ms
D/dalvikvm(  333): WAIT_FOR_CONCURRENT_GC blocked 341ms
D/dalvikvm(  333): WAIT_FOR_CONCURRENT_GC blocked 318ms
E/ThrottleService(  333): problem during onPollAlarm: java.lang.IllegalStateException: problem parsing stats: java.io.FileNotFoundException: /proc/net/xt_qtaguid/iface_stat_all: open failed: ENOENT (No such file or directory)
D/dalvikvm(  333): WAIT_FOR_CONCURRENT_GC blocked 322ms
D/dalvikvm(  333): WAIT_FOR_CONCURRENT_GC blocked 299ms
D/dalvikvm(  333): WAIT_FOR_CONCURRENT_GC blocked 119ms
D/dalvikvm(  333): WAIT_FOR_CONCURRENT_GC blocked 378ms
D/dalvikvm(  333): WAIT_FOR_CONCURRENT_GC blocked 384ms
D/dalvikvm(  333): WAIT_FOR_CONCURRENT_GC blocked 407ms
I/InputReader(  333): Reconfiguring input devices.  changes=0x00000010
D/dalvikvm(  333): WAIT_FOR_CONCURRENT_GC blocked 537ms
I/ActivityManager(  333): START u0 {act=android.intent.action.MAIN cat=[android.intent.category.HOME] flg=0x10000000 cmp=com.android.launcher/com.android.launcher2.Launcher} from pid 0
I/ActivityManager(  333): Start proc com.android.launcher for activity com.android.launcher/com.android.launcher2.Launcher: pid=512 uid=10020 gids={50020, 1028}
I/SystemServer(  333): Enabled StrictMode for system server main thread.
D/dalvikvm(  333): WAIT_FOR_CONCURRENT_GC blocked 830ms
I/LocationBlacklist(  333): whitelist: []
I/LocationBlacklist(  333): blacklist: []
E/BluetoothAdapter(  431): Bluetooth binder is null
E/BluetoothAdapter(  431): Bluetooth binder is null
E/SurfaceFlinger(   37): ro.sf.lcd_density must be defined as a build property
D/gralloc_goldfish(  333): Emulator without GPU emulation detected.
E/BluetoothAdapter(  431): Bluetooth binder is null
E/Trace   (  512): error opening trace file: No such file or directory (2)
E/Trace   (  491): error opening trace file: No such file or directory (2)
D/dalvikvm(  431): GC_CONCURRENT freed 64K, 4% free 3638K/3764K, paused 5ms+125ms, total 348ms
I/LatinIME(  471): Hardware accelerated drawing: false
D/dalvikvm(  333): GC_CONCURRENT freed 647K, 12% free 5542K/6256K, paused 164ms+93ms, total 1035ms
D/dalvikvm(  333): WAIT_FOR_CONCURRENT_GC blocked 23ms
D/dalvikvm(  333): WAIT_FOR_CONCURRENT_GC blocked 206ms
D/dalvikvm(  333): WAIT_FOR_CONCURRENT_GC blocked 25ms
D/dalvikvm(  333): WAIT_FOR_CONCURRENT_GC blocked 355ms
D/dalvikvm(  333): WAIT_FOR_CONCURRENT_GC blocked 358ms
I/Choreographer(  333): Skipped 2615 frames!  The application may be doing too much work on its main thread.
D/dalvikvm(  333): GC_CONCURRENT freed 778K, 14% free 5558K/6404K, paused 9ms+70ms, total 352ms
D/dalvikvm(  333): WAIT_FOR_CONCURRENT_GC blocked 5ms
D/dalvikvm(  333): WAIT_FOR_CONCURRENT_GC blocked 234ms
D/dalvikvm(  333): WAIT_FOR_CONCURRENT_GC blocked 146ms
D/dalvikvm(  333): WAIT_FOR_CONCURRENT_GC blocked 260ms
V/TAG     (  333): bug 7643792: fitSystemWindows([0,0][0,0])
D/dalvikvm(  333): GREF has increased to 301
W/TelephonyProvider(  491): onCreate: confFile=/system/etc/apns-conf.xml oldCheckSum=-1
D/TelephonyManager(  491): getLteOnCdmaMode=0 curVal=-1 product_type='' lteOnCdmaProductType=''
D/dalvikvm(  333): WAIT_FOR_CONCURRENT_GC blocked 673ms
W/GpsLocationProvider(  333): Could not open GPS configuration file /etc/gps.conf
W/ServiceWatcher(  333): com.google.android.location not found
D/TelephonyManager(  491): getLteOnCdmaMode=0 curVal=-1 product_type='' lteOnCdmaProductType=''
E/BluetoothAdapter(  431): Bluetooth binder is null
D/TelephonyManager(  491): getLteOnCdmaMode=0 curVal=-1 product_type='' lteOnCdmaProductType=''
I/ActivityManager(  333): Start proc com.android.music for broadcast com.android.music/.MediaButtonIntentReceiver: pid=547 uid=10025 gids={50025, 3003, 1015, 1028}
W/InputAttributes(  471): No editor info for this field. Bug?
V/TAG     (  333): bug 7643792: fitSystemWindows([0,0][0,0])
I/Choreographer(  333): Skipped 60 frames!  The application may be doing too much work on its main thread.
I/dalvikvm(  547): Turning on JNI app bug workarounds for target SDK version 9...
W/Settings(  491): Setting airplane_mode_on has moved from android.provider.Settings.System to android.provider.Settings.Global, returning read-only value.
W/Settings(  491): Setting auto_time has moved from android.provider.Settings.System to android.provider.Settings.Global, returning read-only global URI.
D/dalvikvm(  471): GC_CONCURRENT freed 264K, 12% free 2505K/2832K, paused 4ms+31ms, total 168ms
W/WindowManager(  333): Window freeze timeout expired.
W/WindowManager(  333): Force clearing orientation change: Window{40e84b20 u0 Keyguard}
W/Settings(  491): Setting auto_time_zone has moved from android.provider.Settings.System to android.provider.Settings.Global, returning read-only global URI.
E/ActivityThread(  471): Failed to find provider info for com.android.inputmethod.latin.dictionarypack
E/BinaryDictionaryGetter(  471): Could not find a dictionary pack
I/ActivityManager(  333): Start proc android.process.acore for content provider com.android.providers.userdictionary/.UserDictionaryProvider: pid=572 uid=10001 gids={50001, 3003, 1015, 1028}
W/ActivityManager(  333): Unable to start service Intent { act=com.android.internal.telephony.IWapPushManager } U=0: not found
E/Trace   (  547): error opening trace file: No such file or directory (2)
E/SurfaceFlinger(   37): ro.sf.lcd_density must be defined as a build property
W/ServiceWatcher(  333): com.google.android.location not found
W/LocationManagerService(  333): no network location provider found
W/ServiceWatcher(  333): com.google.android.location not found
D/        (  491): [ApnContext:default] set reason as dataEnabled,current state IDLE
D/        (  491): [ApnContext:default] setRetryCount: 0
D/        (  491): [ApnContext:mms] set reason as dataEnabled,current state IDLE
D/        (  491): [ApnContext:mms] setRetryCount: 0
D/        (  491): [ApnContext:supl] set reason as dataEnabled,current state IDLE
D/        (  491): [ApnContext:supl] setRetryCount: 0
D/        (  491): [ApnContext:hipri] set reason as dataEnabled,current state IDLE
D/        (  491): [ApnContext:hipri] setRetryCount: 0
D/        (  491): [ApnContext:fota] set reason as dataEnabled,current state IDLE
D/        (  491): [ApnContext:fota] setRetryCount: 0
D/        (  491): [ApnContext:ims] set reason as dataEnabled,current state IDLE
D/        (  491): [ApnContext:ims] setRetryCount: 0
D/        (  491): [ApnContext:cbs] set reason as dataEnabled,current state IDLE
D/        (  491): [ApnContext:cbs] setRetryCount: 0
D/dalvikvm(  512): GC_CONCURRENT freed 195K, 9% free 2679K/2936K, paused 17ms+17ms, total 1197ms
D/dalvikvm(  512): WAIT_FOR_CONCURRENT_GC blocked 47ms
D/dalvikvm(  333): GC_FOR_ALLOC freed 342K, 15% free 5496K/6404K, paused 415ms, total 419ms
I/dalvikvm-heap(  333): Grow heap (frag case) to 6.507MB for 1128976-byte allocation
D/dalvikvm(  333): GC_FOR_ALLOC freed 3K, 13% free 6596K/7508K, paused 101ms, total 101ms
I/Choreographer(  333): Skipped 567 frames!  The application may be doing too much work on its main thread.
D/dalvikvm(  333): GC_CONCURRENT freed 8K, 13% free 6593K/7508K, paused 59ms+70ms, total 564ms
I/Choreographer(  333): Skipped 70 frames!  The application may be doing too much work on its main thread.
W/InputMethodManagerService(  333): Found no subtypes in a system IME: com.android.inputmethod.pinyin
I/ActivityManager(  333): Start proc com.android.location.fused for service com.android.location.fused/.FusedLocationService: pid=596 uid=10022 gids={50022, 1028}
D/PhoneStatusBar(  431): disable: < expand icons alerts ticker system_info back home recent clock search >
D/TelephonyManager(  491): getLteOnCdmaMode=0 curVal=-1 product_type='' lteOnCdmaProductType=''
D/CallManager(  491): registerPhone(GSM Handler (com.android.internal.telephony.PhoneProxy) {40d02cf8})
I/AudioService(  333):   Remote Control   registerMediaButtonIntent() for PendingIntent{40e2e1f0: PendingIntentRecord{40e9f050 com.android.music broadcastIntent}}
E/Trace   (  572): error opening trace file: No such file or directory (2)
I/ActivityManager(  333): Start proc android.process.media for content provider com.android.providers.media/.MediaProvider: pid=614 uid=10000 gids={50000, 1015, 1023, 1024, 1028, 1006, 2001, 3003, 3007}
E/BluetoothAdapter(  491): Bluetooth binder is null
E/Trace   (  596): error opening trace file: No such file or directory (2)
D/dalvikvm(  491): GC_CONCURRENT freed 209K, 10% free 2595K/2864K, paused 3ms+2ms, total 670ms
W/ServiceWatcher(  333): com.google.android.location not found
E/LocationManagerService(  333): no geocoder provider found
E/Trace   (  614): error opening trace file: No such file or directory (2)
E/BluetoothAdapter(  431): Bluetooth binder is null
E/BluetoothAdapter(  491): Bluetooth binder is null
W/ActivityManager(  333): Activity idle timeout for ActivityRecord{40f56c58 u0 com.android.launcher/com.android.launcher2.Launcher}
I/ActivityManager(  333): Start proc com.android.contacts for broadcast com.android.contacts/.calllog.CallLogReceiver: pid=633 uid=10001 gids={50001, 3003, 1015, 1028}
E/BluetoothAdapter(  333): Bluetooth binder is null
E/BluetoothAdapter(  333): Bluetooth binder is null
V/WiredAccessoryManager(  333): init()
D/dalvikvm(   38): GC_EXPLICIT freed 34K, 4% free 2382K/2476K, paused 17ms+7ms, total 264ms
D/SystemUIService(  431): loading: class com.android.systemui.power.PowerUI
D/SystemUIService(  431): running: com.android.systemui.power.PowerUI@40e430f0
D/dalvikvm(   38): GC_EXPLICIT freed <1K, 4% free 2382K/2476K, paused 7ms+7ms, total 240ms
E/SoundPool(  333): error loading /system/media/audio/ui/Effect_Tick.ogg
W/AudioService(  333): Soundpool could not load file: /system/media/audio/ui/Effect_Tick.ogg
E/SoundPool(  333): error loading /system/media/audio/ui/Effect_Tick.ogg
W/AudioService(  333): Soundpool could not load file: /system/media/audio/ui/Effect_Tick.ogg
E/SoundPool(  333): error loading /system/media/audio/ui/Effect_Tick.ogg
W/AudioService(  333): Soundpool could not load file: /system/media/audio/ui/Effect_Tick.ogg
E/SoundPool(  333): error loading /system/media/audio/ui/Effect_Tick.ogg
W/AudioService(  333): Soundpool could not load file: /system/media/audio/ui/Effect_Tick.ogg
E/SoundPool(  333): error loading /system/media/audio/ui/Effect_Tick.ogg
W/AudioService(  333): Soundpool could not load file: /system/media/audio/ui/Effect_Tick.ogg
E/SoundPool(  333): error loading /system/media/audio/ui/KeypressStandard.ogg
W/AudioService(  333): Soundpool could not load file: /system/media/audio/ui/KeypressStandard.ogg
E/SoundPool(  333): error loading /system/media/audio/ui/KeypressSpacebar.ogg
W/AudioService(  333): Soundpool could not load file: /system/media/audio/ui/KeypressSpacebar.ogg
E/SoundPool(  333): error loading /system/media/audio/ui/KeypressDelete.ogg
W/AudioService(  333): Soundpool could not load file: /system/media/audio/ui/KeypressDelete.ogg
D/dalvikvm(   38): GC_EXPLICIT freed <1K, 4% free 2382K/2476K, paused 6ms+20ms, total 195ms
I/Choreographer(  333): Skipped 171 frames!  The application may be doing too much work on its main thread.
E/SoundPool(  333): error loading /system/media/audio/ui/KeypressReturn.ogg
W/AudioService(  333): Soundpool could not load file: /system/media/audio/ui/KeypressReturn.ogg
W/AudioService(  333): loadSoundEffects(), Error -1 while loading samples
D/SystemUIService(  431): loading: class com.android.systemui.media.RingtonePlayer
D/SystemUIService(  431): running: com.android.systemui.media.RingtonePlayer@40e43db0
D/dalvikvm(  512): GC_CONCURRENT freed 81K, 5% free 2998K/3140K, paused 8ms+718ms, total 975ms
I/Choreographer(  431): Skipped 3883 frames!  The application may be doing too much work on its main thread.
I/DownloadManager(  614): in removeSpuriousFiles
D/dalvikvm(  333): GREF has increased to 401
E/Trace   (  633): error opening trace file: No such file or directory (2)
E/SurfaceFlinger(   37): ro.sf.lcd_density must be defined as a build property
I/Choreographer(  333): Skipped 121 frames!  The application may be doing too much work on its main thread.
I/Choreographer(  333): Skipped 59 frames!  The application may be doing too much work on its main thread.
D/PhoneStatusBar(  431): disable: < expand icons alerts ticker system_info BACK* HOME* RECENT* CLOCK* SEARCH* >
V/TAG     (  333): bug 7643792: fitSystemWindows([0,38][0,0])
I/Choreographer(  333): Skipped 67 frames!  The application may be doing too much work on its main thread.
W/WindowManager(  333): Window freeze timeout expired.
W/WindowManager(  333): Force clearing orientation change: Window{40f3a138 u0 StatusBar}
D/dalvikvm(  431): GC_CONCURRENT freed 151K, 6% free 3892K/4104K, paused 4ms+116ms, total 919ms
E/SurfaceFlinger(   37): ro.sf.lcd_density must be defined as a build property
D/DebugService(  491): DebugService DebugService:
D/TelephonyDebugService(  491): TelephonyDebugService()
W/ActivityManager(  333): Timeout executing service: ServiceRecord{40f5fe90 u0 com.android.inputmethod.latin/.LatinIME}
I/Process (  333): Sending signal. PID: 471 SIG: 3
I/dalvikvm(  471): threadid=3: reacting to signal 3
I/Process (  333): Sending signal. PID: 333 SIG: 3
I/dalvikvm(  333): threadid=3: reacting to signal 3
D/dalvikvm(  431): GC_FOR_ALLOC freed 13K, 6% free 3882K/4104K, paused 1390ms, total 1393ms
I/dalvikvm(  471): Wrote stack traces to '/data/anr/traces.txt'
I/dalvikvm-heap(  431): Grow heap (frag case) to 9.959MB for 6410576-byte allocation
D/dalvikvm(  431): GC_CONCURRENT freed <1K, 3% free 10141K/10368K, paused 4ms+102ms, total 155ms
I//system/bin/fsck_msdos(   32): Attempting to allocate 2044 KB for FAT
D/dalvikvm(  491): GC_CONCURRENT freed 341K, 14% free 2679K/3080K, paused 849ms+61ms, total 967ms
I/Process (  333): Sending signal. PID: 431 SIG: 3
I/dalvikvm(  431): threadid=3: reacting to signal 3
D/dalvikvm(  572): GC_CONCURRENT freed 180K, 9% free 2619K/2860K, paused 358ms+863ms, total 1255ms
W/Settings(  491): Setting auto_time_zone has moved from android.provider.Settings.System to android.provider.Settings.Global, returning read-only value.
I/Choreographer(  512): Skipped 451 frames!  The application may be doing too much work on its main thread.
I/dalvikvm(  333): Wrote stack traces to '/data/anr/traces.txt'
W/WindowManager(  333): Window freeze timeout expired.
W/WindowManager(  333): Force clearing orientation change: Window{4106ed70 u0 com.android.systemui.ImageWallpaper}
I/Process (  333): Sending signal. PID: 491 SIG: 3
I/dalvikvm(  491): threadid=3: reacting to signal 3
I/RecoverySystem(  333): No recovery log file
D/dalvikvm(  431): GC_FOR_ALLOC freed <1K, 3% free 10142K/10368K, paused 808ms, total 808ms
I/dalvikvm-heap(  431): Grow heap (frag case) to 12.657MB for 2828816-byte allocation
E/SurfaceFlinger(   37): ro.sf.lcd_density must be defined as a build property
I/Choreographer(  512): Skipped 42 frames!  The application may be doing too much work on its main thread.
I/dalvikvm(  491): Wrote stack traces to '/data/anr/traces.txt'
D/dalvikvm(  491): GC_CONCURRENT freed 33K, 13% free 2686K/3080K, paused 97ms+13ms, total 213ms
D/dalvikvm(  512): GC_CONCURRENT freed 186K, 8% free 3230K/3484K, paused 5ms+3ms, total 197ms
D/gralloc_goldfish(  512): Emulator without GPU emulation detected.
D/dalvikvm(  333): GC_CONCURRENT freed 1877K, 26% free 5772K/7716K, paused 248ms+15ms, total 1700ms
D/dalvikvm(  333): WAIT_FOR_CONCURRENT_GC blocked 264ms
D/dalvikvm(  333): WAIT_FOR_CONCURRENT_GC blocked 484ms
D/dalvikvm(  333): WAIT_FOR_CONCURRENT_GC blocked 453ms
D/dalvikvm(  333): WAIT_FOR_CONCURRENT_GC blocked 499ms
I/ActivityManager(  333): Displayed com.android.launcher/com.android.launcher2.Launcher: +24s783ms
I/dalvikvm(  431): Wrote stack traces to '/data/anr/traces.txt'
D/dalvikvm(  431): GC_FOR_ALLOC freed 0K, 2% free 12904K/13132K, paused 316ms, total 316ms
D/gralloc_goldfish(  431): Emulator without GPU emulation detected.
D/CAT     (  491): CatService: Running CAT service. STK app installed:false
D/CAT     (  491): CatService: NEW sInstance
D/dalvikvm(  431): GC_CONCURRENT freed 6260K, 50% free 6646K/13132K, paused 17ms+428ms, total 1216ms
I/Choreographer(  431): Skipped 3514 frames!  The application may be doing too much work on its main thread.
I/SurfaceFlinger(   37): Boot is finished (84996 ms)
I/ActivityManager(  333): Config changes=1400 {1.0 ?mcc?mnc en_US ldltr sw320dp w320dp h508dp 240dpi nrml long port finger -keyb/v/h tball/v s.4}
I/PowerManagerService(  333): Boot animation finished.
I/Choreographer(  333): Skipped 36 frames!  The application may be doing too much work on its main thread.
I/Choreographer(  333): Skipped 55 frames!  The application may be doing too much work on its main thread.
I/Choreographer(  431): Skipped 131 frames!  The application may be doing too much work on its main thread.
D/dalvikvm(  333): GC_EXPLICIT freed 315K, 25% free 5860K/7716K, paused 85ms+192ms, total 1678ms
D/CAT     (  491): CatService: SIM ready. Reporting STK service running now...
D/MccTable(  491): updateMccMncConfiguration: mcc=310, mnc=260
D/TelephonyManager(  491): getLteOnCdmaMode=0 curVal=-1 product_type='' lteOnCdmaProductType=''
D/MccTable(  491): locale set to en_us
D/MccTable(  491): WIFI_COUNTRY_CODE set to us
I/WifiService(  333): WifiService trying to set country code to us with persist set to true
I/ActivityManager(  333): Config changes=1403 {1.0 310mcc260mnc en_US ldltr sw320dp w320dp h508dp 240dpi nrml long port finger -keyb/v/h tball/v s.5}
W/SurfaceFlinger(   37): createScreenshotSurface failed (Function not implemented)
W/Settings(  491): Setting auto_time_zone has moved from android.provider.Settings.System to android.provider.Settings.Global, returning read-only value.
I/Process (  333): Sending signal. PID: 512 SIG: 3
I/dalvikvm(  512): threadid=3: reacting to signal 3
D/AndroidRuntime(  730): 
D/AndroidRuntime(  730): >>>>>> AndroidRuntime START com.android.internal.os.RuntimeInit <<<<<<
D/AndroidRuntime(  730): CheckJNI is ON
D/dalvikvm(  730): Trying to load lib libjavacore.so 0x0
D/dalvikvm(  730): Added shared lib libjavacore.so 0x0
D/dalvikvm(  730): Trying to load lib libnativehelper.so 0x0
D/dalvikvm(  730): Added shared lib libnativehelper.so 0x0
D/dalvikvm(  491): GC_CONCURRENT freed 283K, 11% free 2836K/3180K, paused 4ms+84ms, total 182ms
D/MccTable(  491): updateMccMncConfiguration: mcc=310, mnc=260
D/TelephonyManager(  491): getLteOnCdmaMode=0 curVal=-1 product_type='' lteOnCdmaProductType=''
D/MccTable(  491): locale set to en_us
D/MccTable(  491): WIFI_COUNTRY_CODE set to us
I/WifiService(  333): WifiService trying to set country code to us with persist set to true
I/ActivityManager(  333): Config changes=1400 {1.0 310mcc260mnc en_US ldltr sw320dp w320dp h508dp 240dpi nrml long port finger -keyb/v/h tball/v s.6}
W/WindowManager(  333): Window freeze timeout expired.
W/WindowManager(  333): Force clearing orientation change: Window{40e84b20 u0 Keyguard}
E/ActivityManager(  333): ANR in com.android.inputmethod.latin
E/ActivityManager(  333): Reason: Executing service com.android.inputmethod.latin/.LatinIME
E/ActivityManager(  333): Load: 8.99 / 2.3 / 0.77
E/ActivityManager(  333): CPU usage from 4620ms to -10475ms ago:
E/ActivityManager(  333):   26% 333/system_server: 17% user + 8.6% kernel / faults: 2791 minor 4 major
E/ActivityManager(  333):   13% 37/surfaceflinger: 10% user + 2.9% kernel / faults: 1776 minor
E/ActivityManager(  333):   7% 431/com.android.systemui: 5.3% user + 1.7% kernel / faults: 4748 minor 5 major
E/ActivityManager(  333):   6.2% 491/com.android.phone: 4.2% user + 1.9% kernel / faults: 1276 minor 6 major
E/ActivityManager(  333):   6.2% 512/com.android.launcher: 3% user + 3.1% kernel / faults: 7330 minor 5 major
E/ActivityManager(  333):   5% 572/android.process.acore: 3.5% user + 1.5% kernel / faults: 1708 minor
E/ActivityManager(  333):   1.2% 633/com.android.contacts: 0.4% user + 0.8% kernel / faults: 748 minor 20 major
E/ActivityManager(  333):   1.1% 471/com.android.inputmethod.latin: 0.7% user + 0.3% kernel / faults: 180 minor 1 major
E/ActivityManager(  333):   1% 49/adbd: 0.1% user + 0.8% kernel / faults: 169 minor
E/ActivityManager(  333):   0.6% 614/android.process.media: 0.2% user + 0.3% kernel / faults: 343 minor 4 major
E/ActivityManager(  333):   0.4% 36/rild: 0.2% user + 0.1% kernel
E/ActivityManager(  333):   0.4% 547/com.android.music: 0.3% user + 0% kernel / faults: 143 minor
E/ActivityManager(  333):   0.3% 437/fsck_msdos: 0.1% user + 0.1% kernel / faults: 1026 minor
E/ActivityManager(  333):   0.1% 29/mmcqd: 0% user + 0.1% kernel
E/ActivityManager(  333):   0.1% 31/servicemanager: 0% user + 0.1% kernel
E/ActivityManager(  333):   0% 1//init: 0% user + 0% kernel
E/ActivityManager(  333):   0% 12/pdflush: 0% user + 0% kernel
E/ActivityManager(  333):   0% 40/mediaserver: 0% user + 0% kernel
E/ActivityManager(  333):  +0% 726/sh: 0% user + 0% kernel
E/ActivityManager(  333):  +0% 728/logcat: 0% user + 0% kernel
E/ActivityManager(  333):  +0% 730/app_process: 0% user + 0% kernel
E/ActivityManager(  333): 100% TOTAL: 66% user + 33% kernel
E/ActivityManager(  333): CPU usage from 8307ms to 9356ms later:
E/ActivityManager(  333):   64% 333/system_server: 30% user + 34% kernel / faults: 326 minor
E/ActivityManager(  333):     8.5% 350/ActivityManager: 5.7% user + 2.8% kernel
E/ActivityManager(  333):     6.6% 339/Compiler: 0.9% user + 5.7% kernel
E/ActivityManager(  333):     6.6% 694/Binder_B: 4.7% user + 1.9% kernel
E/ActivityManager(  333):     5.7% 348/UI: 5.7% user + 0% kernel
E/ActivityManager(  333):     2.8% 383/PowerManagerSer: 2.8% user + 0% kernel
E/ActivityManager(  333):     1.9% 333/system_server: 1.9% user + 0% kernel
E/ActivityManager(  333):     1.9% 344/Binder_1: 0.9% user + 0.9% kernel
E/ActivityManager(  333):     1.9% 507/Binder_4: 1.9% user + 0% kernel
E/ActivityManager(  333):     0.9% 564/Binder_5: 0.9% user + 0% kernel
E/ActivityManager(  333):     0.9% 567/Binder_6: 0% user + 0.9% kernel
E/ActivityManager(  333):     0.9% 569/Binder_7: 0% user + 0.9% kernel
E/ActivityManager(  333):     0.9% 570/Binder_8: 0% user + 0.9% kernel
E/ActivityManager(  333):     0.9% 595/Binder_9: 0.9% user + 0% kernel
E/ActivityManager(  333):     0.9% 688/Binder_A: 0% user + 0.9% kernel
E/ActivityManager(  333):   17% 37/surfaceflinger: 16% user + 0.9% kernel / faults: 18 minor
E/ActivityManager(  333):     13% 68/SurfaceFlinger: 13% user + 0% kernel
E/ActivityManager(  333):     0.9% 37/surfaceflinger: 0.9% user + 0% kernel
E/ActivityManager(  333):     0.9% 77/VSyncThread: 0% user + 0.9% kernel
E/ActivityManager(  333):     0.9% 84/Binder_1: 0.9% user + 0% kernel
E/ActivityManager(  333):   10% 491/com.android.phone: 8.9% user + 1.7% kernel / faults: 111 minor
E/ActivityManager(  333):     6.2% 491/m.android.phone: 5.3% user + 0.8% kernel
E/ActivityManager(  333):     2.6% 545/RILSender: 2.6% user + 0% kernel
E/ActivityManager(  333):     2.6% 546/RILReceiver: 1.7% user + 0.8% kernel
E/ActivityManager(  333):     1.7% 500/Compiler: 0% user + 1.7% kernel
E/ActivityManager(  333):     0.8% 493/GC: 0% user + 0.8% kernel
E/ActivityManager(  333):    +0% 724/WifiManager: 0% user + 0% kernel
E/ActivityManager(  333):   4.3% 431/com.android.systemui: 1.7% user + 2.6% kernel / faults: 55 minor
E/ActivityManager(  333):     1.7% 431/ndroid.systemui: 0% user + 1.7% kernel
E/ActivityManager(  333):     1.7% 440/Compiler: 0.8% user + 0.8% kernel
E/ActivityManager(  333):   0.6% 36/rild: 0.5% user + 0.1% kernel
E/ActivityManager(  333):     0.6% 94/rild: 0.5% user + 0.1% kernel
E/ActivityManager(  333):     0.1% 97/rild: 0% user + 0.1% kernel
E/ActivityManager(  333):   1.4% 512/com.android.launcher: 1.4% user + 0% kernel
E/ActivityManager(  333):     0.7% 514/GC: 0.7% user + 0% kernel
E/ActivityManager(  333):   0.1% 31/servicemanager: 0% user + 0.1% kernel
E/ActivityManager(  333):   0.8% 471/com.android.inputmethod.latin: 0% user + 0.8% kernel / faults: 5 minor
E/ActivityManager(  333):     0.8% 480/Compiler: 0.8% user + 0% kernel
E/ActivityManager(  333): 100% TOTAL: 63% user + 36% kernel
I/dalvikvm(  512): Wrote stack traces to '/data/anr/traces.txt'
W/ActivityManager(  333): Killing ProcessRecord{40f60648 471:com.android.inputmethod.latin/u0a10010}: background ANR
I/ActivityManager(  333): Process com.android.inputmethod.latin (pid 471) has died.
W/ActivityManager(  333): Scheduling restart of crashed service com.android.inputmethod.latin/.LatinIME in 5000ms
W/BroadcastQueue(  333): Failure sending broadcast Intent { act=android.media.RINGER_MODE_CHANGED flg=0x28000010 (has extras) }
W/BroadcastQueue(  333): android.os.DeadObjectException
W/BroadcastQueue(  333): 	at android.os.BinderProxy.transact(Native Method)
W/BroadcastQueue(  333): 	at android.content.IIntentReceiver$Stub$Proxy.performReceive(IIntentReceiver.java:124)
W/BroadcastQueue(  333): 	at com.android.server.am.BroadcastQueue.performReceiveLocked(BroadcastQueue.java:376)
W/BroadcastQueue(  333): 	at com.android.server.am.BroadcastQueue.deliverToRegisteredReceiverLocked(BroadcastQueue.java:439)
W/BroadcastQueue(  333): 	at com.android.server.am.BroadcastQueue.processNextBroadcast(BroadcastQueue.java:487)
W/BroadcastQueue(  333): 	at com.android.server.am.BroadcastQueue$1.handleMessage(BroadcastQueue.java:140)
W/BroadcastQueue(  333): 	at android.os.Handler.dispatchMessage(Handler.java:99)
W/BroadcastQueue(  333): 	at android.os.Looper.loop(Looper.java:137)
W/BroadcastQueue(  333): 	at com.android.server.am.ActivityManagerService$AThread.run(ActivityManagerService.java:1480)
D/AndroidRuntime(  730): Calling main entry com.android.commands.am.Am
D/dalvikvm(  730): Note: class Landroid/app/ActivityManagerNative; has 157 unimplemented (abstract) methods
D/dalvikvm(  333): GC_CONCURRENT freed 471K, 19% free 6263K/7716K, paused 24ms+23ms, total 384ms
D/dalvikvm(  333): WAIT_FOR_CONCURRENT_GC blocked 13ms
D/dalvikvm(  333): WAIT_FOR_CONCURRENT_GC blocked 274ms
D/dalvikvm(  333): WAIT_FOR_CONCURRENT_GC blocked 73ms
D/dalvikvm(  333): WAIT_FOR_CONCURRENT_GC blocked 31ms
D/dalvikvm(  333): WAIT_FOR_CONCURRENT_GC blocked 163ms
D/dalvikvm(  333): WAIT_FOR_CONCURRENT_GC blocked 129ms
D/dalvikvm(  333): WAIT_FOR_CONCURRENT_GC blocked 165ms
D/dalvikvm(  742): Not late-enabling CheckJNI (already on)
I/ActivityManager(  333): Start proc it.unina.android.ripper_service:android_ripper_service_process for service it.unina.android.ripper_service/.AndroidRipperService: pid=742 uid=10049 gids={50049, 3003, 1028}
D/AndroidRuntime(  730): Shutting down VM
D/dalvikvm(  730): GC_CONCURRENT freed 91K, 16% free 490K/584K, paused 1ms+1ms, total 9ms
I/Choreographer(  431): Skipped 32 frames!  The application may be doing too much work on its main thread.
I/ActivityManager(  333): Start proc com.android.deskclock for broadcast com.android.deskclock/.AlarmInitReceiver: pid=749 uid=10006 gids={50006, 1028}
I/Choreographer(  431): Skipped 32 frames!  The application may be doing too much work on its main thread.
D/dalvikvm(  333): GC_CONCURRENT freed 601K, 15% free 6622K/7716K, paused 5ms+70ms, total 763ms
D/dalvikvm(  333): WAIT_FOR_CONCURRENT_GC blocked 670ms
E/Trace   (  742): error opening trace file: No such file or directory (2)
E/Trace   (  749): error opening trace file: No such file or directory (2)
D/dalvikvm(  491): GC_CONCURRENT freed 376K, 14% free 2942K/3384K, paused 5ms+71ms, total 210ms
V/AndroidRipperService(  742): onCreate()
D/AndroidRuntime(  776): 
D/AndroidRuntime(  776): >>>>>> AndroidRuntime START com.android.internal.os.RuntimeInit <<<<<<
D/AndroidRuntime(  776): CheckJNI is ON
V/SERVER  (  742): Starting ServerSocket on PORT 8888
V/SERVER  (  742): Started ServerSocket on PORT 8888
D/dalvikvm(  776): Trying to load lib libjavacore.so 0x0
D/dalvikvm(  776): Added shared lib libjavacore.so 0x0
D/dalvikvm(  776): Trying to load lib libnativehelper.so 0x0
D/dalvikvm(  776): Added shared lib libnativehelper.so 0x0
W/WindowManager(  333): App freeze timeout expired.
W/WindowManager(  333): Force clearing freeze: AppWindowToken{40fd94e8 token=Token{40f56fd0 ActivityRecord{40f56c58 u0 com.android.launcher/com.android.launcher2.Launcher}}}
D/AndroidRuntime(  776): Calling main entry com.android.commands.am.Am
D/dalvikvm(  776): Note: class Landroid/app/ActivityManagerNative; has 157 unimplemented (abstract) methods
D/dalvikvm(  333): GC_CONCURRENT freed 924K, 14% free 6737K/7756K, paused 7ms+257ms, total 1256ms
D/dalvikvm(  333): WAIT_FOR_CONCURRENT_GC blocked 893ms
I/ActivityManager(  333): Force stopping package es.senselesssolutions.gpl.weightchart appid=10053 user=0
D/dalvikvm(  792): Not late-enabling CheckJNI (already on)
I/ActivityManager(  333): Start proc es.senselesssolutions.gpl.weightchart for added application es.senselesssolutions.gpl.weightchart: pid=792 uid=10053 gids={50053, 1015, 1028}
I/Choreographer(  333): Skipped 1631 frames!  The application may be doing too much work on its main thread.
I/dalvikvm(  792): Turning on JNI app bug workarounds for target SDK version 3...
V/AlarmClock(  749): No next alarm
V/AlarmClock(  749): AlarmInitReceiver - Reset timers and clear stopwatch data
V/AlarmClock(  749): No next alarm
V/AlarmClock(  749): AlarmInitReceiver finished
E/Trace   (  792): error opening trace file: No such file or directory (2)
I/ActivityManager(  333): Start proc com.android.inputmethod.latin for service com.android.inputmethod.latin/.LatinIME: pid=809 uid=10010 gids={50010, 1028}
D/ConnectivityService(  333): ConnectivityChange for mobile: CONNECTED/CONNECTED
D/dalvikvm(  491): GC_CONCURRENT freed 465K, 16% free 2887K/3412K, paused 5ms+46ms, total 323ms
D/dalvikvm(  333): GC_EXPLICIT freed 847K, 12% free 6839K/7764K, paused 6ms+70ms, total 515ms
E/Trace   (  809): error opening trace file: No such file or directory (2)
I/Choreographer(  333): Skipped 531 frames!  The application may be doing too much work on its main thread.
D/PolideaInstrumentationTestRunner(  792): Creating the Test Runner with arguments: [coverage, class]
D/PolideaInstrumentationTestRunner(  792): Test runner is running with the following parameters:
D/PolideaInstrumentationTestRunner(  792): junitOutputDirectory: /data/data/es.senselesssolutions.gpl.weightchart/files
D/PolideaInstrumentationTestRunner(  792): junitOutputFilePostfix: -TEST.xml
D/PolideaInstrumentationTestRunner(  792): junitNoPackagePrefix: NO_PACKAGE
D/PolideaInstrumentationTestRunner(  792): junitSplitLevel: package
D/PolideaInstrumentationTestRunner(  792): junitSingleFileName: ALL-TEST.xml
D/PolideaInstrumentationTestRunner(  792): Creating output directory if it does not exist
D/PolideaInstrumentationTestRunner(  792): Created directory? false
D/PolideaInstrumentationTestRunner(  792): Deleting old files
D/PolideaInstrumentationTestRunner(  792): Deleting: [/data/data/es.senselesssolutions.gpl.weightchart/files/it.unina.android.ripper-TEST.xml]
D/dalvikvm(  333): GC_FOR_ALLOC freed 1259K, 25% free 5845K/7764K, paused 119ms, total 121ms
I/dalvikvm-heap(  333): Grow heap (frag case) to 6.848MB for 1128976-byte allocation
D/dalvikvm(  333): GC_FOR_ALLOC freed 3K, 22% free 6943K/8868K, paused 100ms, total 100ms
I/LatinIME(  809): Hardware accelerated drawing: false
D/dalvikvm(  333): GC_CONCURRENT freed 20K, 22% free 6965K/8868K, paused 18ms+8ms, total 410ms
W/InputAttributes(  809): No editor info for this field. Bug?
E/ActivityThread(  809): Failed to find provider info for com.android.inputmethod.latin.dictionarypack
E/BinaryDictionaryGetter(  809): Could not find a dictionary pack
D/dalvikvm(  792): GC_CONCURRENT freed 253K, 12% free 2554K/2872K, paused 4ms+72ms, total 219ms
W/InputMethodManagerService(  333): Found no subtypes in a system IME: com.android.inputmethod.pinyin
D/dalvikvm(  809): GC_CONCURRENT freed 287K, 13% free 2543K/2892K, paused 5ms+129ms, total 334ms
E/StrictMode(  809): A resource was acquired at attached stack trace but never released. See java.io.Closeable for information on avoiding resource leaks.
E/StrictMode(  809): java.lang.Throwable: Explicit termination method 'close' not called
E/StrictMode(  809): 	at dalvik.system.CloseGuard.open(CloseGuard.java:184)
E/StrictMode(  809): 	at android.os.ParcelFileDescriptor.<init>(ParcelFileDescriptor.java:412)
E/StrictMode(  809): 	at android.content.res.AssetManager.openNonAssetFdNative(Native Method)
E/StrictMode(  809): 	at android.content.res.AssetManager.openNonAssetFd(AssetManager.java:428)
E/StrictMode(  809): 	at android.content.res.Resources.openRawResourceFd(Resources.java:979)
E/StrictMode(  809): 	at com.android.inputmethod.latin.BinaryDictionaryGetter.loadFallbackResource(BinaryDictionaryGetter.java:183)
E/StrictMode(  809): 	at com.android.inputmethod.latin.BinaryDictionaryGetter.getDictionaryFiles(BinaryDictionaryGetter.java:456)
E/StrictMode(  809): 	at com.android.inputmethod.latin.DictionaryFactory.createMainDictionaryFromManager(DictionaryFactory.java:57)
E/StrictMode(  809): 	at com.android.inputmethod.latin.DictionaryFactory.createMainDictionaryFromManager(DictionaryFactory.java:87)
E/StrictMode(  809): 	at com.android.inputmethod.latin.Suggest$1.run(Suggest.java:108)
I/System.out(  792): EMMA: collecting runtime coverage data ...
D/PolideaInstrumentationTestRunner(  792): Getting android test runner
D/PolideaInstrumentationTestRunner(  792): JUnit test output enabled
D/dalvikvm(  333): GC_CONCURRENT freed 1753K, 29% free 6362K/8868K, paused 6ms+6ms, total 159ms
D/dalvikvm(  333): WAIT_FOR_CONCURRENT_GC blocked 107ms
W/dalvikvm(  792): method Landroid/test/InstrumentationTestRunner$StringResultPrinter;.print incorrectly overrides package-private method with same name in Ljunit/textui/ResultPrinter;
D/PolideaInstrumentationTestRunner(  792): Starting test: testApplication(it.unina.android.ripper.RipperTestCase)
I/TestRunner(  792): started: testApplication(it.unina.android.ripper.RipperTestCase)
V/AndroidRipperService(  742): onBind()
I/ActivityManager(  333): START u0 {act=android.intent.action.MAIN flg=0x10000000 cmp=es.senselesssolutions.gpl.weightchart/.ChartActivity} from pid 792
V/SERVER  (  742): Ready to accept connections on port: 8888
V/AndroidRipperService(  742): onBind()
V/AndroidRipperService(  742): register()
D/PermissionCache(   37): checking android.permission.READ_FRAME_BUFFER for uid=1000 => granted (1076 us)
W/WindowManager(  333): Failure taking screenshot for (246x410) to layer 21000
V/        (  742): ready
V/RipperService(  742): PING
V/AndroidRipperService(  742): mHandler.handleMessage() RECIVED
V/AndroidRipperService(  742): broadcast()
I/Choreographer(  333): Skipped 488 frames!  The application may be doing too much work on its main thread.
I/AndroidRipper(  792): Recived message: PING
V/RipperTestCase(  792): Not ready to operate!
V/AndroidRipperService(  742): broadcast() done
V/        (  742): ready
E/SurfaceFlinger(   37): ro.sf.lcd_density must be defined as a build property
V/RipperService(  742): PING
V/AndroidRipperService(  742): mHandler.handleMessage() RECIVED
V/AndroidRipperService(  742): broadcast()
I/AndroidRipper(  792): Recived message: PING
V/RipperTestCase(  792): Not ready to operate!
V/AndroidRipperService(  742): broadcast() done
V/        (  742): ready
D/dalvikvm(  333): GC_FOR_ALLOC freed 387K, 30% free 6212K/8868K, paused 65ms, total 74ms
I/dalvikvm-heap(  333): Grow heap (frag case) to 7.208MB for 1128976-byte allocation
I/FusedLocation(  596): engine started (com.android.location.fused)
D/dalvikvm(  333): GC_FOR_ALLOC freed 406K, 23% free 6909K/8868K, paused 62ms, total 62ms
W/ActivityManager(  333): Activity pause timeout for ActivityRecord{40f56c58 u0 com.android.launcher/com.android.launcher2.Launcher}
D/Tethering(  333): MasterInitialState.processMessage what=3
I/Choreographer(  333): Skipped 117 frames!  The application may be doing too much work on its main thread.
V/RipperService(  742): PING
V/AndroidRipperService(  742): mHandler.handleMessage() RECIVED
V/AndroidRipperService(  742): broadcast()
I/AndroidRipper(  792): Recived message: PING
V/RipperTestCase(  792): Not ready to operate!
V/AndroidRipperService(  742): broadcast() done
V/        (  742): ready
D/dalvikvm(  333): GC_CONCURRENT freed 26K, 23% free 6905K/8868K, paused 7ms+54ms, total 529ms
I/Choreographer(  333): Skipped 202 frames!  The application may be doing too much work on its main thread.
D/dalvikvm(  792): GC_FOR_ALLOC freed 156K, 10% free 2610K/2900K, paused 249ms, total 251ms
I/Choreographer(  333): Skipped 43 frames!  The application may be doing too much work on its main thread.
I/dalvikvm(  333): Jit: resizing JitTable from 4096 to 8192
D/dalvikvm(  792): GC_FOR_ALLOC freed 6K, 8% free 2940K/3176K, paused 17ms, total 20ms
V/RipperService(  742): PING
V/AndroidRipperService(  742): mHandler.handleMessage() RECIVED
V/AndroidRipperService(  742): broadcast()
I/AndroidRipper(  792): Recived message: PING
V/RipperTestCase(  792): Not ready to operate!
V/AndroidRipperService(  742): broadcast() done
V/        (  742): ready
E/SurfaceFlinger(   37): ro.sf.lcd_density must be defined as a build property
E/SurfaceFlinger(   37): ro.sf.lcd_density must be defined as a build property
I/Choreographer(  792): Skipped 143 frames!  The application may be doing too much work on its main thread.
D/gralloc_goldfish(  792): Emulator without GPU emulation detected.
I/FusedLocation(  596): engine started (com.android.location.fused)
I/ActivityManager(  333): Displayed es.senselesssolutions.gpl.weightchart/.ChartActivity: +3s297ms
I//system/bin/fsck_msdos(   32): ** Phase 2 - Check Cluster Chains
I//system/bin/fsck_msdos(   32): ** Phase 3 - Checking Directories
I//system/bin/fsck_msdos(   32): ** Phase 4 - Checking for Lost Files
I//system/bin/fsck_msdos(   32): 16 files, 1044440 free (522220 clusters)
I/Vold    (   32): Filesystem check completed OK
I/Vold    (   32): Device /dev/block/vold/179:0, target /mnt/sdcard mounted @ /mnt/secure/staging
D/Vold    (   32): Volume sdcard state changing 3 (Checking) -> 4 (Mounted)
D/MountService(  333): volume state changed for /mnt/sdcard (checking -> mounted)
I/PackageManager(  333): Updating external media status from unmounted to mounted
E/VoldConnector(  333): NDC Command {3 volume mount /mnt/sdcard} took too long (49795ms)
D/MountService(  333): sendStorageIntent Intent { act=android.intent.action.MEDIA_MOUNTED dat=file:///mnt/sdcard (has extras) } to UserHandle{-1}
V/RipperService(  742): PING
V/AndroidRipperService(  742): mHandler.handleMessage() RECIVED
V/AndroidRipperService(  742): broadcast()
I/AndroidRipper(  792): Recived message: PING
V/RipperTestCase(  792): Not ready to operate!
V/AndroidRipperService(  742): broadcast() done
V/        (  742): ready
I/ActivityManager(  333): Start proc com.android.email for broadcast com.android.email/.service.EmailBroadcastReceiver: pid=841 uid=10019 gids={50019, 3003, 1015, 1028}
I/PackageManager(  333): No secure containers on sdcard
E/Trace   (  841): error opening trace file: No such file or directory (2)
I/ActivityManager(  333): Start proc com.android.exchange for service com.android.exchange/.ExchangeService: pid=858 uid=10032 gids={50032, 3003, 1015, 1028}
E/Trace   (  858): error opening trace file: No such file or directory (2)
D/ExchangeService(  858): !!! EAS ExchangeService, onCreate
D/dalvikvm(  512): GC_CONCURRENT freed 336K, 11% free 3345K/3740K, paused 6ms+40ms, total 904ms
D/ExchangeService(  858): !!! EAS ExchangeService, onStartCommand, startingUp = false, running = false
W/PackageManager(  333): Unknown permission com.google.android.googleapps.permission.GOOGLE_AUTH.mail in package com.android.contacts
I/AndroidRipper(  792): [RipperTestCase] Ready to operate after restarting...
W/PackageManager(  333): Unknown permission android.permission.ADD_SYSTEM_SERVICE in package com.android.phone
W/PackageManager(  333): Unknown permission com.android.smspush.WAPPUSH_MANAGER_BIND in package com.android.phone
W/PackageManager(  333): Unknown permission com.google.android.googleapps.permission.GOOGLE_AUTH in package com.android.providers.calendar
W/PackageManager(  333): Unknown permission com.google.android.googleapps.permission.GOOGLE_AUTH.cl in package com.android.providers.calendar
W/PackageManager(  333): Unknown permission com.google.android.googleapps.permission.GOOGLE_AUTH.mail in package com.android.calendar
W/PackageManager(  333): Not granting permission android.permission.SEND_DOWNLOAD_COMPLETED_INTENTS to package com.android.browser (protectionLevel=2 flags=0x89be45)
W/PackageManager(  333): Not granting permission android.permission.BIND_APPWIDGET to package com.android.widgetpreview (pro