W/Resources(   38): Preloaded drawable resource #0x10804a6 (android:drawable/quickcontact_badge_overlay_pressed_light) that varies with configuration!!
I/Zygote  (   38): ...preloaded 270 resources in 10679ms.
D/dalvikvm(   38): GC_EXPLICIT freed 48K, 25% free 2369K/3156K, paused 13ms+42ms, total 84ms
I/Zygote  (   38): ...preloaded 31 resources in 187ms.
D/dalvikvm(   38): GC_EXPLICIT freed 9K, 25% free 2377K/3156K, paused 25ms+43ms, total 265ms
D/dalvikvm(   38): GC_EXPLICIT freed 7K, 25% free 2369K/3156K, paused 3ms+4ms, total 150ms
D/dalvikvm(   38): GC_EXPLICIT freed <1K, 25% free 2369K/3156K, paused 15ms+6ms, total 96ms
I/dalvikvm(   38): System server process 310 has been created
I/Zygote  (   38): Accepting command socket connections
E/BatteryService(  310): usbOnlinePath not found
E/BatteryService(  310): wirelessOnlinePath not found
E/BatteryService(  310): batteryVoltagePath not found
E/BatteryService(  310): batteryTemperaturePath not found
I/sysproc (  310): Entered system_init()
I/sysproc (  310): ServiceManager: 0x2a183dd0
D/SensorService(  310): nuSensorService starting...
I/SensorService(  310): Goldfish 3-axis Accelerometer
I/SensorService(  310): Goldfish 3-axis Magnetic field sensor
I/SensorService(  310): Goldfish Orientation sensor
I/SensorService(  310): Goldfish Temperature sensor
I/SensorService(  310): Goldfish Proximity sensor
D/SensorService(  310): nuSensorService thread starting...
I/sysproc (  310): System server: starting Android runtime.
I/sysproc (  310): System server: starting Android services.
I/SystemServer(  310): Entered the Android system server!
I/sysproc (  310): System server: entering thread pool.
I/SystemServer(  310): Enabled StrictMode logging for UI Looper
I/SystemServer(  310): Waiting for installd to be ready.
I/Installer(  310): connecting...
I/installd(   41): new connection
I/SystemServer(  310): Entropy Mixer
I/SystemServer(  310): Enabled StrictMode logging for WM Looper
I/SystemServer(  310): Power Manager
E/PowerManagerService-JNI(  310): Couldn't load power module (No such file or directory)
I/SystemServer(  310): Activity Manager
I/ActivityManager(  310): Memory class: 48
W/UsageStats(  310): Usage stats version changed; dropping
I/ActivityManager(  310): Enabled StrictMode logging for AThread's Looper
I/SystemServer(  310): Display Manager
E/SurfaceFlinger(   37): ro.sf.lcd_density must be defined as a build property
I/DisplayManagerService(  310): Display device added: DisplayDeviceInfo{"Built-in Screen": 480 x 800, 260.416 fps, density 240, 240.0 x 240.0 dpi, touch INTERNAL, FLAG_DEFAULT_DISPLAY, FLAG_ROTATES_WITH_CONTENT, FLAG_SECURE, FLAG_SUPPORTS_PROTECTED_BUFFERS, rotation 0, type BUILT_IN, address null}
I/SystemServer(  310): Telephony Registry
I/SystemServer(  310): Scheduling Policy
I/SystemServer(  310): Package Manager
D/dalvikvm(  310): GC_CONCURRENT freed 314K, 13% free 2576K/2932K, paused 5ms+2ms, total 73ms
D/dalvikvm(  310): WAIT_FOR_CONCURRENT_GC blocked 17ms
W/PackageManager(  310): Running ENG build: no pre-dexopt!
D/dalvikvm(  310): GC_CONCURRENT freed 278K, 11% free 2725K/3060K, paused 4ms+5ms, total 248ms
W/PackageParser(  310): No actions in intent filter at /system/app/Contacts.apk Binary XML file line #533
D/dalvikvm(  310): GC_CONCURRENT freed 139K, 7% free 3022K/3216K, paused 4ms+17ms, total 73ms
D/dalvikvm(  310): GC_CONCURRENT freed 267K, 10% free 3194K/3516K, paused 4ms+66ms, total 286ms
D/dalvikvm(  310): GC_CONCURRENT freed 218K, 8% free 3361K/3636K, paused 5ms+9ms, total 112ms
W/PackageManager(  310): Package com.android.camera desires unavailable shared library com.google.android.media.effects; ignoring!
D/PackageManager(  310): No files in app dir /vendor/app
D/dalvikvm(  310): GC_CONCURRENT freed 210K, 7% free 3607K/3876K, paused 4ms+13ms, total 96ms
W/PackageParser(  310): No actions in intent filter at /data/app/ApiDemos.apk Binary XML file line #2737
W/PackageParser(  310): No actions in intent filter at /data/app/ApiDemos.apk Binary XML file line #2743
W/PackageManager(  310): Package com.example.android.apis desires unavailable shared library com.example.will.never.exist; ignoring!
I/PackageManager(  310): Time to scan packages: 5.397 seconds
W/PackageManager(  310): Unknown permission com.google.android.googleapps.permission.GOOGLE_AUTH.mail in package com.android.contacts
W/PackageManager(  310): Unknown permission android.permission.ADD_SYSTEM_SERVICE in package com.android.phone
W/PackageManager(  310): Unknown permission com.android.smspush.WAPPUSH_MANAGER_BIND in package com.android.phone
W/PackageManager(  310): Unknown permission com.google.android.googleapps.permission.GOOGLE_AUTH in package com.android.providers.calendar
W/PackageManager(  310): Unknown permission com.google.android.googleapps.permission.GOOGLE_AUTH.cl in package com.android.providers.calendar
W/PackageManager(  310): Unknown permission com.google.android.googleapps.permission.GOOGLE_AUTH.mail in package com.android.calendar
W/PackageManager(  310): Not granting permission android.permission.SEND_DOWNLOAD_COMPLETED_INTENTS to package com.android.browser (protectionLevel=2 flags=0x9be45)
W/PackageManager(  310): Not granting permission android.permission.BIND_APPWIDGET to package com.android.widgetpreview (protectionLevel=18 flags=0x8be44)
W/PackageManager(  310): Unknown permission com.google.android.googleapps.permission.GOOGLE_AUTH in package com.android.settings
W/PackageManager(  310): Unknown permission com.google.android.gallery3d.permission.GALLERY_PROVIDER in package com.android.exchange
W/PackageManager(  310): Unknown permission com.google.android.googleapps.permission.ACCESS_GOOGLE_PASSWORD in package com.android.development
W/PackageManager(  310): Unknown permission com.google.android.googleapps.permission.GOOGLE_AUTH in package com.android.development
W/PackageManager(  310): Unknown permission com.google.android.googleapps.permission.GOOGLE_AUTH.ALL_SERVICES in package com.android.development
W/PackageManager(  310): Unknown permission com.google.android.googleapps.permission.GOOGLE_AUTH.YouTubeUser in package com.android.development
W/PackageManager(  310): Unknown permission com.google.android.gallery3d.permission.GALLERY_PROVIDER in package com.android.email
W/PackageManager(  310): Not granting permission android.permission.DEVICE_POWER to package com.android.deskclock (protectionLevel=2 flags=0x8be45)
D/dalvikvm(  310): GC_CONCURRENT freed 312K, 9% free 3727K/4096K, paused 5ms+43ms, total 111ms
D/dalvikvm(  310): WAIT_FOR_CONCURRENT_GC blocked 56ms
D/dalvikvm(  310): GC_EXPLICIT freed 109K, 12% free 3618K/4096K, paused 3ms+42ms, total 177ms
I/SystemServer(  310): User Service
I/SystemServer(  310): Account Manager
I/SystemServer(  310): Content Manager
I/SystemServer(  310): System Content Providers
I/SystemServer(  310): Lights Service
I/SystemServer(  310): Battery Service
I/SystemServer(  310): Vibrator Service
I/libsuspend(  310): Selected early suspend
I/libsuspend(  310): Starting early suspend unblocker thread
D/PermissionCache(   37): checking android.permission.ACCESS_SURFACE_FLINGER for uid=1000 => granted (2217 us)
D/SurfaceFlinger(   37): Screen acquired, type=0 flinger=0x2a007318
D/SurfaceFlinger(   37):  screen was previously acquired
I/SystemServer(  310): Alarm Manager
D/AlarmManagerService(  310): Kernel timezone updated to 0 minutes west of GMT
I/SystemServer(  310): Init Watchdog
I/SystemServer(  310): Input Manager
I/InputManager(  310): Initializing input manager, mUseDevInputEventForAudioJack=false
I/SystemServer(  310): Window Manager
E/SoundPool(  310): error loading /system/media/audio/ui/Lock.ogg
W/KeyguardViewMediator(  310): failed to load lock sound from /system/media/audio/ui/Lock.ogg
E/SoundPool(  310): error loading /system/media/audio/ui/Unlock.ogg
W/KeyguardViewMediator(  310): failed to load unlock sound from /system/media/audio/ui/Unlock.ogg
I/InputManager(  310): Starting input manager
I/SystemServer(  310): No Bluetooh Service (emulator)
I/SystemServer(  310): Input Method Service
W/InputMethodManagerService(  310): Couldn't create dir.: /data/system/inputmethod
I/EventHub(  310): New device: id=1, fd=92, path='/dev/input/event0', name='qwerty2', classes=0x7, configuration='/system/usr/idc/qwerty2.idc', keyLayout='/system/usr/keylayout/qwerty.kl', keyCharacterMap='/system/usr/keychars/qwerty2.kcm', builtinKeyboard=true, usingSuspendBlockIoctl=false, usingClockIoctl=false
E/EventHub(  310): could not get driver version for /dev/input/mouse0, Not a typewriter
E/EventHub(  310): could not get driver version for /dev/input/mice, Not a typewriter
I/InputReader(  310): Device added: id=-1, name='Virtual', sources=0x00000301
I/InputReader(  310):   Touch device 'qwerty2' could not query the properties of its associated display.  The device will be inoperable until the display size becomes available.
I/InputReader(  310): Device added: id=0, name='qwerty2', sources=0x00001103
E/Trace   (  310): error opening trace file: No such file or directory (2)
D/dalvikvm(  310): GC_CONCURRENT freed 294K, 9% free 3832K/4192K, paused 6ms+6ms, total 238ms
D/dalvikvm(  310): WAIT_FOR_CONCURRENT_GC blocked 76ms
I/SystemServer(  310): Accessibility Manager
I/ActivityManager(  310): Config changes=15f8 {1.0 ?mcc?mnc en_US ldltr sw320dp w320dp h508dp 240dpi nrml long port ?uimode ?night finger qwerty/v/v -nav/h s.2}
I/InputReader(  310): Reconfiguring input devices.  changes=0x00000004
I/InputReader(  310): Device reconfigured: id=0, name='qwerty2', size 480x800, orientation 0, mode 1, display id 0
I/InputReader(  310): Reconfiguring input devices.  changes=0x00000004
I/InputReader(  310): Device reconfigured: id=0, name='qwerty2', size 480x800, orientation 0, mode 1, display id 0
I/SystemServer(  310): Mount Service
D/MountService(  310): got storage path: /mnt/sdcard description: USB storage primary: true removable: false emulated: false mtpReserve: 0 allowMassStorage: false maxFileSize: 0
D/MountService(  310): addVolumeLocked() StorageVolume [mStorageId=0 mPath=/mnt/sdcard mDescriptionId=17040615 mPrimary=true mRemovable=false mEmulated=false mMtpReserveSpace=0 mAllowMassStorage=false mMaxFileSize=0 mOwner=null]
I/SystemServer(  310): LockSettingsService
I/SystemServer(  310): Device Policy
I/SystemServer(  310): Status Bar
I/SystemServer(  310): Clipboard Service
I/SystemServer(  310): NetworkManagement Service
I/SystemServer(  310): Text Service Manager Service
I/SystemServer(  310): NetworkStats Service
I/SystemServer(  310): NetworkPolicy Service
I/SystemServer(  310): Wi-Fi P2pService
I/SystemServer(  310): Wi-Fi Service
D/dalvikvm(  310): GREF has increased to 201
D/MountService(  310): volume state changed for /mnt/sdcard (null -> unmounted)
I/PackageManager(  310): Updating external media status from unmounted to unmounted
W/MountService(  310): getSecureContainerList() called when storage not mounted
I/SystemServer(  310): Connectivity Service
D/ConnectivityService(  310): ConnectivityService starting up
I/PackageManager(  310): No secure containers on sdcard
W/PackageManager(  310): Unknown permission com.google.android.googleapps.permission.GOOGLE_AUTH.mail in package com.android.contacts
W/PackageManager(  310): Unknown permission android.permission.ADD_SYSTEM_SERVICE in package com.android.phone
W/PackageManager(  310): Unknown permission com.android.smspush.WAPPUSH_MANAGER_BIND in package com.android.phone
W/PackageManager(  310): Unknown permission com.google.android.googleapps.permission.GOOGLE_AUTH in package com.android.providers.calendar
W/PackageManager(  310): Unknown permission com.google.android.googleapps.permission.GOOGLE_AUTH.cl in package com.android.providers.calendar
W/PackageManager(  310): Unknown permission com.google.android.googleapps.permission.GOOGLE_AUTH.mail in package com.android.calendar
E/CommandListener(   34): Failed to open /proc/sys/net/ipv6/conf/wlan0/disable_ipv6: No such file or directory
E/WifiStateMachine(  310): Failed to disable IPv6: java.lang.IllegalStateException: command '1 interface ipv6 wlan0 disable' failed with '400 1 Failed to change IPv6 state (No such file or directory)'
W/PackageManager(  310): Not granting permission android.permission.SEND_DOWNLOAD_COMPLETED_INTENTS to package com.android.browser (protectionLevel=2 flags=0x89be45)
W/PackageManager(  310): Not granting permission android.permission.BIND_APPWIDGET to package com.android.widgetpreview (protectionLevel=18 flags=0x8be44)
W/PackageManager(  310): Unknown permission com.google.android.googleapps.permission.GOOGLE_AUTH in package com.android.settings
W/PackageManager(  310): Unknown permission com.google.android.gallery3d.permission.GALLERY_PROVIDER in package com.android.exchange
W/PackageManager(  310): Unknown permission com.google.android.googleapps.permission.ACCESS_GOOGLE_PASSWORD in package com.android.development
W/PackageManager(  310): Unknown permission com.google.android.googleapps.permission.GOOGLE_AUTH in package com.android.development
W/PackageManager(  310): Unknown permission com.google.android.googleapps.permission.GOOGLE_AUTH.ALL_SERVICES in package com.android.development
W/PackageManager(  310): Unknown permission com.google.android.googleapps.permission.GOOGLE_AUTH.YouTubeUser in package com.android.development
W/PackageManager(  310): Unknown permission com.google.android.gallery3d.permission.GALLERY_PROVIDER in package com.android.email
W/PackageManager(  310): Not granting permission android.permission.DEVICE_POWER to package com.android.deskclock (protectionLevel=2 flags=0x88be45)
D/dalvikvm(  310): GC_CONCURRENT freed 227K, 7% free 4038K/4328K, paused 8ms+51ms, total 275ms
E/MobileDataStateTracker(  310): default: Ignoring feature request because could not acquire PhoneService
E/MobileDataStateTracker(  310): default: Could not enable APN type "default"
I/WifiService(  310): WifiService starting up with Wi-Fi disabled
I/SystemServer(  310): Network Service Discovery Service
D/NsdService(  310): Network service discovery enabled true
I/SystemServer(  310): Throttle Service
I/SystemServer(  310): UpdateLock Service
I/SystemServer(  310): Notification Manager
I/SystemServer(  310): Device Storage Monitor
I/SystemServer(  310): Location Manager
I/SystemServer(  310): Country Detector
I/SystemServer(  310): Search Service
I/SystemServer(  310): DropBox Service
I/SystemServer(  310): Wallpaper Service
I/SystemServer(  310): Audio Service
D/dalvikvm(  310): GC_CONCURRENT freed 329K, 9% free 4172K/4564K, paused 6ms+39ms, total 146ms
I/SystemServer(  310): Dock Observer
W/DockObserver(  310): This kernel does not have dock station support
I/SystemServer(  310): Wired Accessory Manager
W/WiredAccessoryManager(  310): This kernel does not have wired headset support
W/WiredAccessoryManager(  310): This kernel does not have usb audio support
W/WiredAccessoryManager(  310): This kernel does not have HDMI audio support
I/SystemServer(  310): USB Service
I/SystemServer(  310): Serial Service
I/SystemServer(  310): Twilight Service
I/SystemServer(  310): UI Mode Manager Service
I/SystemServer(  310): Backup Service
V/BackupManagerService(  310): No ancestral data
I/BackupManagerService(  310): Found stale backup journal, scheduling
I/BackupManagerService(  310):   android
I/BackupManagerService(  310):   com.android.browser
I/BackupManagerService(  310):   com.android.calendar
I/BackupManagerService(  310):   com.android.inputmethod.latin
I/BackupManagerService(  310):   com.android.providers.settings
I/BackupManagerService(  310):   com.android.providers.userdictionary
I/BackupManagerService(  310):   com.android.sharedstoragebackup
I/BackupManagerService(  310): Backup enabled => true
I/SystemServer(  310): AppWidget Service
I/SystemServer(  310): Recognition Service
I/SystemServer(  310): DiskStats Service
I/SystemServer(  310): SamplingProfiler Service
I/SystemServer(  310): NetworkTimeUpdateService
I/SystemServer(  310): CommonTimeManagementService
I/SystemServer(  310): CertBlacklister
I/SystemServer(  310): Dreams Service
I/WindowManager(  310): SAFE MODE not enabled
D/dalvikvm(  310): JIT started for system_server
I/ActivityManager(  310): System now ready
D/dalvikvm(  310): GC_CONCURRENT freed 329K, 9% free 4308K/4700K, paused 5ms+96ms, total 692ms
I/SystemServer(  310): Making services ready
I/Zygote  (  310): Process: zygote socket opened
I/ActivityManager(  310): Start proc com.android.systemui for service com.android.systemui/.SystemUIService: pid=411 uid=10034 gids={50034, 1028, 1015, 3002, 3001}
I/Vold    (   32): /dev/block/vold/179:0 being considered for volume sdcard
D/Vold    (   32): Volume sdcard state changing 1 (Idle-Unmounted) -> 3 (Checking)
D/MountService(  310): volume state changed for /mnt/sdcard (unmounted -> checking)
D/MountService(  310): sendStorageIntent Intent { act=android.intent.action.MEDIA_CHECKING dat=file:///mnt/sdcard (has extras) } to UserHandle{-1}
I//system/bin/fsck_msdos(   32): ** /dev/block/vold/179:0
D/NetworkManagementService(  310): not enabling bandwidth control
I/keystore(   42): uid: 1000 action: e -> 7 state: 3 -> 3 retry: 4
W/NetworkStats(  310): bandwidth controls disabled, unable to track stats
W/NetworkPolicy(  310): bandwidth controls disabled, unable to enforce policy
I/keystore(   42): uid: 1000 action: e -> 7 state: 3 -> 3 retry: 4
I/ActivityManager(  310): Config changes=200 {1.0 ?mcc?mnc en_US ldltr sw320dp w320dp h508dp 240dpi nrml long port finger qwerty/v/v -nav/h s.3}
W/RecognitionManagerService(  310): no available voice recognition services found for user 0
I//system/bin/fsck_msdos(   32): ** Phase 1 - Read and Compare FATs
I//system/bin/fsck_msdos(   32): Attempting to allocate 794 KB for FAT
E/Trace   (  411): error opening trace file: No such file or directory (2)
D/SystemUIService(  411): loading: class com.android.systemui.statusbar.phone.PhoneStatusBar
D/dalvikvm(  310): GC_CONCURRENT freed 77K, 5% free 4633K/4844K, paused 12ms+61ms, total 228ms
D/dalvikvm(  310): WAIT_FOR_CONCURRENT_GC blocked 204ms
W/InputMethodManagerService(  310): Ignoring setImeWindowStatus of uid 1000 token: null
D/SystemUIService(  411): running: com.android.systemui.statusbar.phone.PhoneStatusBar@40cd2b38
W/InputMethodManagerService(  310): Found no subtypes in a system IME: com.android.inputmethod.pinyin
I/ActivityManager(  310): Start proc com.android.inputmethod.latin for service com.android.inputmethod.latin/.LatinIME: pid=449 uid=10010 gids={50010, 1028}
I/StatusBarManagerService(  310): registerStatusBar bar=com.android.internal.statusbar.IStatusBar$Stub$Proxy@40f36b98
I/CommonTimeManagementService(  310): No common time service detected on this platform.  Common time services will be unavailable.
I/InputReader(  310): Reconfiguring input devices.  changes=0x00000020
I/ActivityManager(  310): Start proc com.android.phone for added application com.android.phone: pid=464 uid=1001 gids={41001, 3002, 3001, 3003, 1015, 1028}
I/ActivityManager(  310): START u0 {act=android.intent.action.MAIN cat=[android.intent.category.HOME] flg=0x10000000 cmp=com.android.launcher/com.android.launcher2.Launcher} from pid 0
E/ThrottleService(  310): problem during onPollAlarm: java.lang.IllegalStateException: problem parsing stats: java.io.FileNotFoundException: /proc/net/xt_qtaguid/iface_stat_all: open failed: ENOENT (No such file or directory)
I/InputReader(  310): Reconfiguring input devices.  changes=0x00000010
I/ActivityManager(  310): Start proc com.android.launcher for activity com.android.launcher/com.android.launcher2.Launcher: pid=485 uid=10020 gids={50020, 1028}
I/SystemServer(  310): Enabled StrictMode for system server main thread.
E/Trace   (  449): error opening trace file: No such file or directory (2)
D/dalvikvm(  310): GC_CONCURRENT freed 334K, 8% free 4864K/5264K, paused 8ms+585ms, total 1009ms
D/dalvikvm(  310): WAIT_FOR_CONCURRENT_GC blocked 96ms
E/Trace   (  485): error opening trace file: No such file or directory (2)
E/Trace   (  464): error opening trace file: No such file or directory (2)
E/SurfaceFlinger(   37): ro.sf.lcd_density must be defined as a build property
D/gralloc_goldfish(  310): Emulator without GPU emulation detected.
D/dalvikvm(  310): GC_FOR_ALLOC freed 298K, 8% free 5049K/5472K, paused 777ms, total 794ms
D/dalvikvm(  411): GC_FOR_ALLOC freed 90K, 6% free 2664K/2812K, paused 454ms, total 629ms
I/dalvikvm-heap(  411): Grow heap (frag case) to 3.259MB for 635812-byte allocation
D/dalvikvm(  411): GC_CONCURRENT freed 5K, 5% free 3280K/3436K, paused 6ms+54ms, total 166ms
I/LatinIME(  449): Hardware accelerated drawing: false
I//system/bin/fsck_msdos(   32): Attempting to allocate 794 KB for FAT
I/LocationBlacklist(  310): whitelist: []
I/LocationBlacklist(  310): blacklist: []
D/dalvikvm(  310): GC_CONCURRENT freed 311K, 7% free 5409K/5784K, paused 222ms+15ms, total 567ms
D/dalvikvm(  310): WAIT_FOR_CONCURRENT_GC blocked 90ms
D/dalvikvm(  310): WAIT_FOR_CONCURRENT_GC blocked 169ms
D/dalvikvm(  310): WAIT_FOR_CONCURRENT_GC blocked 299ms
D/dalvikvm(  310): WAIT_FOR_CONCURRENT_GC blocked 207ms
D/dalvikvm(  310): WAIT_FOR_CONCURRENT_GC blocked 322ms
W/InputAttributes(  449): No editor info for this field. Bug?
E/BluetoothAdapter(  411): Bluetooth binder is null
E/BluetoothAdapter(  411): Bluetooth binder is null
W/TelephonyProvider(  464): onCreate: confFile=/system/etc/apns-conf.xml oldCheckSum=-1
D/TelephonyManager(  464): getLteOnCdmaMode=0 curVal=-1 product_type='' lteOnCdmaProductType=''
E/ActivityThread(  449): Failed to find provider info for com.android.inputmethod.latin.dictionarypack
E/BinaryDictionaryGetter(  449): Could not find a dictionary pack
D/TelephonyManager(  464): getLteOnCdmaMode=0 curVal=-1 product_type='' lteOnCdmaProductType=''
D/dalvikvm(  310): GC_CONCURRENT freed 647K, 12% free 5488K/6204K, paused 8ms+168ms, total 1653ms
I/ActivityManager(  310): Start proc com.android.music for broadcast com.android.music/.MediaButtonIntentReceiver: pid=532 uid=10025 gids={50025, 3003, 1015, 1028}
D/dalvikvm(  310): GREF has increased to 301
I/Choreographer(  310): Skipped 3319 frames!  The application may be doing too much work on its main thread.
E/BluetoothAdapter(  411): Bluetooth binder is null
I/ActivityManager(  310): Start proc android.process.acore for content provider com.android.providers.userdictionary/.UserDictionaryProvider: pid=541 uid=10001 gids={50001, 3003, 1015, 1028}
D/TelephonyManager(  464): getLteOnCdmaMode=0 curVal=-1 product_type='' lteOnCdmaProductType=''
I/dalvikvm(  532): Turning on JNI app bug workarounds for target SDK version 9...
D/dalvikvm(  449): GC_CONCURRENT freed 274K, 12% free 2511K/2844K, paused 276ms+13ms, total 1192ms
V/TAG     (  310): bug 7643792: fitSystemWindows([0,0][0,0])
E/StrictMode(  449): A resource was acquired at attached stack trace but never released. See java.io.Closeable for information on avoiding resource leaks.
E/StrictMode(  449): java.lang.Throwable: Explicit termination method 'close' not called
E/StrictMode(  449): 	at dalvik.system.CloseGuard.open(CloseGuard.java:184)
E/StrictMode(  449): 	at android.os.ParcelFileDescriptor.<init>(ParcelFileDescriptor.java:412)
E/StrictMode(  449): 	at android.content.res.AssetManager.openNonAssetFdNative(Native Method)
E/StrictMode(  449): 	at android.content.res.AssetManager.openNonAssetFd(AssetManager.java:428)
E/StrictMode(  449): 	at android.content.res.Resources.openRawResourceFd(Resources.java:979)
E/StrictMode(  449): 	at com.android.inputmethod.latin.BinaryDictionaryGetter.loadFallbackResource(BinaryDictionaryGetter.java:183)
E/StrictMode(  449): 	at com.android.inputmethod.latin.BinaryDictionaryGetter.getDictionaryFiles(BinaryDictionaryGetter.java:456)
E/StrictMode(  449): 	at com.android.inputmethod.latin.DictionaryFactory.createMainDictionaryFromManager(DictionaryFactory.java:57)
E/StrictMode(  449): 	at com.android.inputmethod.latin.DictionaryFactory.createMainDictionaryFromManager(DictionaryFactory.java:87)
E/StrictMode(  449): 	at com.android.inputmethod.latin.Suggest$1.run(Suggest.java:108)
E/Trace   (  532): error opening trace file: No such file or directory (2)
E/Trace   (  541): error opening trace file: No such file or directory (2)
V/TAG     (  310): bug 7643792: fitSystemWindows([0,0][0,0])
W/Settings(  464): Setting airplane_mode_on has moved from android.provider.Settings.System to android.provider.Settings.Global, returning read-only value.
W/Settings(  464): Setting auto_time has moved from android.provider.Settings.System to android.provider.Settings.Global, returning read-only global URI.
W/Settings(  464): Setting auto_time_zone has moved from android.provider.Settings.System to android.provider.Settings.Global, returning read-only global URI.
W/ActivityManager(  310): Unable to start service Intent { act=com.android.internal.telephony.IWapPushManager } U=0: not found
I/Choreographer(  310): Skipped 184 frames!  The application may be doing too much work on its main thread.
D/        (  464): [ApnContext:default] set reason as dataEnabled,current state IDLE
D/        (  464): [ApnContext:default] setRetryCount: 0
D/        (  464): [ApnContext:mms] set reason as dataEnabled,current state IDLE
D/        (  464): [ApnContext:mms] setRetryCount: 0
D/        (  464): [ApnContext:supl] set reason as dataEnabled,current state IDLE
D/        (  464): [ApnContext:supl] setRetryCount: 0
D/        (  464): [ApnContext:hipri] set reason as dataEnabled,current state IDLE
D/        (  464): [ApnContext:hipri] setRetryCount: 0
D/        (  464): [ApnContext:fota] set reason as dataEnabled,current state IDLE
D/        (  464): [ApnContext:fota] setRetryCount: 0
D/        (  464): [ApnContext:ims] set reason as dataEnabled,current state IDLE
D/        (  464): [ApnContext:ims] setRetryCount: 0
D/        (  464): [ApnContext:cbs] set reason as dataEnabled,current state IDLE
D/        (  464): [ApnContext:cbs] setRetryCount: 0
E/SurfaceFlinger(   37): ro.sf.lcd_density must be defined as a build property
I/AudioService(  310):   Remote Control   registerMediaButtonIntent() for PendingIntent{4100f7e0: PendingIntentRecord{4100f740 com.android.music broadcastIntent}}
I/ActivityManager(  310): Start proc android.process.media for content provider com.android.providers.media/.MediaProvider: pid=577 uid=10000 gids={50000, 1015, 1023, 1024, 1028, 1006, 2001, 3003, 3007}
D/dalvikvm(  411): GC_CONCURRENT freed 64K, 4% free 3636K/3752K, paused 10ms+2ms, total 293ms
W/WindowManager(  310): Window freeze timeout expired.
W/WindowManager(  310): Force clearing orientation change: Window{40ea6488 u0 Keyguard}
D/dalvikvm(  464): GC_CONCURRENT freed 197K, 9% free 2568K/2820K, paused 4ms+2ms, total 123ms
D/dalvikvm(  310): GC_FOR_ALLOC freed 686K, 13% free 5419K/6204K, paused 190ms, total 195ms
I/dalvikvm-heap(  310): Grow heap (frag case) to 6.427MB for 1128976-byte allocation
D/dalvikvm(  485): GC_CONCURRENT freed 183K, 9% free 2619K/2860K, paused 3ms+75ms, total 306ms
D/dalvikvm(  310): GC_FOR_ALLOC freed 5K, 11% free 6516K/7308K, paused 466ms, total 466ms
D/dalvikvm(  310): GC_CONCURRENT freed 25K, 11% free 6508K/7308K, paused 87ms+131ms, total 781ms
D/TelephonyManager(  464): getLteOnCdmaMode=0 curVal=-1 product_type='' lteOnCdmaProductType=''
E/BluetoothAdapter(  411): Bluetooth binder is null
I/Choreographer(  310): Skipped 880 frames!  The application may be doing too much work on its main thread.
D/CallManager(  464): registerPhone(GSM Handler (com.android.internal.telephony.PhoneProxy) {40d02d70})
E/Trace   (  577): error opening trace file: No such file or directory (2)
I/Choreographer(  310): Skipped 50 frames!  The application may be doing too much work on its main thread.
E/BluetoothAdapter(  464): Bluetooth binder is null
W/InputMethodManagerService(  310): Found no subtypes in a system IME: com.android.inputmethod.pinyin
W/ActivityManager(  310): Activity idle timeout for ActivityRecord{40f5e638 u0 com.android.launcher/com.android.launcher2.Launcher}
I/ActivityManager(  310): Start proc com.android.contacts for broadcast com.android.contacts/.calllog.CallLogReceiver: pid=608 uid=10001 gids={50001, 3003, 1015, 1028}
E/BluetoothAdapter(  310): Bluetooth binder is null
E/BluetoothAdapter(  310): Bluetooth binder is null
V/WiredAccessoryManager(  310): init()
E/SoundPool(  310): error loading /system/media/audio/ui/Effect_Tick.ogg
W/AudioService(  310): Soundpool could not load file: /system/media/audio/ui/Effect_Tick.ogg
E/SoundPool(  310): error loading /system/media/audio/ui/Effect_Tick.ogg
W/AudioService(  310): Soundpool could not load file: /system/media/audio/ui/Effect_Tick.ogg
E/SoundPool(  310): error loading /system/media/audio/ui/Effect_Tick.ogg
W/AudioService(  310): Soundpool could not load file: /system/media/audio/ui/Effect_Tick.ogg
E/SoundPool(  310): error loading /system/media/audio/ui/Effect_Tick.ogg
W/AudioService(  310): Soundpool could not load file: /system/media/audio/ui/Effect_Tick.ogg
E/SoundPool(  310): error loading /system/media/audio/ui/Effect_Tick.ogg
W/AudioService(  310): Soundpool could not load file: /system/media/audio/ui/Effect_Tick.ogg
E/SoundPool(  310): error loading /system/media/audio/ui/KeypressStandard.ogg
W/AudioService(  310): Soundpool could not load file: /system/media/audio/ui/KeypressStandard.ogg
E/SoundPool(  310): error loading /system/media/audio/ui/KeypressSpacebar.ogg
W/AudioService(  310): Soundpool could not load file: /system/media/audio/ui/KeypressSpacebar.ogg
E/SoundPool(  310): error loading /system/media/audio/ui/KeypressDelete.ogg
W/AudioService(  310): Soundpool could not load file: /system/media/audio/ui/KeypressDelete.ogg
E/SoundPool(  310): error loading /system/media/audio/ui/KeypressReturn.ogg
W/AudioService(  310): Soundpool could not load file: /system/media/audio/ui/KeypressReturn.ogg
W/AudioService(  310): loadSoundEffects(), Error -1 while loading samples
I/Choreographer(  310): Skipped 39 frames!  The application may be doing too much work on its main thread.
I/DownloadManager(  577): in removeSpuriousFiles
E/BluetoothAdapter(  464): Bluetooth binder is null
W/ActivityManager(  310): Timeout executing service: ServiceRecord{40ef2678 u0 com.android.systemui/.SystemUIService}
E/Trace   (  608): error opening trace file: No such file or directory (2)
I/Process (  310): Sending signal. PID: 411 SIG: 3
I/dalvikvm(  411): threadid=3: reacting to signal 3
I/Process (  310): Sending signal. PID: 310 SIG: 3
I/dalvikvm(  310): threadid=3: reacting to signal 3
I/dalvikvm(  411): Wrote stack traces to '/data/anr/traces.txt'
I//system/bin/fsck_msdos(   32): ** Phase 2 - Check Cluster Chains
I//system/bin/fsck_msdos(   32): ** Phase 3 - Checking Directories
I//system/bin/fsck_msdos(   32): ** Phase 4 - Checking for Lost Files
I//system/bin/fsck_msdos(   32): 12 files, 100789 free (201579 clusters)
I/Vold    (   32): Filesystem check completed OK
I/Vold    (   32): Device /dev/block/vold/179:0, target /mnt/sdcard mounted @ /mnt/secure/staging
D/Vold    (   32): Volume sdcard state changing 3 (Checking) -> 4 (Mounted)
I/dalvikvm(  310): Wrote stack traces to '/data/anr/traces.txt'
I/Process (  310): Sending signal. PID: 464 SIG: 3
I/dalvikvm(  464): threadid=3: reacting to signal 3
D/MountService(  310): volume state changed for /mnt/sdcard (checking -> mounted)
I/PackageManager(  310): Updating external media status from unmounted to mounted
D/MountService(  310): sendStorageIntent Intent { act=android.intent.action.MEDIA_MOUNTED dat=file:///mnt/sdcard (has extras) } to UserHandle{-1}
E/VoldConnector(  310): NDC Command {3 volume mount /mnt/sdcard} took too long (24363ms)
D/dalvikvm(  485): GC_CONCURRENT freed 88K, 5% free 2992K/3136K, paused 11ms+242ms, total 428ms
I/dalvikvm(  464): Wrote stack traces to '/data/anr/traces.txt'
D/PhoneStatusBar(  411): disable: < expand icons alerts ticker system_info back home recent clock search >
W/GpsLocationProvider(  310): Could not open GPS configuration file /etc/gps.conf
W/ServiceWatcher(  310): com.google.android.location not found
E/BluetoothAdapter(  411): Bluetooth binder is null
W/ServiceWatcher(  310): com.google.android.location not found
W/LocationManagerService(  310): no network location provider found
D/dalvikvm(  310): GC_EXPLICIT freed 1606K, 23% free 5662K/7308K, paused 211ms+257ms, total 1401ms
W/ServiceWatcher(  310): com.google.android.location not found
D/SystemUIService(  411): loading: class com.android.systemui.power.PowerUI
D/SystemUIService(  411): running: com.android.systemui.power.PowerUI@40e41f40
D/SystemUIService(  411): loading: class com.android.systemui.media.RingtonePlayer
D/SystemUIService(  411): running: com.android.systemui.media.RingtonePlayer@40e42bc0
D/dalvikvm(   38): GC_EXPLICIT freed 34K, 4% free 2381K/2472K, paused 2ms+3ms, total 247ms
D/dalvikvm(   38): GC_EXPLICIT freed <1K, 4% free 2381K/2472K, paused 4ms+22ms, total 60ms
D/dalvikvm(   38): GC_EXPLICIT freed <1K, 4% free 2381K/2472K, paused 3ms+4ms, total 144ms
I/Process (  310): Sending signal. PID: 485 SIG: 3
I/dalvikvm(  485): threadid=3: reacting to signal 3
I/Process (  310): Sending signal. PID: 541 SIG: 3
I/dalvikvm(  541): threadid=3: reacting to signal 3
D/dalvikvm(  485): GC_CONCURRENT freed 186K, 8% free 3228K/3472K, paused 207ms+427ms, total 701ms
I/dalvikvm(  485): Wrote stack traces to '/data/anr/traces.txt'
W/ProcessStats(  310): Skipping unknown process pid 695
W/ProcessStats(  310): Skipping unknown process pid 697
I/dalvikvm(  541): Wrote stack traces to '/data/anr/traces.txt'
D/dalvikvm(  541): GC_CONCURRENT freed 158K, 8% free 2608K/2824K, paused 271ms+565ms, total 1036ms
E/ActivityManager(  310): ANR in com.android.systemui
E/ActivityManager(  310): Reason: Executing service com.android.systemui/.SystemUIService
E/ActivityManager(  310): Load: 5.39 / 1.47 / 0.5
E/ActivityManager(  310): CPU usage from 4777ms to -10814ms ago:
E/ActivityManager(  310):   18% 310/system_server: 12% user + 5.5% kernel / faults: 4529 minor 4 major
E/ActivityManager(  310):   13% 37/surfaceflinger: 11% user + 2.6% kernel
E/ActivityManager(  310):   10% 485/com.android.launcher: 6.2% user + 3.9% kernel / faults: 7601 minor 5 major
E/ActivityManager(  310):   5% 541/android.process.acore: 3.4% user + 1.5% kernel / faults: 1935 minor 20 major
E/ActivityManager(  310):   3.8% 411/com.android.systemui: 2.4% user + 1.4% kernel / faults: 804 minor 4 major
E/ActivityManager(  310):   3.7% 80/bootanimation: 2.8% user + 0.8% kernel
E/ActivityManager(  310):   3.7% 577/android.process.media: 1.6% user + 2% kernel / faults: 1764 minor 15 major
E/ActivityManager(  310):   3.2% 464/com.android.phone: 2.1% user + 1.1% kernel / faults: 652 minor 4 major
E/ActivityManager(  310):   1% 47/adbd: 0% user + 0.9% kernel / faults: 168 minor
E/ActivityManager(  310):   0.9% 38/zygote: 0.8% user + 0.1% kernel / faults: 252 minor
E/ActivityManager(  310):   0.6% 532/com.android.music: 0.3% user + 0.2% kernel / faults: 183 minor
E/ActivityManager(  310):   0.1% 32/vold: 0% user + 0.1% kernel / faults: 5 minor
E/ActivityManager(  310):   0.1% 29/mmcqd: 0% user + 0.1% kernel
E/ActivityManager(  310):   0.1% 40/mediaserver: 0% user + 0% kernel / faults: 6 minor
E/ActivityManager(  310):   0% 31/servicemanager: 0% user + 0% kernel / faults: 6 minor
E/ActivityManager(  310):   0% 36/rild: 0% user + 0% kernel / faults: 6 minor
E/ActivityManager(  310):   0% 449/com.android.inputmethod.latin: 0% user + 0% kernel / faults: 75 minor
E/ActivityManager(  310):  +0% 608/com.android.contacts: 0% user + 0% kernel
E/ActivityManager(  310):  +0% 677/<pre-initialized>: 0% user + 0% kernel
E/ActivityManager(  310): 100% TOTAL: 63% user + 35% kernel + 0.5% softirq
E/ActivityManager(  310): CPU usage from 8146ms to 10024ms later:
E/ActivityManager(  310):   14% 310/system_server: 9.2% user + 5.1% kernel / faults: 442 minor
E/ActivityManager(  310):     9.7% 330/ActivityManager: 4.1% user + 5.6% kernel
E/ActivityManager(  310):     4.1% 321/Binder_1: 3% user + 1% kernel
E/ActivityManager(  310):     2.5% 664/Binder_D: 2.5% user + 0% kernel
E/ActivityManager(  310):     1.5% 317/Compiler: 0% user + 1.5% kernel
E/ActivityManager(  310):     0.5% 310/system_server: 0.5% user + 0% kernel
E/ActivityManager(  310):     0.5% 657/Binder_A: 0.5% user + 0% kernel
E/ActivityManager(  310):    +0% 676/Error dump: sys: 0% user + 0% kernel
E/ActivityManager(  310):   11% 37/surfaceflinger: 6.9% user + 4.6% kernel
E/ActivityManager(  310):     11% 64/SurfaceFlinger: 9.8% user + 1.1% kernel
E/ActivityManager(  310):     0.5% 37/surfaceflinger: 0% user + 0.5% kernel
E/ActivityManager(  310):     0.5% 73/VSyncThread: 0% user + 0.5% kernel
E/ActivityManager(  310):     0.5% 76/EventThread: 0% user + 0.5% kernel
E/ActivityManager(  310):     0.5% 79/Binder_1: 0% user + 0.5% kernel
E/ActivityManager(  310):     0.5% 367/Binder_2: 0% user + 0.5% kernel
E/ActivityManager(  310):   19% 485/com.android.launcher: 13% user + 5.3% kernel / faults: 964 minor 2 major
E/ActivityManager(  310):     12% 485/ndroid.launcher: 11% user + 1% kernel
E/ActivityManager(  310):     11% 515/launcher-loader: 6.4% user + 5.3% kernel
E/ActivityManager(  310):     2.1% 494/Compiler: 2.1% user + 0% kernel
E/ActivityManager(  310):   2.3% 38/zygote: 1.9% user + 0.4% kernel / faults: 185 minor
E/ActivityManager(  310):     3.5% 38/zygote: 2.7% user + 0.7% kernel
E/ActivityManager(  310):    +0% 678/ReferenceQueueD: 0% user + 0% kernel
E/ActivityManager(  310):    +0% 680/FinalizerDaemon: 0% user + 0% kernel
E/ActivityManager(  310):    +0% 681/FinalizerWatchd: 0% user + 0% kernel
E/ActivityManager(  310):   18% 541/android.process.acore: 12% user + 5.6% kernel / faults: 236 minor
E/ActivityManager(  310):     14% 554/Compiler: 7.9% user + 6.8% kernel
E/ActivityManager(  310):     10% 541/d.process.acore: 10% user + 0% kernel
E/ActivityManager(  310):   3% 80/bootanimation: 2% user + 1% kernel
E/ActivityManager(  310):     3% 99/BootAnimation: 2% user + 1% kernel
E/ActivityManager(  310):   1.1% 47/adbd: 0% user + 1.1% kernel / faults: 25 minor
E/ActivityManager(  310):     1.1% 47/adbd: 0.5% user + 0.5% kernel
E/ActivityManager(  310):     0.5% 280/adbd: 0% user + 0.5% kernel
E/ActivityManager(  310):     0.5% 281/adbd: 0% user + 0.5% kernel
E/ActivityManager(  310):   0.1% 31/servicemanager: 0% user + 0.1% kernel
E/ActivityManager(  310):  +0% 677/<pre-initialized>: 0% user + 0% kernel
E/ActivityManager(  310): 100% TOTAL: 59% user + 40% kernel
D/dalvikvm(  310): GREF has increased to 401
I/ActivityManager(  310): Start proc com.android.location.fused for service com.android.location.fused/.FusedLocationService: pid=677 uid=10022 gids={50022, 1028}
I/Choreographer(  485): Skipped 497 frames!  The application may be doing too much work on its main thread.
E/Trace   (  677): error opening trace file: No such file or directory (2)
I/Choreographer(  411): Skipped 6468 frames!  The application may be doing too much work on its main thread.
D/DebugService(  464): DebugService DebugService:
D/TelephonyDebugService(  464): TelephonyDebugService()
E/SurfaceFlinger(   37): ro.sf.lcd_density must be defined as a build property
I/Choreographer(  485): Skipped 71 frames!  The application may be doing too much work on its main thread.
V/TAG     (  310): bug 7643792: fitSystemWindows([0,38][0,0])
D/dalvikvm(  464): GC_CONCURRENT freed 314K, 13% free 2648K/3020K, paused 6ms+138ms, total 1346ms
I/Choreographer(  310): Skipped 134 frames!  The application may be doing too much work on its main thread.
I/Choreographer(  310): Skipped 160 frames!  The application may be doing too much work on its main thread.
D/gralloc_goldfish(  485): Emulator without GPU emulation detected.
E/SurfaceFlinger(   37): ro.sf.lcd_density must be defined as a build property
D/PhoneStatusBar(  411): disable: < expand icons alerts ticker system_info BACK* HOME* RECENT* CLOCK* SEARCH* >
D/dalvikvm(  310): GC_CONCURRENT freed 324K, 16% free 6163K/7308K, paused 49ms+7ms, total 803ms
D/dalvikvm(  310): WAIT_FOR_CONCURRENT_GC blocked 47ms
D/dalvikvm(  310): WAIT_FOR_CONCURRENT_GC blocked 614ms
D/dalvikvm(  310): WAIT_FOR_CONCURRENT_GC blocked 56ms
D/dalvikvm(  310): WAIT_FOR_CONCURRENT_GC blocked 62ms
D/dalvikvm(  310): WAIT_FOR_CONCURRENT_GC blocked 85ms
I/Choreographer(  310): Skipped 71 frames!  The application may be doing too much work on its main thread.
I/Choreographer(  485): Skipped 72 frames!  The application may be doing too much work on its main thread.
D/dalvikvm(  310): GC_FOR_ALLOC freed 285K, 11% free 6539K/7308K, paused 303ms, total 348ms
D/dalvikvm(  411): GC_CONCURRENT freed 149K, 5% free 3883K/4088K, paused 4ms+31ms, total 298ms
I/Choreographer(  411): Skipped 1219 frames!  The application may be doing too much work on its main thread.
D/dalvikvm(  310): GC_FOR_ALLOC freed 788K, 21% free 6018K/7568K, paused 411ms, total 412ms
I/Choreographer(  310): Skipped 114 frames!  The application may be doing too much work on its main thread.
W/ActivityManager(  310): Killing ProcessRecord{40e623b0 411:com.android.systemui/u0a10034}: background ANR
I/Choreographer(  310): Skipped 34 frames!  The application may be doing too much work on its main thread.
W/Settings(  464): Setting auto_time_zone has moved from android.provider.Settings.System to android.provider.Settings.Global, returning read-only value.
D/dalvikvm(  485): GC_FOR_ALLOC freed 68K, 7% free 3313K/3532K, paused 136ms, total 356ms
I/dalvikvm-heap(  485): Grow heap (frag case) to 3.782MB for 518416-byte allocation
D/CAT     (  464): CatService: Running CAT service. STK app installed:false
D/CAT     (  464): CatService: NEW sInstance
D/dalvikvm(  485): GC_CONCURRENT freed 6K, 6% free 3813K/4040K, paused 20ms+2ms, total 153ms
D/dalvikvm(  485): WAIT_FOR_CONCURRENT_GC blocked 117ms
D/dalvikvm(  485): GC_FOR_ALLOC freed <1K, 6% free 3813K/4040K, paused 428ms, total 473ms
I/dalvikvm-heap(  485): Grow heap (frag case) to 4.269MB for 518416-byte allocation
I/ActivityManager(  310): Displayed com.android.launcher/com.android.launcher2.Launcher: +37s487ms
I/Choreographer(  310): Skipped 843 frames!  The application may be doing too much work on its main thread.
W/WindowManager(  310): Window freeze timeout expired.
W/WindowManager(  310): Force clearing orientation change: Window{41041030 u0 StatusBar}
I/Choreographer(  310): Skipped 36 frames!  The application may be doing too much work on its main thread.
D/dalvikvm(  485): GC_CONCURRENT freed <1K, 6% free 4319K/4548K, paused 4ms+151ms, total 441ms
D/dalvikvm(  485): WAIT_FOR_CONCURRENT_GC blocked 224ms
D/dalvikvm(  485): GC_FOR_ALLOC freed <1K, 6% free 4320K/4548K, paused 43ms, total 44ms
I/Choreographer(  310): Skipped 83 frames!  The application may be doing too much work on its main thread.
I/dalvikvm-heap(  485): Grow heap (frag case) to 4.764MB for 518416-byte allocation
D/CAT     (  464): CatService: SIM ready. Reporting STK service running now...
D/dalvikvm(  464): GC_CONCURRENT freed 276K, 11% free 2774K/3108K, paused 5ms+14ms, total 253ms
D/dalvikvm(  485): GC_FOR_ALLOC freed <1K, 5% free 4826K/5056K, paused 415ms, total 415ms
D/MccTable(  464): updateMccMncConfiguration: mcc=310, mnc=260
D/TelephonyManager(  464): getLteOnCdmaMode=0 curVal=-1 product_type='' lteOnCdmaProductType=''
D/MccTable(  464): locale set to en_us
D/MccTable(  464): WIFI_COUNTRY_CODE set to us
I/WifiService(  310): WifiService trying to set country code to us with persist set to true
D/dalvikvm(  485): GREF has increased to 201
I/ActivityManager(  310): Config changes=1403 {1.0 310mcc260mnc en_US ldltr sw320dp w320dp h508dp 240dpi nrml long port finger qwerty/v/v -nav/h s.4}
W/SurfaceFlinger(   37): createScreenshotSurface failed (Function not implemented)
I/Choreographer(  485): Skipped 954 frames!  The application may be doing too much work on its main thread.
I/WindowState(  310): WIN DEATH: Window{41041030 u0 StatusBar}
E/InputDispatcher(  310): Received spurious receive callback for unknown input channel.  fd=190, events=0x9
W/BroadcastQueue(  310): Failure sending broadcast Intent { act=android.intent.action.CONFIGURATION_CHANGED flg=0x70000010 }
W/BroadcastQueue(  310): android.os.DeadObjectException
W/BroadcastQueue(  310): 	at android.os.BinderProxy.transact(Native Method)
W/BroadcastQueue(  310): 	at android.app.ApplicationThreadProxy.scheduleRegisteredReceiver(ApplicationThreadNative.java:1009)
W/BroadcastQueue(  310): 	at com.android.server.am.BroadcastQueue.performReceiveLocked(BroadcastQueue.java:373)
W/BroadcastQueue(  310): 	at com.android.server.am.BroadcastQueue.deliverToRegisteredReceiverLocked(BroadcastQueue.java:439)
W/BroadcastQueue(  310): 	at com.android.server.am.BroadcastQueue.processNextBroadcast(BroadcastQueue.java:487)
W/BroadcastQueue(  310): 	at com.android.server.am.BroadcastQueue$1.handleMessage(BroadcastQueue.java:140)
W/BroadcastQueue(  310): 	at android.os.Handler.dispatchMessage(Handler.java:99)
W/BroadcastQueue(  310): 	at android.os.Looper.loop(Looper.java:137)
W/BroadcastQueue(  310): 	at com.android.server.am.ActivityManagerService$AThread.run(ActivityManagerService.java:1480)
W/BroadcastQueue(  310): Failure sending broadcast Intent { act=android.intent.action.CONFIGURATION_CHANGED flg=0x70000010 }
W/BroadcastQueue(  310): android.os.DeadObjectException
W/BroadcastQueue(  310): 	at android.os.BinderProxy.transact(Native Method)
W/BroadcastQueue(  310): 	at android.app.ApplicationThreadProxy.scheduleRegisteredReceiver(ApplicationThreadNative.java:1009)
W/BroadcastQueue(  310): 	at com.android.server.am.BroadcastQueue.performReceiveLocked(BroadcastQueue.java:373)
W/BroadcastQueue(  310): 	at com.android.server.am.BroadcastQueue.deliverToRegisteredReceiverLocked(BroadcastQueue.java:439)
W/BroadcastQueue(  310): 	at com.android.server.am.BroadcastQueue.processNextBroadcast(BroadcastQueue.java:487)
W/BroadcastQueue(  310): 	at com.android.server.am.BroadcastQueue$1.handleMessage(BroadcastQueue.java:140)
W/BroadcastQueue(  310): 	at android.os.Handler.dispatchMessage(Handler.java:99)
W/BroadcastQueue(  310): 	at android.os.Looper.loop(Looper.java:137)
W/BroadcastQueue(  310): 	at com.android.server.am.ActivityManagerService$AThread.run(ActivityManagerService.java:1480)
W/BroadcastQueue(  310): Failure sending broadcast Intent { act=android.intent.action.CONFIGURATION_CHANGED flg=0x70000010 }
W/BroadcastQueue(  310): android.os.DeadObjectException
W/BroadcastQueue(  310): 	at android.os.BinderProxy.transact(Native Method)
W/BroadcastQueue(  310): 	at android.app.ApplicationThreadProxy.scheduleRegisteredReceiver(ApplicationThreadNative.java:1009)
W/BroadcastQueue(  310): 	at com.android.server.am.BroadcastQueue.performReceiveLocked(BroadcastQueue.java:373)
W/BroadcastQueue(  310): 	at com.android.server.am.BroadcastQueue.deliverToRegisteredReceiverLocked(BroadcastQueue.java:439)
W/BroadcastQueue(  310): 	at com.android.server.am.BroadcastQueue.processNextBroadcast(BroadcastQueue.java:487)
W/BroadcastQueue(  310): 	at com.android.server.am.BroadcastQueue$1.handleMessage(BroadcastQueue.java:140)
W/BroadcastQueue(  310): 	at android.os.Handler.dispatchMessage(Handler.java:99)
W/BroadcastQueue(  310): 	at android.os.Looper.loop(Looper.java:137)
W/BroadcastQueue(  310): 	at com.android.server.am.ActivityManagerService$AThread.run(ActivityManagerService.java:1480)
W/BroadcastQueue(  310): Failure sending broadcast Intent { act=android.intent.action.CONFIGURATION_CHANGED flg=0x70000010 }
W/BroadcastQueue(  310): android.os.DeadObjectException
W/BroadcastQueue(  310): 	at android.os.BinderProxy.transact(Native Method)
W/BroadcastQueue(  310): 	at android.app.ApplicationThreadProxy.scheduleRegisteredReceiver(ApplicationThreadNative.java:1009)
W/BroadcastQueue(  310): 	at com.android.server.am.BroadcastQueue.performReceiveLocked(BroadcastQueue.java:373)
W/BroadcastQueue(  310): 	at com.android.server.am.BroadcastQueue.deliverToRegisteredReceiverLocked(BroadcastQueue.java:439)
W/BroadcastQueue(  310): 	at com.android.server.am.BroadcastQueue.processNextBroadcast(BroadcastQueue.java:487)
W/BroadcastQueue(  310): 	at com.android.server.am.BroadcastQueue$1.handleMessage(BroadcastQueue.java:140)
W/BroadcastQueue(  310): 	at android.os.Handler.dispatchMessage(Handler.java:99)
W/BroadcastQueue(  310): 	at android.os.Looper.loop(Looper.java:137)
W/BroadcastQueue(  310): 	at com.android.server.am.ActivityManagerService$AThread.run(ActivityManagerService.java:1480)
I/ActivityManager(  310): Process com.android.systemui (pid 411) has died.
W/ActivityManager(  310): Scheduling restart of crashed service com.android.systemui/.SystemUIService in 0ms
W/ActivityManager(  310): Scheduling restart of crashed service com.android.systemui/.ImageWallpaper in 0ms
I/ActivityManager(  310): Start proc com.android.systemui for restart com.android.systemui: pid=741 uid=10034 gids={50034, 1028, 1015, 3002, 3001}
W/Settings(  464): Setting auto_time_zone has moved from android.provider.Settings.System to android.provider.Settings.Global, returning read-only value.
W/Launcher.Model(  485): LoaderTask running with no launcher (loadAllAppsByBatch)
I/Choreographer(  310): Skipped 165 frames!  The application may be doing too much work on its main thread.
W/ServiceWatcher(  310): com.google.android.location not found
E/LocationManagerService(  310): no geocoder provider found
E/Trace   (  741): error opening trace file: No such file or directory (2)
W/WallpaperService(  310): Failed attaching wallpaper; clearing
W/WallpaperService(  310): android.os.DeadObjectException
W/WallpaperService(  310): 	at android.os.BinderProxy.transact(Native Method)
W/WallpaperService(  310): 	at android.service.wallpaper.IWallpaperService$Stub$Proxy.attach(IWallpaperService.java:95)
W/WallpaperService(  310): 	at com.android.server.WallpaperManagerService.attachServiceLocked(WallpaperManagerService.java:960)
