I/BackupManagerService(  295): Backup enabled => true
I/SystemServer(  295): AppWidget Service
I/SystemServer(  295): Recognition Service
I/SystemServer(  295): DiskStats Service
I/SystemServer(  295): SamplingProfiler Service
I/SystemServer(  295): NetworkTimeUpdateService
I/SystemServer(  295): CommonTimeManagementService
I/SystemServer(  295): CertBlacklister
I/SystemServer(  295): Dreams Service
I/WindowManager(  295): SAFE MODE not enabled
D/dalvikvm(  295): JIT started for system_server
D/dalvikvm(  295): GC_CONCURRENT freed 305K, 8% free 4328K/4700K, paused 9ms+143ms, total 286ms
I/ActivityManager(  295): System now ready
I/SystemServer(  295): Making services ready
I/Zygote  (  295): Process: zygote socket opened
I/ActivityManager(  295): Start proc com.android.systemui for service com.android.systemui/.SystemUIService: pid=390 uid=10034 gids={50034, 1028, 1015, 3002, 3001}
I/Vold    (   32): /dev/block/vold/179:0 being considered for volume sdcard
D/Vold    (   32): Volume sdcard state changing 1 (Idle-Unmounted) -> 3 (Checking)
I//system/bin/fsck_msdos(   32): ** /dev/block/vold/179:0
D/MountService(  295): volume state changed for /mnt/sdcard (unmounted -> checking)
D/MountService(  295): sendStorageIntent Intent { act=android.intent.action.MEDIA_CHECKING dat=file:///mnt/sdcard (has extras) } to UserHandle{-1}
D/NetworkManagementService(  295): not enabling bandwidth control
I/keystore(   42): uid: 1000 action: e -> 7 state: 3 -> 3 retry: 4
I/Choreographer(  295): Skipped 50 frames!  The application may be doing too much work on its main thread.
W/NetworkStats(  295): bandwidth controls disabled, unable to track stats
I//system/bin/fsck_msdos(   32): ** Phase 1 - Read and Compare FATs
W/NetworkPolicy(  295): bandwidth controls disabled, unable to enforce policy
I/keystore(   42): uid: 1000 action: e -> 7 state: 3 -> 3 retry: 4
I//system/bin/fsck_msdos(   32): Attempting to allocate 2044 KB for FAT
I/ActivityManager(  295): Config changes=200 {1.0 ?mcc?mnc en_US ldltr sw320dp w320dp h508dp 240dpi nrml long port finger -keyb/v/h tball/v s.3}
W/RecognitionManagerService(  295): no available voice recognition services found for user 0
E/Trace   (  390): error opening trace file: No such file or directory (2)
D/SystemUIService(  390): loading: class com.android.systemui.statusbar.phone.PhoneStatusBar
D/SystemUIService(  390): running: com.android.systemui.statusbar.phone.PhoneStatusBar@40cd23a0
I/StatusBarManagerService(  295): registerStatusBar bar=com.android.internal.statusbar.IStatusBar$Stub$Proxy@40f2aa50
D/dalvikvm(  295): GC_CONCURRENT freed 109K, 4% free 4728K/4900K, paused 5ms+137ms, total 645ms
D/dalvikvm(  295): WAIT_FOR_CONCURRENT_GC blocked 625ms
W/InputMethodManagerService(  295): Ignoring setImeWindowStatus of uid 1000 token: null
W/InputMethodManagerService(  295): Found no subtypes in a system IME: com.android.inputmethod.pinyin
I/ActivityManager(  295): Start proc com.android.inputmethod.latin for service com.android.inputmethod.latin/.LatinIME: pid=428 uid=10010 gids={50010, 1028}
I/CommonTimeManagementService(  295): No common time service detected on this platform.  Common time services will be unavailable.
I/ActivityManager(  295): Start proc com.android.phone for added application com.android.phone: pid=442 uid=1001 gids={41001, 3002, 3001, 3003, 1015, 1028}
I/InputReader(  295): Reconfiguring input devices.  changes=0x00000020
I/InputReader(  295): Reconfiguring input devices.  changes=0x00000010
E/ThrottleService(  295): problem during onPollAlarm: java.lang.IllegalStateException: problem parsing stats: java.io.FileNotFoundException: /proc/net/xt_qtaguid/iface_stat_all: open failed: ENOENT (No such file or directory)
I/ActivityManager(  295): START u0 {act=android.intent.action.MAIN cat=[android.intent.category.HOME] flg=0x10000000 cmp=com.android.launcher/com.android.launcher2.Launcher} from pid 0
D/dalvikvm(  295): GC_CONCURRENT freed 397K, 9% free 4921K/5380K, paused 163ms+6ms, total 1298ms
D/dalvikvm(  295): WAIT_FOR_CONCURRENT_GC blocked 327ms
D/dalvikvm(  295): WAIT_FOR_CONCURRENT_GC blocked 495ms
D/dalvikvm(  295): WAIT_FOR_CONCURRENT_GC blocked 498ms
E/NetdConnector(  295): NDC Command {4 interface setthrottle rmnet0 -1 -1} took too long (1103ms)
D/dalvikvm(  295): WAIT_FOR_CONCURRENT_GC blocked 359ms
D/dalvikvm(  295): WAIT_FOR_CONCURRENT_GC blocked 452ms
I/ActivityManager(  295): Start proc com.android.launcher for activity com.android.launcher/com.android.launcher2.Launcher: pid=465 uid=10020 gids={50020, 1028}
D/dalvikvm(  295): WAIT_FOR_CONCURRENT_GC blocked 351ms
I/SystemServer(  295): Enabled StrictMode for system server main thread.
D/dalvikvm(  295): WAIT_FOR_CONCURRENT_GC blocked 489ms
E/Trace   (  428): error opening trace file: No such file or directory (2)
D/dalvikvm(  295): GC_FOR_ALLOC freed 30K, 9% free 5129K/5588K, paused 176ms, total 177ms
D/dalvikvm(  295): WAIT_FOR_CONCURRENT_GC blocked 846ms
I/LocationBlacklist(  295): whitelist: []
I/LocationBlacklist(  295): blacklist: []
D/dalvikvm(  390): GC_FOR_ALLOC freed 88K, 6% free 2664K/2808K, paused 30ms, total 123ms
I/dalvikvm-heap(  390): Grow heap (frag case) to 3.259MB for 635812-byte allocation
D/dalvikvm(  390): GC_CONCURRENT freed 5K, 5% free 3280K/3432K, paused 16ms+2ms, total 100ms
D/dalvikvm(  390): WAIT_FOR_CONCURRENT_GC blocked 84ms
E/SurfaceFlinger(   37): ro.sf.lcd_density must be defined as a build property
D/gralloc_goldfish(  295): Emulator without GPU emulation detected.
I//system/bin/fsck_msdos(   32): Attempting to allocate 2044 KB for FAT
D/dalvikvm(  295): WAIT_FOR_CONCURRENT_GC blocked 1975ms
E/Trace   (  442): error opening trace file: No such file or directory (2)
E/Trace   (  465): error opening trace file: No such file or directory (2)
D/dalvikvm(  295): GC_CONCURRENT freed 371K, 8% free 5448K/5884K, paused 154ms+61ms, total 733ms
D/dalvikvm(  295): WAIT_FOR_CONCURRENT_GC blocked 324ms
D/dalvikvm(  295): WAIT_FOR_CONCURRENT_GC blocked 321ms
D/dalvikvm(  295): WAIT_FOR_CONCURRENT_GC blocked 257ms
D/dalvikvm(  295): WAIT_FOR_CONCURRENT_GC blocked 214ms
I/LatinIME(  428): Hardware accelerated drawing: false
D/dalvikvm(  295): WAIT_FOR_CONCURRENT_GC blocked 457ms
D/dalvikvm(  295): WAIT_FOR_CONCURRENT_GC blocked 390ms
E/BluetoothAdapter(  390): Bluetooth binder is null
E/BluetoothAdapter(  390): Bluetooth binder is null
E/BluetoothAdapter(  390): Bluetooth binder is null
D/dalvikvm(  295): WAIT_FOR_CONCURRENT_GC blocked 1200ms
W/GpsLocationProvider(  295): Could not open GPS configuration file /etc/gps.conf
W/ServiceWatcher(  295): com.google.android.location not found
W/TelephonyProvider(  442): onCreate: confFile=/system/etc/apns-conf.xml oldCheckSum=-1
D/TelephonyManager(  442): getLteOnCdmaMode=0 curVal=-1 product_type='' lteOnCdmaProductType=''
D/dalvikvm(  295): GC_CONCURRENT freed 652K, 12% free 5569K/6284K, paused 168ms+12ms, total 537ms
D/dalvikvm(  295): WAIT_FOR_CONCURRENT_GC blocked 66ms
D/dalvikvm(  295): WAIT_FOR_CONCURRENT_GC blocked 2937ms
W/InputAttributes(  428): No editor info for this field. Bug?
W/ServiceWatcher(  295): com.google.android.location not found
W/LocationManagerService(  295): no network location provider found
W/ServiceWatcher(  295): com.google.android.location not found
D/dalvikvm(  390): GC_CONCURRENT freed 66K, 4% free 3648K/3772K, paused 73ms+17ms, total 254ms
D/dalvikvm(  295): GREF has increased to 301
I/Choreographer(  295): Skipped 2991 frames!  The application may be doing too much work on its main thread.
D/TelephonyManager(  442): getLteOnCdmaMode=0 curVal=-1 product_type='' lteOnCdmaProductType=''
E/BluetoothAdapter(  390): Bluetooth binder is null
D/dalvikvm(  428): GC_CONCURRENT freed 265K, 12% free 2497K/2816K, paused 4ms+4ms, total 423ms
W/InputMethodManagerService(  295): Found no subtypes in a system IME: com.android.inputmethod.pinyin
I/ActivityManager(  295): Start proc com.android.location.fused for service com.android.location.fused/.FusedLocationService: pid=513 uid=10022 gids={50022, 1028}
E/ActivityThread(  428): Failed to find provider info for com.android.inputmethod.latin.dictionarypack
E/BinaryDictionaryGetter(  428): Could not find a dictionary pack
I/ActivityManager(  295): Start proc android.process.acore for content provider com.android.providers.userdictionary/.UserDictionaryProvider: pid=519 uid=10001 gids={50001, 3003, 1015, 1028}
I/ActivityManager(  295): Start proc com.android.music for broadcast com.android.music/.MediaButtonIntentReceiver: pid=527 uid=10025 gids={50025, 3003, 1015, 1028}
D/TelephonyManager(  442): getLteOnCdmaMode=0 curVal=-1 product_type='' lteOnCdmaProductType=''
W/ServiceWatcher(  295): com.google.android.location not found
I/dalvikvm(  527): Turning on JNI app bug workarounds for target SDK version 9...
I//system/bin/fsck_msdos(   32): ** Phase 2 - Check Cluster Chains
I//system/bin/fsck_msdos(   32): ** Phase 3 - Checking Directories
I//system/bin/fsck_msdos(   32): ** Phase 4 - Checking for Lost Files
I//system/bin/fsck_msdos(   32): 16 files, 1044440 free (522220 clusters)
I/Vold    (   32): Filesystem check completed OK
I/Vold    (   32): Device /dev/block/vold/179:0, target /mnt/sdcard mounted @ /mnt/secure/staging
D/Vold    (   32): Volume sdcard state changing 3 (Checking) -> 4 (Mounted)
D/MountService(  295): volume state changed for /mnt/sdcard (checking -> mounted)
E/VoldConnector(  295): NDC Command {3 volume mount /mnt/sdcard} took too long (14168ms)
I/PackageManager(  295): Updating external media status from unmounted to mounted
D/MountService(  295): sendStorageIntent Intent { act=android.intent.action.MEDIA_MOUNTED dat=file:///mnt/sdcard (has extras) } to UserHandle{-1}
V/TAG     (  295): bug 7643792: fitSystemWindows([0,0][0,0])
E/Trace   (  513): error opening trace file: No such file or directory (2)
D/PhoneStatusBar(  390): disable: < expand icons alerts ticker system_info back home recent clock search >
W/Settings(  442): Setting airplane_mode_on has moved from android.provider.Settings.System to android.provider.Settings.Global, returning read-only value.
W/Settings(  442): Setting auto_time has moved from android.provider.Settings.System to android.provider.Settings.Global, returning read-only global URI.
W/Settings(  442): Setting auto_time_zone has moved from android.provider.Settings.System to android.provider.Settings.Global, returning read-only global URI.
W/ActivityManager(  295): Unable to start service Intent { act=com.android.internal.telephony.IWapPushManager } U=0: not found
D/dalvikvm(  295): GC_CONCURRENT freed 815K, 14% free 5554K/6432K, paused 275ms+184ms, total 1948ms
D/dalvikvm(  295): WAIT_FOR_CONCURRENT_GC blocked 294ms
D/dalvikvm(  295): WAIT_FOR_CONCURRENT_GC blocked 246ms
D/dalvikvm(  295): WAIT_FOR_CONCURRENT_GC blocked 242ms
D/dalvikvm(  295): WAIT_FOR_CONCURRENT_GC blocked 248ms
D/dalvikvm(  295): WAIT_FOR_CONCURRENT_GC blocked 243ms
D/dalvikvm(  295): WAIT_FOR_CONCURRENT_GC blocked 75ms
D/dalvikvm(  295): WAIT_FOR_CONCURRENT_GC blocked 108ms
D/        (  442): [ApnContext:default] set reason as dataEnabled,current state IDLE
D/        (  442): [ApnContext:default] setRetryCount: 0
E/Trace   (  527): error opening trace file: No such file or directory (2)
V/TAG     (  295): bug 7643792: fitSystemWindows([0,38][0,0])
D/        (  442): [ApnContext:mms] set reason as dataEnabled,current state IDLE
D/        (  442): [ApnContext:mms] setRetryCount: 0
E/Trace   (  519): error opening trace file: No such file or directory (2)
D/        (  442): [ApnContext:supl] set reason as dataEnabled,current state IDLE
D/        (  442): [ApnContext:supl] setRetryCount: 0
D/        (  442): [ApnContext:hipri] set reason as dataEnabled,current state IDLE
D/        (  442): [ApnContext:hipri] setRetryCount: 0
D/        (  442): [ApnContext:fota] set reason as dataEnabled,current state IDLE
D/        (  442): [ApnContext:fota] setRetryCount: 0
D/        (  442): [ApnContext:ims] set reason as dataEnabled,current state IDLE
D/        (  442): [ApnContext:ims] setRetryCount: 0
D/dalvikvm(  295): WAIT_FOR_CONCURRENT_GC blocked 701ms
D/        (  442): [ApnContext:cbs] set reason as dataEnabled,current state IDLE
D/        (  442): [ApnContext:cbs] setRetryCount: 0
E/VoldConnector(  295): NDC Command {4 asec list} took too long (1839ms)
E/BluetoothAdapter(  390): Bluetooth binder is null
D/dalvikvm(  442): GC_CONCURRENT freed 197K, 9% free 2576K/2828K, paused 4ms+482ms, total 877ms
I/Choreographer(  295): Skipped 458 frames!  The application may be doing too much work on its main thread.
W/WindowManager(  295): Window freeze timeout expired.
W/WindowManager(  295): Force clearing orientation change: Window{40ef1bf8 u0 Keyguard}
D/SystemUIService(  390): loading: class com.android.systemui.power.PowerUI
D/SystemUIService(  390): running: com.android.systemui.power.PowerUI@40e5c250
E/SurfaceFlinger(   37): ro.sf.lcd_density must be defined as a build property
D/dalvikvm(  465): GC_CONCURRENT freed 181K, 9% free 2621K/2860K, paused 9ms+34ms, total 175ms
D/dalvikvm(  295): GC_FOR_ALLOC freed 139K, 15% free 5501K/6432K, paused 736ms, total 739ms
I/dalvikvm-heap(  295): Grow heap (frag case) to 6.507MB for 1128976-byte allocation
D/dalvikvm(  295): GC_FOR_ALLOC freed 2K, 13% free 6601K/7536K, paused 185ms, total 229ms
E/LocationManagerService(  295): no geocoder provider found
I/PackageManager(  295): No secure containers on sdcard
W/PackageManager(  295): Unknown permission com.google.android.googleapps.permission.GOOGLE_AUTH.mail in package com.android.contacts
W/PackageManager(  295): Unknown permission android.permission.ADD_SYSTEM_SERVICE in package com.android.phone
W/PackageManager(  295): Unknown permission com.android.smspush.WAPPUSH_MANAGER_BIND in package com.android.phone
W/PackageManager(  295): Unknown permission com.google.android.googleapps.permission.GOOGLE_AUTH in package com.android.providers.calendar
W/PackageManager(  295): Unknown permission com.google.android.googleapps.permission.GOOGLE_AUTH.cl in package com.android.providers.calendar
W/PackageManager(  295): Unknown permission com.google.android.googleapps.permission.GOOGLE_AUTH.mail in package com.android.calendar
W/PackageManager(  295): Not granting permission android.permission.SEND_DOWNLOAD_COMPLETED_INTENTS to package com.android.browser (protectionLevel=2 flags=0x89be45)
W/PackageManager(  295): Not granting permission android.permission.BIND_APPWIDGET to package com.android.widgetpreview (protectionLevel=18 flags=0x8be44)
I/Choreographer(  295): Skipped 541 frames!  The application may be doing too much work on its main thread.
D/dalvikvm(  295): GC_CONCURRENT freed 31K, 13% free 6613K/7536K, paused 7ms+29ms, total 757ms
I/Choreographer(  295): Skipped 42 frames!  The application may be doing too much work on its main thread.
W/PackageManager(  295): Unknown permission com.google.android.googleapps.permission.GOOGLE_AUTH in package com.android.settings
W/PackageManager(  295): Unknown permission com.google.android.gallery3d.permission.GALLERY_PROVIDER in package com.android.exchange
W/PackageManager(  295): Unknown permission com.google.android.googleapps.permission.ACCESS_GOOGLE_PASSWORD in package com.android.development
W/PackageManager(  295): Unknown permission com.google.android.googleapps.permission.GOOGLE_AUTH in package com.android.development
W/PackageManager(  295): Unknown permission com.google.android.googleapps.permission.GOOGLE_AUTH.ALL_SERVICES in package com.android.development
W/PackageManager(  295): Unknown permission com.google.android.googleapps.permission.GOOGLE_AUTH.YouTubeUser in package com.android.development
W/PackageManager(  295): Unknown permission com.google.android.gallery3d.permission.GALLERY_PROVIDER in package com.android.email
W/PackageManager(  295): Not granting permission android.permission.DEVICE_POWER to package com.android.deskclock (protectionLevel=2 flags=0x88be45)
W/ActivityManager(  295): Timeout executing service: ServiceRecord{40ef0b20 u0 com.android.systemui/.SystemUIService}
D/TelephonyManager(  442): getLteOnCdmaMode=0 curVal=-1 product_type='' lteOnCdmaProductType=''
D/SystemUIService(  390): loading: class com.android.systemui.media.RingtonePlayer
D/SystemUIService(  390): running: com.android.systemui.media.RingtonePlayer@40e5ced0
D/CallManager(  442): registerPhone(GSM Handler (com.android.internal.telephony.PhoneProxy) {40d04f50})
I/Process (  295): Sending signal. PID: 390 SIG: 3
I/dalvikvm(  390): threadid=3: reacting to signal 3
I/ActivityManager(  295): Start proc android.process.media for broadcast com.android.providers.downloads/.DownloadReceiver: pid=596 uid=10000 gids={50000, 1015, 1023, 1024, 1028, 1006, 2001, 3003, 3007}
I/AudioService(  295):   Remote Control   registerMediaButtonIntent() for PendingIntent{410737f8: PendingIntentRecord{41062540 com.android.music broadcastIntent}}
E/BluetoothAdapter(  442): Bluetooth binder is null
I/Process (  295): Sending signal. PID: 295 SIG: 3
I/dalvikvm(  295): threadid=3: reacting to signal 3
I/dalvikvm(  390): Wrote stack traces to '/data/anr/traces.txt'
I/Process (  295): Sending signal. PID: 442 SIG: 3
I/dalvikvm(  442): threadid=3: reacting to signal 3
W/ActivityManager(  295): Activity idle timeout for ActivityRecord{40f87440 u0 com.android.launcher/com.android.launcher2.Launcher}
I/dalvikvm(  295): Wrote stack traces to '/data/anr/traces.txt'
I/Choreographer(  390): Skipped 4235 frames!  The application may be doing too much work on its main thread.
E/Trace   (  596): error opening trace file: No such file or directory (2)
D/dalvikvm(  295): GC_CONCURRENT freed 1379K, 26% free 5583K/7536K, paused 78ms+188ms, total 1345ms
D/dalvikvm(  390): GC_CONCURRENT freed 235K, 8% free 3819K/4112K, paused 4ms+50ms, total 341ms
I/dalvikvm(  442): Wrote stack traces to '/data/anr/traces.txt'
E/BluetoothAdapter(  442): Bluetooth binder is null
D/dalvikvm(  465): GC_CONCURRENT freed 90K, 5% free 2990K/3136K, paused 4ms+127ms, total 401ms
E/SurfaceFlinger(   37): ro.sf.lcd_density must be defined as a build property
I/Choreographer(  295): Skipped 57 frames!  The application may be doing too much work on its main thread.
I/Choreographer(  295): Skipped 181 frames!  The application may be doing too much work on its main thread.
W/WindowManager(  295): Window freeze timeout expired.
W/WindowManager(  295): Force clearing orientation change: Window{410a7ba8 u0 StatusBar}
D/PhoneStatusBar(  390): disable: < expand icons alerts ticker system_info BACK* HOME* RECENT* CLOCK* SEARCH* >
I/Choreographer(  465): Skipped 145 frames!  The application may be doing too much work on its main thread.
I/Choreographer(  390): Skipped 1904 frames!  The application may be doing too much work on its main thread.
D/gralloc_goldfish(  390): Emulator without GPU emulation detected.
D/dalvikvm(  295): GREF has increased to 401
E/SurfaceFlinger(   37): ro.sf.lcd_density must be defined as a build property
I/Choreographer(  465): Skipped 35 frames!  The application may be doing too much work on its main thread.
D/gralloc_goldfish(  465): Emulator without GPU emulation detected.
I/Choreographer(  295): Skipped 150 frames!  The application may be doing too much work on its main thread.
D/dalvikvm(  295): GC_CONCURRENT freed 550K, 10% free 5823K/6436K, paused 149ms+155ms, total 1860ms
D/dalvikvm(  295): WAIT_FOR_CONCURRENT_GC blocked 1273ms
E/SurfaceFlinger(   37): ro.sf.lcd_density must be defined as a build property
D/DebugService(  442): DebugService DebugService:
D/TelephonyDebugService(  442): TelephonyDebugService()
I/Choreographer(  295): Skipped 41 frames!  The application may be doing too much work on its main thread.
I/ActivityManager(  295): Displayed com.android.launcher/com.android.launcher2.Launcher: +28s506ms
I/Choreographer(  465): Skipped 32 frames!  The application may be doing too much work on its main thread.
D/dalvikvm(  519): GC_CONCURRENT freed 184K, 9% free 2615K/2856K, paused 773ms+103ms, total 1556ms
I/DownloadManager(  596): in removeSpuriousFiles
W/WindowManager(  295): Window freeze timeout expired.
W/WindowManager(  295): Force clearing orientation change: Window{40f89618 u0 com.android.systemui.ImageWallpaper}
D/dalvikvm(  295): GC_EXPLICIT freed 101K, 11% free 5792K/6436K, paused 169ms+242ms, total 2943ms
E/SoundPool(  295): error loading /system/media/audio/ui/Effect_Tick.ogg
W/AudioService(  295): Soundpool could not load file: /system/media/audio/ui/Effect_Tick.ogg
E/SoundPool(  295): error loading /system/media/audio/ui/Effect_Tick.ogg
W/AudioService(  295): Soundpool could not load file: /system/media/audio/ui/Effect_Tick.ogg
E/SoundPool(  295): error loading /system/media/audio/ui/Effect_Tick.ogg
W/AudioService(  295): Soundpool could not load file: /system/media/audio/ui/Effect_Tick.ogg
E/SoundPool(  295): error loading /system/media/audio/ui/Effect_Tick.ogg
W/AudioService(  295): Soundpool could not load file: /system/media/audio/ui/Effect_Tick.ogg
E/SoundPool(  295): error loading /system/media/audio/ui/Effect_Tick.ogg
W/AudioService(  295): Soundpool could not load file: /system/media/audio/ui/Effect_Tick.ogg
E/SoundPool(  295): error loading /system/media/audio/ui/KeypressStandard.ogg
W/AudioService(  295): Soundpool could not load file: /system/media/audio/ui/KeypressStandard.ogg
E/SoundPool(  295): error loading /system/media/audio/ui/KeypressSpacebar.ogg
W/AudioService(  295): Soundpool could not load file: /system/media/audio/ui/KeypressSpacebar.ogg
E/SoundPool(  295): error loading /system/media/audio/ui/KeypressDelete.ogg
W/AudioService(  295): Soundpool could not load file: /system/media/audio/ui/KeypressDelete.ogg
E/SoundPool(  295): error loading /system/media/audio/ui/KeypressReturn.ogg
W/AudioService(  295): Soundpool could not load file: /system/media/audio/ui/KeypressReturn.ogg
W/AudioService(  295): loadSoundEffects(), Error -1 while loading samples
D/dalvikvm(  390): GC_FOR_ALLOC freed 34K, 6% free 3883K/4112K, paused 370ms, total 393ms
I/dalvikvm-heap(  390): Grow heap (frag case) to 9.957MB for 6410576-byte allocation
D/MediaScannerReceiver(  596): action: android.intent.action.MEDIA_MOUNTED path: /mnt/sdcard
I/Choreographer(  295): Skipped 363 frames!  The application may be doing too much work on its main thread.
E/BluetoothAdapter(  295): Bluetooth binder is null
E/BluetoothAdapter(  295): Bluetooth binder is null
V/WiredAccessoryManager(  295): init()
I/ActivityManager(  295): Start proc com.android.contacts for broadcast com.android.contacts/.calllog.CallLogReceiver: pid=676 uid=10001 gids={50001, 3003, 1015, 1028}
D/dalvikvm(   38): GC_EXPLICIT freed 34K, 4% free 2382K/2472K, paused 3ms+3ms, total 160ms
W/Settings(  442): Setting auto_time_zone has moved from android.provider.Settings.System to android.provider.Settings.Global, returning read-only value.
D/dalvikvm(   38): GC_EXPLICIT freed <1K, 4% free 2382K/2472K, paused 3ms+3ms, total 62ms
D/dalvikvm(  442): GC_CONCURRENT freed 302K, 12% free 2678K/3028K, paused 5ms+3ms, total 698ms
D/dalvikvm(   38): GC_EXPLICIT freed <1K, 4% free 2382K/2472K, paused 2ms+11ms, total 81ms
I/FusedLocation(  513): engine started (com.android.location.fused)
D/dalvikvm(  390): GC_FOR_ALLOC freed 2K, 3% free 10141K/10376K, paused 856ms, total 862ms
I/Process (  295): Sending signal. PID: 465 SIG: 3
I/dalvikvm(  465): threadid=3: reacting to signal 3
I/dalvikvm(  465): Wrote stack traces to '/data/anr/traces.txt'
D/dalvikvm(  390): GC_CONCURRENT freed <1K, 3% free 10141K/10376K, paused 266ms+4ms, total 438ms
I/Process (  295): Sending signal. PID: 519 SIG: 3
I/dalvikvm(  519): threadid=3: reacting to signal 3
I/Process (  295): Sending signal. PID: 527 SIG: 3
I/dalvikvm(  527): threadid=3: reacting to signal 3
W/dalvikvm(  519): threadid=3: spin on suspend #1 threadid=11 (pcf=0)
D/dalvikvm(  519): Temporarily moving tid 624 to fg (was 0)
D/dalvikvm(  519): Temporarily raised priority on tid 624 (10 -> 0)
W/dalvikvm(  519): threadid=3: spin on suspend resolved in 1115 msec
D/dalvikvm(  519): Restored policy of 624 to 0
D/dalvikvm(  519): Restored priority on 624 to 10
W/ProcessStats(  295): Skipping unknown process pid 692
E/ActivityManager(  295): ANR in com.android.systemui
E/ActivityManager(  295): Reason: Executing service com.android.systemui/.SystemUIService
E/ActivityManager(  295): Load: 8.04 / 2.08 / 0.7
E/ActivityManager(  295): CPU usage from 4590ms to -17402ms ago:
E/ActivityManager(  295):   21% 295/system_server: 15% user + 5.9% kernel / faults: 5911 minor 4 major
E/ActivityManager(  295):   14% 37/surfaceflinger: 11% user + 2.5% kernel / faults: 9 minor
E/ActivityManager(  295):   7.9% 465/com.android.launcher: 5.2% user + 2.7% kernel / faults: 7636 minor 2 major
E/ActivityManager(  295):   4.8% 519/android.process.acore: 3% user + 1.8% kernel / faults: 2456 minor 21 major
E/ActivityManager(  295):   4.6% 390/com.android.systemui: 2.8% user + 1.7% kernel / faults: 2738 minor 6 major
E/ActivityManager(  295):   3.5% 442/com.android.phone: 2.4% user + 1.1% kernel / faults: 1593 minor 7 major
E/ActivityManager(  295):   2.8% 91/bootanimation: 2.2% user + 0.6% kernel
E/ActivityManager(  295):   0.7% 527/com.android.music: 0.4% user + 0.2% kernel / faults: 596 minor 1 major
E/ActivityManager(  295):   0.5% 38/zygote: 0.5% user + 0% kernel / faults: 244 minor
E/ActivityManager(  295):   0.5% 47/adbd: 0% user + 0.5% kernel / faults: 241 minor
E/ActivityManager(  295):   0.4% 32/vold: 0% user + 0.4% kernel
E/ActivityManager(  295):   0% 36/rild: 0% user + 0% kernel / faults: 6 minor
E/ActivityManager(  295):   0.2% 513/com.android.location.fused: 0.1% user + 0% kernel / faults: 128 minor
E/ActivityManager(  295):   0.1% 40/mediaserver: 0% user + 0% kernel / faults: 6 minor
E/ActivityManager(  295):   0.1% 428/com.android.inputmethod.latin: 0% user + 0% kernel / faults: 159 minor 1 major
E/ActivityManager(  295):   0% 31/servicemanager: 0% user + 0% kernel / faults: 6 minor
E/ActivityManager(  295):  +0% 596/android.process.media: 0% user + 0% kernel
E/ActivityManager(  295):  +0% 676/<pre-initialized>: 0% user + 0% kernel
E/ActivityManager(  295): 100% TOTAL: 67% user + 32% kernel + 0% irq + 0% softirq
E/ActivityManager(  295): CPU usage from 14135ms to 15310ms later:
E/ActivityManager(  295):   11% 596/android.process.media: 8.3% user + 3.3% kernel / faults: 37 minor
E/ActivityManager(  295):     0.5% 596/d.process.media: 0% user + 0.5% kernel
E/ActivityManager(  295):    +0% 674/MediaScannerSer: 0% user + 0% kernel
E/ActivityManager(  295):   16% 295/system_server: 10% user + 6.6% kernel / faults: 120 minor
E/ActivityManager(  295):     11% 312/ActivityManager: 5.6% user + 5.6% kernel
E/ActivityManager(  295):     5.6% 590/Binder_A: 4.7% user + 0.9% kernel
E/ActivityManager(  295):     3.7% 302/Compiler: 0.9% user + 2.8% kernel
E/ActivityManager(  295):     3.7% 310/UI: 3.7% user + 0% kernel
E/ActivityManager(  295):     1.8% 307/Binder_2: 1.8% user + 0% kernel
E/ActivityManager(  295):     0.9% 306/Binder_1: 0.9% user + 0% kernel
E/ActivityManager(  295):     0.9% 309/er.ServerThread: 0.9% user + 0% kernel
E/ActivityManager(  295):     0.9% 563/Binder_7: 0.9% user + 0% kernel
E/ActivityManager(  295):   7.9% 442/com.android.phone: 6.3% user + 1.5% kernel / faults: 161 minor
E/ActivityManager(  295):     3.1% 551/RILReceiver: 3.1% user + 0% kernel
E/ActivityManager(  295):     2.6% 456/Compiler: 1.5% user + 1% kernel
E/ActivityManager(  295):     2.6% 464/Binder_2: 1.5% user + 1% kernel
E/ActivityManager(  295):     2.1% 442/m.android.phone: 2.1% user + 0% kernel
E/ActivityManager(  295):     1.5% 444/GC: 1.5% user + 0% kernel
E/ActivityManager(  295):     0.5% 463/Binder_1: 0% user + 0.5% kernel
E/ActivityManager(  295):    +0% 675/Binder_3: 0% user + 0% kernel
E/ActivityManager(  295):   12% 37/surfaceflinger: 10% user + 2.7% kernel
E/ActivityManager(  295):     10% 72/SurfaceFlinger: 10% user + 0% kernel
E/ActivityManager(  295):     0.9% 37/surfaceflinger: 0% user + 0.9% kernel
E/ActivityManager(  295):     0.9% 84/VSyncThread: 0% user + 0.9% kernel
E/ActivityManager(  295):     0.9% 87/EventThread: 0.9% user + 0% kernel
E/ActivityManager(  295):     0.9% 349/Binder_2: 0% user + 0.9% kernel
E/ActivityManager(  295):   4.6% 390/com.android.systemui: 2% user + 2.5% kernel / faults: 960 minor
E/ActivityManager(  295):     8.2% 390/ndroid.systemui: 3.6% user + 4.6% kernel
E/ActivityManager(  295):     1.5% 524/AsyncTask #1: 1.5% user + 0% kernel
E/ActivityManager(  295):   4.6% 465/com.android.launcher: 2% user + 2.6% kernel / faults: 227 minor
E/ActivityManager(  295):     7.2% 507/launcher-loader: 3.1% user + 4.1% kernel
E/ActivityManager(  295):     0.5% 473/Compiler: 0% user + 0.5% kernel
E/ActivityManager(  295):   3.6% 519/android.process.acore: 2% user + 1.5% kernel / faults: 22 minor
E/ActivityManager(  295):     5.2% 557/Binder_1: 4.1% user + 1% kernel
E/ActivityManager(  295):   1.6% 527/com.android.music: 1.1% user + 0.5% kernel / faults: 60 minor
E/ActivityManager(  295):     1.1% 527/m.android.music: 1.1% user + 0% kernel
E/ActivityManager(  295):    +0% 673/pool-1-thread-1: 0% user + 0% kernel
E/ActivityManager(  295):   0.9% 91/bootanimation: 0.9% user + 0% kernel
E/ActivityManager(  295):     2.8% 108/BootAnimation: 1.8% user + 0.9% kernel
E/ActivityManager(  295): 100% TOTAL: 60% user + 39% kernel
W/ActivityManager(  295): Killing ProcessRecord{40ef0ff8 390:com.android.systemui/u0a10034}: background ANR
E/Trace   (  676): error opening trace file: No such file or directory (2)
D/dalvikvm(  295): GC_FOR_ALLOC freed 379K, 12% free 5810K/6552K, paused 187ms, total 194ms
I/dalvikvm-heap(  295): Grow heap (frag case) to 5.958MB for 236362-byte allocation
D/dalvikvm(  295): GC_FOR_ALLOC freed 3K, 12% free 6037K/6784K, paused 194ms, total 194ms
D/CAT     (  442): CatService: Running CAT service. STK app installed:false
D/CAT     (  442): CatService: NEW sInstance
D/dalvikvm(  295): GC_FOR_ALLOC freed 367K, 16% free 5915K/7020K, paused 348ms, total 349ms
D/dalvikvm(  465): GC_CONCURRENT freed 199K, 8% free 3234K/3488K, paused 149ms+53ms, total 419ms
I/dalvikvm(  519): Wrote stack traces to '/data/anr/traces.txt'
D/dalvikvm(  465): GC_FOR_ALLOC freed 55K, 5% free 3313K/3488K, paused 36ms, total 79ms
I/dalvikvm-heap(  465): Grow heap (frag case) to 3.782MB for 518416-byte allocation
D/dalvikvm(  465): GC_CONCURRENT freed 6K, 5% free 3813K/3996K, paused 11ms+3ms, total 60ms
D/dalvikvm(  465): WAIT_FOR_CONCURRENT_GC blocked 26ms
D/dalvikvm(  465): GC_FOR_ALLOC freed <1K, 5% free 3814K/3996K, paused 25ms, total 25ms
I/dalvikvm-heap(  465): Grow heap (frag case) to 4.270MB for 518416-byte allocation
D/dalvikvm(  465): GC_CONCURRENT freed <1K, 5% free 4320K/4504K, paused 10ms+3ms, total 47ms
D/dalvikvm(  465): WAIT_FOR_CONCURRENT_GC blocked 37ms
I/dalvikvm(  527): Wrote stack traces to '/data/anr/traces.txt'
D/dalvikvm(  465): GREF has increased to 201
I/Choreographer(  465): Skipped 235 frames!  The application may be doing too much work on its main thread.
I/Choreographer(  465): Skipped 53 frames!  The application may be doing too much work on its main thread.
D/dalvikvm(  465): GC_CONCURRENT freed 9K, 4% free 4840K/5012K, paused 48ms+4ms, total 289ms
I/ActivityManager(  295): Process com.android.systemui (pid 390) has died.
W/ActivityManager(  295): Scheduling restart of crashed service com.android.systemui/.SystemUIService in 0ms
W/ActivityManager(  295): Scheduling restart of crashed service com.android.systemui/.ImageWallpaper in 0ms
I/WindowState(  295): WIN DEATH: Window{410a7ba8 u0 StatusBar}
I/WindowState(  295): WIN DEATH: Window{40f89618 u0 com.android.systemui.ImageWallpaper}
W/WallpaperService(  295): Wallpaper service gone: ComponentInfo{com.android.systemui/com.android.systemui.ImageWallpaper}
I/ActivityManager(  295): Start proc com.android.systemui for restart com.android.systemui: pid=718 uid=10034 gids={50034, 1028, 1015, 3002, 3001}
V/TAG     (  295): bug 7643792: fitSystemWindows([0,0][0,0])
I/Choreographer(  295): Skipped 250 frames!  The application may be doing too much work on its main thread.
D/CAT     (  442): CatService: SIM ready. Reporting STK service running now...
I/RecoverySystem(  295): No recovery log file
E/Trace   (  718): error opening trace file: No such file or directory (2)
D/SystemUIService(  718): loading: class com.android.systemui.statusbar.phone.PhoneStatusBar
D/SystemUIService(  718): running: com.android.systemui.statusbar.phone.PhoneStatusBar@40cd3200
I/Choreographer(  295): Skipped 249 frames!  The application may be doing too much work on its main thread.
I/Choreographer(  465): Skipped 1195 frames!  The application may be doing too much work on its main thread.
I/StatusBarManagerService(  295): registerStatusBar bar=com.android.internal.statusbar.IStatusBar$Stub$Proxy@41026400
D/dalvikvm(  295): GC_CONCURRENT freed 1005K, 18% free 5798K/7020K, paused 5ms+11ms, total 519ms
D/dalvikvm(  295): WAIT_FOR_CONCURRENT_GC blocked 185ms
D/dalvikvm(  295): WAIT_FOR_CONCURRENT_GC blocked 236ms
D/dalvikvm(  295): WAIT_FOR_CONCURRENT_GC blocked 352ms
I/Choreographer(  465): Skipped 86 frames!  The application may be doing too much work on its main thread.
D/dalvikvm(  718): GC_FOR_ALLOC freed 91K, 6% free 2662K/2812K, paused 110ms, total 123ms
I/dalvikvm-heap(  718): Grow heap (frag case) to 3.261MB for 635812-byte allocation
I/Choreographer(  295): Skipped 720 frames!  The application may be doing too much work on its main thread.
D/dalvikvm(  718): GC_FOR_ALLOC freed 5K, 5% free 3278K/3436K, paused 1041ms, total 1041ms
D/dalvikvm(  718): GC_CONCURRENT freed <1K, 5% free 3278K/3436K, paused 4ms+3ms, total 84ms
D/MccTable(  442): updateMccMncConfiguration: mcc=310, mnc=260
D/TelephonyManager(  442): getLteOnCdmaMode=0 curVal=-1 product_type='' lteOnCdmaProductType=''
D/MccTable(  442): locale set to en_us
D/MccTable(  442): WIFI_COUNTRY_CODE set to us
I/WifiService(  295): WifiService trying to set country code to us with persist set to true
I/ActivityManager(  295): Config changes=1403 {1.0 310mcc260mnc en_US ldltr sw320dp w320dp h508dp 240dpi nrml long port finger -keyb/v/h tball/v s.4}
W/SurfaceFlinger(   37): createScreenshotSurface failed (Function not implemented)
D/dalvikvm(  442): GC_CONCURRENT freed 312K, 12% free 2773K/3140K, paused 7ms+74ms, total 553ms
W/WindowManager(  295): ***** BOOT TIMEOUT: forcing display enabled
I/SurfaceFlinger(   37): Boot is finished (92695 ms)
I/ActivityManager(  295): Config changes=1400 {1.0 310mcc260mnc en_US ldltr sw320dp w320dp h508dp 240dpi nrml long port finger -keyb/v/h tball/v s.5}
W/Settings(  442): Setting auto_time_zone has moved from android.provider.Settings.System to android.provider.Settings.Global, returning read-only value.
I/PowerManagerService(  295): Boot animation finished.
I/Choreographer(  295): Skipped 127 frames!  The application may be doing too much work on its main thread.
I/Choreographer(  295): Skipped 580 frames!  The application may be doing too much work on its main thread.
D/MccTable(  442): updateMccMncConfiguration: mcc=310, mnc=260
D/TelephonyManager(  442): getLteOnCdmaMode=0 curVal=-1 product_type='' lteOnCdmaProductType=''
D/MccTable(  442): locale set to en_us
D/MccTable(  442): WIFI_COUNTRY_CODE set to us
I/WifiService(  295): WifiService trying to set country code to us with persist set to true
I/ActivityManager(  295): Config changes=1400 {1.0 310mcc260mnc en_US ldltr sw320dp w320dp h508dp 240dpi nrml long port finger -keyb/v/h tball/v s.6}
W/WindowManager(  295): Window freeze timeout expired.
W/WindowManager(  295): Force clearing orientation change: Window{40ef1bf8 u0 Keyguard}
D/dalvikvm(  295): GC_CONCURRENT freed 730K, 12% free 5843K/6640K, paused 9ms+118ms, total 687ms
D/dalvikvm(  295): WAIT_FOR_CONCURRENT_GC blocked 510ms
I/dalvikvm-heap(  295): Grow heap (frag case) to 6.843MB for 1128976-byte allocation
D/dalvikvm(  295): GC_FOR_ALLOC freed 122K, 12% free 6824K/7744K, paused 81ms, total 81ms
E/BluetoothAdapter(  718): Bluetooth binder is null
E/BluetoothAdapter(  718): Bluetooth binder is null
I/Choreographer(  295): Skipped 357 frames!  The application may be doing too much work on its main thread.
E/BluetoothAdapter(  718): Bluetooth binder is null
W/WindowManager(  295): App freeze timeout expired.
W/WindowManager(  295): Force clearing freeze: AppWindowToken{40f94638 token=Token{40f87878 ActivityRecord{40f87440 u0 com.android.launcher/com.android.launcher2.Launcher}}}
D/AndroidRuntime(  777): 
D/AndroidRuntime(  777): >>>>>> AndroidRuntime START com.android.internal.os.RuntimeInit <<<<<<
D/dalvikvm(  442): GC_CONCURRENT freed 290K, 11% free 2898K/3248K, paused 10ms+1133ms, total 1571ms
D/AndroidRuntime(  777): CheckJNI is ON
D/dalvikvm(  777): Trying to load lib libjavacore.so 0x0
D/dalvikvm(  777): Added shared lib libjavacore.so 0x0
D/dalvikvm(  777): Trying to load lib libnativehelper.so 0x0
D/dalvikvm(  777): Added shared lib libnativehelper.so 0x0
I/Choreographer(  295): Skipped 75 frames!  The application may be doing too much work on its main thread.
D/dalvikvm(  718): GC_CONCURRENT freed 67K, 4% free 3646K/3776K, paused 4ms+76ms, total 184ms
D/AndroidRuntime(  777): Calling main entry com.android.commands.am.Am
D/dalvikvm(  777): Note: class Landroid/app/ActivityManagerNative; has 157 unimplemented (abstract) methods
D/dalvikvm(  788): Not late-enabling CheckJNI (already on)
I/ActivityManager(  295): Start proc it.unina.android.ripper_service:android_ripper_service_process for service it.unina.android.ripper_service/.AndroidRipperService: pid=788 uid=10049 gids={50049, 3003, 1028}
D/AndroidRuntime(  777): Shutting down VM
D/dalvikvm(  777): GC_CONCURRENT freed 91K, 16% free 490K/584K, paused 1ms+1ms, total 17ms
E/BluetoothAdapter(  718): Bluetooth binder is null
D/dalvikvm(  295): GC_FOR_ALLOC freed 1523K, 25% free 5979K/7960K, paused 97ms, total 102ms
E/Trace   (  788): error opening trace file: No such file or directory (2)
D/dalvikvm(  442): GC_CONCURRENT freed 436K, 15% free 2852K/3344K, paused 9ms+3ms, total 515ms
D/AndroidRuntime(  811): 
D/AndroidRuntime(  811): >>>>>> AndroidRuntime START com.android.internal.os.RuntimeInit <<<<<<
D/AndroidRuntime(  811): CheckJNI is ON
D/dalvikvm(  811): Trying to load lib libjavacore.so 0x0
D/dalvikvm(  811): Added shared lib libjavacore.so 0x0
D/dalvikvm(  811): Trying to load lib libnativehelper.so 0x0
D/dalvikvm(  811): Added shared lib libnativehelper.so 0x0
D/PhoneStatusBar(  718): disable: < expand icons alerts ticker system_info BACK* HOME* RECENT* CLOCK* SEARCH* >
D/dalvikvm(  295): GC_EXPLICIT freed 260K, 22% free 6235K/7960K, paused 54ms+114ms, total 844ms
V/AndroidRipperService(  788): onCreate()
V/SERVER  (  788): Starting ServerSocket on PORT 8888
V/SERVER  (  788): Started ServerSocket on PORT 8888
V/SERVER  (  788): Ready to accept connections on port: 8888
E/BluetoothAdapter(  718): Bluetooth binder is null
D/SystemUIService(  718): loading: class com.android.systemui.power.PowerUI
D/SystemUIService(  718): running: com.android.systemui.power.PowerUI@40e4af98
D/SystemUIService(  718): loading: class com.android.systemui.media.RingtonePlayer
D/SystemUIService(  718): running: com.android.systemui.media.RingtonePlayer@40e4c1a8
D/AndroidRuntime(  811): Calling main entry com.android.commands.am.Am
D/dalvikvm(  811): Note: class Landroid/app/ActivityManagerNative; has 157 unimplemented (abstract) methods
I/ActivityManager(  295): Force stopping package org.jessies.dalvikexplorer appid=10052 user=0
D/dalvikvm(  826): Not late-enabling CheckJNI (already on)
D/dalvikvm(  295): GC_CONCURRENT freed 422K, 15% free 6780K/7960K, paused 76ms+8ms, total 731ms
D/dalvikvm(  295): WAIT_FOR_CONCURRENT_GC blocked 141ms
D/dalvikvm(  295): WAIT_FOR_CONCURRENT_GC blocked 444ms
I/ActivityManager(  295): Start proc org.jessies.dalvikexplorer for added application org.jessies.dalvikexplorer: pid=826 uid=10052 gids={50052, 1015, 1028}
D/dalvikvm(  295): WAIT_FOR_CONCURRENT_GC blocked 287ms
D/dalvikvm(  295): WAIT_FOR_CONCURRENT_GC blocked 485ms
I/Choreographer(  718): Skipped 1999 frames!  The application may be doing too much work on its main thread.
E/Trace   (  826): error opening trace file: No such file or directory (2)
W/ActivityManager(  295): Timeout executing service: ServiceRecord{410350b8 u0 com.android.providers.media/.MediaScannerService}
I/Choreographer(  295): Skipped 1855 frames!  The application may be doing too much work on its main thread.
I/Process (  295): Sending signal. PID: 596 SIG: 3
I/dalvikvm(  596): threadid=3: reacting to signal 3
I/Process (  295): Sending signal. PID: 295 SIG: 3
I/dalvikvm(  295): threadid=3: reacting to signal 3
D/PolideaInstrumentationTestRunner(  826): Creating the Test Runner with arguments: [coverage, class]
D/PolideaInstrumentationTestRunner(  826): Test runner is running with the following parameters:
D/PolideaInstrumentationTestRunner(  826): junitOutputDirectory: /data/data/org.jessies.dalvikexplorer/files
D/PolideaInstrumentationTestRunner(  826): junitOutputFilePostfix: -TEST.xml
D/PolideaInstrumentationTestRunner(  826): junitNoPackagePrefix: NO_PACKAGE
D/PolideaInstrumentationTestRunner(  826): junitSplitLevel: package
D/PolideaInstrumentationTestRunner(  826): junitSingleFileName: ALL-TEST.xml
D/PolideaInstrumentationTestRunner(  826): Creating output directory if it does not exist
D/PolideaInstrumentationTestRunner(  826): Created directory? false
D/PolideaInstrumentationTestRunner(  826): Deleting old files
D/PolideaInstrumentationTestRunner(  826): Deleting: [/data/data/org.jessies.dalvikexplorer/files/it.unina.android.ripper-TEST.xml]
V/        (  788): ready
I/System.out(  826): EMMA: collecting runtime coverage data ...
D/dalvikvm(  826): GC_CONCURRENT freed 322K, 13% free 2523K/2900K, paused 18ms+3ms, total 100ms
D/PolideaInstrumentationTestRunner(  826): Getting android test runner
D/PolideaInstrumentationTestRunner(  826): JUnit test output enabled
I/dalvikvm(  295): Wrote stack traces to '/data/anr/traces.txt'
V/TAG     (  295): bug 7643792: fitSystemWindows([0,38][0,0])
W/dalvikvm(  826): method Landroid/test/InstrumentationTestRunner$StringResultPrinter;.print incorrectly overrides package-private method with same name in Ljunit/textui/ResultPrinter;
D/PolideaInstrumentationTestRunner(  826): Starting test: testApplication(it.unina.android.ripper.RipperTestCase)
I/TestRunner(  826): started: testApplication(it.unina.android.ripper.RipperTestCase)
V/AndroidRipperService(  788): onBind()
V/AndroidRipperService(  788): register()
I/Process (  295): Sending signal. PID: 718 SIG: 3
I/dalvikvm(  718): threadid=3: reacting to signal 3
V/RipperService(  788): PING
V/AndroidRipperService(  788): onBind()
I/ActivityManager(  295): START u0 {act=android.intent.action.MAIN flg=0x10000000 cmp=org.jessies.dalvikexplorer/.DalvikExplorerActivity} from pid 826
D/PermissionCache(   37): checking android.permission.READ_FRAME_BUFFER for uid=1000 => granted (1060 us)
W/WindowManager(  295): Failure taking screenshot for (246x410) to layer 21000
V/AndroidRipperService(  788): mHandler.handleMessage() RECIVED
V/AndroidRipperService(  788): broadcast()
I/AndroidRipper(  826): Recived message: PING
V/RipperTestCase(  826): Not ready to operate!
V/AndroidRipperService(  788): broadcast() done
V/        (  788): ready
I/Process (  295): Sending signal. PID: 442 SIG: 3
I/dalvikvm(  442): threadid=3: reacting to signal 3
D/dalvikvm(  718): JIT unchain all for threadid=12
W/dalvikvm(  596): threadid=3: spin on suspend #1 threadid=15 (pcf=0)
D/dalvikvm(  596): Temporarily moving tid 674 to fg (was 0)
I/dalvikvm(  442): Wrote stack traces to '/data/anr/traces.txt'
W/ActivityManager(  295): Activity pause timeout for ActivityRecord{40f87440 u0 com.android.launcher/com.android.launcher2.Launcher}
D/dalvikvm(  596): Temporarily raised priority on tid 674 (11 -> 0)
D/dalvikvm(  295): GC_CONCURRENT freed 478K, 14% free 6855K/7960K, paused 21ms+112ms, total 966ms
E/SurfaceFlinger(   37): ro.sf.lcd_density must be defined as a build property
I/Choreographer(  295): Skipped 262 frames!  The application may be doing too much work on its main thread.
W/dalvikvm(  596): threadid=3: spin on suspend resolved in 1795 msec
D/dalvikvm(  596): Restored policy of 674 to 0
D/dalvikvm(  442): GC_CONCURRENT freed 7K, 15% free 2844K/3344K, paused 6ms+3ms, total 344ms
W/dalvikvm(  718): threadid=3: spin on suspend #1 threadid=12 (pcf=0)
D/dalvikvm(  718): Temporarily moving tid 802 to fg (was 0)
D/dalvikvm(  718): Temporarily raised priority on tid 802 (10 -> 0)
D/dalvikvm(  596): Restored priority on 674 to 11
V/RipperService(  788): PING
V/AndroidRipperService(  788): mHandler.handleMessage() RECIVED
W/dalvikvm(  718): threadid=3: spin on suspend resolved in 1077 msec
D/dalvikvm(  718): Restored policy of 802 to 0
D/dalvikvm(  718): Restored priority on 802 to 10
V/AndroidRipperService(  788): broadcast()
I/AndroidRipper(  826): Recived message: PING
V/RipperTestCase(  826): Not ready to operate!
V/AndroidRipperService(  788): broadcast() done
V/        (  788): ready
I/Choreographer(  295): Skipped 56 frames!  The application may be doing too much work on its main thread.
I/dalvikvm(  718): Wrote stack traces to '/data/anr/traces.txt'
D/dalvikvm(  295): GC_FOR_ALLOC freed 1052K, 27% free 5870K/7960K, paused 90ms, total 94ms
I/dalvikvm-heap(  295): Grow heap (frag case) to 6.869MB for 1128976-byte allocation
D/dalvikvm(  295): GC_FOR_ALLOC freed 1K, 24% free 6971K/9064K, paused 64ms, total 64ms
I/Choreographer(  295): Skipped 290 frames!  The application may be doing too much work on its main thread.
D/dalvikvm(  295): GC_CONCURRENT freed 88K, 23% free 7029K/9064K, paused 12ms+117ms, total 678ms
D/dalvikvm(  826): GC_FOR_ALLOC freed 63K, 10% free 2682K/2956K, paused 161ms, total 204ms
I/dalvikvm-heap(  826): Grow heap (frag case) to 3.280MB for 635812-byte allocation
I/Choreographer(  295): Skipped 85 frames!  The application may be doing too much work on its main thread.
D/dalvikvm(  826): GC_FOR_ALLOC freed <1K, 8% free 3302K/3580K, paused 166ms, total 166ms
D/dalvikvm(  826): GC_CONCURRENT freed 1K, 8% free 3315K/3580K, paused 3ms+91ms, total 182ms
I/dalvikvm(  295): Jit: resizing JitTable from 4096 to 8192
V/RipperService(  788): PING
V/AndroidRipperService(  788): mHandler.handleMessage() RECIVED
V/AndroidRipperService(  788): broadcast()
I/AndroidRipper(  826): Recived message: PING
V/RipperTestCase(  826): Not ready to operate!
V/AndroidRipperService(  788): broadcast() done
V/        (  788): ready
E/SurfaceFlinger(   37): ro.sf.lcd_density must be defined as a build property
I/Choreographer(  826): Skipped 143 frames!  The application may be doing too much work on its main thread.
D/gralloc_goldfish(  826): Emulator without GPU emulation detected.
D/dalvikvm(  295): GC_EXPLICIT freed 1330K, 35% free 5970K/9064K, paused 7ms+22ms, total 400ms
I/ActivityManager(  295): Displayed org.jessies.dalvikexplorer/.DalvikExplorerActivity: +3s509ms
I/Process (  295): Sending signal. PID: 826 SIG: 3
I/dalvikvm(  826): threadid=3: reacting to signal 3
I/dalvikvm(  826): Wrote stack traces to '/data/anr/traces.txt'
D/dalvikvm(  826): GC_CONCURRENT freed 22K, 7% free 3358K/3580K, paused 13ms+3ms, total 156ms
E/ActivityManager(  295): ANR in android.process.media
E/ActivityManager(  295): Reason: Executing service com.android.providers.media/.MediaScannerService
E/ActivityManager(  295): Load: 11.1 / 3.38 / 1.17
E/ActivityManager(  295): CPU usage from 0ms to 5937ms later:
E/ActivityManager(  295):   50% 295/system_server: 36% user + 13% kernel / faults: 2353 minor 3 major
E/ActivityManager(  295):   20% 826/org.jessies.dalvikexplorer: 13% user + 6.9% kernel / faults: 4728 minor 18 major
E/ActivityManager(  295):   18% 37/surfaceflinger: 14% user + 3.8% kernel
E/ActivityManager(  295):   2.8% 47/adbd: 0.1% user + 2.6% kernel
E/ActivityManager(  295):   2% 442/com.android.phone: 1.3% user + 0.6% kernel / faults: 55 minor
E/ActivityManager(  295):   1.1% 718/com.android.systemui: 0.3% user + 0.8% kernel / faults: 192 minor
E/ActivityManager(  295):   0.8% 788/it.unina.android.ripper_service:android_ripper_service_process: 0.5% user + 0.3% kernel / faults: 120 minor
E/ActivityManager(  295):   0.1% 676/com.android.contacts: 0.1% user + 0% kernel / faults: 12 minor
E/ActivityManager(  295):   0.5% 773/logcat: 0.1% user + 0.3% kernel
E/ActivityManager(  295):   0% 519/android.process.acore: 0% user + 0% kernel / faults: 15 minor
E/ActivityManager(  295):   0.1% 596/android.process.media: 0.1% user + 0% kernel / faults: 73 minor
E/ActivityManager(  295): 100% TOTAL: 70% user + 28% kernel + 0.1% irq + 0.6% softirq
E/ActivityManager(  295): CPU usage from 4912ms to 5653ms later:
E/ActivityManager(  295):   37% 37/surfaceflinger: 33% user + 4.1% kernel
E/ActivityManager(  295):     31% 72/SurfaceFlinger: 31% user + 0% kernel
E/ActivityManager(  295):     2.7% 614/Binder_3: 2.7% user + 0% kernel
E/ActivityManager(  295):     1.3% 37/surfaceflinger: 0% user + 1.3% kernel
E/ActivityManager(  295):     1.3% 84/VSyncThread: 0% user + 1.3% kernel
E/ActivityManager(  295):     1.3% 87/EventThread: 1.3% user + 0% kernel
E/ActivityManager(  295):     1.3% 90/Binder_1: 0% user + 1.3% kernel
E/ActivityManager(  295):   32% 295/system_server: 24% user + 8.5% kernel / faults: 86 minor
E/ActivityManager(  295):     12% 310/UI: 12% user + 0% kernel
E/ActivityManager(  295):     12% 311/WindowManager: 10% user + 2.8% kernel
E/ActivityManager(  295):     5.7% 312/ActivityManager: 0% user + 5.7% kernel
E/ActivityManager(  295):     4.2% 511/Binder_5: 4.2% user + 0% kernel
E/ActivityManager(  295):     2.8% 302/Compiler: 1.4% user + 1.4% kernel
E/ActivityManager(  295):   20% 826/org.jessies.dalvikexplorer: 9.3% user + 10% kernel / faults: 798 minor
E/ActivityManager(  295):     17% 826/.dalvikexplorer: 7.8% user + 9.3% kernel
