I/System.out(  920): {"type":"DSC","xml":"<activity title=\"Tippy Tipper\" name=\"TippyTipper\" class=\"net.mandaria.tippytipper.activities.TippyTipper\" menu=\"TRUE\" keypress=\"FALSE\" longkeypress=\"FALSE\" tab_activity=\"FALSE\" tab_count=\"0\" id=\"\" uid=\"\" root_activity=\"TRUE\">\n  <widget id=\"-1\" class=\"android.widget.LinearLayout\" simple_type=\"linearLayout\" name=\"\" count=\"3\" index=\"0\" enabled=\"TRUE\" visible=\"TRUE\" p_id=\"-1\" p_name=\"\" p_type=\"com.android.internal.policy.impl.PhoneWindow.DecorView\" ancestor_id=\"\" ancestor_type=\"null\"\/>\n  <widget id=\"16909140\" class=\"android.view.ViewStub\" simple_type=\"\" name=\"\" index=\"1\" enabled=\"TRUE\" visible=\"FALSE\" p_id=\"-1\" p_name=\"\" p_type=\"android.widget.LinearLayout\" ancestor_id=\"\" ancestor_type=\"null\"\/>\n  <widget id=\"-1\" class=\"android.widget.FrameLayout\" simple_type=\"\" name=\"\" count=\"1\" index=\"2\" enabled=\"TRUE\" visible=\"TRUE\" p_id=\"-1\" p_name=\"\" p_type=\"android.widget.LinearLayout\" ancestor_id=\"\" ancestor_type=\"null\"\/>\n  <widget id=\"16908310\" class=\"android.widget.TextView\" simple_type=\"text\" r_id=\"title\" text_type=\"0\" name=\"Tippy Tipper\" value=\"Tippy Tipper\" index=\"3\" enabled=\"TRUE\" visible=\"TRUE\" p_id=\"-1\" p_name=\"\" p_type=\"android.widget.FrameLayout\" ancestor_id=\"\" ancestor_type=\"null\"\/>\n  <widget id=\"16908290\" class=\"android.widget.FrameLayout\" simple_type=\"\" r_id=\"content\" name=\"\" count=\"1\" index=\"4\" enabled=\"TRUE\" visible=\"TRUE\" p_id=\"-1\" p_name=\"\" p_type=\"android.widget.LinearLayout\" ancestor_id=\"\" ancestor_type=\"null\"\/>\n  <widget id=\"-1\" class=\"android.widget.LinearLayout\" simple_type=\"linearLayout\" name=\"\" count=\"2\" index=\"5\" enabled=\"TRUE\" visible=\"TRUE\" p_id=\"16908290\" p_name=\"\" p_type=\"android.widget.FrameLayout\" ancestor_id=\"\" ancestor_type=\"\"\/>\n  <widget id=\"-1\" class=\"android.widget.LinearLayout\" simple_type=\"linearLayout\" name=\"\" count=\"2\" index=\"6\" enabled=\"TRUE\" visible=\"TRUE\" p_id=\"-1\" p_name=\"\" p_type=\"android.widget.LinearLayout\" ancestor_id=\"16908290\" ancestor_type=\"android.widget.FrameLayout\"\/>\n  <widget id=\"-1\" class=\"android.widget.TextView\" simple_type=\"text\" text_type=\"0\" name=\"Enter bill amount:\" value=\"Enter bill amount:\" index=\"7\" enabled=\"TRUE\" visible=\"TRUE\" p_id=\"-1\" p_name=\"\" p_type=\"android.widget.LinearLayout\" ancestor_id=\"16908290\" ancestor_type=\"android.widget.FrameLayout\"\/>\n  <widget id=\"2131361792\" class=\"android.widget.EditText\" simple_type=\"editText\" r_id=\"txt_amount\" text_type=\"0\" name=\"\" value=\"$0.00\" index=\"8\" enabled=\"TRUE\" visible=\"TRUE\" p_id=\"-1\" p_name=\"\" p_type=\"android.widget.LinearLayout\" ancestor_id=\"16908290\" ancestor_type=\"android.widget.FrameLayout\"\/>\n  <widget id=\"-1\" class=\"android.widget.LinearLayout\" simple_type=\"linearLayout\" name=\"\" count=\"4\" index=\"9\" enabled=\"TRUE\" visible=\"TRUE\" p_id=\"-1\" p_name=\"\" p_type=\"android.widget.LinearLayout\" ancestor_id=\"16908290\" ancestor_type=\"android.widget.FrameLayout\"\/>\n  <widget id=\"-1\" class=\"android.widget.LinearLayout\" simple_type=\"linearLayout\" name=\"\" count=\"3\" index=\"10\" enabled=\"TRUE\" visible=\"TRUE\" p_id=\"-1\" p_name=\"\" p_type=\"android.widget.LinearLayout\" ancestor_id=\"16908290\" ancestor_type=\"android.widget.FrameLayout\"\/>\n  <widget id=\"2131361793\" class=\"android.widget.Button\" simple_type=\"button\" r_id=\"btn_seven\" text_type=\"0\" name=\"7\" value=\"7\" index=\"11\" enabled=\"TRUE\" visible=\"TRUE\" p_id=\"-1\" p_name=\"\" p_type=\"android.widget.LinearLayout\" ancestor_id=\"16908290\" ancestor_type=\"android.widget.FrameLayout\"\/>\n  <widget id=\"2131361794\" class=\"android.widget.Button\" simple_type=\"button\" r_id=\"btn_eight\" text_type=\"0\" name=\"8\" value=\"8\" index=\"12\" enabled=\"TRUE\" visible=\"TRUE\" p_id=\"-1\" p_name=\"\" p_type=\"android.widget.LinearLayout\" ancestor_id=\"16908290\" ancestor_type=\"android.widget.
D/dalvikvm(  920): GC_CONCURRENT freed 322K, 14% free 2462K/2848K, paused 10ms+2ms, total 37ms
D/dalvikvm(  665): GC_CONCURRENT freed 195K, 9% free 2564K/2816K, paused 48ms+13ms, total 260ms
I/Launcher(  534): setLoadOnResume
D/dalvikvm(  534): GC_CONCURRENT freed 21K, 3% free 5292K/5456K, paused 28ms+33ms, total 104ms
V/RipperService(  920): EVT
V/AndroidRipperService(  920): mHandler.handleMessage() RECIVED
V/AndroidRipperService(  920): broadcast()
I/AndroidRipper(  979): Recived message: EVT
V/RipperTestCase(  979): DSC : net.mandaria.tippytipper
V/AndroidRipperService(  920): broadcast() done
V/        (  920): ready
D/dalvikvm(  329): GC_EXPLICIT freed 386K, 22% free 5862K/7428K, paused 4ms+10ms, total 120ms
W/MediaScanner(  665): Error opening directory '/mnt/sdcard/.android_secure/', skipping: Permission denied.
V/MediaScanner(  665): pruneDeadThumbnailFiles... android.database.sqlite.SQLiteCursor@40cf8860
V/MediaScanner(  665): /pruneDeadThumbnailFiles... android.database.sqlite.SQLiteCursor@40cf8860
D/dalvikvm(  534): GC_CONCURRENT freed 483K, 9% free 5698K/6252K, paused 14ms+6ms, total 65ms
D/PermissionCache(   37): checking android.permission.READ_FRAME_BUFFER for uid=1000 => granted (707 us)
W/WindowManager(  329): Failure taking screenshot for (236x394) to layer 21010
W/SurfaceFlinger(   37): createScreenshotSurface failed (Function not implemented)
I/ActivityManager(  329): Config changes=1480 {1.0 310mcc260mnc en_US ldltr sw320dp w320dp h508dp 240dpi nrml long port finger -keyb/v/h tball/v s.8}
I/InputReader(  329): Reconfiguring input devices.  changes=0x00000004
I/InputReader(  329): Device reconfigured: id=0, name='qwerty2', size 480x800, orientation 0, mode 1, display id 0
I/Choreographer(  534): Skipped 35 frames!  The application may be doing too much work on its main thread.
D/dalvikvm(  888): GC_FOR_ALLOC freed 9040K, 5% free 3902K/4100K, paused 180ms, total 182ms
I/dalvikvm-heap(  888): Grow heap (frag case) to 9.976MB for 6410576-byte allocation
D/dalvikvm(  888): GC_FOR_ALLOC freed <1K, 2% free 10161K/10364K, paused 63ms, total 63ms
D/dalvikvm(  888): GC_CONCURRENT freed <1K, 2% free 10162K/10364K, paused 4ms+4ms, total 73ms
E/SurfaceFlinger(   37): ro.sf.lcd_density must be defined as a build property
W/IInputConnectionWrapper(  979): showStatusIcon on inactive InputConnection
D/dalvikvm(  888): GC_FOR_ALLOC freed <1K, 2% free 10162K/10364K, paused 20ms, total 20ms
I/dalvikvm-heap(  888): Grow heap (frag case) to 12.673MB for 2828816-byte allocation
D/dalvikvm(  888): GC_CONCURRENT freed 0K, 2% free 12925K/13128K, paused 4ms+4ms, total 35ms
D/dalvikvm(  888): WAIT_FOR_CONCURRENT_GC blocked 31ms
W/InputMethodManager(  534): Ignoring onBind: cur seq=4, given seq=3
I/Choreographer(  534): Skipped 126 frames!  The application may be doing too much work on its main thread.
D/dalvikvm(  534): GC_FOR_ALLOC freed 2820K, 46% free 3640K/6660K, paused 33ms, total 50ms
D/dalvikvm(  534): GC_CONCURRENT freed 14K, 38% free 4133K/6660K, paused 10ms+3ms, total 44ms
D/dalvikvm(  534): WAIT_FOR_CONCURRENT_GC blocked 20ms
D/dalvikvm(  534): GC_FOR_ALLOC freed <1K, 31% free 4639K/6660K, paused 22ms, total 23ms
I/Choreographer(  534): Skipped 40 frames!  The application may be doing too much work on its main thread.
D/dalvikvm(  534): GC_CONCURRENT freed 116K, 23% free 5162K/6660K, paused 5ms+15ms, total 57ms
D/gralloc_goldfish(  534): Emulator without GPU emulation detected.
I/ActivityManager(  329): Displayed com.android.launcher/com.android.launcher2.Launcher: +1m15s954ms
D/FlurryAgent(  979): Ending session
W/InputDispatcher(  329): Permission denied: injecting event from pid 979 uid 10048 to window Window{40f4ede0 u0 com.android.launcher/com.android.launcher2.Launcher} owned by uid 10020
W/InputManager(  329): Input event injection from pid 979 permission denied.
I/Choreographer(  329): Skipped 36 frames!  The application may be doing too much work on its main thread.
V/AndroidRipperService(  920): send()
I/System.out(  920): {"type":"ACK","index":"16"}
V/RipperService(  920): DSC
V/AndroidRipperService(  920): mHandler.handleMessage() RECIVED
V/AndroidRipperService(  920): broadcast()
I/AndroidRipper(  979): Recived message: DSC
V/RipperTestCase(  979): DSC : com.android.launcher
V/RipperTestCase(  979): DSC : wait process name
V/AndroidRipperService(  920): send()
I/System.out(  920): {"type":"DSC","index":"18"}
V/AndroidRipperService(  920): broadcast() done
V/        (  920): ready
D/dalvikvm(  329): GC_EXPLICIT freed 180K, 23% free 5776K/7428K, paused 5ms+6ms, total 80ms
I/AudioService(  329):  AudioFocus  abandonAudioFocus() from android.media.AudioManager@40cd89d8com.android.music.MediaPlaybackService$3@40cd75f8
E/ThrottleService(  329): problem during onPollAlarm: java.lang.IllegalStateException: problem parsing stats: java.io.FileNotFoundException: /proc/net/xt_qtaguid/iface_stat_all: open failed: ENOENT (No such file or directory)
V/RipperService(  920): END
V/AndroidRipperService(  920): mHandler.handleMessage() RECIVED
V/AndroidRipperService(  920): broadcast()
I/AndroidRipper(  979): Recived message: END
V/AndroidRipperService(  920): broadcast() done
V/        (  920): ready
V/SERVER  (  920): ServerSocket on PORT 8888: offline
V/AndroidRipperService(  920): mHandler.handleMessage() DISCONNECTED
V/SERVER  (  920): Ready to accept connections on port: 8888
V/AndroidRipperService(  920): unregister()
V/AndroidRipperService(  920): unregister()
D/dalvikvm(  979): GC_EXPLICIT freed 366K, 12% free 3156K/3580K, paused 3ms+4ms, total 52ms
D/dalvikvm(  979): GC_EXPLICIT freed 9K, 13% free 3147K/3580K, paused 8ms+3ms, total 45ms
D/PolideaInstrumentationTestRunner(  979): Finished test: testApplication(it.unina.android.ripper.RipperTestCase)
I/TestRunner(  979): finished: testApplication(it.unina.android.ripper.RipperTestCase)
I/TestRunner(  979): passed: testApplication(it.unina.android.ripper.RipperTestCase)
I/System.out(  979): EMMA: runtime coverage data written to [/data/data/net.mandaria.tippytipper/files/coverage.ec] {in 25 ms}
D/PolideaInstrumentationTestRunner(  979): Post processing
D/PolideaInstrumentationTestRunner(  979): Packages: 1
D/PolideaInstrumentationTestRunner(  979): Processing package package it.unina.android.ripper
D/PolideaInstrumentationTestRunner(  979): Writing to file /data/data/net.mandaria.tippytipper/files/it.unina.android.ripper-TEST.xml
D/PolideaInstrumentationTestRunner(  979): closing file
D/AndroidRuntime(  945): Shutting down VM
D/dalvikvm(  945): GC_CONCURRENT freed 99K, 18% free 470K/572K, paused 1ms+2ms, total 9ms
D/jdwp    (  945): Got wake-up signal, bailing out of select
D/dalvikvm(  945): Debugger has detached; object registry had 1 entries
I/ActivityManager(  329): Force stopping package net.mandaria.tippytipper appid=10048 user=0
I/ActivityManager(  329): Killing proc 979:net.mandaria.tippytipper/u0a10048: force stop net.mandaria.tippytipper
W/Resources(   38): Preloaded drawable resource #0x10803cc (android:drawable/list_focused_holo) that varies with configuration!!
W/Resources(   38): Preloaded drawable resource #0x10803f1 (android:drawable/list_selector_disabled_holo_light) that varies with configuration!!
W/Resources(   38): Preloaded drawable resource #0x10803f1 (android:drawable/list_selector_disabled_holo_light) that varies with configuration!!
W/Resources(   38): Preloaded drawable resource #0x10803d2 (android:drawable/list_pressed_holo_light) that varies with configuration!!
W/Resources(   38): Preloaded drawable resource #0x10803d0 (android:drawable/list_longpressed_holo) that varies with configuration!!
W/Resources(   38): Preloaded drawable resource #0x10803d0 (android:drawable/list_longpressed_holo) that varies with configuration!!
W/Resources(   38): Preloaded drawable resource #0x10803d2 (android:drawable/list_pressed_holo_light) that varies with configuration!!
W/Resources(   38): Preloaded drawable resource #0x10803d0 (android:drawable/list_longpressed_holo) that varies with configuration!!
W/Resources(   38): Preloaded drawable resource #0x10803d0 (android:drawable/list_longpressed_holo) that varies with configuration!!
W/Resources(   38): Preloaded drawable resource #0x10803cc (android:drawable/list_focused_holo) that varies with configuration!!
D/dalvikvm(   38): GC_EXPLICIT freed 31K, 26% free 2359K/3156K, paused 47ms+66ms, total 531ms
W/Resources(   38): Preloaded drawable resource #0x108027a (android:drawable/fastscroll_thumb_pressed_holo) that varies with configuration!!
W/Resources(   38): Preloaded drawable resource #0x1080278 (android:drawable/fastscroll_thumb_default_holo) that varies with configuration!!
W/Resources(   38): Preloaded drawable resource #0x1080278 (android:drawable/fastscroll_thumb_default_holo) that varies with configuration!!
W/Resources(   38): Preloaded drawable resource #0x108027a (android:drawable/fastscroll_thumb_pressed_holo) that varies with configuration!!
D/dalvikvm(   38): GC_EXPLICIT freed 51K, 26% free 2358K/3156K, paused 69ms+12ms, total 414ms
W/Resources(   38): Preloaded drawable resource #0x1080278 (android:drawable/fastscroll_thumb_default_holo) that varies with configuration!!
W/Resources(   38): Preloaded drawable resource #0x108027f (android:drawable/fastscroll_track_pressed_holo_dark) that varies with configuration!!
W/Resources(   38): Preloaded drawable resource #0x108027b (android:drawable/fastscroll_track_default_holo_dark) that varies with configuration!!
W/Resources(   38): Preloaded drawable resource #0x108027b (android:drawable/fastscroll_track_default_holo_dark) that varies with configuration!!
W/Resources(   38): Preloaded drawable resource #0x108027f (android:drawable/fastscroll_track_pressed_holo_dark) that varies with configuration!!
W/Resources(   38): Preloaded drawable resource #0x108027b (android:drawable/fastscroll_track_default_holo_dark) that varies with configuration!!
W/Resources(   38): Preloaded drawable resource #0x1080274 (android:drawable/fastscroll_label_left_holo_dark) that varies with configuration!!
D/dalvikvm(   38): GC_EXPLICIT freed 74K, 26% free 2358K/3156K, paused 6ms+7ms, total 96ms
W/Resources(   38): Preloaded drawable resource #0x1080276 (android:drawable/fastscroll_label_right_holo_dark) that varies with configuration!!
D/dalvikvm(   38): GC_EXPLICIT freed 50K, 26% free 2357K/3156K, paused 6ms+7ms, total 107ms
W/Resources(   38): Preloaded drawable resource #0x1080280 (android:drawable/fastscroll_track_pressed_holo_light) that varies with configuration!!
W/Resources(   38): Preloaded drawable resource #0x108027c (android:drawable/fastscroll_track_default_holo_light) that varies with configuration!!
W/Resources(   38): Preloaded drawable resource #0x108027c (android:drawable/fastscroll_track_default_holo_light) that varies with configuration!!
W/Resources(   38): Preloaded drawable resource #0x1080280 (android:drawable/fastscroll_track_pressed_holo_light) that varies with configuration!!
W/Resources(   38): Preloaded drawable resource #0x108027c (android:drawable/fastscroll_track_default_holo_light) that varies with configuration!!
W/Resources(   38): Preloaded drawable resource #0x1080275 (android:drawable/fastscroll_label_left_holo_light) that varies with configuration!!
D/dalvikvm(   38): GC_EXPLICIT freed 57K, 26% free 2359K/3156K, paused 7ms+7ms, total 100ms
W/Resources(   38): Preloaded drawable resource #0x1080277 (android:drawable/fastscroll_label_right_holo_light) that varies with configuration!!
D/dalvikvm(   38): GC_EXPLICIT freed 50K, 26% free 2358K/3156K, paused 6ms+6ms, total 381ms
W/Resources(   38): Preloaded drawable resource #0x1080259 (android:drawable/editbox_dropdown_background_dark) that varies with configuration!!
W/Resources(   38): Preloaded drawable resource #0x10805f8 (android:drawable/textfield_search_selected_holo_dark) that varies with configuration!!
W/Resources(   38): Preloaded drawable resource #0x10805ec (android:drawable/textfield_search_default_holo_dark) that varies with configuration!!
W/Resources(   38): Preloaded drawable resource #0x10805ec (android:drawable/textfield_search_default_holo_dark) that varies with configuration!!
W/Resources(   38): Preloaded drawable resource #0x10805f5 (android:drawable/textfield_search_right_selected_holo_dark) that varies with configuration!!
W/Resources(   38): Preloaded drawable resource #0x10805f3 (android:drawable/textfield_search_right_default_holo_dark) that varies with configuration!!
W/Resources(   38): Preloaded drawable resource #0x10805f3 (android:drawable/textfield_search_right_default_holo_dark) that varies with configuration!!
W/Resources(   38): Preloaded drawable resource #0x10805f9 (android:drawable/textfield_search_selected_holo_light) that varies with configuration!!
W/Resources(   38): Preloaded drawable resource #0x10805ed (android:drawable/textfield_search_default_holo_light) that varies with configuration!!
W/Resources(   38): Preloaded drawable resource #0x10805ed (android:drawable/textfield_search_default_holo_light) that varies with configuration!!
W/Resources(   38): Preloaded drawable resource #0x10805f6 (android:drawable/textfield_search_right_selected_holo_light) that varies with configuration!!
W/Resources(   38): Preloaded drawable resource #0x10805f4 (android:drawable/textfield_search_right_default_holo_light) that varies with configuration!!
W/Resources(   38): Preloaded drawable resource #0x10805f4 (android:drawable/textfield_search_right_default_holo_light) that varies with configuration!!
W/Resources(   38): Preloaded drawable resource #0x10805f8 (android:drawable/textfield_search_selected_holo_dark) that varies with configuration!!
W/Resources(   38): Preloaded drawable resource #0x10805ec (android:drawable/textfield_search_default_holo_dark) that varies with configuration!!
W/Resources(   38): Preloaded drawable resource #0x10805f5 (android:drawable/textfield_search_right_selected_holo_dark) that varies with configuration!!
W/Resources(   38): Preloaded drawable resource #0x10805f3 (android:drawable/textfield_search_right_default_holo_dark) that varies with configuration!!
W/Resources(   38): Preloaded drawable resource #0x10805f9 (android:drawable/textfield_search_selected_holo_light) that varies with configuration!!
W/Resources(   38): Preloaded drawable resource #0x10805ed (android:drawable/textfield_search_default_holo_light) that varies with configuration!!
W/Resources(   38): Preloaded drawable resource #0x10805f6 (android:drawable/textfield_search_right_selected_holo_light) that varies with configuration!!
W/Resources(   38): Preloaded drawable resource #0x10805f4 (android:drawable/textfield_search_right_default_holo_light) that varies with configuration!!
D/dalvikvm(   38): GC_EXPLICIT freed 47K, 26% free 2364K/3156K, paused 6ms+48ms, total 276ms
W/Resources(   38): Preloaded drawable resource #0x10805c1 (android:drawable/tab_unselected_holo) that varies with configuration!!
W/Resources(   38): Preloaded drawable resource #0x10805bc (android:drawable/tab_selected_holo) that varies with configuration!!
W/Resources(   38): Preloaded drawable resource #0x10805c0 (android:drawable/tab_unselected_focused_holo) that varies with configuration!!
W/Resources(   38): Preloaded drawable resource #0x10805bb (android:drawable/tab_selected_focused_holo) that varies with configuration!!
W/Resources(   38): Preloaded drawable resource #0x10805c2 (android:drawable/tab_unselected_pressed_holo) that varies with configuration!!
W/Resources(   38): Preloaded drawable resource #0x10805bd (android:drawable/tab_selected_pressed_holo) that varies with configuration!!
W/Resources(   38): Preloaded drawable resource #0x10805c2 (android:drawable/tab_unselected_pressed_holo) that varies with configuration!!
W/Resources(   38): Preloaded drawable resource #0x10805bd (android:drawable/tab_selected_pressed_holo) that varies with configuration!!
W/Resources(   38): Preloaded drawable resource #0x10805bd (android:drawable/tab_selected_pressed_holo) that varies with configuration!!
W/Resources(   38): Preloaded drawable resource #0x10805c1 (android:drawable/tab_unselected_holo) that varies with configuration!!
W/Resources(   38): Preloaded drawable resource #0x10805bc (android:drawable/tab_selected_holo) that varies with configuration!!
W/Resources(   38): Preloaded drawable resource #0x10805c0 (android:drawable/tab_unselected_focused_holo) that varies with configuration!!
W/Resources(   38): Preloaded drawable resource #0x10805bb (android:drawable/tab_selected_focused_holo) that varies with configuration!!
W/Resources(   38): Preloaded drawable resource #0x10805c2 (android:drawable/tab_unselected_pressed_holo) that varies with configuration!!
W/Resources(   38): Preloaded drawable resource #0x10805bd (android:drawable/tab_selected_pressed_holo) that varies with configuration!!
W/Resources(   38): Preloaded drawable resource #0x10804a5 (android:drawable/quickcontact_badge_overlay_pressed_dark) that varies with configuration!!
W/Resources(   38): Preloaded drawable resource #0x10804a0 (android:drawable/quickcontact_badge_overlay_focused_dark) that varies with configuration!!
W/Resources(   38): Preloaded drawable resource #0x10804a3 (android:drawable/quickcontact_badge_overlay_normal_dark) that varies with configuration!!
W/Resources(   38): Preloaded drawable resource #0x10804a3 (android:drawable/quickcontact_badge_overlay_normal_dark) that varies with configuration!!
W/Resources(   38): Preloaded drawable resource #0x10804a3 (android:drawable/quickcontact_badge_overlay_normal_dark) that varies with configuration!!
D/dalvikvm(   38): GC_EXPLICIT freed 56K, 26% free 2365K/3156K, paused 6ms+17ms, total 491ms
W/Resources(   38): Preloaded drawable resource #0x10804a5 (android:drawable/quickcontact_badge_overlay_pressed_dark) that varies with configuration!!
W/Resources(   38): Preloaded drawable resource #0x10804a6 (android:drawable/quickcontact_badge_overlay_pressed_light) that varies with configuration!!
W/Resources(   38): Preloaded drawable resource #0x10804a1 (android:drawable/quickcontact_badge_overlay_focused_light) that varies with configuration!!
W/Resources(   38): Preloaded drawable resource #0x10804a4 (android:drawable/quickcontact_badge_overlay_normal_light) that varies with configuration!!
W/Resources(   38): Preloaded drawable resource #0x10804a4 (android:drawable/quickcontact_badge_overlay_normal_light) that varies with configuration!!
W/Resources(   38): Preloaded drawable resource #0x10804a4 (android:drawable/quickcontact_badge_overlay_normal_light) that varies with configuration!!
W/Resources(   38): Preloaded drawable resource #0x10804a6 (android:drawable/quickcontact_badge_overlay_pressed_light) that varies with configuration!!
I/Zygote  (   38): ...preloaded 270 resources in 24115ms.
D/dalvikvm(   38): GC_EXPLICIT freed 48K, 25% free 2369K/3156K, paused 6ms+11ms, total 106ms
I/Zygote  (   38): ...preloaded 31 resources in 167ms.
D/dalvikvm(   38): GC_EXPLICIT freed 9K, 25% free 2376K/3156K, paused 6ms+8ms, total 97ms
D/dalvikvm(   38): GC_EXPLICIT freed 7K, 25% free 2369K/3156K, paused 6ms+6ms, total 95ms
D/dalvikvm(   38): GC_EXPLICIT freed <1K, 25% free 2369K/3156K, paused 7ms+7ms, total 191ms
I/dalvikvm(   38): System server process 344 has been created
I/Zygote  (   38): Accepting command socket connections
E/BatteryService(  344): usbOnlinePath not found
E/BatteryService(  344): wirelessOnlinePath not found
E/BatteryService(  344): batteryVoltagePath not found
E/BatteryService(  344): batteryTemperaturePath not found
I/sysproc (  344): Entered system_init()
I/sysproc (  344): ServiceManager: 0x2a1a09b0
D/SensorService(  344): nuSensorService starting...
I/SensorService(  344): Goldfish 3-axis Accelerometer
I/SensorService(  344): Goldfish 3-axis Magnetic field sensor
I/SensorService(  344): Goldfish Orientation sensor
I/SensorService(  344): Goldfish Temperature sensor
I/SensorService(  344): Goldfish Proximity sensor
I/sysproc (  344): System server: starting Android runtime.
I/sysproc (  344): System server: starting Android services.
I/SystemServer(  344): Entered the Android system server!
I/sysproc (  344): System server: entering thread pool.
D/SensorService(  344): nuSensorService thread starting...
I/SystemServer(  344): Waiting for installd to be ready.
I/Installer(  344): connecting...
I/installd(   41): new connection
I/SystemServer(  344): Entropy Mixer
I/SystemServer(  344): Enabled StrictMode logging for WM Looper
I/SystemServer(  344): Enabled StrictMode logging for UI Looper
I/SystemServer(  344): Power Manager
E/PowerManagerService-JNI(  344): Couldn't load power module (No such file or directory)
I/SystemServer(  344): Activity Manager
I/ActivityManager(  344): Memory class: 48
W/UsageStats(  344): Usage stats version changed; dropping
I/ActivityManager(  344): Enabled StrictMode logging for AThread's Looper
I/SystemServer(  344): Display Manager
E/SurfaceFlinger(   37): ro.sf.lcd_density must be defined as a build property
I/DisplayManagerService(  344): Display device added: DisplayDeviceInfo{"Built-in Screen": 480 x 800, 260.416 fps, density 240, 240.0 x 240.0 dpi, touch INTERNAL, FLAG_DEFAULT_DISPLAY, FLAG_ROTATES_WITH_CONTENT, FLAG_SECURE, FLAG_SUPPORTS_PROTECTED_BUFFERS, rotation 0, type BUILT_IN, address null}
I/SystemServer(  344): Telephony Registry
I/SystemServer(  344): Scheduling Policy
I/SystemServer(  344): Package Manager
D/dalvikvm(  344): GC_CONCURRENT freed 159K, 8% free 2714K/2932K, paused 5ms+22ms, total 70ms
D/dalvikvm(  344): GC_CONCURRENT freed 342K, 13% free 2777K/3168K, paused 50ms+16ms, total 220ms
W/PackageManager(  344): Running ENG build: no pre-dexopt!
D/dalvikvm(  344): GC_CONCURRENT freed 213K, 9% free 2965K/3236K, paused 4ms+38ms, total 77ms
W/PackageParser(  344): No actions in intent filter at /system/app/Contacts.apk Binary XML file line #533
D/dalvikvm(  344): GC_CONCURRENT freed 205K, 8% free 3146K/3408K, paused 4ms+693ms, total 1374ms
D/dalvikvm(  344): GC_CONCURRENT freed 221K, 8% free 3333K/3612K, paused 10ms+210ms, total 367ms
W/PackageManager(  344): Package com.android.camera desires unavailable shared library com.google.android.media.effects; ignoring!
D/PackageManager(  344): No files in app dir /vendor/app
D/dalvikvm(  344): GC_CONCURRENT freed 222K, 8% free 3557K/3836K, paused 9ms+95ms, total 586ms
W/PackageParser(  344): No actions in intent filter at /data/app/ApiDemos.apk Binary XML file line #2737
W/PackageParser(  344): No actions in intent filter at /data/app/ApiDemos.apk Binary XML file line #2743
W/PackageManager(  344): Package com.example.android.apis desires unavailable shared library com.example.will.never.exist; ignoring!
I/PackageParser(  344): net.fercanet.LNM: compat added android.permission.READ_PHONE_STATE
I/PackageManager(  344): Time to scan packages: 10.446 seconds
W/PackageManager(  344): Unknown permission com.google.android.googleapps.permission.GOOGLE_AUTH.mail in package com.android.contacts
W/PackageManager(  344): Unknown permission android.permission.ADD_SYSTEM_SERVICE in package com.android.phone
W/PackageManager(  344): Unknown permission com.android.smspush.WAPPUSH_MANAGER_BIND in package com.android.phone
W/PackageManager(  344): Unknown permission com.google.android.googleapps.permission.GOOGLE_AUTH in package com.android.providers.calendar
W/PackageManager(  344): Unknown permission com.google.android.googleapps.permission.GOOGLE_AUTH.cl in package com.android.providers.calendar
D/dalvikvm(  344): GC_CONCURRENT freed 215K, 7% free 3784K/4036K, paused 4ms+23ms, total 469ms
W/PackageManager(  344): Unknown permission com.google.android.googleapps.permission.GOOGLE_AUTH.mail in package com.android.calendar
W/PackageManager(  344): Not granting permission android.permission.SEND_DOWNLOAD_COMPLETED_INTENTS to package com.android.browser (protectionLevel=2 flags=0x9be45)
W/PackageManager(  344): Not granting permission android.permission.BIND_APPWIDGET to package com.android.widgetpreview (protectionLevel=18 flags=0x8be44)
W/PackageManager(  344): Unknown permission com.google.android.googleapps.permission.GOOGLE_AUTH in package com.android.settings
W/PackageManager(  344): Unknown permission com.google.android.gallery3d.permission.GALLERY_PROVIDER in package com.android.exchange
W/PackageManager(  344): Unknown permission com.google.android.googleapps.permission.ACCESS_GOOGLE_PASSWORD in package com.android.development
W/PackageManager(  344): Unknown permission com.google.android.googleapps.permission.GOOGLE_AUTH in package com.android.development
W/PackageManager(  344): Unknown permission com.google.android.googleapps.permission.GOOGLE_AUTH.ALL_SERVICES in package com.android.development
W/PackageManager(  344): Unknown permission com.google.android.googleapps.permission.GOOGLE_AUTH.YouTubeUser in package com.android.development
W/PackageManager(  344): Unknown permission com.google.android.gallery3d.permission.GALLERY_PROVIDER in package com.android.email
W/PackageManager(  344): Not granting permission android.permission.DEVICE_POWER to package com.android.deskclock (protectionLevel=2 flags=0x8be45)
D/dalvikvm(  344): WAIT_FOR_CONCURRENT_GC blocked 1ms
D/dalvikvm(  344): GC_EXPLICIT freed 328K, 12% free 3692K/4156K, paused 16ms+12ms, total 210ms
I/SystemServer(  344): User Service
I/SystemServer(  344): Account Manager
I/SystemServer(  344): Content Manager
I/SystemServer(  344): System Content Providers
I/SystemServer(  344): Lights Service
I/SystemServer(  344): Battery Service
I/SystemServer(  344): Vibrator Service
I/libsuspend(  344): Selected early suspend
I/libsuspend(  344): Starting early suspend unblocker thread
D/PermissionCache(   37): checking android.permission.ACCESS_SURFACE_FLINGER for uid=1000 => granted (2765 us)
D/SurfaceFlinger(   37): Screen acquired, type=0 flinger=0x2a007318
D/SurfaceFlinger(   37):  screen was previously acquired
I/SystemServer(  344): Alarm Manager
D/AlarmManagerService(  344): Kernel timezone updated to 0 minutes west of GMT
I/SystemServer(  344): Init Watchdog
I/SystemServer(  344): Input Manager
I/InputManager(  344): Initializing input manager, mUseDevInputEventForAudioJack=false
I/SystemServer(  344): Window Manager
E/SoundPool(  344): error loading /system/media/audio/ui/Lock.ogg
W/KeyguardViewMediator(  344): failed to load lock sound from /system/media/audio/ui/Lock.ogg
E/SoundPool(  344): error loading /system/media/audio/ui/Unlock.ogg
W/KeyguardViewMediator(  344): failed to load unlock sound from /system/media/audio/ui/Unlock.ogg
D/dalvikvm(  344): GC_CONCURRENT freed 267K, 9% free 3878K/4216K, paused 4ms+72ms, total 337ms
I/InputManager(  344): Starting input manager
I/SystemServer(  344): No Bluetooh Service (emulator)
I/SystemServer(  344): Input Method Service
W/InputMethodManagerService(  344): Couldn't create dir.: /data/system/inputmethod
I/EventHub(  344): New device: id=1, fd=90, path='/dev/input/event0', name='qwerty2', classes=0x2d, configuration='/system/usr/idc/qwerty2.idc', keyLayout='/system/usr/keylayout/qwerty.kl', keyCharacterMap='/system/usr/keychars/qwerty2.kcm', builtinKeyboard=true, usingSuspendBlockIoctl=false, usingClockIoctl=false
E/EventHub(  344): could not get driver version for /dev/input/mouse0, Not a typewriter
E/EventHub(  344): could not get driver version for /dev/input/mice, Not a typewriter
I/InputReader(  344): Device added: id=-1, name='Virtual', sources=0x00000301
I/InputReader(  344):   Touch device 'qwerty2' could not query the properties of its associated display.  The device will be inoperable until the display size becomes available.
I/InputReader(  344): Device added: id=0, name='qwerty2', sources=0x00011307
E/Trace   (  344): error opening trace file: No such file or directory (2)
I/SystemServer(  344): Accessibility Manager
I/ActivityManager(  344): Config changes=15f8 {1.0 ?mcc?mnc en_US ldltr sw320dp w320dp h508dp 240dpi nrml long port ?uimode ?night finger -keyb/v/h tball/v s.2}
I/InputReader(  344): Reconfiguring input devices.  changes=0x00000004
I/InputReader(  344): Device reconfigured: id=0, name='qwerty2', size 480x800, orientation 0, mode 1, display id 0
I/InputReader(  344): Reconfiguring input devices.  changes=0x00000004
I/InputReader(  344): Device reconfigured: id=0, name='qwerty2', size 480x800, orientation 0, mode 1, display id 0
I/SystemServer(  344): Mount Service
D/MountService(  344): got storage path: /mnt/sdcard description: USB storage primary: true removable: false emulated: false mtpReserve: 0 allowMassStorage: false maxFileSize: 0
D/MountService(  344): addVolumeLocked() StorageVolume [mStorageId=0 mPath=/mnt/sdcard mDescriptionId=17040615 mPrimary=true mRemovable=false mEmulated=false mMtpReserveSpace=0 mAllowMassStorage=false mMaxFileSize=0 mOwner=null]
I/SystemServer(  344): LockSettingsService
I/SystemServer(  344): Device Policy
I/SystemServer(  344): Status Bar
I/SystemServer(  344): Clipboard Service
I/SystemServer(  344): NetworkManagement Service
I/SystemServer(  344): Text Service Manager Service
D/dalvikvm(  344): GREF has increased to 201
I/SystemServer(  344): NetworkStats Service
I/SystemServer(  344): NetworkPolicy Service
D/MountService(  344): volume state changed for /mnt/sdcard (null -> unmounted)
I/PackageManager(  344): Updating external media status from unmounted to unmounted
W/MountService(  344): getSecureContainerList() called when storage not mounted
I/SystemServer(  344): Wi-Fi P2pService
I/PackageManager(  344): No secure containers on sdcard
W/PackageManager(  344): Unknown permission com.google.android.googleapps.permission.GOOGLE_AUTH.mail in package com.android.contacts
W/PackageManager(  344): Unknown permission android.permission.ADD_SYSTEM_SERVICE in package com.android.phone
W/PackageManager(  344): Unknown permission com.android.smspush.WAPPUSH_MANAGER_BIND in package com.android.phone
W/PackageManager(  344): Unknown permission com.google.android.googleapps.permission.GOOGLE_AUTH in package com.android.providers.calendar
W/PackageManager(  344): Unknown permission com.google.android.googleapps.permission.GOOGLE_AUTH.cl in package com.android.providers.calendar
W/PackageManager(  344): Unknown permission com.google.android.googleapps.permission.GOOGLE_AUTH.mail in package com.android.calendar
W/PackageManager(  344): Not granting permission android.permission.SEND_DOWNLOAD_COMPLETED_INTENTS to package com.android.browser (protectionLevel=2 flags=0x89be45)
W/PackageManager(  344): Not granting permission android.permission.BIND_APPWIDGET to package com.android.widgetpreview (protectionLevel=18 flags=0x8be44)
W/PackageManager(  344): Unknown permission com.google.android.googleapps.permission.GOOGLE_AUTH in package com.android.settings
I/SystemServer(  344): Wi-Fi Service
W/PackageManager(  344): Unknown permission com.google.android.gallery3d.permission.GALLERY_PROVIDER in package com.android.exchange
W/PackageManager(  344): Unknown permission com.google.android.googleapps.permission.ACCESS_GOOGLE_PASSWORD in package com.android.development
W/PackageManager(  344): Unknown permission com.google.android.googleapps.permission.GOOGLE_AUTH in package com.android.development
W/PackageManager(  344): Unknown permission com.google.android.googleapps.permission.GOOGLE_AUTH.ALL_SERVICES in package com.android.development
W/PackageManager(  344): Unknown permission com.google.android.googleapps.permission.GOOGLE_AUTH.YouTubeUser in package com.android.development
W/PackageManager(  344): Unknown permission com.google.android.gallery3d.permission.GALLERY_PROVIDER in package com.android.email
W/PackageManager(  344): Not granting permission android.permission.DEVICE_POWER to package com.android.deskclock (protectionLevel=2 flags=0x88be45)
D/dalvikvm(  344): GC_CONCURRENT freed 269K, 8% free 4054K/4388K, paused 4ms+133ms, total 936ms
E/CommandListener(   34): Failed to open /proc/sys/net/ipv6/conf/wlan0/disable_ipv6: No such file or directory
E/WifiStateMachine(  344): Failed to disable IPv6: java.lang.IllegalStateException: command '1 interface ipv6 wlan0 disable' failed with '400 1 Failed to change IPv6 state (No such file or directory)'
I/SystemServer(  344): Connectivity Service
D/ConnectivityService(  344): ConnectivityService starting up
E/MobileDataStateTracker(  344): default: Ignoring feature request because could not acquire PhoneService
E/MobileDataStateTracker(  344): default: Could not enable APN type "default"
I/WifiService(  344): WifiService starting up with Wi-Fi disabled
I/SystemServer(  344): Network Service Discovery Service
D/NsdService(  344): Network service discovery enabled true
I/SystemServer(  344): Throttle Service
I/SystemServer(  344): UpdateLock Service
I/SystemServer(  344): Notification Manager
I/SystemServer(  344): Device Storage Monitor
I/SystemServer(  344): Location Manager
I/SystemServer(  344): Country Detector
I/SystemServer(  344): Search Service
I/SystemServer(  344): DropBox Service
I/SystemServer(  344): Wallpaper Service
D/dalvikvm(  344): GC_CONCURRENT freed 290K, 8% free 4174K/4532K, paused 5ms+7ms, total 201ms
I/SystemServer(  344): Audio Service
I/SystemServer(  344): Dock Observer
W/DockObserver(  344): This kernel does not have dock station support
I/SystemServer(  344): Wired Accessory Manager
W/WiredAccessoryManager(  344): This kernel does not have wired headset support
W/WiredAccessoryManager(  344): This kernel does not have usb audio support
W/WiredAccessoryManager(  344): This kernel does not have HDMI audio support
I/SystemServer(  344): USB Service
I/SystemServer(  344): Serial Service
I/SystemServer(  344): Twilight Service
I/SystemServer(  344): UI Mode Manager Service
I/SystemServer(  344): Backup Service
I/BackupManagerService(  344): Found stale backup journal, scheduling
I/BackupManagerService(  344):   android
I/BackupManagerService(  344):   com.android.browser
I/BackupManagerService(  344):   com.android.calendar
I/BackupManagerService(  344):   com.android.inputmethod.latin
I/BackupManagerService(  344):   com.android.providers.settings
I/BackupManagerService(  344):   com.android.providers.userdictionary
I/BackupManagerService(  344):   com.android.sharedstoragebackup
I/BackupManagerService(  344): Backup enabled => true
I/SystemServer(  344): AppWidget Service
I/SystemServer(  344): Recognition Service
I/SystemServer(  344): DiskStats Service
I/SystemServer(  344): SamplingProfiler Service
I/SystemServer(  344): NetworkTimeUpdateService
I/SystemServer(  344): CommonTimeManagementService
I/SystemServer(  344): CertBlacklister
I/SystemServer(  344): Dreams Service
I/WindowManager(  344): SAFE MODE not enabled
D/dalvikvm(  344): JIT started for system_server
D/dalvikvm(  344): GC_CONCURRENT freed 304K, 8% free 4336K/4704K, paused 5ms+21ms, total 150ms
I/ActivityManager(  344): System now ready
I/SystemServer(  344): Making services ready
I/Zygote  (  344): Process: zygote socket opened
I/ActivityManager(  344): Start proc com.android.systemui for service com.android.systemui/.SystemUIService: pid=474 uid=10034 gids={50034, 1028, 1015, 3002, 3001}
I/Vold    (   32): /dev/block/vold/179:0 being considered for volume sdcard
D/Vold    (   32): Volume sdcard state changing 1 (Idle-Unmounted) -> 3 (Checking)
I//system/bin/fsck_msdos(   32): ** /dev/block/vold/179:0
D/MountService(  344): volume state changed for /mnt/sdcard (unmounted -> checking)
D/MountService(  344): sendStorageIntent Intent { act=android.intent.action.MEDIA_CHECKING dat=file:///mnt/sdcard (has extras) } to UserHandle{-1}
D/NetworkManagementService(  344): not enabling bandwidth control
I/keystore(   42): uid: 1000 action: e -> 7 state: 3 -> 3 retry: 4
E/NetdConnector(  344): NDC Command {2 firewall disable} took too long (545ms)
W/NetworkStats(  344): bandwidth controls disabled, unable to track stats
W/NetworkPolicy(  344): bandwidth controls disabled, unable to enforce policy
I/keystore(   42): uid: 1000 action: e -> 7 state: 3 -> 3 retry: 4
I//system/bin/fsck_msdos(   32): ** Phase 1 - Read and Compare FATs
I/ActivityManager(  344): Config changes=200 {1.0 ?mcc?mnc en_US ldltr sw320dp w320dp h508dp 240dpi nrml long port finger -keyb/v/h tball/v s.3}
I//system/bin/fsck_msdos(   32): Attempting to allocate 2044 KB for FAT
W/RecognitionManagerService(  344): no available voice recognition services found for user 0
E/Trace   (  474): error opening trace file: No such file or directory (2)
D/dalvikvm(  344): GC_CONCURRENT freed 131K, 4% free 4712K/4908K, paused 5ms+198ms, total 1221ms
D/dalvikvm(  344): WAIT_FOR_CONCURRENT_GC blocked 826ms
W/InputMethodManagerService(  344): Ignoring setImeWindowStatus of uid 1000 token: null
D/SystemUIService(  474): loading: class com.android.systemui.statusbar.phone.PhoneStatusBar
D/SystemUIService(  474): running: com.android.systemui.statusbar.phone.PhoneStatusBar@40cd2b60
W/InputMethodManagerService(  344): Found no subtypes in a system IME: com.android.inputmethod.pinyin
I/ActivityManager(  344): Start proc com.android.inputmethod.latin for service com.android.inputmethod.latin/.LatinIME: pid=518 uid=10010 gids={50010, 1028}
I/CommonTimeManagementService(  344): No common time service detected on this platform.  Common time services will be unavailable.
I/InputReader(  344): Reconfiguring input devices.  changes=0x00000020
I/ActivityManager(  344): Start proc com.android.phone for added application com.android.phone: pid=534 uid=1001 gids={41001, 3002, 3001, 3003, 1015, 1028}
I/InputReader(  344): Reconfiguring input devices.  changes=0x00000010
W/SocketClient(   34): write error (Broken pipe)
I/StatusBarManagerService(  344): registerStatusBar bar=com.android.internal.statusbar.IStatusBar$Stub$Proxy@40f92008
D/dalvikvm(  344): GC_CONCURRENT freed 378K, 9% free 4886K/5328K, paused 5ms+601ms, total 1546ms
D/dalvikvm(  344): WAIT_FOR_CONCURRENT_GC blocked 142ms
I/ActivityManager(  344): START u0 {act=android.intent.action.MAIN cat=[android.intent.category.HOME] flg=0x10000000 cmp=com.android.launcher/com.android.launcher2.Launcher} from pid 0
I/ActivityManager(  344): Start proc com.android.launcher for activity com.android.launcher/com.android.launcher2.Launcher: pid=556 uid=10020 gids={50020, 1028}
I/SystemServer(  344): Enabled StrictMode for system server main thread.
E/Trace   (  518): error opening trace file: No such file or directory (2)
E/Trace   (  534): error opening trace file: No such file or directory (2)
D/dalvikvm(  344): GC_FOR_ALLOC freed 88K, 8% free 5109K/5536K, paused 640ms, total 644ms
E/SurfaceFlinger(   37): ro.sf.lcd_density must be defined as a build property
D/gralloc_goldfish(  344): Emulator without GPU emulation detected.
E/ThrottleService(  344): problem during onPollAlarm: java.lang.IllegalStateException: problem parsing stats: java.io.FileNotFoundException: /proc/net/xt_qtaguid/iface_stat_all: open failed: ENOENT (No such file or directory)
I/LatinIME(  518): Hardware accelerated drawing: false
E/Trace   (  556): error opening trace file: No such file or directory (2)
D/dalvikvm(  344): JIT unchain all for threadid=54
D/dalvikvm(  474): GC_FOR_ALLOC freed 88K, 6% free 2664K/2808K, paused 55ms, total 59ms
I/dalvikvm-heap(  474): Grow heap (frag case) to 3.259MB for 635812-byte allocation
D/dalvikvm(  344): JIT unchain all for threadid=54
D/dalvikvm(  474): GC_CONCURRENT freed 5K, 5% free 3279K/3432K, paused 17ms+3ms, total 52ms
D/dalvikvm(  474): WAIT_FOR_CONCURRENT_GC blocked 16ms
D/dalvikvm(  344): GC_CONCURRENT freed 340K, 7% free 5430K/5836K, paused 710ms+552ms, total 2255ms
W/TelephonyProvider(  534): onCreate: confFile=/system/etc/apns-conf.xml oldCheckSum=-1
D/TelephonyManager(  534): getLteOnCdmaMode=0 curVal=-1 product_type='' lteOnCdmaProductType=''
D/TelephonyManager(  534): getLteOnCdmaMode=0 curVal=-1 product_type='' lteOnCdmaProductType=''
D/TelephonyManager(  534): getLteOnCdmaMode=0 curVal=-1 product_type='' lteOnCdmaProductType=''
I/LocationBlacklist(  344): whitelist: []
D/dalvikvm(  344): GC_CONCURRENT freed 676K, 12% free 5519K/6260K, paused 103ms+17ms, total 608ms
D/dalvikvm(  344): WAIT_FOR_CONCURRENT_GC blocked 327ms
D/dalvikvm(  344): WAIT_FOR_CONCURRENT_GC blocked 315ms
D/dalvikvm(  344): WAIT_FOR_CONCURRENT_GC blocked 253ms
D/dalvikvm(  344): WAIT_FOR_CONCURRENT_GC blocked 120ms
D/dalvikvm(  344): WAIT_FOR_CONCURRENT_GC blocked 75ms
D/dalvikvm(  344): WAIT_FOR_CONCURRENT_GC blocked 93ms
D/dalvikvm(  344): WAIT_FOR_CONCURRENT_GC blocked 443ms
I/Choreographer(  344): Skipped 5605 frames!  The application may be doing too much work on its main thread.
E/BluetoothAdapter(  474): Bluetooth binder is null
E/BluetoothAdapter(  474): Bluetooth binder is null
D/dalvikvm(  344): GREF has increased to 301
I/ActivityManager(  344): Start proc com.android.music for broadcast com.android.music/.MediaButtonIntentReceiver: pid=620 uid=10025 gids={50025, 3003, 1015, 1028}
W/Settings(  534): Setting airplane_mode_on has moved from android.provider.Settings.System to android.provider.Settings.Global, returning read-only value.
W/Settings(  534): Setting auto_time has moved from android.provider.Settings.System to android.provider.Settings.Global, returning read-only global URI.
W/Settings(  534): Setting auto_time_zone has moved from android.provider.Settings.System to android.provider.Settings.Global, returning read-only global URI.
W/InputAttributes(  518): No editor info for this field. Bug?
I/LocationBlacklist(  344): blacklist: []
I/dalvikvm(  620): Turning on JNI app bug workarounds for target SDK version 9...
W/ActivityManager(  344): Unable to start service Intent { act=com.android.internal.telephony.IWapPushManager } U=0: not found
E/BluetoothAdapter(  474): Bluetooth binder is null
V/TAG     (  344): bug 7643792: fitSystemWindows([0,0][0,0])
E/ActivityThread(  518): Failed to find provider info for com.android.inputmethod.latin.dictionarypack
E/BinaryDictionaryGetter(  518): Could not find a dictionary pack
W/InputMethodManagerService(  344): Found no subtypes in a system IME: com.android.inputmethod.pinyin
E/Trace   (  620): error opening trace file: No such file or directory (2)
V/TAG     (  344): bug 7643792: fitSystemWindows([0,0][0,0])
D/        (  534): [ApnContext:default] set reason as dataEnabled,current state IDLE
D/        (  534): [ApnContext:default] setRetryCount: 0
D/        (  534): [ApnContext:mms] set reason as dataEnabled,current state IDLE
D/        (  534): [ApnContext:mms] setRetryCount: 0
D/dalvikvm(  344): GC_CONCURRENT freed 746K, 13% free 5548K/6340K, paused 27ms+281ms, total 1541ms
W/ActivityManager(  344): Activity idle timeout for ActivityRecord{40e65fd0 u0 com.android.launcher/com.android.launcher2.Launcher}
D/        (  534): [ApnContext:supl] set reason as dataEnabled,current state IDLE
D/        (  534): [ApnContext:supl] setRetryCount: 0
I/ActivityManager(  344): Start proc android.process.acore for content provider com.android.providers.userdictionary/.UserDictionaryProvider: pid=642 uid=10001 gids={50001, 3003, 1015, 1028}
E/BluetoothAdapter(  344): Bluetooth binder is null
E/BluetoothAdapter(  344): Bluetooth binder is null
V/WiredAccessoryManager(  344): init()
E/SoundPool(  344): error loading /system/media/audio/ui/Effect_Tick.ogg
W/AudioService(  344): Soundpool could not load file: /system/media/audio/ui/