W/BroadcastQueue(  308): 	at android.content.IIntentReceiver$Stub$Proxy.performReceive(IIntentReceiver.java:124)
W/BroadcastQueue(  308): 	at com.android.server.am.BroadcastQueue.performReceiveLocked(BroadcastQueue.java:376)
W/BroadcastQueue(  308): 	at com.android.server.am.BroadcastQueue.deliverToRegisteredReceiverLocked(BroadcastQueue.java:439)
W/BroadcastQueue(  308): 	at com.android.server.am.BroadcastQueue.processNextBroadcast(BroadcastQueue.java:487)
W/BroadcastQueue(  308): 	at com.android.server.am.BroadcastQueue$1.handleMessage(BroadcastQueue.java:140)
W/BroadcastQueue(  308): 	at android.os.Handler.dispatchMessage(Handler.java:99)
W/BroadcastQueue(  308): 	at android.os.Looper.loop(Looper.java:137)
W/BroadcastQueue(  308): 	at com.android.server.am.ActivityManagerService$AThread.run(ActivityManagerService.java:1480)
W/BroadcastQueue(  308): Failure sending broadcast Intent { act=android.intent.action.SIM_STATE_CHANGED flg=0x20000010 (has extras) }
W/BroadcastQueue(  308): android.os.DeadObjectException
W/BroadcastQueue(  308): 	at android.os.BinderProxy.transact(Native Method)
W/BroadcastQueue(  308): 	at android.content.IIntentReceiver$Stub$Proxy.performReceive(IIntentReceiver.java:124)
W/BroadcastQueue(  308): 	at com.android.server.am.BroadcastQueue.performReceiveLocked(BroadcastQueue.java:376)
W/BroadcastQueue(  308): 	at com.android.server.am.BroadcastQueue.deliverToRegisteredReceiverLocked(BroadcastQueue.java:439)
W/BroadcastQueue(  308): 	at com.android.server.am.BroadcastQueue.processNextBroadcast(BroadcastQueue.java:487)
W/BroadcastQueue(  308): 	at com.android.server.am.BroadcastQueue$1.handleMessage(BroadcastQueue.java:140)
W/BroadcastQueue(  308): 	at android.os.Handler.dispatchMessage(Handler.java:99)
W/BroadcastQueue(  308): 	at android.os.Looper.loop(Looper.java:137)
W/BroadcastQueue(  308): 	at com.android.server.am.ActivityManagerService$AThread.run(ActivityManagerService.java:1480)
W/ActivityManager(  308): Timeout executing service: ServiceRecord{40f46388 u0 com.android.inputmethod.latin/.LatinIME}
I/Process (  308): Sending signal. PID: 442 SIG: 3
I/dalvikvm(  442): threadid=3: reacting to signal 3
I/Process (  308): Sending signal. PID: 308 SIG: 3
I/dalvikvm(  308): threadid=3: reacting to signal 3
I/dalvikvm(  442): Wrote stack traces to '/data/anr/traces.txt'
I//system/bin/fsck_msdos(   32): ** Phase 2 - Check Cluster Chains
I/Process (  308): Sending signal. PID: 455 SIG: 3
I/dalvikvm(  455): threadid=3: reacting to signal 3
I/Choreographer(  478): Skipped 622 frames!  The application may be doing too much work on its main thread.
I/dalvikvm(  308): Wrote stack traces to '/data/anr/traces.txt'
E/Trace   (  714): error opening trace file: No such file or directory (2)
I/dalvikvm(  455): Wrote stack traces to '/data/anr/traces.txt'
D/dalvikvm(  308): GC_CONCURRENT freed 405K, 15% free 6072K/7104K, paused 60ms+240ms, total 1551ms
I/ActivityManager(  308): Config changes=1403 {1.0 310mcc260mnc en_US ldltr sw320dp w320dp h508dp 240dpi nrml long port finger -keyb/v/h tball/v s.4}
W/SurfaceFlinger(   37): createScreenshotSurface failed (Function not implemented)
D/dalvikvm(  455): GC_CONCURRENT freed 15K, 11% free 2773K/3096K, paused 6ms+3ms, total 637ms
W/Launcher.Model(  478): LoaderTask running with no launcher (loadAllAppsByBatch)
W/Settings(  455): Setting auto_time_zone has moved from android.provider.Settings.System to android.provider.Settings.Global, returning read-only value.
W/ServiceWatcher(  308): com.google.android.location not found
E/LocationManagerService(  308): no geocoder provider found
W/WallpaperService(  308): Failed attaching wallpaper; clearing
W/WallpaperService(  308): android.os.DeadObjectException
W/WallpaperService(  308): 	at android.os.BinderProxy.transact(Native Method)
W/WallpaperService(  308): 	at android.service.wallpaper.IWallpaperService$Stub$Proxy.attach(IWallpaperService.java:95)
W/WallpaperService(  308): 	at com.android.server.WallpaperManagerService.attachServiceLocked(WallpaperManagerService.java:960)
W/WallpaperService(  308): 	at com.android.server.WallpaperManagerService$WallpaperConnection.onServiceConnected(WallpaperManagerService.java:233)
W/WallpaperService(  308): 	at android.app.LoadedApk$ServiceDispatcher.doConnected(LoadedApk.java:1101)
W/WallpaperService(  308): 	at android.app.LoadedApk$ServiceDispatcher$RunConnection.run(LoadedApk.java:1118)
W/WallpaperService(  308): 	at android.os.Handler.handleCallback(Handler.java:725)
W/WallpaperService(  308): 	at android.os.Handler.dispatchMessage(Handler.java:92)
W/WallpaperService(  308): 	at android.os.Looper.loop(Looper.java:137)
W/WallpaperService(  308): 	at com.android.server.ServerThread.run(SystemServer.java:1000)
W/WindowManager(  308): Window freeze timeout expired.
W/WindowManager(  308): Force clearing orientation change: Window{40e4bda8 u0 Keyguard}
D/MccTable(  455): updateMccMncConfiguration: mcc=310, mnc=260
D/TelephonyManager(  455): getLteOnCdmaMode=0 curVal=-1 product_type='' lteOnCdmaProductType=''
D/MccTable(  455): locale set to en_us
D/MccTable(  455): WIFI_COUNTRY_CODE set to us
I//system/bin/fsck_msdos(   32): ** Phase 3 - Checking Directories
D/dalvikvm(  308): GC_CONCURRENT freed 877K, 14% free 6122K/7104K, paused 6ms+49ms, total 892ms
D/dalvikvm(  308): WAIT_FOR_CONCURRENT_GC blocked 103ms
D/dalvikvm(  308): WAIT_FOR_CONCURRENT_GC blocked 661ms
D/dalvikvm(  308): WAIT_FOR_CONCURRENT_GC blocked 593ms
D/dalvikvm(  308): WAIT_FOR_CONCURRENT_GC blocked 525ms
I/WifiService(  308): WifiService trying to set country code to us with persist set to true
D/dalvikvm(  308): WAIT_FOR_CONCURRENT_GC blocked 517ms
D/dalvikvm(  308): WAIT_FOR_CONCURRENT_GC blocked 516ms
D/dalvikvm(  308): WAIT_FOR_CONCURRENT_GC blocked 515ms
D/dalvikvm(  308): WAIT_FOR_CONCURRENT_GC blocked 714ms
D/dalvikvm(  308): WAIT_FOR_CONCURRENT_GC blocked 609ms
D/dalvikvm(  308): WAIT_FOR_CONCURRENT_GC blocked 609ms
I/ActivityManager(  308): Config changes=1400 {1.0 310mcc260mnc en_US ldltr sw320dp w320dp h508dp 240dpi nrml long port finger -keyb/v/h tball/v s.5}
I/RecoverySystem(  308): No recovery log file
D/dalvikvm(  308): WAIT_FOR_CONCURRENT_GC blocked 927ms
W/WindowManager(  308): ***** BOOT TIMEOUT: forcing display enabled
I/SurfaceFlinger(   37): Boot is finished (87286 ms)
I/ActivityManager(  308): Config changes=1400 {1.0 310mcc260mnc en_US ldltr sw320dp w320dp h508dp 240dpi nrml long port finger -keyb/v/h tball/v s.6}
I/PowerManagerService(  308): Boot animation finished.
D/dalvikvm(  308): GC_EXPLICIT freed 231K, 10% free 6430K/7104K, paused 176ms+100ms, total 863ms
D/dalvikvm(  308): WAIT_FOR_CONCURRENT_GC blocked 345ms
I/Choreographer(  308): Skipped 86 frames!  The application may be doing too much work on its main thread.
I/ActivityManager(  308): Start proc com.android.deskclock for broadcast com.android.deskclock/.AlarmInitReceiver: pid=762 uid=10006 gids={50006, 1028}
E/SurfaceFlinger(   37): ro.sf.lcd_density must be defined as a build property
D/dalvikvm(  308): WAIT_FOR_CONCURRENT_GC blocked 2400ms
W/WindowManager(  308): App freeze timeout expired.
W/WindowManager(  308): Force clearing freeze: AppWindowToken{40f8c440 token=Token{40f73040 ActivityRecord{40f72c08 u0 com.android.launcher/com.android.launcher2.Launcher}}}
D/dalvikvm(  714): GC_FOR_ALLOC freed 35K, 4% free 2417K/2512K, paused 182ms, total 199ms
E/Trace   (  762): error opening trace file: No such file or directory (2)
I/dalvikvm-heap(  714): Grow heap (frag case) to 8.529MB for 6410576-byte allocation
D/dalvikvm(  455): GC_CONCURRENT freed 286K, 11% free 2987K/3336K, paused 5ms+111ms, total 174ms
D/dalvikvm(  714): GC_FOR_ALLOC freed 1K, 2% free 8677K/8776K, paused 103ms, total 103ms
I/Choreographer(  308): Skipped 1427 frames!  The application may be doing too much work on its main thread.
D/dalvikvm(  714): GC_CONCURRENT freed <1K, 2% free 8677K/8776K, paused 4ms+3ms, total 139ms
I/Process (  308): Sending signal. PID: 478 SIG: 3
I/dalvikvm(  478): threadid=3: reacting to signal 3
I/dalvikvm(  478): Wrote stack traces to '/data/anr/traces.txt'
D/dalvikvm(  308): GC_CONCURRENT freed 779K, 12% free 6669K/7512K, paused 6ms+18ms, total 293ms
D/dalvikvm(  308): WAIT_FOR_CONCURRENT_GC blocked 21ms
D/dalvikvm(  308): WAIT_FOR_CONCURRENT_GC blocked 140ms
D/dalvikvm(  308): WAIT_FOR_CONCURRENT_GC blocked 124ms
D/dalvikvm(  308): WAIT_FOR_CONCURRENT_GC blocked 101ms
D/dalvikvm(  308): WAIT_FOR_CONCURRENT_GC blocked 79ms
D/dalvikvm(  308): WAIT_FOR_CONCURRENT_GC blocked 188ms
D/dalvikvm(  308): WAIT_FOR_CONCURRENT_GC blocked 153ms
W/WindowManager(  308): Window freeze timeout expired.
W/WindowManager(  308): Force clearing orientation change: Window{40f85140 u0 com.android.systemui.ImageWallpaper}
E/ActivityManager(  308): ANR in com.android.inputmethod.latin
E/ActivityManager(  308): Reason: Executing service com.android.inputmethod.latin/.LatinIME
E/ActivityManager(  308): Load: 9.28 / 2.56 / 0.87
E/ActivityManager(  308): CPU usage from 3722ms to -8817ms ago:
E/ActivityManager(  308):   27% 308/system_server: 20% user + 7.4% kernel / faults: 2001 minor 1 major
E/ActivityManager(  308):   13% 37/surfaceflinger: 10% user + 2.6% kernel / faults: 751 minor
E/ActivityManager(  308):   12% 478/com.android.launcher: 9.4% user + 3.4% kernel / faults: 4083 minor 1 major
E/ActivityManager(  308):   5.9% 455/com.android.phone: 4% user + 1.8% kernel / faults: 868 minor
E/ActivityManager(  308):   1.4% 38/zygote: 1.1% user + 0.3% kernel / faults: 326 minor
E/ActivityManager(  308):   1.3% 610/android.process.media: 0.7% user + 0.5% kernel / faults: 40 minor
E/ActivityManager(  308):   1.1% 47/adbd: 0% user + 1.1% kernel / faults: 135 minor
E/ActivityManager(  308):   0.5% 410/fsck_msdos: 0.5% user + 0% kernel / faults: 644 minor
E/ActivityManager(  308):   0.2% 442/com.android.inputmethod.latin: 0.2% user + 0% kernel / faults: 98 minor
E/ActivityManager(  308):   0% 1//init: 0% user + 0% kernel / faults: 39 minor
E/ActivityManager(  308):   0.2% 36/rild: 0.1% user + 0% kernel
E/ActivityManager(  308):   0.2% 602/zygote: 0% user + 0.2% kernel / faults: 32 minor 2 major
E/ActivityManager(  308):   0.1% 536/com.android.music: 0% user + 0% kernel / faults: 4 minor
E/ActivityManager(  308):   0% 31/servicemanager: 0% user + 0% kernel
E/ActivityManager(  308):  +0% 695/com.android.location.fused: 0% user + 0% kernel
E/ActivityManager(  308):  +0% 714/com.android.systemui: 0% user + 0% kernel
E/ActivityManager(  308):  +0% 762/com.android.deskclock: 0% user + 0% kernel
E/ActivityManager(  308): 100% TOTAL: 69% user + 29% kernel + 0.2% softirq
E/ActivityManager(  308): CPU usage from 7336ms to 8304ms later:
E/ActivityManager(  308):   37% 308/system_server: 27% user + 10% kernel / faults: 211 minor
E/ActivityManager(  308):     17% 324/UI: 13% user + 3.7% kernel
E/ActivityManager(  308):     8.8% 326/ActivityManager: 5% user + 3.7% kernel
E/ActivityManager(  308):     3.7% 314/Compiler: 2.5% user + 1.2% kernel
E/ActivityManager(  308):     3.7% 321/Binder_3: 1.2% user + 2.5% kernel
E/ActivityManager(  308):    +0% 778/LocationManager: 0% user + 0% kernel
E/ActivityManager(  308):   21% 714/com.android.systemui: 16% user + 5.4% kernel / faults: 1799 minor
E/ActivityManager(  308):     10% 714/ndroid.systemui: 8.2% user + 2.7% kernel
E/ActivityManager(  308):     2.7% 717/GC: 2.7% user + 0% kernel
E/ActivityManager(  308):     2.7% 725/FinalizerDaemon: 2.7% user + 0% kernel
E/ActivityManager(  308):   18% 455/com.android.phone: 10% user + 8.1% kernel / faults: 326 minor
E/ActivityManager(  308):     10% 455/m.android.phone: 2.7% user + 8.1% kernel
E/ActivityManager(  308):     5.4% 465/Compiler: 5.4% user + 0% kernel
E/ActivityManager(  308):     4% 458/GC: 1.3% user + 2.7% kernel
E/ActivityManager(  308):   10% 478/com.android.launcher: 8.8% user + 1.2% kernel / faults: 60 minor
E/ActivityManager(  308):     8.8% 478/ndroid.launcher: 8.8% user + 0% kernel
E/ActivityManager(  308):     1.2% 491/Compiler: 1.2% user + 0% kernel
E/ActivityManager(  308):   4.5% 37/surfaceflinger: 4.5% user + 0% kernel
E/ActivityManager(  308):     6.8% 69/SurfaceFlinger: 5.7% user + 1.1% kernel
E/ActivityManager(  308):     1.1% 83/EventThread: 0% user + 1.1% kernel
E/ActivityManager(  308):     1.1% 506/Binder_2: 1.1% user + 0% kernel
E/ActivityManager(  308):   4.1% 762/com.android.deskclock: 0% user + 4.1% kernel / faults: 1090 minor
E/ActivityManager(  308):     6.8% 762/droid.deskclock: 0% user + 6.8% kernel
E/ActivityManager(  308):    +0% 774/Binder_2: 0% user + 0% kernel
E/ActivityManager(  308):   1% 1//init: 0% user + 1% kernel
E/ActivityManager(  308):   1.1% 47/adbd: 0% user + 1.1% kernel / faults: 13 minor
E/ActivityManager(  308): 100% TOTAL: 62% user + 37% kernel
D/AndroidRuntime(  786): 
D/AndroidRuntime(  786): >>>>>> AndroidRuntime START com.android.internal.os.RuntimeInit <<<<<<
D/AndroidRuntime(  786): CheckJNI is ON
D/dalvikvm(  786): Trying to load lib libjavacore.so 0x0
D/dalvikvm(  786): Added shared lib libjavacore.so 0x0
D/dalvikvm(  786): Trying to load lib libnativehelper.so 0x0
D/dalvikvm(  786): Added shared lib libnativehelper.so 0x0
D/dalvikvm(  478): GC_CONCURRENT freed 1949K, 36% free 3671K/5676K, paused 4ms+91ms, total 240ms
D/dalvikvm(  308): GC_FOR_ALLOC freed 497K, 11% free 6852K/7644K, paused 588ms, total 619ms
W/ActivityManager(  308): Killing ProcessRecord{40f46b40 442:com.android.inputmethod.latin/u0a10010}: background ANR
I/ActivityManager(  308): Process com.android.inputmethod.latin (pid 442) has died.
W/ActivityManager(  308): Scheduling restart of crashed service com.android.inputmethod.latin/.LatinIME in 5000ms
V/AlarmClock(  762): No next alarm
D/AndroidRuntime(  786): Calling main entry com.android.commands.am.Am
D/dalvikvm(  786): Note: class Landroid/app/ActivityManagerNative; has 157 unimplemented (abstract) methods
I//system/bin/fsck_msdos(   32): ** Phase 4 - Checking for Lost Files
I//system/bin/fsck_msdos(   32): 12 files, 1044448 free (522224 clusters)
D/dalvikvm(  308): GC_FOR_ALLOC freed 1118K, 24% free 6069K/7904K, paused 427ms, total 430ms
D/dalvikvm(  800): Not late-enabling CheckJNI (already on)
I/ActivityManager(  308): Start proc it.unina.android.ripper_service:android_ripper_service_process for service it.unina.android.ripper_service/.AndroidRipperService: pid=800 uid=10049 gids={50049, 3003, 1028}
D/AndroidRuntime(  786): Shutting down VM
D/dalvikvm(  786): GC_CONCURRENT freed 91K, 16% free 490K/584K, paused 1ms+1ms, total 10ms
I/Choreographer(  308): Skipped 865 frames!  The application may be doing too much work on its main thread.
V/AlarmClock(  762): AlarmInitReceiver - Reset timers and clear stopwatch data
D/dalvikvm(  308): GC_FOR_ALLOC freed 27K, 20% free 6323K/7904K, paused 421ms, total 426ms
I/dalvikvm-heap(  308): Grow heap (frag case) to 6.610MB for 393236-byte allocation
D/dalvikvm(  308): GC_FOR_ALLOC freed 261K, 23% free 6445K/8292K, paused 62ms, total 62ms
D/dalvikvm(  714): GC_FOR_ALLOC freed <1K, 2% free 8678K/8776K, paused 56ms, total 56ms
I/dalvikvm-heap(  714): Grow heap (frag case) to 11.227MB for 2828816-byte allocation
D/dalvikvm(  714): GC_CONCURRENT freed 0K, 1% free 11441K/11540K, paused 4ms+3ms, total 47ms
D/dalvikvm(  714): WAIT_FOR_CONCURRENT_GC blocked 31ms
D/gralloc_goldfish(  714): Emulator without GPU emulation detected.
D/dalvikvm(  308): GC_FOR_ALLOC freed 781K, 29% free 5927K/8292K, paused 140ms, total 145ms
D/dalvikvm(  308): GC_FOR_ALLOC freed 4K, 26% free 6183K/8292K, paused 88ms, total 89ms
I/dalvikvm-heap(  308): Grow heap (frag case) to 7.174MB for 1128976-byte allocation
D/dalvikvm(  308): GC_FOR_ALLOC freed <1K, 23% free 7284K/9396K, paused 98ms, total 98ms
V/AlarmClock(  762): No next alarm
E/Trace   (  800): error opening trace file: No such file or directory (2)
I/Vold    (   32): Filesystem check completed OK
I/Vold    (   32): Device /dev/block/vold/179:0, target /mnt/sdcard mounted @ /mnt/secure/staging
D/Vold    (   32): Volume sdcard state changing 3 (Checking) -> 4 (Mounted)
D/MountService(  308): volume state changed for /mnt/sdcard (checking -> mounted)
I/PackageManager(  308): Updating external media status from unmounted to mounted
D/MountService(  308): sendStorageIntent Intent { act=android.intent.action.MEDIA_MOUNTED dat=file:///mnt/sdcard (has extras) } to UserHandle{-1}
E/VoldConnector(  308): NDC Command {3 volume mount /mnt/sdcard} took too long (52739ms)
V/AlarmClock(  762): AlarmInitReceiver finished
D/AndroidRuntime(  822): 
D/AndroidRuntime(  822): >>>>>> AndroidRuntime START com.android.internal.os.RuntimeInit <<<<<<
D/AndroidRuntime(  822): CheckJNI is ON
D/dalvikvm(  822): Trying to load lib libjavacore.so 0x0
D/dalvikvm(  822): Added shared lib libjavacore.so 0x0
D/dalvikvm(  822): Trying to load lib libnativehelper.so 0x0
D/dalvikvm(  822): Added shared lib libnativehelper.so 0x0
D/dalvikvm(  308): GC_CONCURRENT freed 300K, 24% free 7218K/9396K, paused 127ms+108ms, total 1232ms
E/VoldConnector(  308): NDC Command {4 asec list} took too long (1012ms)
D/dalvikvm(  455): GC_CONCURRENT freed 540K, 17% free 2893K/3476K, paused 31ms+3ms, total 607ms
V/AndroidRipperService(  800): onCreate()
V/SERVER  (  800): Starting ServerSocket on PORT 8888
V/SERVER  (  800): Started ServerSocket on PORT 8888
I/PackageManager(  308): No secure containers on sdcard
D/AndroidRuntime(  822): Calling main entry com.android.commands.am.Am
D/dalvikvm(  822): Note: class Landroid/app/ActivityManagerNative; has 157 unimplemented (abstract) methods
I/Choreographer(  308): Skipped 524 frames!  The application may be doing too much work on its main thread.
V/SERVER  (  800): Ready to accept connections on port: 8888
W/PackageManager(  308): Unknown permission com.google.android.googleapps.permission.GOOGLE_AUTH.mail in package com.android.contacts
I/FusedLocation(  695): engine started (com.android.location.fused)
W/PackageManager(  308): Unknown permission android.permission.ADD_SYSTEM_SERVICE in package com.android.phone
W/PackageManager(  308): Unknown permission com.android.smspush.WAPPUSH_MANAGER_BIND in package com.android.phone
W/PackageManager(  308): Unknown permission com.google.android.googleapps.permission.GOOGLE_AUTH in package com.android.providers.calendar
W/PackageManager(  308): Unknown permission com.google.android.googleapps.permission.GOOGLE_AUTH.cl in package com.android.providers.calendar
W/PackageManager(  308): Unknown permission com.google.android.googleapps.permission.GOOGLE_AUTH.mail in package com.android.calendar
W/PackageManager(  308): Not granting permission android.permission.SEND_DOWNLOAD_COMPLETED_INTENTS to package com.android.browser (protectionLevel=2 flags=0x89be45)
W/PackageManager(  308): Not granting permission android.permission.BIND_APPWIDGET to package com.android.widgetpreview (protectionLevel=18 flags=0x8be44)
W/PackageManager(  308): Unknown permission com.google.android.googleapps.permission.GOOGLE_AUTH in package com.android.settings
V/        (  800): ready
V/RipperService(  800): PING
V/AndroidRipperService(  800): mHandler.handleMessage() RECIVED
V/AndroidRipperService(  800): broadcast()
V/AndroidRipperService(  800): broadcast() done
V/        (  800): ready
W/PackageManager(  308): Unknown permission com.google.android.gallery3d.permission.GALLERY_PROVIDER in package com.android.exchange
W/PackageManager(  308): Unknown permission com.google.android.googleapps.permission.ACCESS_GOOGLE_PASSWORD in package com.android.development
W/PackageManager(  308): Unknown permission com.google.android.googleapps.permission.GOOGLE_AUTH in package com.android.development
W/PackageManager(  308): Unknown permission com.google.android.googleapps.permission.GOOGLE_AUTH.ALL_SERVICES in package com.android.development
W/PackageManager(  308): Unknown permission com.google.android.googleapps.permission.GOOGLE_AUTH.YouTubeUser in package com.android.development
W/PackageManager(  308): Unknown permission com.google.android.gallery3d.permission.GALLERY_PROVIDER in package com.android.email
W/PackageManager(  308): Not granting permission android.permission.DEVICE_POWER to package com.android.deskclock (protectionLevel=2 flags=0x88be45)
I/ActivityManager(  308): Force stopping package net.mandaria.tippytipper appid=10048 user=0
D/dalvikvm(  843): Not late-enabling CheckJNI (already on)
D/SystemUIService(  714): loading: class com.android.systemui.statusbar.phone.PhoneStatusBar
I/ActivityManager(  308): Start proc net.mandaria.tippytipper for added application net.mandaria.tippytipper: pid=843 uid=10048 gids={50048, 1015, 3003, 1028}
I/Choreographer(  478): Skipped 3529 frames!  The application may be doing too much work on its main thread.
I/ActivityManager(  308): Start proc com.android.inputmethod.latin for service com.android.inputmethod.latin/.LatinIME: pid=847 uid=10010 gids={50010, 1028}
D/ConnectivityService(  308): ConnectivityChange for mobile: CONNECTED/CONNECTED
D/SystemUIService(  714): running: com.android.systemui.statusbar.phone.PhoneStatusBar@40cc21e8
I/StatusBarManagerService(  308): registerStatusBar bar=com.android.internal.statusbar.IStatusBar$Stub$Proxy@41168d28
E/SurfaceFlinger(   37): ro.sf.lcd_density must be defined as a build property
D/Launcher.Model(  478): Reload apps on config change. curr_mcc:310 prevmcc:0
I/dalvikvm(  843): Turning on JNI app bug workarounds for target SDK version 4...
E/Trace   (  843): error opening trace file: No such file or directory (2)
E/Trace   (  847): error opening trace file: No such file or directory (2)
D/dalvikvm(  308): GC_EXPLICIT freed 2520K, 38% free 5896K/9396K, paused 382ms+9ms, total 792ms
D/dalvikvm(  308): WAIT_FOR_CONCURRENT_GC blocked 121ms
I/LatinIME(  847): Hardware accelerated drawing: false
D/dalvikvm(  308): GC_CONCURRENT freed 257K, 31% free 6522K/9396K, paused 5ms+62ms, total 291ms
D/dalvikvm(  308): WAIT_FOR_CONCURRENT_GC blocked 181ms
W/InputAttributes(  847): No editor info for this field. Bug?
I/Choreographer(  308): Skipped 1885 frames!  The application may be doing too much work on its main thread.
E/ActivityThread(  847): Failed to find provider info for com.android.inputmethod.latin.dictionarypack
E/BinaryDictionaryGetter(  847): Could not find a dictionary pack
W/SoundPool(  308):   sample 0 not READY
W/InputMethodManagerService(  308): Found no subtypes in a system IME: com.android.inputmethod.pinyin
I/Choreographer(  308): Skipped 100 frames!  The application may be doing too much work on its main thread.
D/dalvikvm(  847): GC_CONCURRENT freed 283K, 12% free 2521K/2864K, paused 4ms+105ms, total 204ms
E/StrictMode(  847): A resource was acquired at attached stack trace but never released. See java.io.Closeable for information on avoiding resource leaks.
E/StrictMode(  847): java.lang.Throwable: Explicit termination method 'close' not called
E/StrictMode(  847): 	at dalvik.system.CloseGuard.open(CloseGuard.java:184)
E/StrictMode(  847): 	at android.os.ParcelFileDescriptor.<init>(ParcelFileDescriptor.java:412)
E/StrictMode(  847): 	at android.content.res.AssetManager.openNonAssetFdNative(Native Method)
E/StrictMode(  847): 	at android.content.res.AssetManager.openNonAssetFd(AssetManager.java:428)
E/StrictMode(  847): 	at android.content.res.Resources.openRawResourceFd(Resources.java:979)
E/StrictMode(  847): 	at com.android.inputmethod.latin.BinaryDictionaryGetter.loadFallbackResource(BinaryDictionaryGetter.java:183)
E/StrictMode(  847): 	at com.android.inputmethod.latin.BinaryDictionaryGetter.getDictionaryFiles(BinaryDictionaryGetter.java:456)
E/StrictMode(  847): 	at com.android.inputmethod.latin.DictionaryFactory.createMainDictionaryFromManager(DictionaryFactory.java:57)
E/StrictMode(  847): 	at com.android.inputmethod.latin.DictionaryFactory.createMainDictionaryFromManager(DictionaryFactory.java:87)
E/StrictMode(  847): 	at com.android.inputmethod.latin.Suggest$1.run(Suggest.java:108)
D/dalvikvm(  843): GC_CONCURRENT freed 205K, 10% free 2588K/2856K, paused 5ms+386ms, total 600ms
E/BluetoothAdapter(  714): Bluetooth binder is null
E/BluetoothAdapter(  714): Bluetooth binder is null
I/Choreographer(  308): Skipped 57 frames!  The application may be doing too much work on its main thread.
I/ARMAssembler(   37): generated scanline__00000077:03515104_00009001_00000000 [131 ipp] (153 ins) at [0x414b41f0:0x414b4454] in 6766001 ns
E/BluetoothAdapter(  714): Bluetooth binder is null
D/Tethering(  308): MasterInitialState.processMessage what=3
I/Choreographer(  308): Skipped 237 frames!  The application may be doing too much work on its main thread.
I/AccountTypeManager(  602): Loaded meta-data for 1 account types, 0 accounts in 240ms(wall) 46ms(cpu)
V/TAG     (  308): bug 7643792: fitSystemWindows([0,0][0,0])
I/Choreographer(  308): Skipped 30 frames!  The application may be doing too much work on its main thread.
I/System.out(  843): EMMA: collecting runtime coverage data ...
D/PolideaInstrumentationTestRunner(  843): Creating the Test Runner with arguments: [coverage, class]
D/PolideaInstrumentationTestRunner(  843): Test runner is running with the following parameters:
D/PolideaInstrumentationTestRunner(  843): junitOutputDirectory: /data/data/net.mandaria.tippytipper/files
D/PolideaInstrumentationTestRunner(  843): junitOutputFilePostfix: -TEST.xml
D/PolideaInstrumentationTestRunner(  843): junitNoPackagePrefix: NO_PACKAGE
D/PolideaInstrumentationTestRunner(  843): junitSplitLevel: package
D/PolideaInstrumentationTestRunner(  843): junitSingleFileName: ALL-TEST.xml
D/PolideaInstrumentationTestRunner(  843): Creating output directory if it does not exist
D/PolideaInstrumentationTestRunner(  843): Created directory? false
D/PolideaInstrumentationTestRunner(  843): Deleting old files
E/BluetoothAdapter(  714): Bluetooth binder is null
D/PolideaInstrumentationTestRunner(  843): Deleting: [/data/data/net.mandaria.tippytipper/files/it.unina.android.ripper-TEST.xml]
D/PolideaInstrumentationTestRunner(  843): Getting android test runner
D/PolideaInstrumentationTestRunner(  843): JUnit test output enabled
W/dalvikvm(  843): method Landroid/test/InstrumentationTestRunner$StringResultPrinter;.print incorrectly overrides package-private method with same name in Ljunit/textui/ResultPrinter;
D/PolideaInstrumentationTestRunner(  843): Starting test: testApplication(it.unina.android.ripper.RipperTestCase)
I/TestRunner(  843): started: testApplication(it.unina.android.ripper.RipperTestCase)
V/AndroidRipperService(  800): onBind()
V/AndroidRipperService(  800): register()
V/RipperService(  800): PING
V/AndroidRipperService(  800): onBind()
I/ActivityManager(  308): START u0 {act=android.intent.action.MAIN flg=0x10000000 cmp=net.mandaria.tippytipper/.activities.TippyTipper} from pid 843
D/PermissionCache(   37): checking android.permission.READ_FRAME_BUFFER for uid=1000 => granted (11508 us)
W/WindowManager(  308): Failure taking screenshot for (246x410) to layer 21005
V/AndroidRipperService(  800): mHandler.handleMessage() RECIVED
V/AndroidRipperService(  800): broadcast()
I/AndroidRipper(  843): Recived message: PING
V/RipperTestCase(  843): Not ready to operate!
V/AndroidRipperService(  800): broadcast() done
V/        (  800): ready
V/RipperService(  800): PING
V/AndroidRipperService(  800): mHandler.handleMessage() RECIVED
V/AndroidRipperService(  800): broadcast()
I/AndroidRipper(  843): Recived message: PING
V/RipperTestCase(  843): Not ready to operate!
V/AndroidRipperService(  800): broadcast() done
V/        (  800): ready
E/SurfaceFlinger(   37): ro.sf.lcd_density must be defined as a build property
D/dalvikvm(  843): GC_CONCURRENT freed 304K, 12% free 2672K/3036K, paused 10ms+3ms, total 259ms
I/Choreographer(  308): Skipped 36 frames!  The application may be doing too much work on its main thread.
I/ARMAssembler(   37): generated scanline__00000077:03515104_00009002_00000000 [127 ipp] (149 ins) at [0x414b4460:0x414b46b4] in 587000 ns
V/RipperService(  800): PING
V/AndroidRipperService(  800): mHandler.handleMessage() RECIVED
V/AndroidRipperService(  800): broadcast()
I/AndroidRipper(  843): Recived message: PING
V/RipperTestCase(  843): Not ready to operate!
V/AndroidRipperService(  800): broadcast() done
V/        (  800): ready
D/PhoneStatusBar(  714): disable: < expand icons alerts ticker system_info BACK* HOME* RECENT* CLOCK* SEARCH* >
E/BluetoothAdapter(  714): Bluetooth binder is null
D/SystemUIService(  714): loading: class com.android.systemui.power.PowerUI
D/SystemUIService(  714): running: com.android.systemui.power.PowerUI@41740230
D/SystemUIService(  714): loading: class com.android.systemui.media.RingtonePlayer
D/SystemUIService(  714): running: com.android.systemui.media.RingtonePlayer@41741010
D/FlurryAgent(  843): Starting new session
D/FlurryAgent(  843): Sending report to: http://data.flurry.com/aar.do
I/Choreographer(  714): Skipped 1054 frames!  The application may be doing too much work on its main thread.
E/SurfaceFlinger(   37): ro.sf.lcd_density must be defined as a build property
D/gralloc_goldfish(  843): Emulator without GPU emulation detected.
E/SurfaceFlinger(   37): ro.sf.lcd_density must be defined as a build property
I/ActivityManager(  308): Displayed net.mandaria.tippytipper/.activities.TippyTipper: +2s456ms
V/RipperService(  800): PING
V/AndroidRipperService(  800): mHandler.handleMessage() RECIVED
V/AndroidRipperService(  800): broadcast()
V/AndroidRipperService(  800): broadcast() done
V/        (  800): ready
I/AndroidRipper(  843): Recived message: PING
V/RipperTestCase(  843): Not ready to operate!
D/PhoneStatusBar(  714): disable: < expand icons alerts ticker system_info back* home* recent* clock* search* >
I/Choreographer(  714): Skipped 396 frames!  The application may be doing too much work on its main thread.
V/PhoneStatusBar(  714): setLightsOn(true)
D/FlurryAgent(  843): Report successful
I/ActivityManager(  308): Start proc com.android.email for broadcast com.android.email/.service.EmailBroadcastReceiver: pid=892 uid=10019 gids={50019, 3003, 1015, 1028}
E/Trace   (  892): error opening trace file: No such file or directory (2)
D/dalvikvm(  308): GC_CONCURRENT freed 833K, 14% free 6601K/7596K, paused 4ms+22ms, total 131ms
V/RipperService(  800): PING
V/AndroidRipperService(  800): mHandler.handleMessage() RECIVED
V/AndroidRipperService(  800): broadcast()
I/AndroidRipper(  843): Recived message: PING
V/RipperTestCase(  843): Not ready to operate!
V/AndroidRipperService(  800): broadcast() done
V/        (  800): ready
I/ActivityManager(  308): Start proc com.android.exchange for service com.android.exchange/.ExchangeService: pid=909 uid=10032 gids={50032, 3003, 1015, 1028}
I/ActivityManager(  308): Start proc com.android.providers.calendar for broadcast com.android.providers.calendar/.CalendarReceiver: pid=920 uid=10023 gids={50023, 3003, 1015, 1028}
D/dalvikvm(  308): GREF has increased to 501
E/Trace   (  909): error opening trace file: No such file or directory (2)
I/dalvikvm(  308): Jit: resizing JitTable from 4096 to 8192
I/AndroidRipper(  843): [RipperTestCase] Ready to operate after restarting...
E/Trace   (  920): error opening trace file: No such file or directory (2)
D/dalvikvm(  843): GC_CONCURRENT freed 147K, 7% free 2923K/3132K, paused 4ms+24ms, total 104ms
I/ActivityManager(  308): Start proc com.android.mms for broadcast com.android.mms/.transaction.MmsSystemEventReceiver: pid=941 uid=10029 gids={50029, 3003, 1015, 1028}
E/Trace   (  941): error opening trace file: No such file or directory (2)
D/ExchangeService(  909): !!! EAS ExchangeService, onCreate
D/CountryDetector(  308): The first listener is added
V/MmsConfig(  941): mnc/mcc: 310260
V/MmsConfig(  941): tag: bool value: enabledMMS - true
V/MmsConfig(  941): tag: int value: maxMessageSize - 307200
V/MmsConfig(  941): tag: int value: maxImageHeight - 480
V/MmsConfig(  941): tag: int value: maxImageWidth - 640
V/MmsConfig(  941): tag: int value: defaultSMSMessagesPerThread - 500
V/MmsConfig(  941): tag: int value: defaultMMSMessagesPerThread - 50
V/MmsConfig(  941): tag: int value: minMessageCountPerThread - 10
V/MmsConfig(  941): tag: int value: maxMessageCountPerThread - 5000
V/MmsConfig(  941): tag: string value: uaProfUrl - http://www.google.com/oha/rdf/ua-profile-kila.xml
V/MmsConfig(  941): tag: int value: recipientLimit - -1
V/MmsConfig(  941): tag: bool value: enableMultipartSMS - true
V/MmsConfig(  941): tag: int value: smsToMmsTextThreshold - -1
V/MmsConfig(  941): tag: bool value: enableSlideDuration - true
V/MmsConfig(  941): tag: int value: maxMessageTextSize - -1
W/dalvikvm(  892): threadid=5: spin on suspend #1 threadid=13 (pcf=0)
D/dalvikvm(  892): Temporarily moving tid 908 to fg (was 0)
D/dalvikvm(  892): Temporarily raised priority on tid 908 (10 -> 0)
D/ExchangeService(  909): !!! EAS ExchangeService, onStartCommand, startingUp = false, running = false
W/dalvikvm(  892): threadid=5: spin on suspend resolved in 1243 msec
D/dalvikvm(  892): Restored policy of 908 to 0
I/ActivityManager(  308): Start proc com.android.settings for broadcast com.android.settings/.widget.SettingsAppWidgetProvider: pid=967 uid=1000 gids={41000, 1015, 1028, 3002, 3001, 3003}
D/dalvikvm(  892): Restored priority on 908 to 10
E/Trace   (  967): error opening trace file: No such file or directory (2)
D/Eas Debug(  909): Logging: 
E/BluetoothAdapter(  967): Bluetooth binder is null
E/BluetoothAdapter(  967): Bluetooth binder is null
E/BluetoothAdapter(  967): Bluetooth binder is null
D/MediaScannerReceiver(  610): action: android.intent.action.MEDIA_MOUNTED path: /mnt/sdcard
V/RipperService(  800): PING
V/AndroidRipperService(  800): mHandler.handleMessage() RECIVED
V/AndroidRipperService(  800): broadcast()
I/AndroidRipper(  843): Recived message: PING
V/AndroidRipperService(  800): send()
I/System.out(  800): {"type":"PONG","index":"8"}
V/AndroidRipperService(  800): broadcast() done
V/        (  800): ready
V/RipperService(  800): DSC
V/AndroidRipperService(  800): mHandler.handleMessage() RECIVED
V/AndroidRipperService(  800): broadcast()
I/AndroidRipper(  843): Recived message: DSC
V/AndroidRipperService(  800): broadcast() done
V/        (  800): ready
V/RipperTestCase(  843): DSC : net.mandaria.tippytipper
I/AndroidRipper(  843): [SimpleExtractor] Found widget: id=-1 (android.widget.LinearLayout{40d385d8 V.E..... ......I. 0,0-480,800})
I/AndroidRipper(  843): [SimpleExtractor] Found widget: id=16909140 (android.view.ViewStub{40d44710 G.E..... ......I. 0,0-0,0 #1020354})
I/AndroidRipper(  843): [SimpleExtractor] Found widget: id=-1 (android.widget.FrameLayout{40cfd448 V.E..... ......I. 0,38-480,76})
I/AndroidRipper(  843): [SimpleExtractor] Found widget: id=16908310 (android.widget.TextView{40d56178 V.ED.... ......I. 6,1-474,36 #1020016 android:id/title})
I/AndroidRipper(  843): [SimpleExtractor] Found widget: id=16908290 (android.widget.FrameLayout{40d3bb70 V.E..... ......I. 0,76-480,800 #1020002 android:id/content})
I/AndroidRipper(  843): [SimpleExtractor] Found widget: id=-1 (android.widget.LinearLayout{40d3e998 V.E..... ......I. 0,0-480,724})
I/AndroidRipper(  843): [SimpleExtractor] Found widget: id=-1 (android.widget.TextView{40d3c1a0 V.ED.... ......I. 15,0-252,71})
I/AndroidRipper(  843): [SimpleExtractor] Found widget: id=2131361792 (android.widget.EditText{40d3c8d8 VFED..CL .F....I. 15,71-465,149 #7f0a0000 app:id/txt_amount})
I/AndroidRipper(  843): [SimpleExtractor] Found widget: id=-1 (android.widget.LinearLayout{40cdcb40 V.E..... ......I. 15,187-465,724})
I/AndroidRipper(  843): [SimpleExtractor] Found widget: id=-1 (android.widget.LinearLayout{40d107b0 V.E..... ......I. 0,0-450,84})
I/AndroidRipper(  843): [SimpleExtractor] Found widget: id=2131361793 (android.widget.Button{40d49640 VFED..C. ......I. 6,6-144,78 #7f0a0001 app:id/btn_seven})
I/AndroidRipper(  843): [SimpleExtractor] Found widget: id=2131361794 (android.widget.Button{40d3b1b0 VFED..C. ......I. 156,6-294,78 #7f0a0002 app:id/btn_eight})
I/AndroidRipper(  843): [SimpleExtractor] Found widget: id=2131361795 (android.widget.Button{40d47d60 VFED..C. ......I. 306,6-444,78 #7f0a0003 app:id/btn_nine})
I/AndroidRipper(  843): [SimpleExtractor] Found widget: id=-1 (android.widget.LinearLayout{40d39558 V.E..... ......I. 0,84-450,168})
I/AndroidRipper(  843): [SimpleExtractor] Found widget: id=2131361796 (android.widget.Button{40d55b20 VFED..C. ......I. 6,6-144,78 #7f0a0004 app:id/btn_four})
I/AndroidRipper(  843): [SimpleExtractor] Found widget: id=2131361797 (android.widget.Button{40d3be38 VFED..C. ......I. 156,6-294,78 #7f0a0005 app:id/btn_five})
I/AndroidRipper(  843): [SimpleExtractor] Found widget: id=2131361798 (android.widget.Button{40d3d630 VFED..C. ......I. 306,6-444,78 #7f0a0006 app:id/btn_six})
I/AndroidRipper(  843): [SimpleExtractor] Found widget: id=-1 (android.widget.LinearLayout{40d39968 V.E..... ......I. 0,168-450,252})
I/AndroidRipper(  843): [SimpleExtractor] Found widget: id=2131361799 (android.widget.Button{40d483a8 VFED..C. ......I. 6,6-144,78 #7f0a0007 app:id/btn_one})
I/AndroidRipper(  843): [SimpleExtractor] Found widget: id=2131361800 (android.widget.Button{40d45820 VFED..C. ......I. 156,6-294,78 #7f0a0008 app:id/btn_two})
I/AndroidRipper(  843): [SimpleExtractor] Found widget: id=2131361801 (android.widget.Button{40d526c8 VFED..C. ......I. 306,6-444,78 #7f0a0009 app:id/btn_three})
I/AndroidRipper(  843): [SimpleExtractor] Found widget: id=-1 (android.widget.LinearLayout{40d3abb0 V.E..... ......I. 0,252-450,336})
I/AndroidRipper(  843): [SimpleExtractor] Found widget: id=2131361802 (android.widget.Button{40ced318 VFED..CL ......I. 6,6-144,78 #7f0a000a app:id/btn_delete})
I/AndroidRipper(  843): [SimpleExtractor] Found widget: id=2131361803 (android.widget.Button{40d38bc8 VFED..C. ......I. 156,6-294,78 #7f0a000b app:id/btn_zero})
I/AndroidRipper(  843): [SimpleExtractor] Found widget: id=2131361804 (android.widget.Button{40d3c510 VFED..C. ......I. 306,6-444,78 #7f0a000c app:id/btn_ok})
I/AndroidRipper(  843): [SimpleExtractor] Found widget: id=-1 (com.android.internal.policy.impl.PhoneWindow$DecorView{40d38f78 V.E..... R.....I. 0,0-480,800})
D/ExchangeService(  909): !!! EAS ExchangeService, onStartCommand, startingUp = true, running = false
D/dalvikvm(  843): GC_CONCURRENT freed 270K, 10% free 3068K/3396K, paused 21ms+23ms, total 98ms
V/AndroidRipperService(  800): send()
I/System.out(  800): {"type":"DSC","xml":"<activity title=\"Tippy Tipper\" name=\"TippyTipper\" class=\"net.mandaria.tippytipper.activities.TippyTipper\" menu=\"TRUE\" keypress=\"FALSE\" longkeypress=\"FALSE\" tab_activity=\"FALSE\" tab_count=\"0\" id=\"\" uid=\"\" root_activity=\"TRUE\">\n  <widget id=\"-1\" class=\"android.widget.LinearLayout\" simple_type=\"linearLayout\" name=\"\" count=\"3\" index=\"0\" enabled=\"TRUE\" visible=\"TRUE\" p_id=\"-1\" p_name=\"\" p_type=\"com.android.internal.policy.impl.PhoneWindow.DecorView\" ancestor_id=\"\" ancestor_type=\"null\"\/>\n  <widget id=\"16909140\" class=\"android.view.ViewStub\" simple_type=\"\" name=\"\" index=\"1\" enabled=\"TRUE\" visible=\"FALSE\" p_id=\"-1\" p_name=\"\" p_type=\"android.widget.LinearLayout\" ancestor_id=\"\" ancestor_type=\"null\"\/>\n  <widget id=\"-1\" class=\"android.widget.FrameLayout\" simple_type=\"\" name=\"\" count=\"1\" index=\"2\" enabled=\"TRUE\" visible=\"TRUE\" p_id=\"-1\" p_name=\"\" p_type=\"android.widget.LinearLayout\" ancestor_id=\"\" ancestor_type=\"null\"\/>\n  <widget id=\"16908310\" class=\"android.widget.TextView\" simple_type=\"text\" r_id=\"title\" text_type=\"0\" name=\"Tippy Tipper\" value=\"Tippy Tipper\" index=\"3\" enabled=\"TRUE\" visible=\"TRUE\" p_id=\"-1\" p_name=\"\" p_type=\"android.widget.FrameLayout\" ancestor_id=\"\" ancestor_type=\"null\"\/>\n  <widget id=\"16908290\" class=\"android.widget.FrameLayout\" simple_type=\"\" r_id=\"content\" name=\"\" count=\"1\" index=\"4\" enabled=\"TRUE\" visible=\"TRUE\" p_id=\"-1\" p_name=\"\" p_type=\"android.widget.LinearLayout\" ancestor_id=\"\" ancestor_type=\"null\"\/>\n  <widget id=\"-1\" class=\"android.widget.LinearLayout\" simple_type=\"linearLayout\" name=\"\" count=\"3\" index=\"5\" enabled=\"TRUE\" visible=\"TRUE\" p_id=\"16908290\" p_name=\"\" p_type=\"android.widget.FrameLayout\" ancestor_id=\"\" ancestor_type=\"\"\/>\n  <widget id=\"-1\" class=\"android.widget.TextView\" simple_type=\"text\" text_type=\"0\" name=\"Enter bill amount:\" value=\"Enter bill amount:\" index=\"6\" enabled=\"TRUE\" visible=\"TRUE\" p_id=\"-1\" p_name=\"\" p_type=\"android.widget.LinearLayout\" ancestor_id=\"16908290\" ancestor_type=\"android.widget.FrameLayout\"\/>\n  <widget id=\"2131361792\" class=\"android.widget.EditText\" simple_type=\"editText\" r_id=\"txt_amount\" text_type=\"0\" name=\"\" value=\"$0.00\" index=\"7\" enabled=\"TRUE\" visible=\"TRUE\" p_id=\"-1\" p_name=\"\" p_type=\"android.widget.LinearLayout\" ancestor_id=\"16908290\" ancestor_type=\"android.widget.FrameLayout\"\/>\n  <widget id=\"-1\" class=\"android.widget.LinearLayout\" simple_type=\"linearLayout\" name=\"\" count=\"4\" index=\"8\" enabled=\"TRUE\" visible=\"TRUE\" p_id=\"-1\" p_name=\"\" p_type=\"android.widget.LinearLayout\" ancestor_id=\"16908290\" ancestor_type=\"android.widget.FrameLayout\"\/>\n  <widget id=\"-1\" class=\"android.widget.LinearLayout\" simple_type=\"linearLayout\" name=\"\" count=\"3\" index=\"9\" enabled=\"TRUE\" visible=\"TRUE\" p_id=\"-1\" p_name=\"\" p_type=\"android.widget.LinearLayout\" ancestor_id=\"16908290\" ancestor_type=\"android.widget.FrameLayout\"\/>\n  <widget id=\"2131361793\" class=\"android.widget.Button\" simple_type=\"button\" r_id=\"btn_seven\" text_type=\"0\" name=\"7\" value=\"7\" index=\"10\" enabled=\"TRUE\" visible=\"TRUE\" p_id=\"-1\" p_name=\"\" p_type=\"android.widget.LinearLayout\" ancestor_id=\"16908290\" ancestor_type=\"android.widget.FrameLayout\"\/>\n  <widget id=\"2131361794\" class=\"android.widget.Button\" simple_type=\"button\" r_id=\"btn_eight\" text_type=\"0\" name=\"8\" value=\"8\" index=\"11\" enabled=\"TRUE\" visible=\"TRUE\" p_id=\"-1\" p_name=\"\" p_type=\"android.widget.LinearLayout\" ancestor_id=\"16908290\" ancestor_type=\"android.widget.FrameLayout\"\/>\n  <widget id=\"2131361795\" class=\"android.widget.Button\" simple_type=\"button\" r_id=\"btn_nine\" text_type=\"0\" name=\"9\" value=\"9\" index=\"12\" enabled=\"TRUE\" visible=\"TRUE\" p_id=\"-1\" p_name=\"\" p_type=\"android.widget.LinearLayout\" ancestor_id=\"16908290\" 
W/dalvikvm(  941): threadid=5: spin on suspend #1 threadid=15 (pcf=0)
D/dalvikvm(  941): Temporarily moving tid 960 to fg (was 0)
D/dalvikvm(  941): Temporarily raised priority on tid 960 (19 -> 0)
W/dalvikvm(  941): threadid=5: spin on suspend resolved in 1212 msec
D/dalvikvm(  941): Restored policy of 960 to 0
D/dalvikvm(  941): Restored priority on 960 to 19
D/Mms:app (  941): cancelNotification
D/MmsSmsDatabaseHelper(  455): [MmsSmsDb] tableName: threads hasAutoIncrement: CREATE TABLE threads (_id INTEGER PRIMARY KEY AUTOINCREMENT,date INTEGER DEFAULT 0,message_count INTEGER DEFAULT 0,recipient_ids TEXT,snippet TEXT,snippet_cs INTEGER DEFAULT 0,read INTEGER DEFAULT 1,type INTEGER DEFAULT 0,error INTEGER DEFAULT 0,has_attachment INTEGER DEFAULT 0) result: true
D/dalvikvm(  478): GC_CONCURRENT freed 812K, 41% free 3348K/5676K, paused 5ms+4ms, total 118ms
D/MmsSmsDatabaseHelper(  455): [MmsSmsDb] tableName: canonical_addresses hasAutoIncrement: CREATE TABLE canonical_addresses (_id INTEGER PRIMARY KEY AUTOINCREMENT,address TEXT) result: true
D/MmsSmsDatabaseHelper(  455): [MmsSmsDb] tableName: part hasAutoIncrement: CREATE TABLE part (_id INTEGER PRIMARY KEY AUTOINCREMENT,mid INTEGER,seq INTEGER DEFAULT 0,ct TEXT,name TEXT,chset INTEGER,cd TEXT,fn TEXT,cid TEXT,cl TEXT,ctt_s INTEGER,ctt_t TEXT,_data TEXT,text TEXT) result: true
I/Launcher(  478): setLoadOnResume
D/MmsSmsDatabaseHelper(  455): [MmsSmsDb] tableName: pdu hasAutoIncrement: CREATE TABLE pdu (_id INTEGER PRIMARY KEY AUTOINCREMENT,thread_id INTEGER,date INTEGER,date_sent INTEGER DEFAULT 0,msg_box INTEGER,read INTEGER DEFAULT 0,m_id TEXT,sub TEXT,sub_cs INTEGER,ct_t TEXT,ct_l TEXT,exp INTEGER,m_cls TEXT,m_type INTEGER,v INTEGER,m_size INTEGER,pri INTEGER,rr INTEGER,rpt_a INTEGER,resp_st INTEGER,st INTEGER,tr_id TEXT,retr_st INTEGER,retr_txt TEXT,retr_txt_cs INTEGER,read_status INTEGER,ct_cls INTEGER,resp_txt TEXT,d_tm INTEGER,d_rpt INTEGER,locked INTEGER DEFAULT 0,seen INTEGER DEFAULT 0,text_only INTEGER DEFAULT 0) result: true
I/Launcher(  478): setLoadOnResume
D/ExchangeService(  909): Received deviceId from Email app: androidc259148960
D/ExchangeService(  909): Reconciling accounts...
D/MmsSmsDatabaseHelper(  455): [getWritableDatabase] hasAutoIncrementThreads: true hasAutoIncrementAddresses: true hasAutoIncrementPart: true hasAutoIncrementPdu: true
D/ExchangeService(  909): !!! EAS ExchangeService, onStartCommand, startingUp = true, running = false
D/dalvikvm(  478): GC_FOR_ALLOC freed 94K, 41% free 3368K/5676K, paused 90ms, total 112ms
D/dalvikvm(  478): GC_CONCURRENT freed 5K, 32% free 3870K/5676K, paused 11ms+3ms, total 55ms
D/dalvikvm(  478): WAIT_FOR_CONCURRENT_GC blocked 24ms
D/Eas Debug(  909): Logging: 
D/dalvikvm(  478): GC_FOR_ALLOC freed <1K, 23% free 4376K/5676K, paused 37ms, total 71ms
I/dalvikvm-heap(  478): Grow heap (frag case) to 4.820MB for 518416-byte allocation
D/dalvikvm(  478): GC_FOR_ALLOC freed <1K, 22% free 4882K/6184K, paused 40ms, total 40ms
I/Launcher(  478): setLoadOnResume
I/Launcher(  478): setLoadOnResume
V/RipperService(  800): EVT
V/AndroidRipperService(  800): mHandler.handleMessage() RECIVED
V/AndroidRipperService(  800): broadcast()
I/AndroidRipper(  843): Recived message: EVT
V/RipperTestCase(  843): DSC : net.mandaria.tippytipper
V/AndroidRipperService(  800): broadcast() done
V/        (  800): ready
I/Launcher(  478): setLoadOnResume
D/dalvikvm(  455): GREF has increased to 201
I/CalendarProvider2(  920): Sending notification intent: Intent { act=android.intent.action.PROVIDER_CHANGED dat=content://com.android.calendar }
W/ContentResolver(  920): Failed to get type for: content://com.android.calendar (Unknown URL content://com.android.calendar)
I/ActivityManager(  308): Start proc com.android.calendar for broadcast com.android.calendar/.alerts.AlertReceiver: pid=998 uid=10004 gids={50004, 3003, 1028}
D/dalvikvm(   38): GC_EXPLICIT freed 38K, 4% free 2382K/2480K, paused 2ms+15ms, total 60ms
D/dalvikvm(   38): GC_EXPLICIT freed <1K, 4% free 2382K/2480K, paused 2ms+3ms, total 61ms
D/dalvikvm(   38): GC_EXPLICIT freed <1K, 4% free 2382K/2480K, paused 2ms+2ms, total 63ms
E/Trace   (  998): error opening trace file: No such file or directory (2)
D/AlertReceiver(  998): onReceive: a=android.intent.action.PROVIDER_CHANGED Intent { act=android.intent.action.PROVIDER_CHANGED dat=content://com.android.calendar flg=0x10 cmp=com.android.calendar/.alerts.AlertReceiver }
D/AlertService(  998): 0 Action = android.intent.action.PROVIDER_CHANGED
D/AlertService(  998): Beginning updateAlertNotification
W/WindowManager(  308): Failure taking screenshot for (246x410) to layer 21010
I/Choreographer(  478): Skipped 89 frames!  The application may be doing too much work on its main thread.
E/SurfaceFlinger(   37): ro.sf.lcd_density must be defined as a build property
W/InputMethodManagerService(  308): Starting input on non-focused client com.android.internal.view.IInputMethodClient$Stub$Proxy@40ffbd20 (uid=10048 pid=843)
I/Choreographer(  478): Skipped 59 frames!  The application may be doing too much work on its main thread.
I/Choreographer(  843): Skipped 38 frames!  The application may be doing too much work on its main thread.
V/AndroidRipperService(  800): send()
I/System.out(  800): {"type":"ACK","index":"12"}
V/RipperService(  800): DSC
V/AndroidRipperService(  800): mHandler.handleMessage() RECIVED
V/AndroidRipperService(  800): broadcast()
I/AndroidRipper(  843): Recived message: DSC
V/RipperTestCase(  843): DSC : net.mandaria.tippytipper
V/AndroidRipperService(  800): broadcast() done
V/        (  800): ready
V/AndroidRipperService(  800): send()
I/System.out(  800): {"type":"DSC","xml":"<activity title=\"Tippy Tipper\" name=\"TippyTipper\" class=\"net.mandaria.tippytipper.activities.TippyTipper\" menu=\"TRUE\" keypress=\"FALSE\" longkeypress=\"FALSE\" tab_activity=\"FALSE\" tab_count=\"0\" id=\"\" uid=\"\" root_activity=\"TRUE\"\/>\n","index":"14"}
V/RipperService(  800): EVT
V/AndroidRipperService(  800): mHandler.handleMessage() RECIVED
V/AndroidRipperService(  800): broadcast()
I/AndroidRipper(  843): Recived message: EVT
V/RipperTestCase(  843): DSC : net.mandaria.tippytipper
W/InputDispatcher(  308): Permission denied: injecting event from pid 843 uid 10048 to window Window{40fffa98 u0 com.android.launcher/com.android.launcher2.Launcher} owned by uid 10020
W/InputManager(  308): Input event injection from pid 843 permission denied.
W/System.err(  843): java.lang.SecurityException: Injecting to another application requires INJECT_EVENTS permission
V/AndroidRipperService(  800): broadcast() done
V/        (  800): ready
W/System.err(  843): 	at android.os.Parcel.readException(Parcel.java:1425)
W/System.err(  843): 	at android.os.Parcel.readException(Parcel.java:1379)
W/System.err(  843): 	at android.hardware.input.IInputManager$Stub$Proxy.injectInputEvent(IInputManager.java:356)
W/System.err(  843): 	at android.hardware.input.InputManager.injectInputEvent(InputManager.java:619)
W/System.err(  843): 	at android.app.Instrumentation.sendKeySync(Instrumentation.java:887)
W/System.err(  843): 	at android.app.Instrumentation.sendCharacterSync(Instrumentation.java:910)
W/System.err(  843): 	at it.unina.android.ripper.automation.RipperAutomation.injectInteraction(RipperAutomation.java:152)
W/System.err(  843): 	at it.unina.android.ripper.automation.RipperAutomation.fireEventOnView(RipperAutomation.java:317)
