I/Choreographer(  573): Skipped 486 frames!  The application may be doing too much work on its main thread.
D/dalvikvm(  573): GC_FOR_ALLOC freed 88K, 7% free 3249K/3488K, paused 20ms, total 26ms
I/dalvikvm-heap(  573): Grow heap (frag case) to 3.718MB for 518416-byte allocation
D/dalvikvm(  573): GC_CONCURRENT freed 7K, 7% free 3747K/3996K, paused 13ms+4ms, total 350ms
D/dalvikvm(  573): WAIT_FOR_CONCURRENT_GC blocked 337ms
D/dalvikvm(  573): GC_FOR_ALLOC freed <1K, 7% free 3748K/3996K, paused 499ms, total 500ms
I/dalvikvm-heap(  573): Grow heap (frag case) to 4.206MB for 518416-byte allocation
E/SoundPool(  371): error loading /system/media/audio/ui/Effect_Tick.ogg
W/AudioService(  371): Soundpool could not load file: /system/media/audio/ui/Effect_Tick.ogg
E/SoundPool(  371): error loading /system/media/audio/ui/Effect_Tick.ogg
W/AudioService(  371): Soundpool could not load file: /system/media/audio/ui/Effect_Tick.ogg
E/SoundPool(  371): error loading /system/media/audio/ui/Effect_Tick.ogg
W/AudioService(  371): Soundpool could not load file: /system/media/audio/ui/Effect_Tick.ogg
E/SoundPool(  371): error loading /system/media/audio/ui/Effect_Tick.ogg
W/AudioService(  371): Soundpool could not load file: /system/media/audio/ui/Effect_Tick.ogg
E/SoundPool(  371): error loading /system/media/audio/ui/Effect_Tick.ogg
W/AudioService(  371): Soundpool could not load file: /system/media/audio/ui/Effect_Tick.ogg
E/SoundPool(  371): error loading /system/media/audio/ui/KeypressStandard.ogg
W/AudioService(  371): Soundpool could not load file: /system/media/audio/ui/KeypressStandard.ogg
E/SoundPool(  371): error loading /system/media/audio/ui/KeypressSpacebar.ogg
W/AudioService(  371): Soundpool could not load file: /system/media/audio/ui/KeypressSpacebar.ogg
E/SoundPool(  371): error loading /system/media/audio/ui/KeypressDelete.ogg
W/AudioService(  371): Soundpool could not load file: /system/media/audio/ui/KeypressDelete.ogg
E/SoundPool(  371): error loading /system/media/audio/ui/KeypressReturn.ogg
W/AudioService(  371): Soundpool could not load file: /system/media/audio/ui/KeypressReturn.ogg
W/AudioService(  371): loadSoundEffects(), Error -1 while loading samples
D/SystemUIService(  873): loading: class com.android.systemui.statusbar.phone.PhoneStatusBar
D/dalvikvm(  573): GC_CONCURRENT freed <1K, 6% free 4254K/4504K, paused 49ms+3ms, total 587ms
D/dalvikvm(  573): WAIT_FOR_CONCURRENT_GC blocked 524ms
E/Trace   (  904): error opening trace file: No such file or directory (2)
D/dalvikvm(  371): GC_CONCURRENT freed 1056K, 28% free 5671K/7832K, paused 65ms+24ms, total 1115ms
D/SystemUIService(  873): running: com.android.systemui.statusbar.phone.PhoneStatusBar@40cdc6d0
D/dalvikvm(  573): GC_FOR_ALLOC freed <1K, 6% free 4255K/4504K, paused 587ms, total 639ms
I/dalvikvm-heap(  573): Grow heap (frag case) to 4.701MB for 518416-byte allocation
D/dalvikvm(  573): GC_CONCURRENT freed <1K, 6% free 4761K/5012K, paused 4ms+3ms, total 69ms
D/dalvikvm(  573): WAIT_FOR_CONCURRENT_GC blocked 57ms
I/Choreographer(  371): Skipped 308 frames!  The application may be doing too much work on its main thread.
E/BluetoothAdapter(  371): Bluetooth binder is null
E/BluetoothAdapter(  371): Bluetooth binder is null
V/WiredAccessoryManager(  371): init()
D/dalvikvm(  573): GREF has increased to 201
I/StatusBarManagerService(  371): registerStatusBar bar=com.android.internal.statusbar.IStatusBar$Stub$Proxy@40f034f0
I/Choreographer(  573): Skipped 720 frames!  The application may be doing too much work on its main thread.
I/Choreographer(  371): Skipped 103 frames!  The application may be doing too much work on its main thread.
I/Vold    (   32): Filesystem check completed OK
I/Vold    (   32): Device /dev/block/vold/179:0, target /mnt/sdcard mounted @ /mnt/secure/staging
D/Vold    (   32): Volume sdcard state changing 3 (Checking) -> 4 (Mounted)
E/VoldConnector(  371): NDC Command {3 volume mount /mnt/sdcard} took too long (49775ms)
D/CAT     (  562): CatService: SIM ready. Reporting STK service running now...
D/MountService(  371): volume state changed for /mnt/sdcard (checking -> mounted)
I/PackageManager(  371): Updating external media status from unmounted to mounted
D/MountService(  371): sendStorageIntent Intent { act=android.intent.action.MEDIA_MOUNTED dat=file:///mnt/sdcard (has extras) } to UserHandle{-1}
I/PackageManager(  371): No secure containers on sdcard
D/dalvikvm(  873): GC_CONCURRENT freed 123K, 7% free 2673K/2852K, paused 20ms+19ms, total 171ms
D/dalvikvm(  873): WAIT_FOR_CONCURRENT_GC blocked 151ms
I/dalvikvm-heap(  873): Grow heap (frag case) to 3.268MB for 635812-byte allocation
I/FusedLocation(  821): engine started (com.android.location.fused)
D/dalvikvm(  873): GC_FOR_ALLOC freed 4K, 6% free 3290K/3476K, paused 179ms, total 179ms
W/PackageManager(  371): Unknown permission com.google.android.googleapps.permission.GOOGLE_AUTH.mail in package com.android.contacts
W/PackageManager(  371): Unknown permission android.permission.ADD_SYSTEM_SERVICE in package com.android.phone
W/PackageManager(  371): Unknown permission com.android.smspush.WAPPUSH_MANAGER_BIND in package com.android.phone
W/PackageManager(  371): Unknown permission com.google.android.googleapps.permission.GOOGLE_AUTH in package com.android.providers.calendar
W/PackageManager(  371): Unknown permission com.google.android.googleapps.permission.GOOGLE_AUTH.cl in package com.android.providers.calendar
W/PackageManager(  371): Unknown permission com.google.android.googleapps.permission.GOOGLE_AUTH.mail in package com.android.calendar
W/PackageManager(  371): Not granting permission android.permission.SEND_DOWNLOAD_COMPLETED_INTENTS to package com.android.browser (protectionLevel=2 flags=0x89be45)
W/PackageManager(  371): Not granting permission android.permission.BIND_APPWIDGET to package com.android.widgetpreview (protectionLevel=18 flags=0x8be44)
W/PackageManager(  371): Unknown permission com.google.android.googleapps.permission.GOOGLE_AUTH in package com.android.settings
W/PackageManager(  371): Unknown permission com.google.android.gallery3d.permission.GALLERY_PROVIDER in package com.android.exchange
W/PackageManager(  371): Unknown permission com.google.android.googleapps.permission.ACCESS_GOOGLE_PASSWORD in package com.android.development
W/PackageManager(  371): Unknown permission com.google.android.googleapps.permission.GOOGLE_AUTH in package com.android.development
W/PackageManager(  371): Unknown permission com.google.android.googleapps.permission.GOOGLE_AUTH.ALL_SERVICES in package com.android.development
W/PackageManager(  371): Unknown permission com.google.android.googleapps.permission.GOOGLE_AUTH.YouTubeUser in package com.android.development
W/PackageManager(  371): Unknown permission com.google.android.gallery3d.permission.GALLERY_PROVIDER in package com.android.email
W/PackageManager(  371): Not granting permission android.permission.DEVICE_POWER to package com.android.deskclock (protectionLevel=2 flags=0x88be45)
I/Choreographer(  573): Skipped 1411 frames!  The application may be doing too much work on its main thread.
E/BluetoothAdapter(  873): Bluetooth binder is null
E/BluetoothAdapter(  873): Bluetooth binder is null
D/gralloc_goldfish(  573): Emulator without GPU emulation detected.
D/dalvikvm(  562): GC_CONCURRENT freed 274K, 11% free 2774K/3104K, paused 8ms+189ms, total 696ms
I/ActivityManager(  371): Displayed com.android.launcher/com.android.launcher2.Launcher: +53s396ms
E/BluetoothAdapter(  873): Bluetooth binder is null
I/Choreographer(  573): Skipped 170 frames!  The application may be doing too much work on its main thread.
D/MccTable(  562): updateMccMncConfiguration: mcc=310, mnc=260
D/TelephonyManager(  562): getLteOnCdmaMode=0 curVal=-1 product_type='' lteOnCdmaProductType=''
D/MccTable(  562): locale set to en_us
D/MccTable(  562): WIFI_COUNTRY_CODE set to us
I/WifiService(  371): WifiService trying to set country code to us with persist set to true
I/ActivityManager(  371): Config changes=1403 {1.0 310mcc260mnc en_US ldltr sw320dp w320dp h508dp 240dpi nrml long port finger -keyb/v/h tball/v s.4}
D/dalvikvm(  371): GC_CONCURRENT freed 778K, 13% free 5720K/6564K, paused 196ms+8ms, total 2193ms
D/dalvikvm(  371): WAIT_FOR_CONCURRENT_GC blocked 41ms
D/dalvikvm(  371): WAIT_FOR_CONCURRENT_GC blocked 80ms
D/dalvikvm(  371): WAIT_FOR_CONCURRENT_GC blocked 44ms
D/dalvikvm(  371): WAIT_FOR_CONCURRENT_GC blocked 283ms
W/SurfaceFlinger(   37): createScreenshotSurface failed (Function not implemented)
I/RecoverySystem(  371): No recovery log file
W/Launcher.Model(  573): LoaderTask running with no launcher (loadAllAppsByBatch)
D/dalvikvm(  371): GC_FOR_ALLOC freed 241K, 13% free 5743K/6564K, paused 943ms, total 949ms
I/dalvikvm-heap(  371): Grow heap (frag case) to 5.769MB for 104992-byte allocation
W/WindowManager(  371): Window freeze timeout expired.
D/dalvikvm(  371): GC_FOR_ALLOC freed 14K, 13% free 5831K/6668K, paused 582ms, total 582ms
W/WindowManager(  371): Force clearing orientation change: Window{40e9c1e0 u0 Keyguard}
D/dalvikvm(  873): GC_CONCURRENT freed 68K, 4% free 3659K/3784K, paused 12ms+59ms, total 145ms
D/dalvikvm(  371): GC_FOR_ALLOC freed 13K, 13% free 5835K/6668K, paused 244ms, total 247ms
I/dalvikvm-heap(  371): Grow heap (frag case) to 5.858MB for 104992-byte allocation
D/dalvikvm(  371): GC_FOR_ALLOC freed 1K, 13% free 5935K/6772K, paused 66ms, total 66ms
E/BluetoothAdapter(  873): Bluetooth binder is null
D/dalvikvm(  371): GC_FOR_ALLOC freed 24K, 13% free 6047K/6876K, paused 1111ms, total 1185ms
I/AccountTypeManager(  904): Loaded meta-data for 1 account types, 0 accounts in 3750ms(wall) 81ms(cpu)
W/ProcessStats(  371): Skipping unknown process pid 1013
I/Choreographer(  371): Skipped 307 frames!  The application may be doing too much work on its main thread.
W/Settings(  562): Setting auto_time_zone has moved from android.provider.Settings.System to android.provider.Settings.Global, returning read-only value.
I/Choreographer(  371): Skipped 50 frames!  The application may be doing too much work on its main thread.
I/ActivityManager(  371): Start proc com.android.deskclock for broadcast com.android.deskclock/.AlarmInitReceiver: pid=1023 uid=10006 gids={50006, 1028}
W/WindowManager(  371): App freeze timeout expired.
W/WindowManager(  371): Force clearing freeze: AppWindowToken{40f101d0 token=Token{40f0d6b0 ActivityRecord{40f0d278 u0 com.android.launcher/com.android.launcher2.Launcher}}}
I/Choreographer(  371): Skipped 31 frames!  The application may be doing too much work on its main thread.
W/ActivityManager(  371): Timeout executing service: ServiceRecord{40e6d5b8 u0 com.android.systemui/.SystemUIService}
I/Process (  371): Sending signal. PID: 873 SIG: 3
I/dalvikvm(  873): threadid=3: reacting to signal 3
I/Process (  371): Sending signal. PID: 371 SIG: 3
I/dalvikvm(  371): threadid=3: reacting to signal 3
I/FusedLocation(  821): engine started (com.android.location.fused)
I/dalvikvm(  873): Wrote stack traces to '/data/anr/traces.txt'
D/dalvikvm(  873): GC_CONCURRENT freed 131K, 5% free 3649K/3836K, paused 18ms+3ms, total 90ms
D/MccTable(  562): updateMccMncConfiguration: mcc=310, mnc=260
D/TelephonyManager(  562): getLteOnCdmaMode=0 curVal=-1 product_type='' lteOnCdmaProductType=''
D/MccTable(  562): locale set to en_us
D/MccTable(  562): WIFI_COUNTRY_CODE set to us
I/WifiService(  371): WifiService trying to set country code to us with persist set to true
I/Process (  371): Sending signal. PID: 562 SIG: 3
I/dalvikvm(  562): threadid=3: reacting to signal 3
E/Trace   ( 1023): error opening trace file: No such file or directory (2)
I/dalvikvm(  371): Wrote stack traces to '/data/anr/traces.txt'
D/PhoneStatusBar(  873): disable: < expand icons alerts ticker system_info BACK* HOME* RECENT* CLOCK* SEARCH* >
I/Choreographer(  371): Skipped 3025 frames!  The application may be doing too much work on its main thread.
D/dalvikvm(  371): GC_CONCURRENT freed 594K, 10% free 6374K/7032K, paused 304ms+34ms, total 784ms
D/dalvikvm(  371): WAIT_FOR_CONCURRENT_GC blocked 85ms
D/dalvikvm(  371): WAIT_FOR_CONCURRENT_GC blocked 107ms
D/dalvikvm(  371): WAIT_FOR_CONCURRENT_GC blocked 103ms
D/dalvikvm(  371): WAIT_FOR_CONCURRENT_GC blocked 153ms
V/TAG     (  371): bug 7643792: fitSystemWindows([0,38][0,0])
I/ActivityManager(  371): Config changes=1400 {1.0 310mcc260mnc en_US ldltr sw320dp w320dp h508dp 240dpi nrml long port finger -keyb/v/h tball/v s.5}
I/dalvikvm(  562): Wrote stack traces to '/data/anr/traces.txt'
D/dalvikvm(  371): GC_EXPLICIT freed 207K, 10% free 6362K/7032K, paused 26ms+91ms, total 1923ms
E/BluetoothAdapter(  873): Bluetooth binder is null
D/SystemUIService(  873): loading: class com.android.systemui.power.PowerUI
D/SystemUIService(  873): running: com.android.systemui.power.PowerUI@40e2bbb8
D/SystemUIService(  873): loading: class com.android.systemui.media.RingtonePlayer
D/SystemUIService(  873): running: com.android.systemui.media.RingtonePlayer@40e2c838
E/SurfaceFlinger(   37): ro.sf.lcd_density must be defined as a build property
W/WindowManager(  371): Window freeze timeout expired.
W/WindowManager(  371): Force clearing orientation change: Window{40e9c1e0 u0 Keyguard}
W/WindowManager(  371): Force clearing orientation change: Window{4113ece8 u0 com.android.systemui.ImageWallpaper}
I/Choreographer(  371): Skipped 617 frames!  The application may be doing too much work on its main thread.
D/dalvikvm(  873): GC_FOR_ALLOC freed 109K, 5% free 3728K/3892K, paused 597ms, total 617ms
D/dalvikvm(  371): GC_FOR_ALLOC freed 291K, 10% free 6357K/7032K, paused 340ms, total 349ms
I/dalvikvm-heap(  873): Grow heap (frag case) to 9.805MB for 6410576-byte allocation
I/dalvikvm-heap(  371): Grow heap (frag case) to 7.345MB for 1128976-byte allocation
D/dalvikvm(  873): GC_CONCURRENT freed 2K, 2% free 9986K/10156K, paused 3ms+4ms, total 86ms
D/dalvikvm(  371): GC_FOR_ALLOC freed 588K, 16% free 6871K/8136K, paused 188ms, total 188ms
V/AlarmClock( 1023): No next alarm
W/WindowManager(  371): ***** BOOT TIMEOUT: forcing display enabled
I/SurfaceFlinger(   37): Boot is finished (120837 ms)
I/ActivityManager(  371): Config changes=1400 {1.0 310mcc260mnc en_US ldltr sw320dp w320dp h508dp 240dpi nrml long port finger -keyb/v/h tball/v s.6}
V/AlarmClock( 1023): AlarmInitReceiver - Reset timers and clear stopwatch data
I/PowerManagerService(  371): Boot animation finished.
I/Choreographer(  371): Skipped 95 frames!  The application may be doing too much work on its main thread.
V/AlarmClock( 1023): No next alarm
V/AlarmClock( 1023): AlarmInitReceiver finished
D/dalvikvm(  562): GC_CONCURRENT freed 368K, 13% free 2915K/3340K, paused 97ms+3ms, total 1421ms
D/dalvikvm(  562): WAIT_FOR_CONCURRENT_GC blocked 210ms
D/dalvikvm(  371): GC_CONCURRENT freed 37K, 16% free 6902K/8136K, paused 42ms+8ms, total 1954ms
D/dalvikvm(  371): WAIT_FOR_CONCURRENT_GC blocked 1885ms
D/dalvikvm(  573): GC_CONCURRENT freed 1915K, 36% free 3539K/5512K, paused 5ms+70ms, total 230ms
D/dalvikvm(  371): GC_EXPLICIT freed 1106K, 29% free 5795K/8136K, paused 4ms+46ms, total 242ms
D/dalvikvm(  873): GC_FOR_ALLOC freed 1K, 2% free 9989K/10156K, paused 35ms, total 35ms
I/dalvikvm-heap(  873): Grow heap (frag case) to 12.503MB for 2828816-byte allocation
D/dalvikvm(  562): GC_CONCURRENT freed 477K, 16% free 2885K/3420K, paused 4ms+35ms, total 176ms
D/dalvikvm(  873): GC_CONCURRENT freed 0K, 2% free 12751K/12920K, paused 5ms+327ms, total 795ms
D/dalvikvm(  873): WAIT_FOR_CONCURRENT_GC blocked 749ms
D/gralloc_goldfish(  873): Emulator without GPU emulation detected.
D/AndroidRuntime( 1104): 
D/AndroidRuntime( 1104): >>>>>> AndroidRuntime START com.android.internal.os.RuntimeInit <<<<<<
D/AndroidRuntime( 1104): CheckJNI is ON
I/Process (  371): Sending signal. PID: 573 SIG: 3
D/dalvikvm( 1104): Trying to load lib libjavacore.so 0x0
D/dalvikvm( 1104): Added shared lib libjavacore.so 0x0
I/dalvikvm(  573): threadid=3: reacting to signal 3
D/dalvikvm( 1104): Trying to load lib libnativehelper.so 0x0
D/dalvikvm( 1104): Added shared lib libnativehelper.so 0x0
I/Choreographer(  873): Skipped 6095 frames!  The application may be doing too much work on its main thread.
E/ActivityManager(  371): ANR in com.android.systemui
E/ActivityManager(  371): Reason: Executing service com.android.systemui/.SystemUIService
E/ActivityManager(  371): Load: 10.17 / 3.43 / 1.22
E/ActivityManager(  371): CPU usage from 1531ms to -11661ms ago:
E/ActivityManager(  371):   24% 371/system_server: 18% user + 5.9% kernel / faults: 3137 minor 2 major
E/ActivityManager(  371):   14% 37/surfaceflinger: 10% user + 3.4% kernel / faults: 378 minor
E/ActivityManager(  371):   8.7% 873/com.android.systemui: 6.9% user + 1.7% kernel / faults: 4720 minor 3 major
E/ActivityManager(  371):   5.7% 562/com.android.phone: 3.1% user + 2.6% kernel / faults: 861 minor
E/ActivityManager(  371):   5.1% 573/com.android.launcher: 3.9% user + 1.2% kernel / faults: 3503 minor
E/ActivityManager(  371):   3.1% 47/adbd: 0.5% user + 2.5% kernel / faults: 242 minor
E/ActivityManager(  371):   0.3% 547/com.android.inputmethod.latin: 0.3% user + 0% kernel / faults: 10 minor
E/ActivityManager(  371):   0.3% 662/android.process.acore: 0.3% user + 0% kernel / faults: 45 minor
E/ActivityManager(  371):   0.2% 1//init: 0% user + 0.2% kernel / faults: 7 minor
E/ActivityManager(  371):   0% 36/rild: 0% user + 0% kernel / faults: 1 minor
E/ActivityManager(  371):   0% 38/zygote: 0% user + 0% kernel / faults: 67 minor
E/ActivityManager(  371):   0% 682/com.android.music: 0% user + 0% kernel / faults: 7 minor
E/ActivityManager(  371):  +0% 1023/com.android.deskclock: 0% user + 0% kernel
E/ActivityManager(  371):  +0% 1100/sh: 0% user + 0% kernel
E/ActivityManager(  371):  +0% 1102/logcat: 0% user + 0% kernel
E/ActivityManager(  371):  +0% 1104/app_process: 0% user + 0% kernel
E/ActivityManager(  371): 100% TOTAL: 67% user + 32% kernel + 0% softirq
E/ActivityManager(  371): CPU usage from 9950ms to 10670ms later:
E/ActivityManager(  371):   20% 371/system_server: 10% user + 9.4% kernel / faults: 33 minor
E/ActivityManager(  371):     6.7% 391/ActivityManager: 1.3% user + 5.4% kernel
E/ActivityManager(  371):     1.3% 602/Binder_4: 1.3% user + 0% kernel
E/ActivityManager(  371):     1.3% 632/Binder_5: 0% user + 1.3% kernel
E/ActivityManager(  371):     1.3% 766/Binder_9: 0% user + 1.3% kernel
E/ActivityManager(  371):     1.3% 767/Binder_A: 0% user + 1.3% kernel
E/ActivityManager(  371):     1.3% 813/Binder_B: 1.3% user + 0% kernel
E/ActivityManager(  371):     1.3% 814/Binder_C: 0% user + 1.3% kernel
E/ActivityManager(  371):    +0% 1097/Error dump: sys: 0% user + 0% kernel
E/ActivityManager(  371):   13% 873/com.android.systemui: 8.7% user + 4.3% kernel / faults: 784 minor
E/ActivityManager(  371):     7% 873/ndroid.systemui: 3.5% user + 3.5% kernel
E/ActivityManager(  371):     2.6% 875/GC: 1.7% user + 0.8% kernel
E/ActivityManager(  371):   12% 562/com.android.phone: 5.8% user + 6.7% kernel / faults: 143 minor
E/ActivityManager(  371):     10% 562/m.android.phone: 4.8% user + 5.8% kernel
E/ActivityManager(  371):     1.9% 564/GC: 1.9% user + 0% kernel
E/ActivityManager(  371):     1.9% 578/Compiler: 0% user + 1.9% kernel
E/ActivityManager(  371):    +0% 1098/GsmDC-1: 0% user + 0% kernel
E/ActivityManager(  371):    +0% 1099/SyncHandler-0: 0% user + 0% kernel
E/ActivityManager(  371):   9.6% 573/com.android.launcher: 1.7% user + 7.8% kernel / faults: 3061 minor
E/ActivityManager(  371):     9.6% 573/ndroid.launcher: 0% user + 9.6% kernel
E/ActivityManager(  371):   5.7% 47/adbd: 1.4% user + 4.3% kernel / faults: 25 minor
E/ActivityManager(  371):     2.8% 47/adbd: 1.4% user + 1.4% kernel
E/ActivityManager(  371):     2.8% 278/adbd: 0% user + 2.8% kernel
E/ActivityManager(  371):     1.4% 279/adbd: 0% user + 1.4% kernel
E/ActivityManager(  371):    +0% 1101/adbd: 0% user + 0% kernel
E/ActivityManager(  371):    +0% 1103/adbd: 0% user + 0% kernel
E/ActivityManager(  371):  +0% 1100/sh: 0% user + 0% kernel
E/ActivityManager(  371):  +0% 1102/logcat: 0% user + 0% kernel
E/ActivityManager(  371):  +0% 1104/app_process: 0% user + 0% kernel
E/ActivityManager(  371): 100% TOTAL: 45% user + 54% kernel
W/ActivityManager(  371): Killing ProcessRecord{40ef3580 873:com.android.systemui/u0a10034}: background ANR
D/AndroidRuntime( 1104): Calling main entry com.android.commands.am.Am
D/dalvikvm( 1104): Note: class Landroid/app/ActivityManagerNative; has 157 unimplemented (abstract) methods
D/dalvikvm(  573): GC_CONCURRENT freed 71K, 34% free 3640K/5512K, paused 48ms+3ms, total 305ms
I/dalvikvm(  573): Wrote stack traces to '/data/anr/traces.txt'
D/dalvikvm(  371): GC_CONCURRENT freed 475K, 25% free 6178K/8136K, paused 172ms+6ms, total 621ms
D/dalvikvm(  371): WAIT_FOR_CONCURRENT_GC blocked 39ms
D/dalvikvm(  371): WAIT_FOR_CONCURRENT_GC blocked 460ms
D/dalvikvm(  371): WAIT_FOR_CONCURRENT_GC blocked 367ms
D/dalvikvm(  371): WAIT_FOR_CONCURRENT_GC blocked 318ms
D/dalvikvm(  371): WAIT_FOR_CONCURRENT_GC blocked 304ms
D/dalvikvm(  371): WAIT_FOR_CONCURRENT_GC blocked 274ms
D/dalvikvm(  371): WAIT_FOR_CONCURRENT_GC blocked 538ms
D/dalvikvm(  371): WAIT_FOR_CONCURRENT_GC blocked 508ms
D/dalvikvm(  371): WAIT_FOR_CONCURRENT_GC blocked 499ms
D/dalvikvm( 1116): Not late-enabling CheckJNI (already on)
I/ActivityManager(  371): Start proc it.unina.android.ripper_service:android_ripper_service_process for service it.unina.android.ripper_service/.AndroidRipperService: pid=1116 uid=10049 gids={50049, 3003, 1028}
D/AndroidRuntime( 1104): Shutting down VM
D/dalvikvm( 1104): GC_CONCURRENT freed 94K, 17% free 499K/596K, paused 1ms+2ms, total 10ms
D/jdwp    ( 1104): Got wake-up signal, bailing out of select
D/dalvikvm( 1104): Debugger has detached; object registry had 1 entries
D/ConnectivityService(  371): ConnectivityChange for mobile: CONNECTED/CONNECTED
D/dalvikvm(  371): GC_CONCURRENT freed 602K, 20% free 6529K/8136K, paused 24ms+7ms, total 311ms
D/dalvikvm(  371): WAIT_FOR_CONCURRENT_GC blocked 24ms
D/dalvikvm(  371): WAIT_FOR_CONCURRENT_GC blocked 186ms
D/dalvikvm(  371): WAIT_FOR_CONCURRENT_GC blocked 183ms
D/dalvikvm(  371): WAIT_FOR_CONCURRENT_GC blocked 170ms
D/dalvikvm(  371): WAIT_FOR_CONCURRENT_GC blocked 91ms
D/dalvikvm(  371): WAIT_FOR_CONCURRENT_GC blocked 64ms
D/dalvikvm(  371): WAIT_FOR_CONCURRENT_GC blocked 48ms
D/dalvikvm(  371): WAIT_FOR_CONCURRENT_GC blocked 221ms
D/Launcher.Model(  573): Reload apps on config change. curr_mcc:310 prevmcc:0
E/Trace   ( 1116): error opening trace file: No such file or directory (2)
V/AndroidRipperService( 1116): onCreate()
V/SERVER  ( 1116): Starting ServerSocket on PORT 8888
V/SERVER  ( 1116): Started ServerSocket on PORT 8888
I/Choreographer(  573): Skipped 3284 frames!  The application may be doing too much work on its main thread.
E/SurfaceFlinger(   37): ro.sf.lcd_density must be defined as a build property
W/InputDispatcher(  371): channel '41083aa8 StatusBar (server)' ~ Consumer closed input channel or an error occurred.  events=0x9
E/InputDispatcher(  371): channel '41083aa8 StatusBar (server)' ~ Channel is unrecoverably broken and will be disposed!
W/InputDispatcher(  371): channel '4113ece8 com.android.systemui.ImageWallpaper (server)' ~ Consumer closed input channel or an error occurred.  events=0x9
E/InputDispatcher(  371): channel '4113ece8 com.android.systemui.ImageWallpaper (server)' ~ Channel is unrecoverably broken and will be disposed!
D/dalvikvm(  371): GC_CONCURRENT freed 826K, 18% free 6744K/8136K, paused 5ms+25ms, total 560ms
D/dalvikvm(  371): WAIT_FOR_CONCURRENT_GC blocked 22ms
D/dalvikvm(  371): WAIT_FOR_CONCURRENT_GC blocked 280ms
D/dalvikvm(  371): WAIT_FOR_CONCURRENT_GC blocked 230ms
D/dalvikvm(  371): WAIT_FOR_CONCURRENT_GC blocked 242ms
I/ActivityManager(  371): Process com.android.systemui (pid 873) has died.
W/ActivityManager(  371): Scheduling restart of crashed service com.android.systemui/.ImageWallpaper in 0ms
W/ActivityManager(  371): Scheduling restart of crashed service com.android.systemui/.SystemUIService in 0ms
D/AndroidRuntime( 1147): 
D/AndroidRuntime( 1147): >>>>>> AndroidRuntime START com.android.internal.os.RuntimeInit <<<<<<
W/WallpaperService(  371): Wallpaper service gone: ComponentInfo{com.android.systemui/com.android.systemui.ImageWallpaper}
D/dalvikvm(  371): WAIT_FOR_CONCURRENT_GC blocked 586ms
D/AndroidRuntime( 1147): CheckJNI is ON
D/dalvikvm(  371): WAIT_FOR_CONCURRENT_GC blocked 379ms
I/WindowState(  371): WIN DEATH: Window{4113ece8 u0 com.android.systemui.ImageWallpaper}
W/InputDispatcher(  371): Attempted to unregister already unregistered input channel '4113ece8 com.android.systemui.ImageWallpaper (server)'
D/dalvikvm( 1147): Trying to load lib libjavacore.so 0x0
D/dalvikvm( 1147): Added shared lib libjavacore.so 0x0
I/ActivityManager(  371): Start proc com.android.systemui for restart com.android.systemui: pid=1148 uid=10034 gids={50034, 1028, 1015, 3002, 3001}
I/WindowState(  371): WIN DEATH: Window{41083aa8 u0 StatusBar}
W/InputDispatcher(  371): Attempted to unregister already unregistered input channel '41083aa8 StatusBar (server)'
D/dalvikvm( 1147): Trying to load lib libnativehelper.so 0x0
D/dalvikvm( 1147): Added shared lib libnativehelper.so 0x0
I/Choreographer(  371): Skipped 32 frames!  The application may be doing too much work on its main thread.
I/Choreographer(  371): Skipped 2368 frames!  The application may be doing too much work on its main thread.
D/AndroidRuntime( 1147): Calling main entry com.android.commands.am.Am
D/dalvikvm( 1147): Note: class Landroid/app/ActivityManagerNative; has 157 unimplemented (abstract) methods
E/Trace   ( 1148): error opening trace file: No such file or directory (2)
V/TAG     (  371): bug 7643792: fitSystemWindows([0,0][0,0])
I/ActivityManager(  371): Force stopping package net.mandaria.tippytipper appid=10048 user=0
D/dalvikvm( 1170): Not late-enabling CheckJNI (already on)
I/ActivityManager(  371): Start proc net.mandaria.tippytipper for added application net.mandaria.tippytipper: pid=1170 uid=10048 gids={50048, 1015, 3003, 1028}
I/Choreographer(  371): Skipped 41 frames!  The application may be doing too much work on its main thread.
I/Choreographer(  371): Skipped 113 frames!  The application may be doing too much work on its main thread.
I/dalvikvm( 1170): Turning on JNI app bug workarounds for target SDK version 4...
V/SERVER  ( 1116): Ready to accept connections on port: 8888
D/SystemUIService( 1148): loading: class com.android.systemui.statusbar.phone.PhoneStatusBar
D/dalvikvm(  371): GC_FOR_ALLOC freed 529K, 20% free 6577K/8136K, paused 89ms, total 104ms
I/dalvikvm-heap(  371): Grow heap (frag case) to 7.559MB for 1128976-byte allocation
D/SystemUIService( 1148): running: com.android.systemui.statusbar.phone.PhoneStatusBar@40cd8b18
D/dalvikvm(  371): GC_FOR_ALLOC freed 887K, 27% free 6792K/9240K, paused 71ms, total 71ms
D/Tethering(  371): MasterInitialState.processMessage what=3
E/Trace   ( 1170): error opening trace file: No such file or directory (2)
I/StatusBarManagerService(  371): registerStatusBar bar=com.android.internal.statusbar.IStatusBar$Stub$Proxy@40e2f858
D/dalvikvm(  371): GC_CONCURRENT freed 21K, 27% free 6785K/9240K, paused 37ms+56ms, total 275ms
I/Choreographer(  371): Skipped 132 frames!  The application may be doing too much work on its main thread.
I/Choreographer(  371): Skipped 157 frames!  The application may be doing too much work on its main thread.
I/Choreographer(  371): Skipped 96 frames!  The application may be doing too much work on its main thread.
D/dalvikvm( 1148): GC_CONCURRENT freed 106K, 6% free 2670K/2836K, paused 12ms+3ms, total 123ms
D/dalvikvm( 1148): WAIT_FOR_CONCURRENT_GC blocked 101ms
I/dalvikvm-heap( 1148): Grow heap (frag case) to 3.268MB for 635812-byte allocation
D/dalvikvm( 1170): GC_CONCURRENT freed 222K, 10% free 2603K/2884K, paused 4ms+2ms, total 159ms
D/dalvikvm( 1148): GC_FOR_ALLOC freed 5K, 6% free 3285K/3460K, paused 50ms, total 50ms
I/System.out( 1170): EMMA: collecting runtime coverage data ...
D/PolideaInstrumentationTestRunner( 1170): Creating the Test Runner with arguments: [coverage, class]
E/BluetoothAdapter( 1148): Bluetooth binder is null
E/BluetoothAdapter( 1148): Bluetooth binder is null
D/PolideaInstrumentationTestRunner( 1170): Test runner is running with the following parameters:
D/PolideaInstrumentationTestRunner( 1170): junitOutputDirectory: /data/data/net.mandaria.tippytipper/files
D/PolideaInstrumentationTestRunner( 1170): junitOutputFilePostfix: -TEST.xml
D/PolideaInstrumentationTestRunner( 1170): junitNoPackagePrefix: NO_PACKAGE
D/PolideaInstrumentationTestRunner( 1170): junitSplitLevel: package
D/PolideaInstrumentationTestRunner( 1170): junitSingleFileName: ALL-TEST.xml
D/PolideaInstrumentationTestRunner( 1170): Creating output directory if it does not exist
D/PolideaInstrumentationTestRunner( 1170): Created directory? false
D/PolideaInstrumentationTestRunner( 1170): Deleting old files
D/PolideaInstrumentationTestRunner( 1170): Deleting: [/data/data/net.mandaria.tippytipper/files/it.unina.android.ripper-TEST.xml]
E/BluetoothAdapter( 1148): Bluetooth binder is null
D/PolideaInstrumentationTestRunner( 1170): Getting android test runner
D/PolideaInstrumentationTestRunner( 1170): JUnit test output enabled
W/dalvikvm( 1170): method Landroid/test/InstrumentationTestRunner$StringResultPrinter;.print incorrectly overrides package-private method with same name in Ljunit/textui/ResultPrinter;
D/PolideaInstrumentationTestRunner( 1170): Starting test: testApplication(it.unina.android.ripper.RipperTestCase)
I/TestRunner( 1170): started: testApplication(it.unina.android.ripper.RipperTestCase)
V/AndroidRipperService( 1116): onBind()
V/        ( 1116): ready
V/AndroidRipperService( 1116): onBind()
I/ActivityManager(  371): START u0 {act=android.intent.action.MAIN flg=0x10000000 cmp=net.mandaria.tippytipper/.activities.TippyTipper} from pid 1170
D/PermissionCache(   37): checking android.permission.READ_FRAME_BUFFER for uid=1000 => granted (9360 us)
W/WindowManager(  371): Failure taking screenshot for (246x410) to layer 21000
V/AndroidRipperService( 1116): register()
I/Choreographer(  371): Skipped 30 frames!  The application may be doing too much work on its main thread.
E/SurfaceFlinger(   37): ro.sf.lcd_density must be defined as a build property
I/Choreographer(  371): Skipped 38 frames!  The application may be doing too much work on its main thread.
D/dalvikvm( 1148): GC_CONCURRENT freed 65K, 4% free 3645K/3768K, paused 4ms+68ms, total 186ms
D/dalvikvm( 1170): GC_CONCURRENT freed 299K, 12% free 2738K/3104K, paused 4ms+146ms, total 255ms
V/RipperService( 1116): PING
V/AndroidRipperService( 1116): mHandler.handleMessage() RECIVED
V/AndroidRipperService( 1116): broadcast()
I/AndroidRipper( 1170): Recived message: PING
V/RipperTestCase( 1170): Not ready to operate!
V/AndroidRipperService( 1116): broadcast() done
V/        ( 1116): ready
V/RipperService( 1116): PING
V/AndroidRipperService( 1116): mHandler.handleMessage() RECIVED
V/AndroidRipperService( 1116): broadcast()
I/AndroidRipper( 1170): Recived message: PING
V/RipperTestCase( 1170): Not ready to operate!
V/AndroidRipperService( 1116): broadcast() done
V/        ( 1116): ready
E/BluetoothAdapter( 1148): Bluetooth binder is null
D/FlurryAgent( 1170): Starting new session
D/FlurryAgent( 1170): Sending report to: http://data.flurry.com/aar.do
I/dalvikvm(  371): Jit: resizing JitTable from 4096 to 8192
D/PhoneStatusBar( 1148): disable: < expand icons alerts ticker system_info BACK* HOME* RECENT* CLOCK* SEARCH* >
V/RipperService( 1116): PING
V/AndroidRipperService( 1116): mHandler.handleMessage() RECIVED
V/AndroidRipperService( 1116): broadcast()
I/AndroidRipper( 1170): Recived message: PING
V/RipperTestCase( 1170): Not ready to operate!
V/AndroidRipperService( 1116): broadcast() done
V/        ( 1116): ready
E/SurfaceFlinger(   37): ro.sf.lcd_density must be defined as a build property
D/FlurryAgent( 1170): Report successful
D/gralloc_goldfish( 1170): Emulator without GPU emulation detected.
I/Choreographer(  371): Skipped 154 frames!  The application may be doing too much work on its main thread.
E/BluetoothAdapter( 1148): Bluetooth binder is null
D/SystemUIService( 1148): loading: class com.android.systemui.power.PowerUI
D/SystemUIService( 1148): running: com.android.systemui.power.PowerUI@40e4cbd8
V/TAG     (  371): bug 7643792: fitSystemWindows([0,38][0,0])
D/SystemUIService( 1148): loading: class com.android.systemui.media.RingtonePlayer
D/SystemUIService( 1148): running: com.android.systemui.media.RingtonePlayer@40e4d858
E/SurfaceFlinger(   37): ro.sf.lcd_density must be defined as a build property
I/Choreographer(  371): Skipped 150 frames!  The application may be doing too much work on its main thread.
V/RipperService( 1116): PING
V/AndroidRipperService( 1116): mHandler.handleMessage() RECIVED
V/AndroidRipperService( 1116): broadcast()
V/AndroidRipperService( 1116): broadcast() done
V/        ( 1116): ready
D/dalvikvm( 1148): GC_FOR_ALLOC freed 236K, 8% free 3730K/4028K, paused 351ms, total 504ms
I/AndroidRipper( 1170): Recived message: PING
V/RipperTestCase( 1170): Not ready to operate!
I/Choreographer(  371): Skipped 186 frames!  The application may be doing too much work on its main thread.
I/dalvikvm-heap( 1148): Grow heap (frag case) to 9.811MB for 6410576-byte allocation
I/ActivityManager(  371): Displayed net.mandaria.tippytipper/.activities.TippyTipper: +4s640ms
I/Choreographer(  573): Skipped 57 frames!  The application may be doing too much work on its main thread.
D/dalvikvm( 1148): GC_FOR_ALLOC freed 2K, 3% free 9988K/10292K, paused 167ms, total 168ms
W/SoundPool(  371):   sample 0 not READY
I/Choreographer(  371): Skipped 126 frames!  The application may be doing too much work on its main thread.
I/Choreographer(  371): Skipped 42 frames!  The application may be doing too much work on its main thread.
I/ARMAssembler(   37): generated scanline__00000077:03515104_00009001_00000000 [131 ipp] (153 ins) at [0x409731f0:0x40973454] in 8170002 ns
I/Choreographer( 1170): Skipped 49 frames!  The application may be doing too much work on its main thread.
I/Choreographer(  371): Skipped 58 frames!  The application may be doing too much work on its main thread.
I/Choreographer(  371): Skipped 104 frames!  The application may be doing too much work on its main thread.
V/TAG     (  371): bug 7643792: fitSystemWindows([0,0][0,0])
W/dalvikvm( 1148): threadid=2: spin on suspend #1 threadid=12 (pcf=0)
D/dalvikvm( 1148): Temporarily moving tid 1197 to fg (was 0)
D/dalvikvm( 1148): Temporarily raised priority on tid 1197 (10 -> 0)
W/dalvikvm( 1148): threadid=2: spin on suspend resolved in 1013 msec
D/dalvikvm( 1148): Restored policy of 1197 to 0
D/dalvikvm( 1148): Restored priority on 1197 to 10
V/RipperService( 1116): PING
V/AndroidRipperService( 1116): mHandler.handleMessage() RECIVED
V/AndroidRipperService( 1116): broadcast()
I/AndroidRipper( 1170): Recived message: PING
V/RipperTestCase( 1170): Not ready to operate!
V/AndroidRipperService( 1116): broadcast() done
V/        ( 1116): ready
D/dalvikvm( 1148): GC_CONCURRENT freed 6K, 4% free 9982K/10292K, paused 1026ms+5ms, total 1218ms
D/dalvikvm( 1148): GC_FOR_ALLOC freed <1K, 4% free 9983K/10292K, paused 21ms, total 21ms
I/dalvikvm-heap( 1148): Grow heap (frag case) to 12.501MB for 2828816-byte allocation
D/dalvikvm( 1148): GC_CONCURRENT freed 0K, 3% free 12745K/13056K, paused 5ms+4ms, total 41ms
D/dalvikvm( 1148): WAIT_FOR_CONCURRENT_GC blocked 38ms
D/dalvikvm( 1148): WAIT_FOR_CONCURRENT_GC blocked 40ms
D/gralloc_goldfish( 1148): Emulator without GPU emulation detected.
I/Choreographer( 1148): Skipped 1771 frames!  The application may be doing too much work on its main thread.
I/AndroidRipper( 1170): [RipperTestCase] Ready to operate after restarting...
E/SurfaceFlinger(   37): ro.sf.lcd_density must be defined as a build property
D/PhoneStatusBar( 1148): disable: < expand icons alerts ticker system_info back* home* recent* clock* search* >
V/PhoneStatusBar( 1148): setLightsOn(true)
I/Choreographer( 1148): Skipped 214 frames!  The application may be doing too much work on its main thread.
I/ActivityManager(  371): Start proc com.android.email for broadcast com.android.email/.service.EmailBroadcastReceiver: pid=1218 uid=10019 gids={50019, 3003, 1015, 1028}
D/dalvikvm(  371): GREF has increased to 501
E/Trace   ( 1218): error opening trace file: No such file or directory (2)
V/RipperService( 1116): PING
V/AndroidRipperService( 1116): mHandler.handleMessage() RECIVED
V/AndroidRipperService( 1116): broadcast()
I/AndroidRipper( 1170): Recived message: PING
V/AndroidRipperService( 1116): send()
I/System.out( 1116): {"type":"PONG","index":"7"}
V/AndroidRipperService( 1116): broadcast() done
V/        ( 1116): ready
V/RipperService( 1116): DSC
V/AndroidRipperService( 1116): mHandler.handleMessage() RECIVED
V/AndroidRipperService( 1116): broadcast()
I/AndroidRipper( 1170): Recived message: DSC
V/RipperTestCase( 1170): DSC : net.mandaria.tippytipper
V/AndroidRipperService( 1116): broadcast() done
V/        ( 1116): ready
I/AndroidRipper( 1170): [SimpleExtractor] Found widget: id=-1 (android.widget.LinearLayout{40d573c8 V.E..... ......I. 0,0-480,800})
I/AndroidRipper( 1170): [SimpleExtractor] Found widget: id=16909140 (android.view.ViewStub{40d58e58 G.E..... ......I. 0,0-0,0 #1020354})
D/dalvikvm( 1170): GC_CONCURRENT freed 207K, 9% free 2935K/3200K, paused 4ms+5ms, total 73ms
I/AndroidRipper( 1170): [SimpleExtractor] Found widget: id=-1 (android.widget.FrameLayout{40d592b0 V.E..... ......I. 0,38-480,76})
I/AndroidRipper( 1170): [SimpleExtractor] Found widget: id=16908310 (android.widget.TextView{40d5bcb8 V.ED.... ......I. 6,1-474,36 #1020016 android:id/title})
I/AndroidRipper( 1170): [SimpleExtractor] Found widget: id=16908290 (android.widget.FrameLayout{40d5cc08 V.E..... ......I. 0,76-480,800 #1020002 android:id/content})
I/AndroidRipper( 1170): [SimpleExtractor] Found widget: id=-1 (android.widget.LinearLayout{40d5d6b0 V.E..... ......I. 0,0-480,724})
I/AndroidRipper( 1170): [SimpleExtractor] Found widget: id=-1 (android.widget.TextView{40d5da98 V.ED.... ......I. 15,0-252,71})
I/Choreographer(  573): Skipped 166 frames!  The application may be doing too much work on its main thread.
I/AndroidRipper( 1170): [SimpleExtractor] Found widget: id=2131361792 (android.widget.EditText{40d5e168 VFED..CL .F....I. 15,71-465,149 #7f0a0000 app:id/txt_amount})
I/AndroidRipper( 1170): [SimpleExtractor] Found widget: id=-1 (android.widget.LinearLayout{40d09658 V.E..... ......I. 15,187-465,724})
I/AndroidRipper( 1170): [SimpleExtractor] Found widget: id=-1 (android.widget.LinearLayout{40d38d60 V.E..... ......I. 0,0-450,84})
I/AndroidRipper( 1170): [SimpleExtractor] Found widget: id=2131361793 (android.widget.Button{40d43cc0 VFED..C. ......I. 6,6-144,78 #7f0a0001 app:id/btn_seven})
I/AndroidRipper( 1170): [SimpleExtractor] Found widget: id=2131361794 (android.widget.Button{40d53358 VFED..C. ......I. 156,6-294,78 #7f0a0002 app:id/btn_eight})
I/AndroidRipper( 1170): [SimpleExtractor] Found widget: id=2131361795 (android.widget.Button{40d02c38 VFED..C. ......I. 306,6-444,78 #7f0a0003 app:id/btn_nine})
I/AndroidRipper( 1170): [SimpleExtractor] Found widget: id=-1 (android.widget.LinearLayout{40d3bb78 V.E..... ......I. 0,84-450,168})
I/AndroidRipper( 1170): [SimpleExtractor] Found widget: id=2131361796 (android.widget.Button{40d39390 VFED..C. ......I. 6,6-144,78 #7f0a0004 app:id/btn_four})
I/AndroidRipper( 1170): [SimpleExtractor] Found widget: id=2131361797 (android.widget.Button{40d39ac8 VFED..C. ......I. 156,6-294,78 #7f0a0005 app:id/btn_five})
I/AndroidRipper( 1170): [SimpleExtractor] Found widget: id=2131361798 (android.widget.Button{40d46820 VFED..C. ......I. 306,6-444,78 #7f0a0006 app:id/btn_six})
I/AndroidRipper( 1170): [SimpleExtractor] Found widget: id=-1 (android.widget.LinearLayout{40d10cc8 V.E..... ......I. 0,168-450,252})
I/AndroidRipper( 1170): [SimpleExtractor] Found widget: id=2131361799 (android.widget.Button{40d383a0 VFED..C. ......I. 6,6-144,78 #7f0a0007 app:id/btn_one})
I/AndroidRipper( 1170): [SimpleExtractor] Found widget: id=2131361800 (android.widget.Button{40d44f40 VFED..C. ......I. 156,6-294,78 #7f0a0008 app:id/btn_two})
I/AndroidRipper( 1170): [SimpleExtractor] Found widget: id=2131361801 (android.widget.Button{40d52d00 VFED..C. ......I. 306,6-444,78 #7f0a0009 app:id/btn_three})
I/AndroidRipper( 1170): [SimpleExtractor] Found widget: id=-1 (android.widget.LinearLayout{40d110c0 V.E..... ......I. 0,252-450,336})
I/AndroidRipper( 1170): [SimpleExtractor] Found widget: id=2131361802 (android.widget.Button{40d39028 VFED..CL ......I. 6,6-144,78 #7f0a000a app:id/btn_delete})
I/AndroidRipper( 1170): [SimpleExtractor] Found widget: id=2131361803 (android.widget.Button{40d3a820 VFED..C. ......I. 156,6-294,78 #7f0a000b app:id/btn_zero})
I/AndroidRipper( 1170): [SimpleExtractor] Found widget: id=2131361804 (android.widget.Button{40d45588 VFED..C. ......I. 306,6-444,78 #7f0a000c app:id/btn_ok})
I/AndroidRipper( 1170): [SimpleExtractor] Found widget: id=-1 (com.android.internal.policy.impl.PhoneWindow$DecorView{40d56308 V.E..... R.....I. 0,0-480,800})
I/ActivityManager(  371): Start proc com.android.exchange for service com.android.exchange/.ExchangeService: pid=1237 uid=10032 gids={50032, 3003, 1015, 1028}
I/ActivityManager(  371): Start proc com.android.providers.calendar for broadcast com.android.providers.calendar/.CalendarReceiver: pid=1244 uid=10023 gids={50023, 3003, 1015, 1028}
E/Trace   ( 1237): error opening trace file: No such file or directory (2)
E/Trace   ( 1244): error opening trace file: No such file or directory (2)
I/ActivityManager(  371): Start proc com.android.mms for broadcast com.android.mms/.transaction.MmsSystemEventReceiver: pid=1277 uid=10029 gids={50029, 3003, 1015, 1028}
D/ExchangeService( 1237): !!! EAS ExchangeService, onCreate
E/ThrottleService(  371): problem during onPollAlarm: java.lang.IllegalStateException: problem parsing stats: java.io.FileNotFoundException: /proc/net/xt_qtaguid/iface_stat_all: open failed: ENOENT (No such file or directory)
E/Trace   ( 1277): error opening trace file: No such file or directory (2)
D/dalvikvm( 1170): GC_CONCURRENT freed 259K, 10% free 3089K/3408K, paused 28ms+19ms, total 98ms
D/CountryDetector(  371): The first listener is added
V/MmsConfig( 1277): mnc/mcc: 310260
V/MmsConfig( 1277): tag: bool value: enabledMMS - true
V/MmsConfig( 1277): tag: int value: maxMessageSize - 307200
V/MmsConfig( 1277): tag: int value: maxImageHeight - 480
V/MmsConfig( 1277): tag: int value: maxImageWidth - 640
V/MmsConfig( 1277): tag: int value: defaultSMSMessagesPerThread - 500
V/MmsConfig( 1277): tag: int value: defaultMMSMessagesPerThread - 50
V/MmsConfig( 1277): tag: int value: minMessageCountPerThread - 10
V/MmsConfig( 1277): tag: int value: maxMessageCountPerThread - 5000
V/MmsConfig( 1277): tag: string value: uaProfUrl - http://www.google.com/oha/rdf/ua-profile-kila.xml
V/MmsConfig( 1277): tag: int value: recipientLimit - -1
V/MmsConfig( 1277): tag: bool value: enableMultipartSMS - true
V/MmsConfig( 1277): tag: int value: smsToMmsTextThreshold - -1
V/MmsConfig( 1277): tag: bool value: enableSlideDuration - true
V/MmsConfig( 1277): tag: int value: maxMessageTextSize - -1
V/AndroidRipperService( 1116): send()
I/System.out( 1116): {"type":"DSC","xml":"<activity title=\"Tippy Tipper\" name=\"TippyTipper\" class=\"net.mandaria.tippytipper.activities.TippyTipper\" menu=\"TRUE\" keypress=\"FALSE\" longkeypress=\"FALSE\" tab_activity=\"FALSE\" tab_count=\"0\" id=\"\" uid=\"\" root_activity=\"TRUE\">\n  <widget id=\"-1\" class=\"android.widget.LinearLayout\" simple_type=\"linearLayout\" name=\"\" count=\"3\" index=\"0\" enabled=\"TRUE\" visible=\"TRUE\" p_id=\"-1\" p_name=\"\" p_type=\"com.android.internal.policy.impl.PhoneWindow.DecorView\" ancestor_id=\"\" ancestor_type=\"null\"\/>\n  <widget id=\"16909140\" class=\"android.view.ViewStub\" simple_type=\"\" name=\"\" index=\"1\" enabled=\"TRUE\" visible=\"FALSE\" p_id=\"-1\" p_name=\"\" p_type=\"android.widget.LinearLayout\" ancestor_id=\"\" ancestor_type=\"null\"\/>\n  <widget id=\"-1\" class=\"android.widget.FrameLayout\" simple_type=\"\" name=\"\" count=\"1\" index=\"2\" enabled=\"TRUE\" visible=\"TRUE\" p_id=\"-1\" p_name=\"\" p_type=\"android.widget.LinearLayout\" ancestor_id=\"\" ancestor_type=\"null\"\/>\n  <widget id=\"16908310\" class=\"android.widget.TextView\" simple_type=\"text\" r_id=\"title\" text_type=\"0\" name=\"Tippy Tipper\" value=\"Tippy Tipper\" index=\"3\" enabled=\"TRUE\" visible=\"TRUE\" p_id=\"-1\" p_name=\"\" p_type=\"android.widget.FrameLayout\" ancestor_id=\"\" ancestor_type=\"null\"\/>\n  <widget id=\"16908290\" class=\"android.widget.FrameLayout\" simple_type=\"\" r_id=\"content\" name=\"\" count=\"1\" index=\"4\" enabled=\"TRUE\" visible=\"TRUE\" p_id=\"-1\" p_name=\"\" p_type=\"android.widget.LinearLayout\" ancestor_id=\"\" ancestor_type=\"null\"\/>\n  <widget id=\"-1\" class=\"android.widget.LinearLayout\" simple_type=\"linearLayout\" name=\"\" count=\"3\" index=\"5\" enabled=\"TRUE\" visible=\"TRUE\" p_id=\"16908290\" p_name=\"\" p_type=\"android.widget.FrameLayout\" ancestor_id=\"\" ancestor_type=\"\"\/>\n  <widget id=\"-1\" class=\"android.widget.TextView\" simple_type=\"text\" text_type=\"0\" name=\"Enter bill amount:\" value=\"Enter bill amount:\" index=\"6\" enabled=\"TRUE\" visible=\"TRUE\" p_id=\"-1\" p_name=\"\" p_type=\"android.widget.LinearLayout\" ancestor_id=\"16908290\" ancestor_type=\"android.widget.FrameLayout\"\/>\n  <widget id=\"2131361792\" class=\"android.widget.EditText\" simple_type=\"editText\" r_id=\"txt_amount\" text_type=\"0\" name=\"\" value=\"$0.00\" index=\"7\" enabled=\"TRUE\" visible=\"TRUE\" p_id=\"-1\" p_name=\"\" p_type=\"android.widget.LinearLayout\" ancestor_id=\"16908290\" ancestor_type=\"android.widget.FrameLayout\"\/>\n  <widget id=\"-1\" class=\"android.widget.LinearLayout\" simple_type=\"linearLayout\" name=\"\" count=\"4\" index=\"8\" enabled=\"TRUE\" visible=\"TRUE\" p_id=\"-1\" p_name=\"\" p_type=\"android.widget.LinearLayout\" ancestor_id=\"16908290\" ancestor_type=\"android.widget.FrameLayout\"\/>\n  <widget id=\"-1\" class=\"android.widget.LinearLayout\" simple_type=\"linearLayout\" name=\"\" count=\"3\" index=\"9\" enabled=\"TRUE\" visible=\"TRUE\" p_id=\"-1\" p_name=\"\" p_type=\"android.widget.LinearLayout\" ancestor_id=\"16908290\" ancestor_type=\"android.widget.FrameLayout\"\/>\n  <widget id=\"2131361793\" class=\"android.widget.Button\" simple_type=\"button\" r_id=\"btn_seven\" text_type=\"0\" name=\"7\" value=\"7\" index=\"10\" enabled=\"TRUE\" visible=\"TRUE\" p_id=\"-1\" p_name=\"\" p_type=\"android.widget.LinearLayout\" ancestor_id=\"16908290\" ancestor_type=\"android.widget.FrameLayout\"\/>\n  <widget id=\"2131361794\" class=\"android.widget.Button\" simple_type=\"button\" r_id=\"btn_eight\" text_type=\"0\" name=\"8\" value=\"8\" index=\"11\" enabled=\"TRUE\" visible=\"TRUE\" p_id=\"-1\" p_name=\"\" p_type=\"android.widget.LinearLayout\" ancestor_id=\"16908290\" ancestor_type=\"android.widget.FrameLayout\"\/>\n  <widget id=\"2131361795\" class=\"android.widget.Button\" simple_type=\"button\" r_id=\"btn_nine\" text_type=\"0\" name=\"9\" value=\"9\" index=\"12\" enabled=\"TRUE\" visible=\"TRUE\" p_id=\"-1\" p_name=\"\" p_type=\"android.widget.LinearLayout\" ancestor_id=\"16908290\" 
V/RipperService( 1116): EVT
V/AndroidRipperService( 1116): mHandler.handleMessage() RECIVED
V/AndroidRipperService( 1116): broadcast()
I/AndroidRipper( 1170): Recived message: EVT
V/RipperTestCase( 1170): DSC : net.mandaria.tippytipper
V/AndroidRipperService( 1116): broadcast() done
V/        ( 1116): ready
D/Eas Debug( 1237): Logging: 
D/ExchangeService( 1237): !!! EAS ExchangeService, onStartCommand, startingUp = false, running = false
I/ActivityManager(  371): Start proc com.android.settings for broadcast com.android.settings/.widget.SettingsAppWidgetProvider: pid=1310 uid=1000 gids={41000, 1015, 1028, 3002, 3001, 3003}
E/Trace   ( 1310): error opening trace file: No such file or directory (2)
W/SurfaceFlinger(   37): createScreenshotSurface failed (Function not implemented)
I/ActivityManager(  371): Config changes=1480 {1.0 310mcc260mnc en_US ldltr sw320dp w533dp h294dp 240dpi nrml long land finger -keyb/v/h tball/v s.7}
I/InputReader(  371): Reconfiguring input devices.  changes=0x00000004
I/InputReader(  371): Device reconfigured: id=0, name='qwerty2', size 480x800, orientation 1, mode 1, display id 0
D/FlurryAgent( 1170): Ending session
E/BluetoothAdapter( 1310): Bluetooth binder is null
D/FlurryAgent( 1170): Continuing previous session
I/Choreographer( 1170): Skipped 91 frames!  The application may be doing too much work on its main thread.
E/SurfaceFlinger(   37): ro.sf.lcd_density must be defined as a build property
D/dalvikvm(  371): GC_CONCURRENT freed 1944K, 35% free 5826K/8904K, paused 15ms+16ms, total 228ms
I/AudioService(  371):  AudioFocus  abandonAudioFocus() from android.media.AudioManager@40cd9780com.android.music.MediaPlaybackService$3@40cd83a0
D/MediaScannerReceiver(  722): action: android.intent.action.MEDIA_MOUNTED path: /mnt/sdcard
E/BluetoothAdapter( 1310): Bluetooth binder is null
W/dalvikvm( 1148): threadid=1: spin on suspend #1 threadid=12 (pcf=0)
D/dalvikvm( 1148): Temporarily moving tid 1197 to fg (was 0)
D/dalvikvm( 1148): Temporarily raised priority on tid 1197 (10 -> 0)
E/BluetoothAdapter( 1310): Bluetooth binder is null
W/dalvikvm( 1148): threadid=1: spin on suspend resolved in 1145 msec
D/dalvikvm( 1148): Restored policy of 1197 to 0
D/dalvikvm( 1148): Restored priority on 1197 to 10
W/SystemClock(  371): Unable to set rtc to 1483284196: Invalid argument
D/SystemClock(  371): Setting time of day to sec=1483284196
V/AndroidRipperService( 1116): send()
