W/Resources(   38): Preloaded drawable resource #0x10805ec (android:drawable/textfield_search_default_holo_dark) that varies with configuration!!
W/Resources(   38): Preloaded drawable resource #0x10805ec (android:drawable/textfield_search_default_holo_dark) that varies with configuration!!
W/Resources(   38): Preloaded drawable resource #0x10805f5 (android:drawable/textfield_search_right_selected_holo_dark) that varies with configuration!!
W/Resources(   38): Preloaded drawable resource #0x10805f3 (android:drawable/textfield_search_right_default_holo_dark) that varies with configuration!!
W/Resources(   38): Preloaded drawable resource #0x10805f3 (android:drawable/textfield_search_right_default_holo_dark) that varies with configuration!!
W/Resources(   38): Preloaded drawable resource #0x10805f9 (android:drawable/textfield_search_selected_holo_light) that varies with configuration!!
W/Resources(   38): Preloaded drawable resource #0x10805ed (android:drawable/textfield_search_default_holo_light) that varies with configuration!!
W/Resources(   38): Preloaded drawable resource #0x10805ed (android:drawable/textfield_search_default_holo_light) that varies with configuration!!
W/Resources(   38): Preloaded drawable resource #0x10805f6 (android:drawable/textfield_search_right_selected_holo_light) that varies with configuration!!
W/Resources(   38): Preloaded drawable resource #0x10805f4 (android:drawable/textfield_search_right_default_holo_light) that varies with configuration!!
W/Resources(   38): Preloaded drawable resource #0x10805f4 (android:drawable/textfield_search_right_default_holo_light) that varies with configuration!!
W/Resources(   38): Preloaded drawable resource #0x10805f8 (android:drawable/textfield_search_selected_holo_dark) that varies with configuration!!
W/Resources(   38): Preloaded drawable resource #0x10805ec (android:drawable/textfield_search_default_holo_dark) that varies with configuration!!
W/Resources(   38): Preloaded drawable resource #0x10805f5 (android:drawable/textfield_search_right_selected_holo_dark) that varies with configuration!!
W/Resources(   38): Preloaded drawable resource #0x10805f3 (android:drawable/textfield_search_right_default_holo_dark) that varies with configuration!!
W/Resources(   38): Preloaded drawable resource #0x10805f9 (android:drawable/textfield_search_selected_holo_light) that varies with configuration!!
W/Resources(   38): Preloaded drawable resource #0x10805ed (android:drawable/textfield_search_default_holo_light) that varies with configuration!!
W/Resources(   38): Preloaded drawable resource #0x10805f6 (android:drawable/textfield_search_right_selected_holo_light) that varies with configuration!!
W/Resources(   38): Preloaded drawable resource #0x10805f4 (android:drawable/textfield_search_right_default_holo_light) that varies with configuration!!
D/dalvikvm(   38): GC_EXPLICIT freed 47K, 26% free 2364K/3156K, paused 13ms+13ms, total 102ms
W/Resources(   38): Preloaded drawable resource #0x10805c1 (android:drawable/tab_unselected_holo) that varies with configuration!!
W/Resources(   38): Preloaded drawable resource #0x10805bc (android:drawable/tab_selected_holo) that varies with configuration!!
W/Resources(   38): Preloaded drawable resource #0x10805c0 (android:drawable/tab_unselected_focused_holo) that varies with configuration!!
W/Resources(   38): Preloaded drawable resource #0x10805bb (android:drawable/tab_selected_focused_holo) that varies with configuration!!
W/Resources(   38): Preloaded drawable resource #0x10805c2 (android:drawable/tab_unselected_pressed_holo) that varies with configuration!!
W/Resources(   38): Preloaded drawable resource #0x10805bd (android:drawable/tab_selected_pressed_holo) that varies with configuration!!
W/Resources(   38): Preloaded drawable resource #0x10805c2 (android:drawable/tab_unselected_pressed_holo) that varies with configuration!!
W/Resources(   38): Preloaded drawable resource #0x10805bd (android:drawable/tab_selected_pressed_holo) that varies with configuration!!
W/Resources(   38): Preloaded drawable resource #0x10805bd (android:drawable/tab_selected_pressed_holo) that varies with configuration!!
W/Resources(   38): Preloaded drawable resource #0x10805c1 (android:drawable/tab_unselected_holo) that varies with configuration!!
W/Resources(   38): Preloaded drawable resource #0x10805bc (android:drawable/tab_selected_holo) that varies with configuration!!
W/Resources(   38): Preloaded drawable resource #0x10805c0 (android:drawable/tab_unselected_focused_holo) that varies with configuration!!
W/Resources(   38): Preloaded drawable resource #0x10805bb (android:drawable/tab_selected_focused_holo) that varies with configuration!!
W/Resources(   38): Preloaded drawable resource #0x10805c2 (android:drawable/tab_unselected_pressed_holo) that varies with configuration!!
W/Resources(   38): Preloaded drawable resource #0x10805bd (android:drawable/tab_selected_pressed_holo) that varies with configuration!!
W/Resources(   38): Preloaded drawable resource #0x10804a5 (android:drawable/quickcontact_badge_overlay_pressed_dark) that varies with configuration!!
W/Resources(   38): Preloaded drawable resource #0x10804a0 (android:drawable/quickcontact_badge_overlay_focused_dark) that varies with configuration!!
W/Resources(   38): Preloaded drawable resource #0x10804a3 (android:drawable/quickcontact_badge_overlay_normal_dark) that varies with configuration!!
W/Resources(   38): Preloaded drawable resource #0x10804a3 (android:drawable/quickcontact_badge_overlay_normal_dark) that varies with configuration!!
W/Resources(   38): Preloaded drawable resource #0x10804a3 (android:drawable/quickcontact_badge_overlay_normal_dark) that varies with configuration!!
D/dalvikvm(   38): GC_EXPLICIT freed 56K, 26% free 2365K/3156K, paused 3ms+4ms, total 93ms
W/Resources(   38): Preloaded drawable resource #0x10804a5 (android:drawable/quickcontact_badge_overlay_pressed_dark) that varies with configuration!!
W/Resources(   38): Preloaded drawable resource #0x10804a6 (android:drawable/quickcontact_badge_overlay_pressed_light) that varies with configuration!!
W/Resources(   38): Preloaded drawable resource #0x10804a1 (android:drawable/quickcontact_badge_overlay_focused_light) that varies with configuration!!
W/Resources(   38): Preloaded drawable resource #0x10804a4 (android:drawable/quickcontact_badge_overlay_normal_light) that varies with configuration!!
W/Resources(   38): Preloaded drawable resource #0x10804a4 (android:drawable/quickcontact_badge_overlay_normal_light) that varies with configuration!!
W/Resources(   38): Preloaded drawable resource #0x10804a4 (android:drawable/quickcontact_badge_overlay_normal_light) that varies with configuration!!
W/Resources(   38): Preloaded drawable resource #0x10804a6 (android:drawable/quickcontact_badge_overlay_pressed_light) that varies with configuration!!
I/Zygote  (   38): ...preloaded 270 resources in 10134ms.
D/dalvikvm(   38): GC_EXPLICIT freed 48K, 25% free 2369K/3156K, paused 2ms+46ms, total 95ms
I/Zygote  (   38): ...preloaded 31 resources in 286ms.
D/dalvikvm(   38): GC_EXPLICIT freed 9K, 25% free 2377K/3156K, paused 2ms+42ms, total 160ms
D/dalvikvm(   38): GC_EXPLICIT freed 7K, 25% free 2369K/3156K, paused 5ms+3ms, total 104ms
D/dalvikvm(   38): GC_EXPLICIT freed <1K, 25% free 2369K/3156K, paused 44ms+3ms, total 142ms
I/dalvikvm(   38): System server process 329 has been created
I/Zygote  (   38): Accepting command socket connections
E/BatteryService(  329): usbOnlinePath not found
E/BatteryService(  329): wirelessOnlinePath not found
E/BatteryService(  329): batteryVoltagePath not found
E/BatteryService(  329): batteryTemperaturePath not found
I/sysproc (  329): Entered system_init()
I/sysproc (  329): ServiceManager: 0x2a1442b0
D/SensorService(  329): nuSensorService starting...
I/SensorService(  329): Goldfish 3-axis Accelerometer
I/SensorService(  329): Goldfish 3-axis Magnetic field sensor
I/SensorService(  329): Goldfish Orientation sensor
I/SensorService(  329): Goldfish Temperature sensor
I/SensorService(  329): Goldfish Proximity sensor
D/SensorService(  329): nuSensorService thread starting...
I/sysproc (  329): System server: starting Android runtime.
I/sysproc (  329): System server: starting Android services.
I/SystemServer(  329): Entered the Android system server!
I/sysproc (  329): System server: entering thread pool.
I/SystemServer(  329): Enabled StrictMode logging for UI Looper
I/SystemServer(  329): Waiting for installd to be ready.
I/Installer(  329): connecting...
I/installd(   41): new connection
I/SystemServer(  329): Entropy Mixer
I/SystemServer(  329): Enabled StrictMode logging for WM Looper
I/SystemServer(  329): Power Manager
E/PowerManagerService-JNI(  329): Couldn't load power module (No such file or directory)
I/SystemServer(  329): Activity Manager
I/ActivityManager(  329): Memory class: 48
W/UsageStats(  329): Usage stats version changed; dropping
I/ActivityManager(  329): Enabled StrictMode logging for AThread's Looper
I/SystemServer(  329): Display Manager
E/SurfaceFlinger(   37): ro.sf.lcd_density must be defined as a build property
I/SystemServer(  329): Telephony Registry
I/DisplayManagerService(  329): Display device added: DisplayDeviceInfo{"Built-in Screen": 480 x 800, 260.416 fps, density 240, 240.0 x 240.0 dpi, touch INTERNAL, FLAG_DEFAULT_DISPLAY, FLAG_ROTATES_WITH_CONTENT, FLAG_SECURE, FLAG_SUPPORTS_PROTECTED_BUFFERS, rotation 0, type BUILT_IN, address null}
I/SystemServer(  329): Scheduling Policy
I/SystemServer(  329): Package Manager
D/dalvikvm(  329): GC_CONCURRENT freed 218K, 9% free 2648K/2904K, paused 43ms+24ms, total 296ms
W/PackageManager(  329): Running ENG build: no pre-dexopt!
D/dalvikvm(  329): GC_CONCURRENT freed 349K, 13% free 2813K/3216K, paused 4ms+14ms, total 233ms
D/dalvikvm(  329): WAIT_FOR_CONCURRENT_GC blocked 3ms
D/dalvikvm(  329): GC_CONCURRENT freed 187K, 8% free 3044K/3276K, paused 5ms+54ms, total 175ms
W/PackageParser(  329): No actions in intent filter at /system/app/Contacts.apk Binary XML file line #533
D/dalvikvm(  329): GC_CONCURRENT freed 254K, 9% free 3224K/3532K, paused 3ms+5ms, total 308ms
W/PackageManager(  329): Package com.android.camera desires unavailable shared library com.google.android.media.effects; ignoring!
D/dalvikvm(  329): GC_CONCURRENT freed 226K, 8% free 3442K/3724K, paused 4ms+69ms, total 311ms
D/PackageManager(  329): No files in app dir /vendor/app
D/dalvikvm(  329): GC_CONCURRENT freed 216K, 7% free 3661K/3936K, paused 52ms+36ms, total 247ms
W/PackageParser(  329): No actions in intent filter at /data/app/ApiDemos.apk Binary XML file line #2737
W/PackageParser(  329): No actions in intent filter at /data/app/ApiDemos.apk Binary XML file line #2743
W/PackageManager(  329): Package com.example.android.apis desires unavailable shared library com.example.will.never.exist; ignoring!
I/PackageManager(  329): Time to scan packages: 4.476 seconds
W/PackageManager(  329): Unknown permission com.google.android.googleapps.permission.GOOGLE_AUTH.mail in package com.android.contacts
W/PackageManager(  329): Unknown permission android.permission.ADD_SYSTEM_SERVICE in package com.android.phone
W/PackageManager(  329): Unknown permission com.android.smspush.WAPPUSH_MANAGER_BIND in package com.android.phone
W/PackageManager(  329): Unknown permission com.google.android.googleapps.permission.GOOGLE_AUTH in package com.android.providers.calendar
W/PackageManager(  329): Unknown permission com.google.android.googleapps.permission.GOOGLE_AUTH.cl in package com.android.providers.calendar
W/PackageManager(  329): Unknown permission com.google.android.googleapps.permission.GOOGLE_AUTH.mail in package com.android.calendar
W/PackageManager(  329): Not granting permission android.permission.SEND_DOWNLOAD_COMPLETED_INTENTS to package com.android.browser (protectionLevel=2 flags=0x9be45)
W/PackageManager(  329): Not granting permission android.permission.BIND_APPWIDGET to package com.android.widgetpreview (protectionLevel=18 flags=0x8be44)
W/PackageManager(  329): Unknown permission com.google.android.googleapps.permission.GOOGLE_AUTH in package com.android.settings
W/PackageManager(  329): Unknown permission com.google.android.gallery3d.permission.GALLERY_PROVIDER in package com.android.exchange
W/PackageManager(  329): Unknown permission com.google.android.googleapps.permission.ACCESS_GOOGLE_PASSWORD in package com.android.development
W/PackageManager(  329): Unknown permission com.google.android.googleapps.permission.GOOGLE_AUTH in package com.android.development
W/PackageManager(  329): Unknown permission com.google.android.googleapps.permission.GOOGLE_AUTH.ALL_SERVICES in package com.android.development
W/PackageManager(  329): Unknown permission com.google.android.googleapps.permission.GOOGLE_AUTH.YouTubeUser in package com.android.development
W/PackageManager(  329): Unknown permission com.google.android.gallery3d.permission.GALLERY_PROVIDER in package com.android.email
W/PackageManager(  329): Not granting permission android.permission.DEVICE_POWER to package com.android.deskclock (protectionLevel=2 flags=0x8be45)
D/dalvikvm(  329): GC_CONCURRENT freed 269K, 8% free 3847K/4172K, paused 5ms+12ms, total 80ms
D/dalvikvm(  329): GC_EXPLICIT freed 170K, 12% free 3677K/4172K, paused 2ms+6ms, total 171ms
I/SystemServer(  329): User Service
I/SystemServer(  329): Account Manager
I/SystemServer(  329): Content Manager
I/SystemServer(  329): System Content Providers
I/SystemServer(  329): Lights Service
I/SystemServer(  329): Battery Service
I/SystemServer(  329): Vibrator Service
I/libsuspend(  329): Selected early suspend
I/libsuspend(  329): Starting early suspend unblocker thread
D/PermissionCache(   37): checking android.permission.ACCESS_SURFACE_FLINGER for uid=1000 => granted (2585 us)
D/SurfaceFlinger(   37): Screen acquired, type=0 flinger=0x2a007318
D/SurfaceFlinger(   37):  screen was previously acquired
I/SystemServer(  329): Alarm Manager
D/AlarmManagerService(  329): Kernel timezone updated to 0 minutes west of GMT
I/SystemServer(  329): Init Watchdog
I/SystemServer(  329): Input Manager
I/InputManager(  329): Initializing input manager, mUseDevInputEventForAudioJack=false
I/SystemServer(  329): Window Manager
E/SoundPool(  329): error loading /system/media/audio/ui/Lock.ogg
W/KeyguardViewMediator(  329): failed to load lock sound from /system/media/audio/ui/Lock.ogg
E/SoundPool(  329): error loading /system/media/audio/ui/Unlock.ogg
W/KeyguardViewMediator(  329): failed to load unlock sound from /system/media/audio/ui/Unlock.ogg
I/InputManager(  329): Starting input manager
I/SystemServer(  329): No Bluetooh Service (emulator)
I/SystemServer(  329): Input Method Service
W/InputMethodManagerService(  329): Couldn't create dir.: /data/system/inputmethod
I/EventHub(  329): New device: id=1, fd=89, path='/dev/input/event0', name='qwerty2', classes=0x2d, configuration='/system/usr/idc/qwerty2.idc', keyLayout='/system/usr/keylayout/qwerty.kl', keyCharacterMap='/system/usr/keychars/qwerty2.kcm', builtinKeyboard=true, usingSuspendBlockIoctl=false, usingClockIoctl=false
E/EventHub(  329): could not get driver version for /dev/input/mouse0, Not a typewriter
E/EventHub(  329): could not get driver version for /dev/input/mice, Not a typewriter
I/InputReader(  329): Device added: id=-1, name='Virtual', sources=0x00000301
I/InputReader(  329):   Touch device 'qwerty2' could not query the properties of its associated display.  The device will be inoperable until the display size becomes available.
I/InputReader(  329): Device added: id=0, name='qwerty2', sources=0x00011307
D/dalvikvm(  329): GC_CONCURRENT freed 297K, 9% free 3883K/4248K, paused 6ms+4ms, total 191ms
D/dalvikvm(  329): WAIT_FOR_CONCURRENT_GC blocked 30ms
E/Trace   (  329): error opening trace file: No such file or directory (2)
I/SystemServer(  329): Accessibility Manager
I/ActivityManager(  329): Config changes=15f8 {1.0 ?mcc?mnc en_US ldltr sw320dp w320dp h508dp 240dpi nrml long port ?uimode ?night finger -keyb/v/h tball/v s.2}
I/InputReader(  329): Reconfiguring input devices.  changes=0x00000004
I/InputReader(  329): Device reconfigured: id=0, name='qwerty2', size 480x800, orientation 0, mode 1, display id 0
I/InputReader(  329): Reconfiguring input devices.  changes=0x00000004
I/InputReader(  329): Device reconfigured: id=0, name='qwerty2', size 480x800, orientation 0, mode 1, display id 0
I/SystemServer(  329): Mount Service
D/MountService(  329): got storage path: /mnt/sdcard description: USB storage primary: true removable: false emulated: false mtpReserve: 0 allowMassStorage: false maxFileSize: 0
D/MountService(  329): addVolumeLocked() StorageVolume [mStorageId=0 mPath=/mnt/sdcard mDescriptionId=17040615 mPrimary=true mRemovable=false mEmulated=false mMtpReserveSpace=0 mAllowMassStorage=false mMaxFileSize=0 mOwner=null]
I/SystemServer(  329): LockSettingsService
I/SystemServer(  329): Device Policy
I/SystemServer(  329): Status Bar
I/SystemServer(  329): Clipboard Service
I/SystemServer(  329): NetworkManagement Service
D/dalvikvm(  329): GREF has increased to 201
I/SystemServer(  329): Text Service Manager Service
I/SystemServer(  329): NetworkStats Service
D/MountService(  329): volume state changed for /mnt/sdcard (null -> unmounted)
I/PackageManager(  329): Updating external media status from unmounted to unmounted
W/MountService(  329): getSecureContainerList() called when storage not mounted
I/SystemServer(  329): NetworkPolicy Service
I/PackageManager(  329): No secure containers on sdcard
W/PackageManager(  329): Unknown permission com.google.android.googleapps.permission.GOOGLE_AUTH.mail in package com.android.contacts
W/PackageManager(  329): Unknown permission android.permission.ADD_SYSTEM_SERVICE in package com.android.phone
W/PackageManager(  329): Unknown permission com.android.smspush.WAPPUSH_MANAGER_BIND in package com.android.phone
I/SystemServer(  329): Wi-Fi P2pService
W/PackageManager(  329): Unknown permission com.google.android.googleapps.permission.GOOGLE_AUTH in package com.android.providers.calendar
W/PackageManager(  329): Unknown permission com.google.android.googleapps.permission.GOOGLE_AUTH.cl in package com.android.providers.calendar
W/PackageManager(  329): Unknown permission com.google.android.googleapps.permission.GOOGLE_AUTH.mail in package com.android.calendar
W/PackageManager(  329): Not granting permission android.permission.SEND_DOWNLOAD_COMPLETED_INTENTS to package com.android.browser (protectionLevel=2 flags=0x89be45)
W/PackageManager(  329): Not granting permission android.permission.BIND_APPWIDGET to package com.android.widgetpreview (protectionLevel=18 flags=0x8be44)
W/PackageManager(  329): Unknown permission com.google.android.googleapps.permission.GOOGLE_AUTH in package com.android.settings
W/PackageManager(  329): Unknown permission com.google.android.gallery3d.permission.GALLERY_PROVIDER in package com.android.exchange
W/PackageManager(  329): Unknown permission com.google.android.googleapps.permission.ACCESS_GOOGLE_PASSWORD in package com.android.development
W/PackageManager(  329): Unknown permission com.google.android.googleapps.permission.GOOGLE_AUTH in package com.android.development
W/PackageManager(  329): Unknown permission com.google.android.googleapps.permission.GOOGLE_AUTH.ALL_SERVICES in package com.android.development
W/PackageManager(  329): Unknown permission com.google.android.googleapps.permission.GOOGLE_AUTH.YouTubeUser in package com.android.development
W/PackageManager(  329): Unknown permission com.google.android.gallery3d.permission.GALLERY_PROVIDER in package com.android.email
W/PackageManager(  329): Not granting permission android.permission.DEVICE_POWER to package com.android.deskclock (protectionLevel=2 flags=0x88be45)
D/dalvikvm(  329): GC_CONCURRENT freed 274K, 8% free 4008K/4348K, paused 5ms+16ms, total 133ms
I/SystemServer(  329): Wi-Fi Service
E/CommandListener(   34): Failed to open /proc/sys/net/ipv6/conf/wlan0/disable_ipv6: No such file or directory
E/WifiStateMachine(  329): Failed to disable IPv6: java.lang.IllegalStateException: command '1 interface ipv6 wlan0 disable' failed with '400 1 Failed to change IPv6 state (No such file or directory)'
I/SystemServer(  329): Connectivity Service
D/ConnectivityService(  329): ConnectivityService starting up
E/MobileDataStateTracker(  329): default: Ignoring feature request because could not acquire PhoneService
E/MobileDataStateTracker(  329): default: Could not enable APN type "default"
I/WifiService(  329): WifiService starting up with Wi-Fi disabled
I/SystemServer(  329): Network Service Discovery Service
D/NsdService(  329): Network service discovery enabled true
I/SystemServer(  329): Throttle Service
I/SystemServer(  329): UpdateLock Service
I/SystemServer(  329): Notification Manager
I/SystemServer(  329): Device Storage Monitor
I/SystemServer(  329): Location Manager
I/SystemServer(  329): Country Detector
I/SystemServer(  329): Search Service
I/SystemServer(  329): DropBox Service
I/SystemServer(  329): Wallpaper Service
I/SystemServer(  329): Audio Service
D/dalvikvm(  329): GC_CONCURRENT freed 251K, 7% free 4219K/4536K, paused 5ms+6ms, total 110ms
I/SystemServer(  329): Dock Observer
W/DockObserver(  329): This kernel does not have dock station support
I/SystemServer(  329): Wired Accessory Manager
W/WiredAccessoryManager(  329): This kernel does not have wired headset support
W/WiredAccessoryManager(  329): This kernel does not have usb audio support
W/WiredAccessoryManager(  329): This kernel does not have HDMI audio support
I/SystemServer(  329): USB Service
I/SystemServer(  329): Serial Service
I/SystemServer(  329): Twilight Service
I/SystemServer(  329): UI Mode Manager Service
I/SystemServer(  329): Backup Service
V/BackupManagerService(  329): No ancestral data
I/BackupManagerService(  329): Found stale backup journal, scheduling
I/BackupManagerService(  329):   android
I/BackupManagerService(  329):   com.android.browser
I/BackupManagerService(  329):   com.android.calendar
I/BackupManagerService(  329):   com.android.inputmethod.latin
I/BackupManagerService(  329):   com.android.providers.settings
I/BackupManagerService(  329):   com.android.providers.userdictionary
I/BackupManagerService(  329):   com.android.sharedstoragebackup
I/BackupManagerService(  329): Backup enabled => true
I/SystemServer(  329): AppWidget Service
I/SystemServer(  329): Recognition Service
I/SystemServer(  329): DiskStats Service
I/SystemServer(  329): SamplingProfiler Service
I/SystemServer(  329): NetworkTimeUpdateService
I/SystemServer(  329): CommonTimeManagementService
I/SystemServer(  329): CertBlacklister
I/SystemServer(  329): Dreams Service
I/WindowManager(  329): SAFE MODE not enabled
D/dalvikvm(  329): JIT started for system_server
D/dalvikvm(  329): GC_CONCURRENT freed 325K, 9% free 4293K/4684K, paused 9ms+5ms, total 345ms
I/ActivityManager(  329): System now ready
I/SystemServer(  329): Making services ready
I/Zygote  (  329): Process: zygote socket opened
I/ActivityManager(  329): Start proc com.android.systemui for service com.android.systemui/.SystemUIService: pid=422 uid=10034 gids={50034, 1028, 1015, 3002, 3001}
I/Vold    (   32): /dev/block/vold/179:0 being considered for volume sdcard
D/Vold    (   32): Volume sdcard state changing 1 (Idle-Unmounted) -> 3 (Checking)
D/MountService(  329): volume state changed for /mnt/sdcard (unmounted -> checking)
D/MountService(  329): sendStorageIntent Intent { act=android.intent.action.MEDIA_CHECKING dat=file:///mnt/sdcard (has extras) } to UserHandle{-1}
I//system/bin/fsck_msdos(   32): ** /dev/block/vold/179:0
I//system/bin/fsck_msdos(   32): ** Phase 1 - Read and Compare FATs
I//system/bin/fsck_msdos(   32): Attempting to allocate 2044 KB for FAT
D/NetworkManagementService(  329): not enabling bandwidth control
I/keystore(   42): uid: 1000 action: e -> 7 state: 3 -> 3 retry: 4
W/NetworkStats(  329): bandwidth controls disabled, unable to track stats
W/NetworkPolicy(  329): bandwidth controls disabled, unable to enforce policy
I/keystore(   42): uid: 1000 action: e -> 7 state: 3 -> 3 retry: 4
I/ActivityManager(  329): Config changes=200 {1.0 ?mcc?mnc en_US ldltr sw320dp w320dp h508dp 240dpi nrml long port finger -keyb/v/h tball/v s.3}
W/RecognitionManagerService(  329): no available voice recognition services found for user 0
E/Trace   (  422): error opening trace file: No such file or directory (2)
D/SystemUIService(  422): loading: class com.android.systemui.statusbar.phone.PhoneStatusBar
D/SystemUIService(  422): running: com.android.systemui.statusbar.phone.PhoneStatusBar@40cd2b38
D/dalvikvm(  329): GC_CONCURRENT freed 113K, 4% free 4693K/4868K, paused 5ms+5ms, total 101ms
D/dalvikvm(  329): WAIT_FOR_CONCURRENT_GC blocked 36ms
I/StatusBarManagerService(  329): registerStatusBar bar=com.android.internal.statusbar.IStatusBar$Stub$Proxy@40ed7868
D/dalvikvm(  329): WAIT_FOR_CONCURRENT_GC blocked 97ms
D/dalvikvm(  329): WAIT_FOR_CONCURRENT_GC blocked 74ms
D/dalvikvm(  329): WAIT_FOR_CONCURRENT_GC blocked 64ms
W/InputMethodManagerService(  329): Ignoring setImeWindowStatus of uid 1000 token: null
W/InputMethodManagerService(  329): Found no subtypes in a system IME: com.android.inputmethod.pinyin
I/ActivityManager(  329): Start proc com.android.inputmethod.latin for service com.android.inputmethod.latin/.LatinIME: pid=457 uid=10010 gids={50010, 1028}
I/CommonTimeManagementService(  329): No common time service detected on this platform.  Common time services will be unavailable.
E/ThrottleService(  329): problem during onPollAlarm: java.lang.IllegalStateException: problem parsing stats: java.io.FileNotFoundException: /proc/net/xt_qtaguid/iface_stat_all: open failed: ENOENT (No such file or directory)
I/InputReader(  329): Reconfiguring input devices.  changes=0x00000020
I/ActivityManager(  329): Start proc com.android.phone for added application com.android.phone: pid=477 uid=1001 gids={41001, 3002, 3001, 3003, 1015, 1028}
I/ActivityManager(  329): START u0 {act=android.intent.action.MAIN cat=[android.intent.category.HOME] flg=0x10000000 cmp=com.android.launcher/com.android.launcher2.Launcher} from pid 0
I/InputReader(  329): Reconfiguring input devices.  changes=0x00000010
I/ActivityManager(  329): Start proc com.android.launcher for activity com.android.launcher/com.android.launcher2.Launcher: pid=485 uid=10020 gids={50020, 1028}
I/SystemServer(  329): Enabled StrictMode for system server main thread.
D/dalvikvm(  329): GC_CONCURRENT freed 393K, 9% free 4880K/5336K, paused 8ms+100ms, total 869ms
D/dalvikvm(  329): WAIT_FOR_CONCURRENT_GC blocked 24ms
D/dalvikvm(  329): WAIT_FOR_CONCURRENT_GC blocked 32ms
E/Trace   (  485): error opening trace file: No such file or directory (2)
E/SurfaceFlinger(   37): ro.sf.lcd_density must be defined as a build property
D/gralloc_goldfish(  329): Emulator without GPU emulation detected.
E/Trace   (  457): error opening trace file: No such file or directory (2)
E/Trace   (  477): error opening trace file: No such file or directory (2)
I/LatinIME(  457): Hardware accelerated drawing: false
D/dalvikvm(  329): GC_FOR_ALLOC freed 273K, 9% free 5078K/5544K, paused 190ms, total 194ms
D/dalvikvm(  422): GC_FOR_ALLOC freed 90K, 6% free 2664K/2812K, paused 96ms, total 384ms
I/dalvikvm-heap(  422): Grow heap (frag case) to 3.259MB for 635812-byte allocation
D/dalvikvm(  422): GC_CONCURRENT freed 5K, 5% free 3280K/3436K, paused 4ms+366ms, total 500ms
D/dalvikvm(  422): WAIT_FOR_CONCURRENT_GC blocked 1ms
D/dalvikvm(  329): GC_CONCURRENT freed 312K, 7% free 5444K/5820K, paused 5ms+121ms, total 512ms
D/dalvikvm(  329): WAIT_FOR_CONCURRENT_GC blocked 273ms
D/dalvikvm(  329): WAIT_FOR_CONCURRENT_GC blocked 299ms
D/dalvikvm(  329): WAIT_FOR_CONCURRENT_GC blocked 429ms
D/dalvikvm(  329): WAIT_FOR_CONCURRENT_GC blocked 469ms
W/InputAttributes(  457): No editor info for this field. Bug?
W/TelephonyProvider(  477): onCreate: confFile=/system/etc/apns-conf.xml oldCheckSum=-1
D/TelephonyManager(  477): getLteOnCdmaMode=0 curVal=-1 product_type='' lteOnCdmaProductType=''
I/ActivityManager(  329): Start proc com.android.music for broadcast com.android.music/.MediaButtonIntentReceiver: pid=535 uid=10025 gids={50025, 3003, 1015, 1028}
D/TelephonyManager(  477): getLteOnCdmaMode=0 curVal=-1 product_type='' lteOnCdmaProductType=''
E/BluetoothAdapter(  422): Bluetooth binder is null
E/BluetoothAdapter(  422): Bluetooth binder is null
D/TelephonyManager(  477): getLteOnCdmaMode=0 curVal=-1 product_type='' lteOnCdmaProductType=''
E/ActivityThread(  457): Failed to find provider info for com.android.inputmethod.latin.dictionarypack
E/BinaryDictionaryGetter(  457): Could not find a dictionary pack
D/dalvikvm(  329): GREF has increased to 301
I/ActivityManager(  329): Start proc android.process.acore for content provider com.android.providers.userdictionary/.UserDictionaryProvider: pid=551 uid=10001 gids={50001, 3003, 1015, 1028}
W/InputMethodManagerService(  329): Found no subtypes in a system IME: com.android.inputmethod.pinyin
I/dalvikvm(  535): Turning on JNI app bug workarounds for target SDK version 9...
D/dalvikvm(  457): GC_CONCURRENT freed 271K, 12% free 2498K/2824K, paused 3ms+2ms, total 1342ms
E/BluetoothAdapter(  422): Bluetooth binder is null
E/StrictMode(  457): A resource was acquired at attached stack trace but never released. See java.io.Closeable for information on avoiding resource leaks.
E/StrictMode(  457): java.lang.Throwable: Explicit termination method 'close' not called
E/StrictMode(  457): 	at dalvik.system.CloseGuard.open(CloseGuard.java:184)
E/StrictMode(  457): 	at android.os.ParcelFileDescriptor.<init>(ParcelFileDescriptor.java:412)
E/StrictMode(  457): 	at android.content.res.AssetManager.openNonAssetFdNative(Native Method)
E/StrictMode(  457): 	at android.content.res.AssetManager.openNonAssetFd(AssetManager.java:428)
E/StrictMode(  457): 	at android.content.res.Resources.openRawResourceFd(Resources.java:979)
E/StrictMode(  457): 	at com.android.inputmethod.latin.BinaryDictionaryGetter.loadFallbackResource(BinaryDictionaryGetter.java:183)
E/StrictMode(  457): 	at com.android.inputmethod.latin.BinaryDictionaryGetter.getDictionaryFiles(BinaryDictionaryGetter.java:456)
E/StrictMode(  457): 	at com.android.inputmethod.latin.DictionaryFactory.createMainDictionaryFromManager(DictionaryFactory.java:57)
E/StrictMode(  457): 	at com.android.inputmethod.latin.DictionaryFactory.createMainDictionaryFromManager(DictionaryFactory.java:87)
E/StrictMode(  457): 	at com.android.inputmethod.latin.Suggest$1.run(Suggest.java:108)
D/dalvikvm(  485): GC_CONCURRENT freed 182K, 9% free 2621K/2860K, paused 5ms+55ms, total 176ms
D/dalvikvm(  329): GC_CONCURRENT freed 736K, 13% free 5477K/6276K, paused 897ms+53ms, total 3306ms
D/dalvikvm(  329): WAIT_FOR_CONCURRENT_GC blocked 169ms
D/dalvikvm(  329): WAIT_FOR_CONCURRENT_GC blocked 168ms
D/dalvikvm(  329): WAIT_FOR_CONCURRENT_GC blocked 39ms
E/Trace   (  535): error opening trace file: No such file or directory (2)
D/dalvikvm(  329): WAIT_FOR_CONCURRENT_GC blocked 48ms
I/Choreographer(  329): Skipped 3685 frames!  The application may be doing too much work on its main thread.
D/dalvikvm(  329): WAIT_FOR_CONCURRENT_GC blocked 619ms
E/Trace   (  551): error opening trace file: No such file or directory (2)
I/LocationBlacklist(  329): whitelist: []
I/LocationBlacklist(  329): blacklist: []
D/dalvikvm(  422): GC_CONCURRENT freed 72K, 4% free 3674K/3804K, paused 7ms+69ms, total 781ms
E/BluetoothAdapter(  422): Bluetooth binder is null
I//system/bin/fsck_msdos(   32): Attempting to allocate 2044 KB for FAT
I/AudioService(  329):   Remote Control   registerMediaButtonIntent() for PendingIntent{40e3d240: PendingIntentRecord{410677f0 com.android.music broadcastIntent}}
W/ActivityManager(  329): Activity idle timeout for ActivityRecord{40f87f98 u0 com.android.launcher/com.android.launcher2.Launcher}
I/ActivityManager(  329): Start proc com.android.contacts for broadcast com.android.contacts/.calllog.CallLogReceiver: pid=588 uid=10001 gids={50001, 3003, 1015, 1028}
E/BluetoothAdapter(  329): Bluetooth binder is null
E/BluetoothAdapter(  329): Bluetooth binder is null
V/WiredAccessoryManager(  329): init()
W/Settings(  477): Setting airplane_mode_on has moved from android.provider.Settings.System to android.provider.Settings.Global, returning read-only value.
W/Settings(  477): Setting auto_time has moved from android.provider.Settings.System to android.provider.Settings.Global, returning read-only global URI.
I/ActivityManager(  329): Start proc android.process.media for content provider com.android.providers.media/.MediaProvider: pid=607 uid=10000 gids={50000, 1015, 1023, 1024, 1028, 1006, 2001, 3003, 3007}
E/SoundPool(  329): error loading /system/media/audio/ui/Effect_Tick.ogg
W/AudioService(  329): Soundpool could not load file: /system/media/audio/ui/Effect_Tick.ogg
E/SoundPool(  329): error loading /system/media/audio/ui/Effect_Tick.ogg
W/AudioService(  329): Soundpool could not load file: /system/media/audio/ui/Effect_Tick.ogg
E/SoundPool(  329): error loading /system/media/audio/ui/Effect_Tick.ogg
W/AudioService(  329): Soundpool could not load file: /system/media/audio/ui/Effect_Tick.ogg
E/SoundPool(  329): error loading /system/media/audio/ui/Effect_Tick.ogg
W/AudioService(  329): Soundpool could not load file: /system/media/audio/ui/Effect_Tick.ogg
E/SoundPool(  329): error loading /system/media/audio/ui/Effect_Tick.ogg
W/AudioService(  329): Soundpool could not load file: /system/media/audio/ui/Effect_Tick.ogg
E/SoundPool(  329): error loading /system/media/audio/ui/KeypressStandard.ogg
W/AudioService(  329): Soundpool could not load file: /system/media/audio/ui/KeypressStandard.ogg
E/SoundPool(  329): error loading /system/media/audio/ui/KeypressSpacebar.ogg
W/AudioService(  329): Soundpool could not load file: /system/media/audio/ui/KeypressSpacebar.ogg
E/SoundPool(  329): error loading /system/media/audio/ui/KeypressDelete.ogg
W/AudioService(  329): Soundpool could not load file: /system/media/audio/ui/KeypressDelete.ogg
E/SoundPool(  329): error loading /system/media/audio/ui/KeypressReturn.ogg
W/AudioService(  329): Soundpool could not load file: /system/media/audio/ui/KeypressReturn.ogg
W/AudioService(  329): loadSoundEffects(), Error -1 while loading samples
W/Settings(  477): Setting auto_time_zone has moved from android.provider.Settings.System to android.provider.Settings.Global, returning read-only global URI.
V/TAG     (  329): bug 7643792: fitSystemWindows([0,0][0,0])
W/ActivityManager(  329): Unable to start service Intent { act=com.android.internal.telephony.IWapPushManager } U=0: not found
E/Trace   (  588): error opening trace file: No such file or directory (2)
V/TAG     (  329): bug 7643792: fitSystemWindows([0,0][0,0])
D/        (  477): [ApnContext:default] set reason as dataEnabled,current state IDLE
D/        (  477): [ApnContext:default] setRetryCount: 0
D/        (  477): [ApnContext:mms] set reason as dataEnabled,current state IDLE
D/        (  477): [ApnContext:mms] setRetryCount: 0
D/        (  477): [ApnContext:supl] set reason as dataEnabled,current state IDLE
D/        (  477): [ApnContext:supl] setRetryCount: 0
D/        (  477): [ApnContext:hipri] set reason as dataEnabled,current state IDLE
D/        (  477): [ApnContext:hipri] setRetryCount: 0
D/        (  477): [ApnContext:fota] set reason as dataEnabled,current state IDLE
D/        (  477): [ApnContext:fota] setRetryCount: 0
D/        (  477): [ApnContext:ims] set reason as dataEnabled,current state IDLE
D/        (  477): [ApnContext:ims] setRetryCount: 0
D/        (  477): [ApnContext:cbs] set reason as dataEnabled,current state IDLE
D/        (  477): [ApnContext:cbs] setRetryCount: 0
D/dalvikvm(  477): GC_CONCURRENT freed 196K, 10% free 2562K/2816K, paused 132ms+4ms, total 251ms
D/PhoneStatusBar(  422): disable: < expand icons alerts ticker system_info back home recent clock search >
W/WindowManager(  329): Window freeze timeout expired.
W/WindowManager(  329): Force clearing orientation change: Window{40df7ad0 u0 Keyguard}
E/Trace   (  607): error opening trace file: No such file or directory (2)
D/dalvikvm(  485): GC_CONCURRENT freed 90K, 5% free 2988K/3136K, paused 15ms+3ms, total 284ms
D/TelephonyManager(  477): getLteOnCdmaMode=0 curVal=-1 product_type='' lteOnCdmaProductType=''
D/CallManager(  477): registerPhone(GSM Handler (com.android.internal.telephony.PhoneProxy) {40d056e8})
I/Choreographer(  329): Skipped 585 frames!  The application may be doing too much work on its main thread.
E/BluetoothAdapter(  477): Bluetooth binder is null
E/SurfaceFlinger(   37): ro.sf.lcd_density must be defined as a build property
W/ActivityManager(  329): Timeout executing service: ServiceRecord{40eba350 u0 com.android.systemui/.SystemUIService}
I/Process (  329): Sending signal. PID: 422 SIG: 3
I/dalvikvm(  422): threadid=3: reacting to signal 3
I/Process (  329): Sending signal. PID: 329 SIG: 3
I/dalvikvm(  329): threadid=3: reacting to signal 3
I/dalvikvm(  422): Wrote stack traces to '/data/anr/traces.txt'
I/Process (  329): Sending signal. PID: 477 SIG: 3
I/dalvikvm(  477): threadid=3: reacting to signal 3
I/dalvikvm(  329): Wrote stack traces to '/data/anr/traces.txt'
D/dalvikvm(  329): GC_CONCURRENT freed 718K, 13% free 5535K/6316K, paused 548ms+814ms, total 3398ms
D/dalvikvm(  329): WAIT_FOR_CONCURRENT_GC blocked 1210ms
D/dalvikvm(  329): WAIT_FOR_CONCURRENT_GC blocked 1072ms
D/dalvikvm(  329): WAIT_FOR_CONCURRENT_GC blocked 1108ms
D/dalvikvm(  329): WAIT_FOR_CONCURRENT_GC blocked 1161ms
D/dalvikvm(  329): WAIT_FOR_CONCURRENT_GC blocked 110ms
D/dalvikvm(  329): WAIT_FOR_CONCURRENT_GC blocked 125ms
D/dalvikvm(  329): WAIT_FOR_CONCURRENT_GC blocked 127ms
D/dalvikvm(  329): WAIT_FOR_CONCURRENT_GC blocked 139ms
D/dalvikvm(  329): WAIT_FOR_CONCURRENT_GC blocked 143ms
D/dalvikvm(  329): WAIT_FOR_CONCURRENT_GC blocked 149ms
D/dalvikvm(  329): WAIT_FOR_CONCURRENT_GC blocked 150ms
D/dalvikvm(  329): WAIT_FOR_CONCURRENT_GC blocked 161ms
D/dalvikvm(  329): GC_FOR_ALLOC freed 64K, 13% free 5523K/6316K, paused 883ms, total 885ms
I/dalvikvm-heap(  329): Grow heap (frag case) to 6.530MB for 1128976-byte allocation
I/dalvikvm(  477): Wrote stack traces to '/data/anr/traces.txt'
D/dalvikvm(  477): GC_CONCURRENT freed 24K, 8% free 2607K/2816K, paused 7ms+25ms, total 73ms
D/dalvikvm(  329): GC_FOR_ALLOC freed <1K, 11% free 6625K/7420K, paused 246ms, total 247ms
E/BluetoothAdapter(  422): Bluetooth binder is null
E/BluetoothAdapter(  477): Bluetooth binder is null
D/dalvikvm(  551): GC_CONCURRENT freed 214K, 10% free 2599K/2868K, paused 19ms+71ms, total 120ms
I//system/bin/fsck_msdos(   32): ** Phase 2 - Check Cluster Chains
I//system/bin/fsck_msdos(   32): ** Phase 3 - Checking Directories
I//system/bin/fsck_msdos(   32): ** Phase 4 - Checking for Lost Files
I//system/bin/fsck_msdos(   32): 12 files, 1044448 free (522224 clusters)
I/Vold    (   32): Filesystem check completed OK
I/Vold    (   32): Device /dev/block/vold/179:0, target /mnt/sdcard mounted @ /mnt/secure/staging
D/Vold    (   32): Volume sdcard state changing 3 (Checking) -> 4 (Mounted)
D/SystemUIService(  422): loading: class com.android.systemui.power.PowerUI
D/SystemUIService(  422): running: com.android.systemui.power.PowerUI@40e59b98
D/MountService(  329): volume state changed for /mnt/sdcard (checking -> mounted)
I/PackageManager(  329): Updating external media status from unmounted to mounted
D/MountService(  329): sendStorageIntent Intent { act=android.intent.action.MEDIA_MOUNTED dat=file:///mnt/sdcard (has extras) } to UserHandle{-1}
E/VoldConnector(  329): NDC Command {3 volume mount /mnt/sdcard} took too long (26149ms)
I/Choreographer(  329): Skipped 1526 frames!  The application may be doing too much work on its main thread.
I/Choreographer(  329): Skipped 302 frames!  The application may be doing too much work on its main thread.
D/SystemUIService(  422): loading: class com.android.systemui.media.RingtonePlayer
D/SystemUIService(  422): running: com.android.systemui.media.RingtonePlayer@40e5ac48
D/dalvikvm(  329): GC_CONCURRENT freed 79K, 10% free 6734K/7420K, paused 159ms+1235ms, total 2547ms
I/DownloadManager(  607): in removeSpuriousFiles
D/dalvikvm(  329): GREF has increased to 401
I/Choreographer(  329): Skipped 35 frames!  The application may be doing too much work on its main thread.
W/ProcessStats(  329): Skipping unknown process pid 678
V/TAG     (  329): bug 7643792: fitSystemWindows([0,38][0,0])
W/WindowManager(  329): Window freeze timeout expired.
W/WindowManager(  329): Force clearing orientation change: Window{40df7ad0 u0 Keyguard}
I/Choreographer(  485): Skipped 32 frames!  The application may be doing too much work on its main thread.
W/ProcessStats(  329): Skipping unknown process pid 431
I/Choreographer(  329): Skipped 272 frames!  The application may be doing too much work on its main thread.
D/dalvikvm(  485): GC_CONCURRENT freed 191K, 8% free 3230K/3476K, paused 131ms+83ms, total 416ms
E/SurfaceFlinger(   37): ro.sf.lcd_density must be defined as a build property
I/Choreographer(  485): Skipped 36 frames!  The application may be doing too much work on its main thread.
D/gralloc_goldfish(  485): Emulator without GPU emulation detected.
I/ActivityManager(  329): Displayed com.android.launcher/com.android.launcher2.Launcher: +27s454ms
I/Choreographer(  329): Skipped 53 frames!  The application may be doing too much work on its main thread.
D/dalvikvm(  329): GC_EXPLICIT freed 1494K, 24% free 5664K/7420K, paused 123ms+36ms, total 1478ms
I/Choreographer(  422): Skipped 6021 frames!  The application may be doing too much work on its main thread.
E/VoldConnector(  329): NDC Command {4 asec list} took too long (2345ms)
I/PackageManager(  329): No secure containers on sdcard
D/dalvikvm(  422): GC_CONCURRENT freed 235K, 8% free 3828K/4120K, paused 16ms+8ms, total 315ms
E/SurfaceFlinger(   37): ro.sf.lcd_density must be defined as a build property
I/Process (  329): Sending signal. PID: 588 SIG: 3
I/dalvikvm(  588): threadid=3: reacting to signal 3
I/Choreographer(  485): Skipped 892 frames!  The application may be doing too much work on its main thread.
I/Choreographer(  485): Skipped 54 frames!  The application may be doing too much work on its main thread.
E/ActivityManager(  329): ANR in com.android.systemui
E/ActivityManager(  329): Reason: Executing service com.android.systemui/.SystemUIService
E/ActivityManager(  329): Load: 6.86 / 1.79 / 0.61
E/ActivityManager(  329): CPU usage from 2598ms to -13093ms ago:
E/ActivityManager(  329):   22% 329/system_server: 15% user + 6.8% kernel / faults: 5278 minor 5 major
E/ActivityManager(  329):   15% 37/surfaceflinger: 12% user + 3.7% kernel / faults: 4 minor
E/ActivityManager(  329):   6.9% 485/com.android.launcher: 3.7% user + 3.2% kernel / faults: 7685 minor 5 major
E/ActivityManager(  329):   4.3% 551/android.process.acore: 2.8% user + 1.4% kernel / faults: 2010 minor 7 major
E/ActivityManager(  329):   4.2% 422/com.android.systemui: 3% user + 1.2% kernel / faults: 1298 minor 3 major
E/ActivityManager(  329):   3.4% 85/bootanimation: 2.7% user + 0.7% kernel
E/ActivityManager(  329):   2.8% 477/com.android.phone: 1.7% user + 1.1% kernel / faults: 1250 minor 4 major
E/ActivityManager(  329):   2.7% 607/android.process.media: 1.2% user + 1.4% kernel / faults: 1938 minor 15 major
E/ActivityManager(  329):   1.9% 588/com.android.contacts: 0.9% user + 0.9% kernel / faults: 1161 minor 26 major
E/ActivityManager(  329):   1% 48/adbd: 0.1% user + 0.8% kernel / faults: 167 minor
E/ActivityManager(  329):   0.3% 32/vold: 0% user + 0.3% kernel / faults: 5 minor
E/ActivityManager(  329):   0.3% 29/mmcqd: 0% user + 0.3% kernel
E/ActivityManager(  329):   0.2% 457/com.android.inputmethod.latin: 0.1% user + 0% kernel / faults: 66 minor 1 major
E/ActivityManager(  329):   0.2% 535/com.android.music: 0.1% user + 0.1% kernel / faults: 174 minor
E/ActivityManager(  329):   0.1% 31/servicemanager: 0% user + 0.1% kernel
E/ActivityManager(  329):   0.1% 36/rild: 0% user + 0% kernel / faults: 3 minor
E/ActivityManager(  329): 100% TOTAL: 64% user + 34% kernel + 0.5% softirq
E/ActivityManager(  329): CPU usage from 10822ms to 12105ms later:
E/ActivityManager(  329):   20% 422/com.android.systemui: 16% user + 4% kernel / faults: 504 minor 1 major
E/ActivityManager(  329):     13% 422/ndroid.systemui: 11% user + 2.4% kernel
E/ActivityManager(  329):     7.3% 436/FinalizerDaemon: 4.9% user + 2.4% kernel
E/ActivityManager(  329):     6.5% 423/GC: 4.9% user + 1.6% kernel
E/ActivityManager(  329):     5.7% 426/Compiler: 4.9% user + 0.8% kernel
E/ActivityManager(  329):   27% 329/system_server: 19% user + 7.8% kernel / faults: 81 minor
E/ActivityManager(  329):     9.2% 346/ActivityManager: 2.6% user + 6.5% kernel
E/ActivityManager(  329):     7.8% 344/UI: 7.8% user + 0% kernel
E/ActivityManager(  329):     7.8% 584/Binder_7: 5.2% user + 2.6% kernel
E/ActivityManager(  329):     3.9% 336/Compiler: 3.9% user + 0% kernel
E/ActivityManager(  329):     1.3% 345/WindowManager: 1.3% user + 0% kernel
E/ActivityManager(  329):     1.3% 351/PackageManager: 1.3% user + 0% kernel
E/ActivityManager(  329):   14% 37/surfaceflinger: 11% user + 3% kernel / faults: 2 minor
E/ActivityManager(  329):     13% 70/SurfaceFlinger: 11% user + 2% kernel
E/ActivityManager(  329):     1% 37/surfaceflinger: 0% user + 1% kernel
E/ActivityManager(  329):     1% 79/VSyncThread: 0% user + 1% kernel
E/ActivityManager(  329):     1% 82/EventThread: 0% user + 1% kernel
E/ActivityManager(  329):     1% 84/Binder_1: 1% user + 0% kernel
E/ActivityManager(  329):   5.2% 85/bootanimation: 4.1% user + 1% kernel
E/ActivityManager(  329):     3.1% 102/BootAnimation: 2% user + 1% kernel
E/ActivityManager(  329):   0.2% 588/com.android.contacts: 0% user + 0.2% kernel / faults: 21 minor
E/ActivityManager(  329): 100% TOTAL: 73% user + 26% kernel
I/dalvikvm(  588): Wrote stack traces to '/data/anr/traces.txt'
W/PackageManager(  329): Unknown permission com.google.android.googleapps.permission.GOOGLE_AUTH.mail in package com.android.contacts
W/PackageManager(  329): Unknown permission android.permission.ADD_SYSTEM_SERVICE in package com.android.phone
W/PackageManager(  329): Unknown permission com.android.smspush.WAPPUSH_MANAGER_BIND in package com.android.phone
W/PackageManager(  329): Unknown permission com.google.android.googleapps.permission.GOOGLE_AUTH in package com.android.providers.calendar
W/PackageManager(  329): Unknown permission com.google.android.googleapps.permission.GOOGLE_AUTH.cl in package com.android.providers.calendar
W/PackageManager(  329): Unknown permission com.google.android.googleapps.permission.GOOGLE_AUTH.mail in package com.android.calendar
W/PackageManager(  329): Not granting permission android.permission.SEND_DOWNLOAD_COMPLETED_INTENTS to package com.android.browser (protectionLevel=2 flags=0x89be45)
W/PackageManager(  329): Not granting permission android.permission.BIND_APPWIDGET to package com.android.widgetpreview (protectionLevel=18 flags=0x8be44)
W/PackageManager(  329): Unknown permission com.google.android.googleapps.permission.GOOGLE_AUTH in package com.android.settings
W/WindowManager(  329): Window freeze timeout expired.
W/WindowManager(  329): Force clearing orientation change: Window{41053470 u0 StatusBar}
I/Choreographer(  329): Skipped 36 frames!  The application may be doing too much work on its main thread.
W/PackageManager(  329): Unknown permission com.google.android.gallery3d.permission.GALLERY_PROVIDER in package com.android.exchange
W/PackageManager(  329): Unknown permission com.google.android.googleapps.permission.ACCESS_GOOGLE_PASSWORD in package com.android.development
W/PackageManager(  329): Unknown permission com.google.android.googleapps.permission.GOOGLE_AUTH in package com.android.development
W/PackageManager(  329): Unknown permission com.google.android.googleapps.permission.GOOGLE_AUTH.ALL_SERVICES in package com.android.development
W/PackageManager(  329): Unknown permission com.google.android.googleapps.permission.GOOGLE_AUTH.YouTubeUser in package com.android.development
W/PackageManager(  329): Unknown permission com.google.android.gallery3d.permission.GALLERY_PROVIDER in package com.android.email
W/PackageManager(  329): Not granting permission android.permission.DEVICE_POWER to package com.android.deskclock (protectionLevel=2 flags=0x88be45)
D/PhoneStatusBar(  422): disable: < expand icons alerts ticker system_info BACK* HOME* RECENT* CLOCK* SEARCH* >
W/ActivityManager(  329): Killing ProcessRecord{40e5d480 422:com.android.systemui/u0a10034}: background ANR
D/dalvikvm(  485): GC_FOR_ALLOC freed 62K, 7% free 3314K/3540K, paused 69ms, total 79ms
I/dalvikvm-heap(  485): Grow heap (frag case) to 3.782MB for 518416-byte allocation
D/dalvikvm(  485): GC_CONCURRENT freed 7K, 6% free 3813K/4048K, paused 15ms+7ms, total 59ms
D/dalvikvm(  485): WAIT_FOR_CONCURRENT_GC blocked 4ms
W/InputDispatcher(  329): channel '41053470 StatusBar (server)' ~ Consumer closed input channel or an error occurred.  events=0x9
E/InputDispatcher(  329): channel '41053470 StatusBar (server)' ~ Channel is unrecoverably broken and will be disposed!
D/dalvikvm(  485): GC_FOR_ALLOC freed <1K, 6% free 3813K/4048K, paused 35ms, total 36ms
I/dalvikvm-heap(  485): Grow heap (frag case) to 4.269MB for 518416-byte allocation
D/dalvikvm(  485): GC_CONCURRENT freed <1K, 6% free 4319K/4556K, paused 9ms+3ms, total 242ms
D/dalvikvm(  485): WAIT_FOR_CONCURRENT_GC blocked 233ms
D/dalvikvm(  329): GC_FOR_ALLOC freed 517K, 12% free 5728K/6448K, paused 583ms, total 585ms
I/dalvikvm-heap(  329): Grow heap (frag case) to 5.901MB for 258396-byte allocation
D/dalvikvm(  485): GC_FOR_ALLOC freed <1K, 6% free 4320K/4556K, paused 185ms, total 237ms
