D/dalvikvm(  292): GC_FOR_ALLOC freed 15K, 11% free 6567K/7324K, paused 209ms, total 210ms
I/ActivityManager(  292): Start proc com.android.contacts for broadcast com.android.contacts/.calllog.CallLogReceiver: pid=503 uid=10001 gids={50001, 3003, 1015, 1028}
I/Choreographer(  292): Skipped 742 frames!  The application may be doing too much work on its main thread.
D/dalvikvm(  396): GC_CONCURRENT freed 313K, 13% free 2646K/3016K, paused 42ms+2ms, total 234ms
D/DebugService(  396): DebugService DebugService:
D/TelephonyDebugService(  396): TelephonyDebugService()
D/dalvikvm(  292): GC_CONCURRENT freed 39K, 10% free 6604K/7324K, paused 29ms+116ms, total 1078ms
E/BluetoothAdapter(  292): Bluetooth binder is null
E/BluetoothAdapter(  292): Bluetooth binder is null
V/WiredAccessoryManager(  292): init()
I//system/bin/fsck_msdos(   32): Attempting to allocate 794 KB for FAT
E/SoundPool(  292): error loading /system/media/audio/ui/Effect_Tick.ogg
W/AudioService(  292): Soundpool could not load file: /system/media/audio/ui/Effect_Tick.ogg
E/SoundPool(  292): error loading /system/media/audio/ui/Effect_Tick.ogg
W/AudioService(  292): Soundpool could not load file: /system/media/audio/ui/Effect_Tick.ogg
E/SoundPool(  292): error loading /system/media/audio/ui/Effect_Tick.ogg
W/AudioService(  292): Soundpool could not load file: /system/media/audio/ui/Effect_Tick.ogg
E/SoundPool(  292): error loading /system/media/audio/ui/Effect_Tick.ogg
W/AudioService(  292): Soundpool could not load file: /system/media/audio/ui/Effect_Tick.ogg
E/SoundPool(  292): error loading /system/media/audio/ui/Effect_Tick.ogg
W/AudioService(  292): Soundpool could not load file: /system/media/audio/ui/Effect_Tick.ogg
E/SoundPool(  292): error loading /system/media/audio/ui/KeypressStandard.ogg
W/AudioService(  292): Soundpool could not load file: /system/media/audio/ui/KeypressStandard.ogg
E/SoundPool(  292): error loading /system/media/audio/ui/KeypressSpacebar.ogg
W/AudioService(  292): Soundpool could not load file: /system/media/audio/ui/KeypressSpacebar.ogg
E/SoundPool(  292): error loading /system/media/audio/ui/KeypressDelete.ogg
W/AudioService(  292): Soundpool could not load file: /system/media/audio/ui/KeypressDelete.ogg
E/SoundPool(  292): error loading /system/media/audio/ui/KeypressReturn.ogg
W/AudioService(  292): Soundpool could not load file: /system/media/audio/ui/KeypressReturn.ogg
W/AudioService(  292): loadSoundEffects(), Error -1 while loading samples
E/Trace   (  503): error opening trace file: No such file or directory (2)
W/Settings(  396): Setting auto_time_zone has moved from android.provider.Settings.System to android.provider.Settings.Global, returning read-only value.
I/DownloadManager(  488): in removeSpuriousFiles
I/Choreographer(  292): Skipped 275 frames!  The application may be doing too much work on its main thread.
D/CAT     (  396): CatService: Running CAT service. STK app installed:false
D/CAT     (  396): CatService: NEW sInstance
D/dalvikvm(  292): GREF has increased to 401
W/dalvikvm(  464): threadid=2: spin on suspend #1 threadid=11 (pcf=0)
D/dalvikvm(  464): Temporarily moving tid 521 to fg (was 0)
D/dalvikvm(  464): Temporarily raised priority on tid 521 (10 -> 0)
W/dalvikvm(  464): threadid=2: spin on suspend resolved in 1036 msec
D/dalvikvm(  464): Restored policy of 521 to 0
D/dalvikvm(  464): Restored priority on 521 to 10
D/dalvikvm(  464): GC_CONCURRENT freed 214K, 10% free 2590K/2860K, paused 1064ms+3ms, total 1370ms
W/ActivityManager(  292): Timeout executing service: ServiceRecord{40e81548 u0 com.android.systemui/.ImageWallpaper}
D/CAT     (  396): CatService: SIM ready. Reporting STK service running now...
I/Process (  292): Sending signal. PID: 355 SIG: 3
I/dalvikvm(  355): threadid=3: reacting to signal 3
I/Process (  292): Sending signal. PID: 292 SIG: 3
I/dalvikvm(  292): threadid=3: reacting to signal 3
D/dalvikvm(  396): GC_CONCURRENT freed 286K, 12% free 2783K/3128K, paused 5ms+457ms, total 673ms
D/dalvikvm(  403): GC_CONCURRENT freed 80K, 5% free 2986K/3124K, paused 4ms+137ms, total 530ms
I/dalvikvm(  355): Wrote stack traces to '/data/anr/traces.txt'
I//system/bin/fsck_msdos(   32): ** Phase 2 - Check Cluster Chains
I//system/bin/fsck_msdos(   32): ** Phase 3 - Checking Directories
I//system/bin/fsck_msdos(   32): ** Phase 4 - Checking for Lost Files
I//system/bin/fsck_msdos(   32): 12 files, 100789 free (201579 clusters)
I/Vold    (   32): Filesystem check completed OK
I/Vold    (   32): Device /dev/block/vold/179:0, target /mnt/sdcard mounted @ /mnt/secure/staging
D/Vold    (   32): Volume sdcard state changing 3 (Checking) -> 4 (Mounted)
D/SystemUIService(  355): loading: class com.android.systemui.power.PowerUI
D/SystemUIService(  355): running: com.android.systemui.power.PowerUI@40e5ba90
D/SystemUIService(  355): loading: class com.android.systemui.media.RingtonePlayer
D/MountService(  292): volume state changed for /mnt/sdcard (checking -> mounted)
I/PackageManager(  292): Updating external media status from unmounted to mounted
D/MountService(  292): sendStorageIntent Intent { act=android.intent.action.MEDIA_MOUNTED dat=file:///mnt/sdcard (has extras) } to UserHandle{-1}
I/Process (  292): Sending signal. PID: 396 SIG: 3
I/dalvikvm(  396): threadid=3: reacting to signal 3
D/SystemUIService(  355): running: com.android.systemui.media.RingtonePlayer@40e5c750
E/VoldConnector(  292): NDC Command {3 volume mount /mnt/sdcard} took too long (24260ms)
I/dalvikvm(  292): Wrote stack traces to '/data/anr/traces.txt'
I/Choreographer(  355): Skipped 5084 frames!  The application may be doing too much work on its main thread.
D/dalvikvm(  355): GC_CONCURRENT freed 230K, 8% free 3801K/4088K, paused 5ms+262ms, total 1038ms
I/dalvikvm(  396): Wrote stack traces to '/data/anr/traces.txt'
D/dalvikvm(  396): GC_CONCURRENT freed 25K, 12% free 2764K/3128K, paused 81ms+62ms, total 269ms
D/MccTable(  396): updateMccMncConfiguration: mcc=310, mnc=260
D/TelephonyManager(  396): getLteOnCdmaMode=0 curVal=-1 product_type='' lteOnCdmaProductType=''
D/MccTable(  396): locale set to en_us
D/MccTable(  396): WIFI_COUNTRY_CODE set to us
E/SurfaceFlinger(   37): ro.sf.lcd_density must be defined as a build property
I/WifiService(  292): WifiService trying to set country code to us with persist set to true
I/ActivityManager(  292): Config changes=1403 {1.0 310mcc260mnc en_US ldltr sw320dp w320dp h508dp 240dpi nrml long port finger qwerty/v/v -nav/h s.4}
W/SurfaceFlinger(   37): createScreenshotSurface failed (Function not implemented)
W/Settings(  396): Setting auto_time_zone has moved from android.provider.Settings.System to android.provider.Settings.Global, returning read-only value.
W/WindowManager(  292): Window freeze timeout expired.
W/WindowManager(  292): Force clearing orientation change: Window{40f3df78 u0 StatusBar}
D/dalvikvm(  292): GC_CONCURRENT freed 1745K, 24% free 5921K/7728K, paused 124ms+9ms, total 315ms
D/dalvikvm(  292): WAIT_FOR_CONCURRENT_GC blocked 16ms
D/dalvikvm(  292): WAIT_FOR_CONCURRENT_GC blocked 97ms
D/dalvikvm(  292): WAIT_FOR_CONCURRENT_GC blocked 96ms
D/MccTable(  396): updateMccMncConfiguration: mcc=310, mnc=260
D/TelephonyManager(  396): getLteOnCdmaMode=0 curVal=-1 product_type='' lteOnCdmaProductType=''
D/MccTable(  396): locale set to en_us
D/MccTable(  396): WIFI_COUNTRY_CODE set to us
I/WifiService(  292): WifiService trying to set country code to us with persist set to true
D/dalvikvm(  292): WAIT_FOR_CONCURRENT_GC blocked 104ms
D/dalvikvm(  292): WAIT_FOR_CONCURRENT_GC blocked 104ms
D/dalvikvm(  292): WAIT_FOR_CONCURRENT_GC blocked 172ms
D/dalvikvm(  292): WAIT_FOR_CONCURRENT_GC blocked 161ms
I/ActivityManager(  292): Config changes=1400 {1.0 310mcc260mnc en_US ldltr sw320dp w320dp h508dp 240dpi nrml long port finger qwerty/v/v -nav/h s.5}
D/PhoneStatusBar(  355): disable: < expand icons alerts ticker system_info BACK* HOME* RECENT* CLOCK* SEARCH* >
D/dalvikvm(  292): WAIT_FOR_CONCURRENT_GC blocked 164ms
I/Choreographer(  355): Skipped 1407 frames!  The application may be doing too much work on its main thread.
D/gralloc_goldfish(  355): Emulator without GPU emulation detected.
D/dalvikvm(  292): GC_EXPLICIT freed 283K, 19% free 6280K/7728K, paused 130ms+66ms, total 1885ms
D/dalvikvm(  403): GC_CONCURRENT freed 179K, 7% free 3192K/3432K, paused 4ms+3ms, total 297ms
W/WindowManager(  292): App freeze timeout expired.
W/WindowManager(  292): Force clearing freeze: AppWindowToken{40f60698 token=Token{40f5e9e0 ActivityRecord{40f5e5a8 u0 com.android.launcher/com.android.launcher2.Launcher}}}
I/Process (  292): Sending signal. PID: 403 SIG: 3
I/dalvikvm(  403): threadid=3: reacting to signal 3
D/dalvikvm(  396): GC_CONCURRENT freed 283K, 11% free 2925K/3264K, paused 4ms+36ms, total 110ms
I/Choreographer(  292): Skipped 1325 frames!  The application may be doing too much work on its main thread.
I/Choreographer(  292): Skipped 40 frames!  The application may be doing too much work on its main thread.
E/ActivityManager(  292): ANR in com.android.systemui
E/ActivityManager(  292): Reason: Executing service com.android.systemui/.ImageWallpaper
E/ActivityManager(  292): Load: 8.0 / 2.04 / 0.69
E/ActivityManager(  292): CPU usage from 4131ms to -11888ms ago:
E/ActivityManager(  292):   22% 292/system_server: 15% user + 7.1% kernel / faults: 3603 minor 5 major
E/ActivityManager(  292):   15% 37/surfaceflinger: 13% user + 2.1% kernel / faults: 4 minor
E/ActivityManager(  292):   7.5% 396/zygote: 4.8% user + 2.6% kernel / faults: 1436 minor 6 major
E/ActivityManager(  292):   7.4% 403/com.android.launcher: 4% user + 3.4% kernel / faults: 7442 minor 5 major
E/ActivityManager(  292):   4.6% 355/com.android.systemui: 3.2% user + 1.3% kernel / faults: 1034 minor 5 major
E/ActivityManager(  292):   4% 464/android.process.acore: 2.4% user + 1.5% kernel / faults: 1336 minor 1 major
E/ActivityManager(  292):   2.6% 85/bootanimation: 2.2% user + 0.3% kernel
E/ActivityManager(  292):   1.3% 503/com.android.contacts: 0.7% user + 0.5% kernel / faults: 724 minor 23 major
E/ActivityManager(  292):   0.8% 488/android.process.media: 0.6% user + 0.1% kernel / faults: 41 minor
E/ActivityManager(  292):   0.3% 36/rild: 0% user + 0.3% kernel
E/ActivityManager(  292):   0.2% 383/com.android.inputmethod.latin: 0.1% user + 0% kernel / faults: 154 minor 1 major
E/ActivityManager(  292):   0.1% 1//init: 0% user + 0% kernel / faults: 11 minor
E/ActivityManager(  292):   0% 29/mmcqd: 0% user + 0% kernel
E/ActivityManager(  292):   0% 32/vold: 0% user + 0% kernel / faults: 3 minor
E/ActivityManager(  292):   0.1% 40/mediaserver: 0% user + 0.1% kernel
E/ActivityManager(  292):   0% 31/servicemanager: 0% user + 0% kernel
E/ActivityManager(  292): 100% TOTAL: 69% user + 30% kernel
E/ActivityManager(  292): CPU usage from 9759ms to 11096ms later:
E/ActivityManager(  292):   25% 292/system_server: 18% user + 7.2% kernel / faults: 101 minor 1 major
E/ActivityManager(  292):     24% 307/UI: 22% user + 2.1% kernel
E/ActivityManager(  292):     10% 309/ActivityManager: 1.4% user + 8.6% kernel
E/ActivityManager(  292):     7.2% 298/Compiler: 5.7% user + 1.4% kernel
E/ActivityManager(  292):     3.6% 308/WindowManager: 2.8% user + 0.7% kernel
E/ActivityManager(  292):     1.4% 460/Binder_6: 1.4% user + 0% kernel
E/ActivityManager(  292):     0.7% 306/er.ServerThread: 0% user + 0.7% kernel
E/ActivityManager(  292):     0.7% 319/PowerManagerSer: 0.7% user + 0% kernel
E/ActivityManager(  292):     0.7% 438/Binder_5: 0.7% user + 0% kernel
E/ActivityManager(  292):   16% 37/surfaceflinger: 14% user + 2.2% kernel / faults: 2 minor
E/ActivityManager(  292):     12% 69/SurfaceFlinger: 12% user + 0.7% kernel
E/ActivityManager(  292):     6.8% 78/VSyncThread: 0% user + 6.8% kernel
E/ActivityManager(  292):     0.7% 37/surfaceflinger: 0.7% user + 0% kernel
E/ActivityManager(  292):     0.7% 84/Binder_1: 0.7% user + 0% kernel
E/ActivityManager(  292):     0.7% 321/Binder_2: 0.7% user + 0% kernel
E/ActivityManager(  292):    +0% 550/Binder_3: 0% user + 0% kernel
E/ActivityManager(  292):   8.6% 396/com.android.phone: 5.9% user + 2.6% kernel / faults: 147 minor
E/ActivityManager(  292):     17% 396/m.android.phone: 11% user + 5.2% kernel
E/ActivityManager(  292):     1.9% 421/Compiler: 0% user + 1.9% kernel
E/ActivityManager(  292):     1.3% 398/GC: 1.3% user + 0% kernel
E/ActivityManager(  292):   2.1% 85/bootanimation: 2.1% user + 0% kernel
E/ActivityManager(  292):     2.9% 103/BootAnimation: 2.9% user + 0% kernel
E/ActivityManager(  292):   2.7% 403/com.android.launcher: 1.8% user + 0.9% kernel / faults: 28 minor
E/ActivityManager(  292):     0.9% 403/ndroid.launcher: 0.9% user + 0% kernel
E/ActivityManager(  292):     0.9% 413/Compiler: 0% user + 0.9% kernel
E/ActivityManager(  292): 100% TOTAL: 73% user + 26% kernel
W/ActivityManager(  292): Killing ProcessRecord{40eeceb0 355:com.android.systemui/u0a10034}: background ANR
E/JavaBinder(  292): !!! FAILED BINDER TRANSACTION !!!
W/BroadcastQueue(  292): Failure sending broadcast Intent { act=android.intent.action.CONFIGURATION_CHANGED flg=0x70000010 }
W/BroadcastQueue(  292): android.os.TransactionTooLargeException
W/BroadcastQueue(  292): 	at android.os.BinderProxy.transact(Native Method)
W/BroadcastQueue(  292): 	at android.app.ApplicationThreadProxy.scheduleRegisteredReceiver(ApplicationThreadNative.java:1009)
W/BroadcastQueue(  292): 	at com.android.server.am.BroadcastQueue.performReceiveLocked(BroadcastQueue.java:373)
W/BroadcastQueue(  292): 	at com.android.server.am.BroadcastQueue.deliverToRegisteredReceiverLocked(BroadcastQueue.java:439)
W/BroadcastQueue(  292): 	at com.android.server.am.BroadcastQueue.processNextBroadcast(BroadcastQueue.java:487)
W/BroadcastQueue(  292): 	at com.android.server.am.BroadcastQueue$1.handleMessage(BroadcastQueue.java:140)
W/BroadcastQueue(  292): 	at android.os.Handler.dispatchMessage(Handler.java:99)
W/BroadcastQueue(  292): 	at android.os.Looper.loop(Looper.java:137)
W/BroadcastQueue(  292): 	at com.android.server.am.ActivityManagerService$AThread.run(ActivityManagerService.java:1480)
I/dalvikvm(  403): Wrote stack traces to '/data/anr/traces.txt'
E/JavaBinder(  292): !!! FAILED BINDER TRANSACTION !!!
D/dalvikvm(  403): GC_CONCURRENT freed 48K, 7% free 3193K/3432K, paused 46ms+3ms, total 145ms
D/dalvikvm(  292): GC_CONCURRENT freed 628K, 15% free 6629K/7728K, paused 5ms+97ms, total 864ms
D/dalvikvm(  292): WAIT_FOR_CONCURRENT_GC blocked 56ms
D/dalvikvm(  292): WAIT_FOR_CONCURRENT_GC blocked 62ms
D/dalvikvm(  292): WAIT_FOR_CONCURRENT_GC blocked 605ms
I/dalvikvm-heap(  292): Grow heap (frag case) to 7.954MB for 1128976-byte allocation
D/dalvikvm(  292): WAIT_FOR_CONCURRENT_GC blocked 68ms
I/dalvikvm-heap(  292): Grow heap (frag case) to 7.956MB for 2194-byte allocation
W/InputDispatcher(  292): channel '40f3df78 StatusBar (server)' ~ Consumer closed input channel or an error occurred.  events=0x9
E/InputDispatcher(  292): channel '40f3df78 StatusBar (server)' ~ Channel is unrecoverably broken and will be disposed!
D/dalvikvm(  292): GC_FOR_ALLOC freed 123K, 10% free 7962K/8832K, paused 258ms, total 258ms
D/dalvikvm(  292): WAIT_FOR_CONCURRENT_GC blocked 336ms
I/WindowState(  292): WIN DEATH: Window{40f3df78 u0 StatusBar}
W/InputDispatcher(  292): Attempted to unregister already unregistered input channel '40f3df78 StatusBar (server)'
W/BroadcastQueue(  292): Failure sending broadcast Intent { act=android.intent.action.CONFIGURATION_CHANGED flg=0x70000010 }
W/BroadcastQueue(  292): android.os.TransactionTooLargeException
W/BroadcastQueue(  292): 	at android.os.BinderProxy.transact(Native Method)
W/BroadcastQueue(  292): 	at android.app.ApplicationThreadProxy.scheduleRegisteredReceiver(ApplicationThreadNative.java:1009)
W/BroadcastQueue(  292): 	at com.android.server.am.BroadcastQueue.performReceiveLocked(BroadcastQueue.java:373)
W/BroadcastQueue(  292): 	at com.android.server.am.BroadcastQueue.deliverToRegisteredReceiverLocked(BroadcastQueue.java:439)
W/BroadcastQueue(  292): 	at com.android.server.am.BroadcastQueue.processNextBroadcast(BroadcastQueue.java:487)
W/BroadcastQueue(  292): 	at com.android.server.am.BroadcastQueue$1.handleMessage(BroadcastQueue.java:140)
W/BroadcastQueue(  292): 	at android.os.Handler.dispatchMessage(Handler.java:99)
W/BroadcastQueue(  292): 	at android.os.Looper.loop(Looper.java:137)
W/BroadcastQueue(  292): 	at com.android.server.am.ActivityManagerService$AThread.run(ActivityManagerService.java:1480)
W/BroadcastQueue(  292): Failure sending broadcast Intent { act=android.intent.action.CONFIGURATION_CHANGED flg=0x70000010 }
W/BroadcastQueue(  292): android.os.DeadObjectException
W/BroadcastQueue(  292): 	at android.os.BinderProxy.transact(Native Method)
W/BroadcastQueue(  292): 	at android.app.ApplicationThreadProxy.scheduleRegisteredReceiver(ApplicationThreadNative.java:1009)
W/BroadcastQueue(  292): 	at com.android.server.am.BroadcastQueue.performReceiveLocked(BroadcastQueue.java:373)
W/BroadcastQueue(  292): 	at com.android.server.am.BroadcastQueue.deliverToRegisteredReceiverLocked(BroadcastQueue.java:439)
W/BroadcastQueue(  292): 	at com.android.server.am.BroadcastQueue.processNextBroadcast(BroadcastQueue.java:487)
W/BroadcastQueue(  292): 	at com.android.server.am.BroadcastQueue$1.handleMessage(BroadcastQueue.java:140)
W/BroadcastQueue(  292): 	at android.os.Handler.dispatchMessage(Handler.java:99)
W/BroadcastQueue(  292): 	at android.os.Looper.loop(Looper.java:137)
W/BroadcastQueue(  292): 	at com.android.server.am.ActivityManagerService$AThread.run(ActivityManagerService.java:1480)
I/ActivityManager(  292): Process com.android.systemui (pid 355) has died.
W/ActivityManager(  292): Scheduling restart of crashed service com.android.systemui/.ImageWallpaper in 0ms
W/ActivityManager(  292): Scheduling restart of crashed service com.android.systemui/.SystemUIService in 0ms
I/ActivityManager(  292): Start proc com.android.systemui for restart com.android.systemui: pid=557 uid=10034 gids={50034, 1028, 1015, 3002, 3001}
D/dalvikvm(   38): GC_EXPLICIT freed 34K, 4% free 2381K/2472K, paused 3ms+12ms, total 69ms
W/GpsLocationProvider(  292): Could not open GPS configuration file /etc/gps.conf
D/dalvikvm(   38): GC_EXPLICIT freed <1K, 4% free 2381K/2472K, paused 3ms+15ms, total 58ms
D/dalvikvm(   38): GC_EXPLICIT freed <1K, 4% free 2382K/2472K, paused 3ms+3ms, total 151ms
D/dalvikvm(  292): GC_EXPLICIT freed 967K, 20% free 7413K/9188K, paused 194ms+74ms, total 836ms
I/Choreographer(  292): Skipped 507 frames!  The application may be doing too much work on its main thread.
V/TAG     (  292): bug 7643792: fitSystemWindows([0,0][0,0])
W/ServiceWatcher(  292): com.google.android.location not found
W/ServiceWatcher(  292): com.google.android.location not found
W/LocationManagerService(  292): no network location provider found
W/ServiceWatcher(  292): com.google.android.location not found
E/Trace   (  557): error opening trace file: No such file or directory (2)
I/Choreographer(  292): Skipped 140 frames!  The application may be doing too much work on its main thread.
E/VoldConnector(  292): NDC Command {4 asec list} took too long (3348ms)
I/PackageManager(  292): No secure containers on sdcard
W/Launcher.Model(  403): LoaderTask running with no launcher (loadAllAppsByBatch)
I/AccountTypeManager(  503): Loaded meta-data for 1 account types, 0 accounts in 971ms(wall) 80ms(cpu)
D/dalvikvm(  396): GC_CONCURRENT freed 478K, 16% free 2880K/3416K, paused 5ms+20ms, total 131ms
D/SystemUIService(  557): loading: class com.android.systemui.statusbar.phone.PhoneStatusBar
D/SystemUIService(  557): running: com.android.systemui.statusbar.phone.PhoneStatusBar@40cdc720
I/StatusBarManagerService(  292): registerStatusBar bar=com.android.internal.statusbar.IStatusBar$Stub$Proxy@41047bb0
D/dalvikvm(  403): GC_CONCURRENT freed 262K, 9% free 3345K/3672K, paused 15ms+307ms, total 533ms
D/dalvikvm(  557): GC_CONCURRENT freed 123K, 7% free 2670K/2852K, paused 8ms+2ms, total 130ms
D/dalvikvm(  557): WAIT_FOR_CONCURRENT_GC blocked 122ms
I/dalvikvm-heap(  557): Grow heap (frag case) to 3.265MB for 635812-byte allocation
D/dalvikvm(  557): GC_CONCURRENT freed 5K, 6% free 3286K/3476K, paused 12ms+2ms, total 51ms
D/dalvikvm(  557): WAIT_FOR_CONCURRENT_GC blocked 23ms
W/PackageManager(  292): Unknown permission com.google.android.googleapps.permission.GOOGLE_AUTH.mail in package com.android.contacts
W/PackageManager(  292): Unknown permission android.permission.ADD_SYSTEM_SERVICE in package com.android.phone
W/PackageManager(  292): Unknown permission com.android.smspush.WAPPUSH_MANAGER_BIND in package com.android.phone
W/PackageManager(  292): Unknown permission com.google.android.googleapps.permission.GOOGLE_AUTH in package com.android.providers.calendar
W/PackageManager(  292): Unknown permission com.google.android.googleapps.permission.GOOGLE_AUTH.cl in package com.android.providers.calendar
W/PackageManager(  292): Unknown permission com.google.android.googleapps.permission.GOOGLE_AUTH.mail in package com.android.calendar
W/PackageManager(  292): Not granting permission android.permission.SEND_DOWNLOAD_COMPLETED_INTENTS to package com.android.browser (protectionLevel=2 flags=0x89be45)
W/PackageManager(  292): Not granting permission android.permission.BIND_APPWIDGET to package com.android.widgetpreview (protectionLevel=18 flags=0x8be44)
W/PackageManager(  292): Unknown permission com.google.android.googleapps.permission.GOOGLE_AUTH in package com.android.settings
W/PackageManager(  292): Unknown permission com.google.android.gallery3d.permission.GALLERY_PROVIDER in package com.android.exchange
W/PackageManager(  292): Unknown permission com.google.android.googleapps.permission.ACCESS_GOOGLE_PASSWORD in package com.android.development
W/PackageManager(  292): Unknown permission com.google.android.googleapps.permission.GOOGLE_AUTH in package com.android.development
W/PackageManager(  292): Unknown permission com.google.android.googleapps.permission.GOOGLE_AUTH.ALL_SERVICES in package com.android.development
W/PackageManager(  292): Unknown permission com.google.android.googleapps.permission.GOOGLE_AUTH.YouTubeUser in package com.android.development
W/PackageManager(  292): Unknown permission com.google.android.gallery3d.permission.GALLERY_PROVIDER in package com.android.email
W/PackageManager(  292): Not granting permission android.permission.DEVICE_POWER to package com.android.deskclock (protectionLevel=2 flags=0x88be45)
I/ActivityManager(  292): Start proc com.android.location.fused for service com.android.location.fused/.FusedLocationService: pid=578 uid=10022 gids={50022, 1028}
W/ServiceWatcher(  292): com.google.android.location not found
E/LocationManagerService(  292): no geocoder provider found
E/BluetoothAdapter(  557): Bluetooth binder is null
E/BluetoothAdapter(  557): Bluetooth binder is null
E/Trace   (  578): error opening trace file: No such file or directory (2)
E/BluetoothAdapter(  557): Bluetooth binder is null
I/RecoverySystem(  292): No recovery log file
W/WallpaperService(  292): Failed attaching wallpaper; clearing
W/WallpaperService(  292): android.os.DeadObjectException
W/WallpaperService(  292): 	at android.os.BinderProxy.transact(Native Method)
W/WallpaperService(  292): 	at android.service.wallpaper.IWallpaperService$Stub$Proxy.attach(IWallpaperService.java:95)
W/WallpaperService(  292): 	at com.android.server.WallpaperManagerService.attachServiceLocked(WallpaperManagerService.java:960)
W/WallpaperService(  292): 	at com.android.server.WallpaperManagerService$WallpaperConnection.onServiceConnected(WallpaperManagerService.java:233)
W/WallpaperService(  292): 	at android.app.LoadedApk$ServiceDispatcher.doConnected(LoadedApk.java:1101)
W/WallpaperService(  292): 	at android.app.LoadedApk$ServiceDispatcher$RunConnection.run(LoadedApk.java:1118)
W/WallpaperService(  292): 	at android.os.Handler.handleCallback(Handler.java:725)
W/WallpaperService(  292): 	at android.os.Handler.dispatchMessage(Handler.java:92)
W/WallpaperService(  292): 	at android.os.Looper.loop(Looper.java:137)
W/WallpaperService(  292): 	at com.android.server.ServerThread.run(SystemServer.java:1000)
I/Choreographer(  403): Skipped 3831 frames!  The application may be doing too much work on its main thread.
W/WindowManager(  292): ***** BOOT TIMEOUT: forcing display enabled
I/SurfaceFlinger(   37): Boot is finished (81414 ms)
I/ActivityManager(  292): Start proc com.android.deskclock for broadcast com.android.deskclock/.AlarmInitReceiver: pid=594 uid=10006 gids={50006, 1028}
I/ActivityManager(  292): Config changes=1400 {1.0 310mcc260mnc en_US ldltr sw320dp w320dp h508dp 240dpi nrml long port finger qwerty/v/v -nav/h s.6}
I/PowerManagerService(  292): Boot animation finished.
I/Choreographer(  292): Skipped 80 frames!  The application may be doing too much work on its main thread.
D/dalvikvm(  292): GC_CONCURRENT freed 2948K, 38% free 5727K/9184K, paused 194ms+52ms, total 818ms
D/dalvikvm(  292): WAIT_FOR_CONCURRENT_GC blocked 27ms
D/dalvikvm(  292): WAIT_FOR_CONCURRENT_GC blocked 125ms
D/dalvikvm(  292): WAIT_FOR_CONCURRENT_GC blocked 122ms
D/dalvikvm(  292): WAIT_FOR_CONCURRENT_GC blocked 53ms
E/SurfaceFlinger(   37): ro.sf.lcd_density must be defined as a build property
D/dalvikvm(  292): WAIT_FOR_CONCURRENT_GC blocked 191ms
D/Launcher.Model(  403): Reload apps on config change. curr_mcc:310 prevmcc:0
E/Trace   (  594): error opening trace file: No such file or directory (2)
D/gralloc_goldfish(  403): Emulator without GPU emulation detected.
D/dalvikvm(  557): GC_CONCURRENT freed 67K, 4% free 3654K/3780K, paused 3ms+10ms, total 126ms
D/dalvikvm(  403): GC_CONCURRENT freed 104K, 5% free 3633K/3812K, paused 10ms+22ms, total 188ms
I/ActivityManager(  292): Displayed com.android.launcher/com.android.launcher2.Launcher: +43s662ms
E/BluetoothAdapter(  557): Bluetooth binder is null
D/ConnectivityService(  292): ConnectivityChange for mobile: CONNECTED/CONNECTED
V/AlarmClock(  594): No next alarm
V/AlarmClock(  594): AlarmInitReceiver - Reset timers and clear stopwatch data
V/AlarmClock(  594): No next alarm
V/AlarmClock(  594): AlarmInitReceiver finished
D/dalvikvm(  292): GC_CONCURRENT freed 539K, 35% free 6028K/9184K, paused 40ms+8ms, total 318ms
D/dalvikvm(  292): WAIT_FOR_CONCURRENT_GC blocked 36ms
D/dalvikvm(  292): WAIT_FOR_CONCURRENT_GC blocked 116ms
D/dalvikvm(  292): WAIT_FOR_CONCURRENT_GC blocked 50ms
D/dalvikvm(  292): WAIT_FOR_CONCURRENT_GC blocked 155ms
D/dalvikvm(  292): WAIT_FOR_CONCURRENT_GC blocked 163ms
D/dalvikvm(  292): WAIT_FOR_CONCURRENT_GC blocked 150ms
D/PhoneStatusBar(  557): disable: < expand icons alerts ticker system_info BACK* HOME* RECENT* CLOCK* SEARCH* >
E/BluetoothAdapter(  557): Bluetooth binder is null
D/SystemUIService(  557): loading: class com.android.systemui.power.PowerUI
D/SystemUIService(  557): running: com.android.systemui.power.PowerUI@40e4c8e8
D/SystemUIService(  557): loading: class com.android.systemui.media.RingtonePlayer
D/SystemUIService(  557): running: com.android.systemui.media.RingtonePlayer@40e4d6c8
D/dalvikvm(  292): GC_CONCURRENT freed 377K, 29% free 6567K/9184K, paused 9ms+7ms, total 147ms
D/dalvikvm(  292): WAIT_FOR_CONCURRENT_GC blocked 41ms
D/dalvikvm(  292): WAIT_FOR_CONCURRENT_GC blocked 45ms
I/Choreographer(  557): Skipped 1886 frames!  The application may be doing too much work on its main thread.
D/dalvikvm(  292): WAIT_FOR_CONCURRENT_GC blocked 55ms
I/Choreographer(  292): Skipped 869 frames!  The application may be doing too much work on its main thread.
V/TAG     (  292): bug 7643792: fitSystemWindows([0,38][0,0])
I/Choreographer(  292): Skipped 39 frames!  The application may be doing too much work on its main thread.
E/SurfaceFlinger(   37): ro.sf.lcd_density must be defined as a build property
D/dalvikvm(  292): GC_FOR_ALLOC freed 357K, 30% free 6517K/9184K, paused 161ms, total 195ms
I/dalvikvm-heap(  292): Grow heap (frag case) to 7.501MB for 1128976-byte allocation
D/dalvikvm(  292): GC_FOR_ALLOC freed 890K, 27% free 6730K/9184K, paused 91ms, total 92ms
D/dalvikvm(  557): GC_CONCURRENT freed 272K, 9% free 3793K/4124K, paused 5ms+46ms, total 148ms
I/Choreographer(  292): Skipped 200 frames!  The application may be doing too much work on its main thread.
D/dalvikvm(  292): GC_CONCURRENT freed 15K, 27% free 6719K/9184K, paused 39ms+16ms, total 492ms
I/Choreographer(  292): Skipped 63 frames!  The application may be doing too much work on its main thread.
E/SurfaceFlinger(   37): ro.sf.lcd_density must be defined as a build property
I/Choreographer(  292): Skipped 63 frames!  The application may be doing too much work on its main thread.
D/dalvikvm(  557): GC_FOR_ALLOC freed 51K, 9% free 3789K/4124K, paused 247ms, total 252ms
I/dalvikvm-heap(  557): Grow heap (frag case) to 9.865MB for 6410576-byte allocation
D/dalvikvm(  557): GC_CONCURRENT freed 1K, 4% free 10047K/10388K, paused 12ms+16ms, total 58ms
D/dalvikvm(  557): WAIT_FOR_CONCURRENT_GC blocked 26ms
D/dalvikvm(  557): GC_FOR_ALLOC freed <1K, 4% free 10048K/10388K, paused 22ms, total 22ms
I/dalvikvm-heap(  557): Grow heap (frag case) to 12.561MB for 2828816-byte allocation
I/FusedLocation(  578): engine started (com.android.location.fused)
D/dalvikvm(  557): GC_CONCURRENT freed 0K, 3% free 12810K/13152K, paused 4ms+4ms, total 36ms
D/dalvikvm(  557): WAIT_FOR_CONCURRENT_GC blocked 32ms
D/gralloc_goldfish(  557): Emulator without GPU emulation detected.
D/Tethering(  292): MasterInitialState.processMessage what=3
I/Choreographer(  557): Skipped 719 frames!  The application may be doing too much work on its main thread.
I/Choreographer(  292): Skipped 32 frames!  The application may be doing too much work on its main thread.
I/Choreographer(  292): Skipped 32 frames!  The application may be doing too much work on its main thread.
I/Choreographer(  557): Skipped 77 frames!  The application may be doing too much work on its main thread.
I/ActivityManager(  292): Start proc com.android.email for broadcast com.android.email/.service.EmailBroadcastReceiver: pid=620 uid=10019 gids={50019, 3003, 1015, 1028}
E/Trace   (  620): error opening trace file: No such file or directory (2)
I/ActivityManager(  292): Start proc com.android.exchange for service com.android.exchange/.ExchangeService: pid=637 uid=10032 gids={50032, 3003, 1015, 1028}
I/ActivityManager(  292): Start proc com.android.providers.calendar for broadcast com.android.providers.calendar/.CalendarReceiver: pid=645 uid=10023 gids={50023, 3003, 1015, 1028}
E/Trace   (  637): error opening trace file: No such file or directory (2)
E/Trace   (  645): error opening trace file: No such file or directory (2)
I/ActivityManager(  292): Start proc com.android.mms for broadcast com.android.mms/.transaction.MmsSystemEventReceiver: pid=673 uid=10029 gids={50029, 3003, 1015, 1028}
E/Trace   (  673): error opening trace file: No such file or directory (2)
D/Eas Debug(  637): Logging: 
D/CountryDetector(  292): The first listener is added
V/MmsConfig(  673): mnc/mcc: 310260
V/MmsConfig(  673): tag: bool value: enabledMMS - true
V/MmsConfig(  673): tag: int value: maxMessageSize - 307200
V/MmsConfig(  673): tag: int value: maxImageHeight - 480
V/MmsConfig(  673): tag: int value: maxImageWidth - 640
V/MmsConfig(  673): tag: int value: defaultSMSMessagesPerThread - 500
V/MmsConfig(  673): tag: int value: defaultMMSMessagesPerThread - 50
V/MmsConfig(  673): tag: int value: minMessageCountPerThread - 10
V/MmsConfig(  673): tag: int value: maxMessageCountPerThread - 5000
V/MmsConfig(  673): tag: string value: uaProfUrl - http://www.google.com/oha/rdf/ua-profile-kila.xml
V/MmsConfig(  673): tag: int value: recipientLimit - -1
V/MmsConfig(  673): tag: bool value: enableMultipartSMS - true
V/MmsConfig(  673): tag: int value: smsToMmsTextThreshold - -1
V/MmsConfig(  673): tag: bool value: enableSlideDuration - true
V/MmsConfig(  673): tag: int value: maxMessageTextSize - -1
D/dalvikvm(  292): GREF has increased to 501
D/ExchangeService(  637): !!! EAS ExchangeService, onCreate
D/ExchangeService(  637): !!! EAS ExchangeService, onStartCommand, startingUp = false, running = false
D/ExchangeService(  637): !!! EAS ExchangeService, onStartCommand, startingUp = true, running = false
I/ActivityManager(  292): Start proc com.android.settings for broadcast com.android.settings/.widget.SettingsAppWidgetProvider: pid=699 uid=1000 gids={41000, 1015, 1028, 3002, 3001, 3003}
E/Trace   (  699): error opening trace file: No such file or directory (2)
E/BluetoothAdapter(  699): Bluetooth binder is null
D/MediaScannerReceiver(  488): action: android.intent.action.MEDIA_MOUNTED path: /mnt/sdcard
E/BluetoothAdapter(  699): Bluetooth binder is null
E/BluetoothAdapter(  699): Bluetooth binder is null
D/dalvikvm(  403): GC_CONCURRENT freed 715K, 20% free 3327K/4128K, paused 18ms+10ms, total 68ms
D/dalvikvm(  403): GC_FOR_ALLOC freed 80K, 20% free 3312K/4128K, paused 22ms, total 24ms
I/dalvikvm-heap(  403): Grow heap (frag case) to 3.780MB for 518416-byte allocation
D/dalvikvm(  403): GC_CONCURRENT freed 2K, 18% free 3816K/4636K, paused 15ms+3ms, total 36ms
D/dalvikvm(  403): WAIT_FOR_CONCURRENT_GC blocked 12ms
D/dalvikvm(  403): GC_FOR_ALLOC freed <1K, 18% free 3817K/4636K, paused 24ms, total 25ms
I/dalvikvm-heap(  403): Grow heap (frag case) to 4.273MB for 518416-byte allocation
D/dalvikvm(  403): GC_CONCURRENT freed <1K, 16% free 4323K/5144K, paused 14ms+42ms, total 111ms
D/dalvikvm(  403): WAIT_FOR_CONCURRENT_GC blocked 98ms
D/dalvikvm(  403): GC_FOR_ALLOC freed <1K, 16% free 4324K/5144K, paused 42ms, total 43ms
I/dalvikvm-heap(  403): Grow heap (frag case) to 4.768MB for 518416-byte allocation
D/dalvikvm(  403): GC_FOR_ALLOC freed <1K, 15% free 4830K/5652K, paused 25ms, total 25ms
D/dalvikvm(  403): GREF has increased to 201
I/Choreographer(  403): Skipped 117 frames!  The application may be doing too much work on its main thread.
I/Choreographer(  403): Skipped 85 frames!  The application may be doing too much work on its main thread.
D/ExchangeService(  637): !!! EAS ExchangeService, onStartCommand, startingUp = true, running = false
D/Eas Debug(  637): Logging: 
I/CalendarProvider2(  645): Sending notification intent: Intent { act=android.intent.action.PROVIDER_CHANGED dat=content://com.android.calendar }
W/ContentResolver(  645): Failed to get type for: content://com.android.calendar (Unknown URL content://com.android.calendar)
I/ActivityManager(  292): Start proc com.android.calendar for broadcast com.android.calendar/.alerts.AlertReceiver: pid=724 uid=10004 gids={50004, 3003, 1028}
E/Trace   (  724): error opening trace file: No such file or directory (2)
D/AlertReceiver(  724): onReceive: a=android.intent.action.PROVIDER_CHANGED Intent { act=android.intent.action.PROVIDER_CHANGED dat=content://com.android.calendar flg=0x10 cmp=com.android.calendar/.alerts.AlertReceiver }
D/AlertService(  724): 0 Action = android.intent.action.PROVIDER_CHANGED
D/AlertService(  724): Beginning updateAlertNotification
D/MmsSmsDatabaseHelper(  396): [MmsSmsDb] tableName: threads hasAutoIncrement: CREATE TABLE threads (_id INTEGER PRIMARY KEY AUTOINCREMENT,date INTEGER DEFAULT 0,message_count INTEGER DEFAULT 0,recipient_ids TEXT,snippet TEXT,snippet_cs INTEGER DEFAULT 0,read INTEGER DEFAULT 1,type INTEGER DEFAULT 0,error INTEGER DEFAULT 0,has_attachment INTEGER DEFAULT 0) result: true
D/Mms:app (  673): cancelNotification
D/AlertService(  724): No fired or scheduled alerts
D/MmsSmsDatabaseHelper(  396): [MmsSmsDb] tableName: canonical_addresses hasAutoIncrement: CREATE TABLE canonical_addresses (_id INTEGER PRIMARY KEY AUTOINCREMENT,address TEXT) result: true
D/MmsSmsDatabaseHelper(  396): [MmsSmsDb] tableName: part hasAutoIncrement: CREATE TABLE part (_id INTEGER PRIMARY KEY AUTOINCREMENT,mid INTEGER,seq INTEGER DEFAULT 0,ct TEXT,name TEXT,chset INTEGER,cd TEXT,fn TEXT,cid TEXT,cl TEXT,ctt_s INTEGER,ctt_t TEXT,_data TEXT,text TEXT) result: true
D/MmsSmsDatabaseHelper(  396): [MmsSmsDb] tableName: pdu hasAutoIncrement: CREATE TABLE pdu (_id INTEGER PRIMARY KEY AUTOINCREMENT,thread_id INTEGER,date INTEGER,date_sent INTEGER DEFAULT 0,msg_box INTEGER,read INTEGER DEFAULT 0,m_id TEXT,sub TEXT,sub_cs INTEGER,ct_t TEXT,ct_l TEXT,exp INTEGER,m_cls TEXT,m_type INTEGER,v INTEGER,m_size INTEGER,pri INTEGER,rr INTEGER,rpt_a INTEGER,resp_st INTEGER,st INTEGER,tr_id TEXT,retr_st INTEGER,retr_txt TEXT,retr_txt_cs INTEGER,read_status INTEGER,ct_cls INTEGER,resp_txt TEXT,d_tm INTEGER,d_rpt INTEGER,locked INTEGER DEFAULT 0,seen INTEGER DEFAULT 0,text_only INTEGER DEFAULT 0) result: true
D/MmsSmsDatabaseHelper(  396): [getWritableDatabase] hasAutoIncrementThreads: true hasAutoIncrementAddresses: true hasAutoIncrementPart: true hasAutoIncrementPdu: true
D/dalvikvm(  396): GREF has increased to 201
D/Mms:app (  673): cancelNotification
D/EmailProvider(  620): fromDatabase accounts: 0
D/EmailProvider(  620): ending toDatabase transaction; copyCount = 0
D/EmailProvider(  620): ending fromDatabase transaction; copyCount = 0
D/dalvikvm(  488): GC_CONCURRENT freed 200K, 10% free 2564K/2820K, paused 11ms+3ms, total 66ms
D/dalvikvm(  488): GREF has increased to 201
W/ActivityManager(  292): Unable to start service Intent { cmp=com.android.email/.service.AttachmentDownloadService } U=0: not found
W/ActivityManager(  292): Unable to start service Intent { cmp=com.android.email/.service.AttachmentDownloadService } U=0: not found
D/ExchangeService(  637): !!! EAS ExchangeService, onStartCommand, startingUp = true, running = false
W/ActivityManager(  292): Unable to start service Intent { cmp=com.android.email/.service.AttachmentDownloadService } U=0: not found
D/dalvikvm(  620): GC_CONCURRENT freed 197K, 10% free 2585K/2844K, paused 34ms+3ms, total 111ms
W/MediaProvider(  488): no database for scanned volume external
D/dalvikvm(  403): GC_CONCURRENT freed 306K, 8% free 5223K/5652K, paused 5ms+3ms, total 40ms
W/MediaScanner(  488): Error opening directory '/mnt/sdcard/.android_secure/', skipping: Permission denied.
D/dalvikvm(  292): GC_EXPLICIT freed 1449K, 36% free 5713K/8832K, paused 4ms+8ms, total 87ms
V/MediaScanner(  488): pruneDeadThumbnailFiles... android.database.sqlite.SQLiteCursor@40d108f8
V/MediaScanner(  488): /pruneDeadThumbnailFiles... android.database.sqlite.SQLiteCursor@40d108f8
W/MediaScanner(  488): Error opening directory '/mnt/sdcard/.android_secure/', skipping: Permission denied.
V/MediaScanner(  488): pruneDeadThumbnailFiles... android.database.sqlite.SQLiteCursor@40cc9500
V/MediaScanner(  488): /pruneDeadThumbnailFiles... android.database.sqlite.SQLiteCursor@40cc9500
D/dalvikvm(  292): GC_EXPLICIT freed 89K, 36% free 5686K/8832K, paused 4ms+7ms, total 73ms
I/AudioService(  292):  AudioFocus  abandonAudioFocus() from android.media.AudioManager@40cd89d8com.android.music.MediaPlaybackService$3@40cd75f8
D/ExchangeService(  637): Received deviceId from Email app: androidc259148960
D/ExchangeService(  637): Reconciling accounts...
I/dalvikvm(  292): Jit: resizing JitTable from 4096 to 8192
E/ThrottleService(  292): problem during onPollAlarm: java.lang.IllegalStateException: problem parsing stats: java.io.FileNotFoundException: /proc/net/xt_qtaguid/iface_stat_all: open failed: ENOENT (No such file or directory)
I/Choreographer(  292): Skipped 49 frames!  The application may be doing too much work on its main thread.
I/Choreographer(  292): Skipped 96 frames!  The application may be doing too much work on its main thread.
W/SoundPool(  292):   sample 0 not READY
D/PhoneStatusBar(  557): disable: < expand icons alerts ticker system_info BACK HOME recent* CLOCK search* >
I/ARMAssembler(   37): generated scanline__00000077:03515104_00009001_00000000 [131 ipp] (153 ins) at [0x40c731f0:0x40c73454] in 8262001 ns
D/PhoneStatusBar(  557): disable: < expand icons alerts ticker system_info back* home* recent clock* search >
I/Choreographer(  292): Skipped 87 frames!  The application may be doing too much work on its main thread.
I/Choreographer(  292): Skipped 145 frames!  The application may be doing too much work on its main thread.
D/dalvikvm(  292): GC_CONCURRENT freed 686K, 36% free 5712K/8832K, paused 9ms+145ms, total 1211ms
I/Choreographer(  292): Skipped 187 frames!  The application may be doing too much work on its main thread.
V/TAG     (  292): bug 7643792: fitSystemWindows([0,38][0,0])
D/dalvikvm(  403): GC_FOR_ALLOC freed 713K, 13% free 5230K/6000K, paused 29ms, total 42ms
I/dalvikvm-heap(  403): Grow heap (frag case) to 6.257MB for 1152016-byte allocation
D/dalvikvm(  403): GC_CONCURRENT freed 8K, 11% free 6346K/7128K, paused 5ms+5ms, total 34ms
D/dalvikvm(  403): WAIT_FOR_CONCURRENT_GC blocked 16ms
D/dalvikvm(  403): GC_FOR_ALLOC freed 0K, 11% free 6348K/7128K, paused 26ms, total 26ms
I/dalvikvm-heap(  403): Grow heap (frag case) to 7.493MB for 1302088-byte allocation
D/dalvikvm(  403): GC_CONCURRENT freed 0K, 10% free 7620K/8400K, paused 4ms+5ms, total 35ms
D/dalvikvm(  403): WAIT_FOR_CONCURRENT_GC blocked 23ms
I/Choreographer(  403): Skipped 41 frames!  The application may be doing too much work on its main thread.
I/Choreographer(  403): Skipped 34 frames!  The application may be doing too much work on its main thread.
I/Choreographer(  403): Skipped 32 frames!  The application may be doing too much work on its main thread.
I/Choreographer(  403): Skipped 36 frames!  The application may be doing too much work on its main thread.
I/Choreographer(  403): Skipped 40 frames!  The application may be doing too much work on its main thread.
D/dalvikvm(  403): GC_FOR_ALLOC freed 6K, 10% free 7626K/8400K, paused 94ms, total 94ms
I/dalvikvm-heap(  403): Grow heap (frag case) to 8.873MB for 1440016-byte allocation
D/dalvikvm(  403): GC_FOR_ALLOC freed 0K, 8% free 9033K/9808K, paused 29ms, total 29ms
D/dalvikvm(  403): GC_FOR_ALLOC freed 71K, 7% free 9547K/10160K, paused 54ms, total 65ms
D/dalvikvm(  403): GC_FOR_ALLOC freed 361K, 7% free 10712K/11432K, paused 36ms, total 39ms
I/dalvikvm-heap(  403): Grow heap (frag case) to 11.907MB for 1463056-byte allocation
D/dalvikvm(  403): GC_FOR_ALLOC freed 1K, 6% free 12139K/12864K, paused 38ms, total 38ms
D/dalvikvm(  403): GC_FOR_ALLOC freed <1K, 6% free 12140K/12864K, paused 38ms, total 38ms
I/dalvikvm-heap(  403): Grow heap (frag case) to 13.302MB for 1463056-byte allocation
D/dalvikvm(  403): GC_FOR_ALLOC freed 0K, 6% free 13568K/14296K, paused 36ms, total 37ms
D/dalvikvm(  403): GC_FOR_ALLOC freed 455K, 5% free 14481K/15216K, paused 40ms, total 45ms
D/dalvikvm(  403): GC_FOR_ALLOC freed 134K, 5% free 15438K/16120K, paused 59ms, total 60ms
I/Choreographer(  403): Skipped 442 frames!  The application may be doing too much work on its main thread.
D/dalvikvm(  403): GC_FOR_ALLOC freed 2338K, 16% free 14299K/16936K, paused 91ms, total 93ms
D/dalvikvm(  403): GC_FOR_ALLOC freed 4K, 9% free 15554K/16936K, paused 90ms, total 90ms
I/dalvikvm-heap(  403): Grow heap (frag case) to 16.635MB for 1463056-byte allocation
D/dalvikvm(  403): GC_FOR_ALLOC freed <1K, 8% free 16982K/18368K, paused 69ms, total 69ms
I/Choreographer(  403): Skipped 214 frames!  The application may be doing too much work on its main thread.
D/dalvikvm(  403): GC_FOR_ALLOC freed 5027K, 28% free 13768K/19056K, paused 43ms, total 53ms
D/dalvikvm(  403): GC_CONCURRENT freed 1298K, 24% free 14509K/19056K, paused 4ms+5ms, total 78ms
D/dalvikvm(  403): WAIT_FOR_CONCURRENT_GC blocked 26ms
D/dalvikvm(  403): WAIT_FOR_CONCURRENT_GC blocked 53ms
D/dalvikvm(  403): WAIT_FOR_CONCURRENT_GC blocked 59ms
D/dalvikvm(  403): GC_CONCURRENT freed 830K, 18% free 15640K/19056K, paused 5ms+5ms, total 101ms
D/dalvikvm(  403): WAIT_FOR_CONCURRENT_GC blocked 87ms
D/dalvikvm(  403): WAIT_FOR_CONCURRENT_GC blocked 100ms
D/dalvikvm(  403): GC_FOR_ALLOC freed 2601K, 28% free 13763K/19056K, paused 39ms, total 47ms
D/dalvikvm(  403): GC_FOR_ALLOC freed 1473K, 28% free 13722K/19056K, paused 40ms, total 40ms
I/Choreographer(  403): Skipped 38 frames!  The application may be doing too much work on its main thread.
I/Choreographer(  403): Skipped 38 frames!  The application may be doing too much work on its main thread.
I/Choreographer(  403): Skipped 30 frames!  The application may be doing too much work on its main thread.
D/dalvikvm(  403): GC_FOR_ALLOC freed 4825K, 46% free 10361K/19056K, paused 40ms, total 42ms
D/dalvikvm(  403): GC_FOR_ALLOC freed 1K, 39% free 11638K/19056K, paused 39ms, total 39ms
D/dalvikvm(  403): GC_FOR_ALLOC freed <1K, 33% free 12916K/19056K, paused 40ms, total 40ms
I/Choreographer(  403): Skipped 66 frames!  The application may be doing too much work on its main thread.
I/Choreographer(  403): Skipped 38 frames!  The application may be doing too much work on its main thread.
I/Choreographer(  403): Skipped 37 frames!  The application may be doing too much work on its main thread.
I/Choreographer(  403): Skipped 35 frames!  The application may be doing too much work on its main thread.
I/ActivityManager(  292): START u0 {act=android.intent.action.MAIN cat=[android.intent.category.LAUNCHER] flg=0x10200000 cmp=it.unina.android.ripper_service/.MainActivity} from pid 403
D/PermissionCache(   37): checking android.permission.READ_FRAME_BUFFER for uid=1000 => granted (827 us)
W/WindowManager(  292): Failure taking screenshot for (246x410) to layer 21005
D/dalvikvm(  818): Not late-enabling CheckJNI (already on)
I/ActivityManager(  292): Start proc it.unina.android.ripper_service for activity it.unina.android.ripper_service/.MainActivity: pid=818 uid=10047 gids={50047, 3003, 1028}
E/SurfaceFlinger(   37): ro.sf.lcd_density must be defined as a build property
E/Trace   (  818): error opening trace file: No such file or directory (2)
E/SurfaceFlinger(   37): ro.sf.lcd_density must be defined as a build property
D/gralloc_goldfish(  818): Emulator without GPU emulation detected.
I/ActivityManager(  292): Displayed it.unina.android.ripper_service/.MainActivity: +1s457ms
I/Choreographer(  403): Skipped 43 frames!  The application may be doing too much work on its main thread.
D/dalvikvm(  832): Not late-enabling CheckJNI (already on)
I/ActivityManager(  292): Start proc it.unina.android.ripper_service:android_ripper_service_process for service it.unina.android.ripper_service/.AndroidRipperService: pid=832 uid=10047 gids={50047, 3003, 1028}
E/Trace   (  832): error opening trace file: No such file or directory (2)
V/AndroidRipperService(  832): onCreate()
V/SERVER  (  832): Starting ServerSocket on PORT 8888
V/SERVER  (  832): Started ServerSocket on PORT 8888
V/SERVER  (  832): Ready to accept connections on port: 8888
V/AndroidRipperService(  832): onDestroy()
V/SERVER  (  832): Stopping ServerSocket on PORT 8888
V/SERVER  (  832): Stopped ServerSocket on PORT 8888
V/AndroidRipperService(  832): onCreate()
V/SERVER  (  832): Starting ServerSocket on PORT 8888
D/AndroidRuntime(  832): Shutting down VM
W/dalvikvm(  832): threadid=1: thread exiting with uncaught exception (group=0x40a71930)
E/AndroidRuntime(  832): FATAL EXCEPTION: main
E/AndroidRuntime(  832): java.lang.RuntimeException: Unable to create service it.unina.android.ripper_service.AndroidRipperService: java.lang.RuntimeException: Error in Server Socket: bind failed: EADDRINUSE (Address already in use)
E/AndroidRuntime(  832): 	at android.app.ActivityThread.handleCreateService(ActivityThread.java:2539)
E/AndroidRuntime(  832): 	at android.app.ActivityThread.access$1600(ActivityThread.java:141)
E/AndroidRuntime(  832): 	at android.app.ActivityThread$H.handleMessage(ActivityThread.java:1316)
E/AndroidRuntime(  832): 	at android.os.Handler.dispatchMessage(Handler.java:99)
E/AndroidRuntime(  832): 	at android.os.Looper.loop(Looper.java:137)
E/AndroidRuntime(  832): 	at android.app.ActivityThread.main(ActivityThread.java:5041)
E/AndroidRuntime(  832): 	at java.lang.reflect.Method.invokeNative(Native Method)
E/AndroidRuntime(  832): 	at java.lang.reflect.Method.invoke(Method.java:511)
E/AndroidRuntime(  832): 	at com.android.internal.os.ZygoteInit$MethodAndArgsCaller.run(ZygoteInit.java:793)
E/AndroidRuntime(  832): 	at com.android.internal.os.ZygoteInit.main(ZygoteInit.java:560)
E/AndroidRuntime(  832): 	at dalvik.system.NativeStart.main(Native Method)
E/AndroidRuntime(  832): Caused by: java.lang.RuntimeException: Error in Server Socket: bind failed: EADDRINUSE (Address already in use)
E/AndroidRuntime(  832): 	at it.unina.android.ripper_service.net.Server.startServer(Server.java:46)
E/AndroidRuntime(  832): 	at it.unina.android.ripper_service.AndroidRipperService.onCreate(AndroidRipperService.java:36)
E/AndroidRuntime(  832): 	at android.app.ActivityThread.handleCreateService(ActivityThread.java:2529)
E/AndroidRuntime(  832): 	... 10 more
D/dalvikvm(  292): GC_FOR_ALLOC freed 142K, 24% free 5902K/7728K, paused 66ms, total 70ms
I/dalvikvm-heap(  292): Grow heap (frag case) to 6.430MB for 635812-byte allocation
D/dalvikvm(  292): GC_FOR_ALLOC freed 4K, 22% free 6519K/8352K, paused 70ms, total 70ms
E/SurfaceFlinger(   37): ro.sf.lcd_density must be defined as a build property
I/ARMAssembler(   37): generated scanline__00000077:03515104_00008001_00000000 [113 ipp] (134 ins) at [0x40c73460:0x40c73678] in 6094001 ns
I/Process (  832): Sending signal. PID: 832 SIG: 9
I/ActivityManager(  292): Process it.unina.android.ripper_service:android_ripper_service_process (pid 832) has died.
W/ActivityManager(  292): Scheduling restart of crashed service it.unina.android.ripper_service/.AndroidRipperService in 14708ms
W/InputMethodManagerService(  292): Window already focused, ignoring focus gain of: com.android.internal.view.IInputMethodClient$Stub$Proxy@40e4a2e0 attribute=null, token = android.os.BinderProxy@40f4fa40
D/dalvikvm(  849): Not late-enabling CheckJNI (already on)
