W/BroadcastQueue(  325): 	at com.android.server.am.BroadcastQueue.performReceiveLocked(BroadcastQueue.java:373)
W/BroadcastQueue(  325): 	at com.android.server.am.BroadcastQueue.deliverToRegisteredReceiverLocked(BroadcastQueue.java:439)
W/BroadcastQueue(  325): 	at com.android.server.am.BroadcastQueue.processNextBroadcast(BroadcastQueue.java:487)
W/BroadcastQueue(  325): 	at com.android.server.am.BroadcastQueue$1.handleMessage(BroadcastQueue.java:140)
W/BroadcastQueue(  325): 	at android.os.Handler.dispatchMessage(Handler.java:99)
W/BroadcastQueue(  325): 	at android.os.Looper.loop(Looper.java:137)
W/BroadcastQueue(  325): 	at com.android.server.am.ActivityManagerService$AThread.run(ActivityManagerService.java:1480)
W/BroadcastQueue(  325): Failure sending broadcast Intent { act=android.intent.action.ANY_DATA_STATE flg=0x10 (has extras) }
W/BroadcastQueue(  325): android.os.DeadObjectException
W/BroadcastQueue(  325): 	at android.os.BinderProxy.transact(Native Method)
W/BroadcastQueue(  325): 	at android.app.ApplicationThreadProxy.scheduleRegisteredReceiver(ApplicationThreadNative.java:1009)
W/BroadcastQueue(  325): 	at com.android.server.am.BroadcastQueue.performReceiveLocked(BroadcastQueue.java:373)
W/BroadcastQueue(  325): 	at com.android.server.am.BroadcastQueue.deliverToRegisteredReceiverLocked(BroadcastQueue.java:439)
W/BroadcastQueue(  325): 	at com.android.server.am.BroadcastQueue.processNextBroadcast(BroadcastQueue.java:487)
W/BroadcastQueue(  325): 	at com.android.server.am.BroadcastQueue$1.handleMessage(BroadcastQueue.java:140)
W/BroadcastQueue(  325): 	at android.os.Handler.dispatchMessage(Handler.java:99)
W/BroadcastQueue(  325): 	at android.os.Looper.loop(Looper.java:137)
W/BroadcastQueue(  325): 	at com.android.server.am.ActivityManagerService$AThread.run(ActivityManagerService.java:1480)
W/BroadcastQueue(  325): Failure sending broadcast Intent { act=android.intent.action.ANY_DATA_STATE flg=0x10 (has extras) }
W/BroadcastQueue(  325): android.os.DeadObjectException
W/BroadcastQueue(  325): 	at android.os.BinderProxy.transact(Native Method)
W/BroadcastQueue(  325): 	at android.app.ApplicationThreadProxy.scheduleRegisteredReceiver(ApplicationThreadNative.java:1009)
W/BroadcastQueue(  325): 	at com.android.server.am.BroadcastQueue.performReceiveLocked(BroadcastQueue.java:373)
W/BroadcastQueue(  325): 	at com.android.server.am.BroadcastQueue.deliverToRegisteredReceiverLocked(BroadcastQueue.java:439)
W/BroadcastQueue(  325): 	at com.android.server.am.BroadcastQueue.processNextBroadcast(BroadcastQueue.java:487)
W/BroadcastQueue(  325): 	at com.android.server.am.BroadcastQueue$1.handleMessage(BroadcastQueue.java:140)
W/BroadcastQueue(  325): 	at android.os.Handler.dispatchMessage(Handler.java:99)
W/BroadcastQueue(  325): 	at android.os.Looper.loop(Looper.java:137)
W/BroadcastQueue(  325): 	at com.android.server.am.ActivityManagerService$AThread.run(ActivityManagerService.java:1480)
W/BroadcastQueue(  325): Failure sending broadcast Intent { act=android.intent.action.SIM_STATE_CHANGED flg=0x20000010 (has extras) }
W/BroadcastQueue(  325): android.os.DeadObjectException
W/BroadcastQueue(  325): 	at android.os.BinderProxy.transact(Native Method)
W/BroadcastQueue(  325): 	at android.app.ApplicationThreadProxy.scheduleRegisteredReceiver(ApplicationThreadNative.java:1009)
W/BroadcastQueue(  325): 	at com.android.server.am.BroadcastQueue.performReceiveLocked(BroadcastQueue.java:373)
W/BroadcastQueue(  325): 	at com.android.server.am.BroadcastQueue.deliverToRegisteredReceiverLocked(BroadcastQueue.java:439)
W/BroadcastQueue(  325): 	at com.android.server.am.BroadcastQueue.processNextBroadcast(BroadcastQueue.java:487)
W/BroadcastQueue(  325): 	at com.android.server.am.BroadcastQueue$1.handleMessage(BroadcastQueue.java:140)
W/BroadcastQueue(  325): 	at android.os.Handler.dispatchMessage(Handler.java:99)
W/BroadcastQueue(  325): 	at android.os.Looper.loop(Looper.java:137)
W/BroadcastQueue(  325): 	at com.android.server.am.ActivityManagerService$AThread.run(ActivityManagerService.java:1480)
W/BroadcastQueue(  325): Failure sending broadcast Intent { act=android.intent.action.SERVICE_STATE flg=0x10 (has extras) }
W/BroadcastQueue(  325): android.os.DeadObjectException
W/BroadcastQueue(  325): 	at android.os.BinderProxy.transact(Native Method)
W/BroadcastQueue(  325): 	at android.app.ApplicationThreadProxy.scheduleRegisteredReceiver(ApplicationThreadNative.java:1009)
W/BroadcastQueue(  325): 	at com.android.server.am.BroadcastQueue.performReceiveLocked(BroadcastQueue.java:373)
W/BroadcastQueue(  325): 	at com.android.server.am.BroadcastQueue.deliverToRegisteredReceiverLocked(BroadcastQueue.java:439)
W/BroadcastQueue(  325): 	at com.android.server.am.BroadcastQueue.processNextBroadcast(BroadcastQueue.java:487)
W/BroadcastQueue(  325): 	at com.android.server.am.BroadcastQueue$1.handleMessage(BroadcastQueue.java:140)
W/BroadcastQueue(  325): 	at android.os.Handler.dispatchMessage(Handler.java:99)
W/BroadcastQueue(  325): 	at android.os.Looper.loop(Looper.java:137)
W/BroadcastQueue(  325): 	at com.android.server.am.ActivityManagerService$AThread.run(ActivityManagerService.java:1480)
I/ActivityManager(  325): Process com.android.phone (pid 482) has died.
W/ActivityManager(  325): Scheduling restart of crashed service com.android.phone/.TelephonyDebugService in 0ms
I/ActivityManager(  325): Start proc com.android.phone for restart com.android.phone: pid=775 uid=1001 gids={41001, 3002, 3001, 3003, 1015, 1028}
D/SystemUIService(  696): loading: class com.android.systemui.statusbar.phone.PhoneStatusBar
D/SystemUIService(  696): running: com.android.systemui.statusbar.phone.PhoneStatusBar@40cdc588
D/dalvikvm(  325): GC_FOR_ALLOC freed 854K, 14% free 6219K/7220K, paused 889ms, total 948ms
W/WindowManager(  325): App freeze timeout expired.
W/WindowManager(  325): Force clearing freeze: AppWindowToken{40ec9618 token=Token{40edd700 ActivityRecord{40ee4f00 u0 com.android.launcher/com.android.launcher2.Launcher}}}
W/WallpaperService(  325): Failed attaching wallpaper; clearing
W/WallpaperService(  325): android.os.DeadObjectException
W/WallpaperService(  325): 	at android.os.BinderProxy.transact(Native Method)
W/WallpaperService(  325): 	at android.service.wallpaper.IWallpaperService$Stub$Proxy.attach(IWallpaperService.java:95)
W/WallpaperService(  325): 	at com.android.server.WallpaperManagerService.attachServiceLocked(WallpaperManagerService.java:960)
W/WallpaperService(  325): 	at com.android.server.WallpaperManagerService$WallpaperConnection.onServiceConnected(WallpaperManagerService.java:233)
W/WallpaperService(  325): 	at android.app.LoadedApk$ServiceDispatcher.doConnected(LoadedApk.java:1101)
W/WallpaperService(  325): 	at android.app.LoadedApk$ServiceDispatcher$RunConnection.run(LoadedApk.java:1118)
W/WallpaperService(  325): 	at android.os.Handler.handleCallback(Handler.java:725)
W/WallpaperService(  325): 	at android.os.Handler.dispatchMessage(Handler.java:92)
W/WallpaperService(  325): 	at android.os.Looper.loop(Looper.java:137)
W/WallpaperService(  325): 	at com.android.server.ServerThread.run(SystemServer.java:1000)
I/StatusBarManagerService(  325): registerStatusBar bar=com.android.internal.statusbar.IStatusBar$Stub$Proxy@40f5a8d0
E/Trace   (  775): error opening trace file: No such file or directory (2)
W/TelephonyProvider(  775): onCreate: confFile=/system/etc/apns-conf.xml oldCheckSum=-1
D/TelephonyManager(  775): getLteOnCdmaMode=0 curVal=-1 product_type='' lteOnCdmaProductType=''
D/dalvikvm(  325): GC_CONCURRENT freed 657K, 10% free 6524K/7248K, paused 79ms+242ms, total 1232ms
D/dalvikvm(  325): WAIT_FOR_CONCURRENT_GC blocked 382ms
D/dalvikvm(  325): WAIT_FOR_CONCURRENT_GC blocked 587ms
D/dalvikvm(  325): WAIT_FOR_CONCURRENT_GC blocked 458ms
D/dalvikvm(  325): WAIT_FOR_CONCURRENT_GC blocked 306ms
E/BluetoothAdapter(  325): Bluetooth binder is null
E/BluetoothAdapter(  325): Bluetooth binder is null
V/WiredAccessoryManager(  325): init()
E/SoundPool(  325): error loading /system/media/audio/ui/Effect_Tick.ogg
W/AudioService(  325): Soundpool could not load file: /system/media/audio/ui/Effect_Tick.ogg
E/SoundPool(  325): error loading /system/media/audio/ui/Effect_Tick.ogg
W/AudioService(  325): Soundpool could not load file: /system/media/audio/ui/Effect_Tick.ogg
E/SoundPool(  325): error loading /system/media/audio/ui/Effect_Tick.ogg
W/AudioService(  325): Soundpool could not load file: /system/media/audio/ui/Effect_Tick.ogg
E/SoundPool(  325): error loading /system/media/audio/ui/Effect_Tick.ogg
W/AudioService(  325): Soundpool could not load file: /system/media/audio/ui/Effect_Tick.ogg
E/SoundPool(  325): error loading /system/media/audio/ui/Effect_Tick.ogg
W/AudioService(  325): Soundpool could not load file: /system/media/audio/ui/Effect_Tick.ogg
E/SoundPool(  325): error loading /system/media/audio/ui/KeypressStandard.ogg
W/AudioService(  325): Soundpool could not load file: /system/media/audio/ui/KeypressStandard.ogg
E/SoundPool(  325): error loading /system/media/audio/ui/KeypressSpacebar.ogg
W/AudioService(  325): Soundpool could not load file: /system/media/audio/ui/KeypressSpacebar.ogg
E/SoundPool(  325): error loading /system/media/audio/ui/KeypressDelete.ogg
W/AudioService(  325): Soundpool could not load file: /system/media/audio/ui/KeypressDelete.ogg
E/SoundPool(  325): error loading /system/media/audio/ui/KeypressReturn.ogg
W/AudioService(  325): Soundpool could not load file: /system/media/audio/ui/KeypressReturn.ogg
W/AudioService(  325): loadSoundEffects(), Error -1 while loading samples
D/TelephonyManager(  775): getLteOnCdmaMode=0 curVal=-1 product_type='' lteOnCdmaProductType=''
D/TelephonyManager(  775): getLteOnCdmaMode=0 curVal=-1 product_type='' lteOnCdmaProductType=''
D/dalvikvm(  325): GC_EXPLICIT freed 107K, 10% free 6529K/7248K, paused 16ms+253ms, total 617ms
I/Choreographer(  325): Skipped 2326 frames!  The application may be doing too much work on its main thread.
W/Settings(  775): Setting airplane_mode_on has moved from android.provider.Settings.System to android.provider.Settings.Global, returning read-only value.
W/Settings(  775): Setting auto_time has moved from android.provider.Settings.System to android.provider.Settings.Global, returning read-only global URI.
W/Settings(  775): Setting auto_time_zone has moved from android.provider.Settings.System to android.provider.Settings.Global, returning read-only global URI.
W/ActivityManager(  325): Unable to start service Intent { act=com.android.internal.telephony.IWapPushManager } U=0: not found
D/dalvikvm(  696): GC_CONCURRENT freed 123K, 7% free 2670K/2848K, paused 4ms+3ms, total 169ms
D/dalvikvm(  696): WAIT_FOR_CONCURRENT_GC blocked 146ms
I/dalvikvm-heap(  696): Grow heap (frag case) to 3.265MB for 635812-byte allocation
D/        (  775): [ApnContext:default] set reason as dataEnabled,current state IDLE
D/        (  775): [ApnContext:default] setRetryCount: 0
D/        (  775): [ApnContext:mms] set reason as dataEnabled,current state IDLE
D/        (  775): [ApnContext:mms] setRetryCount: 0
D/        (  775): [ApnContext:supl] set reason as dataEnabled,current state IDLE
D/        (  775): [ApnContext:supl] setRetryCount: 0
D/        (  775): [ApnContext:hipri] set reason as dataEnabled,current state IDLE
D/        (  775): [ApnContext:hipri] setRetryCount: 0
D/        (  775): [ApnContext:fota] set reason as dataEnabled,current state IDLE
D/        (  775): [ApnContext:fota] setRetryCount: 0
D/        (  775): [ApnContext:ims] set reason as dataEnabled,current state IDLE
D/        (  775): [ApnContext:ims] setRetryCount: 0
D/        (  775): [ApnContext:cbs] set reason as dataEnabled,current state IDLE
D/        (  775): [ApnContext:cbs] setRetryCount: 0
D/dalvikvm(  696): GC_FOR_ALLOC freed 5K, 6% free 3286K/3472K, paused 772ms, total 786ms
D/TelephonyManager(  775): getLteOnCdmaMode=0 curVal=-1 product_type='' lteOnCdmaProductType=''
D/CallManager(  775): registerPhone(GSM Handler (com.android.internal.telephony.PhoneProxy) {40d00ef0})
E/BluetoothAdapter(  775): Bluetooth binder is null
D/dalvikvm(  775): GC_CONCURRENT freed 203K, 10% free 2596K/2856K, paused 4ms+3ms, total 269ms
I/Choreographer(  325): Skipped 853 frames!  The application may be doing too much work on its main thread.
E/BluetoothAdapter(  775): Bluetooth binder is null
D/dalvikvm(  325): GC_FOR_ALLOC freed 870K, 13% free 6489K/7428K, paused 472ms, total 492ms
I/dalvikvm-heap(  325): Grow heap (frag case) to 7.473MB for 1128976-byte allocation
D/dalvikvm(  325): GC_FOR_ALLOC freed 878K, 22% free 6713K/8532K, paused 77ms, total 77ms
D/DebugService(  775): DebugService DebugService:
D/TelephonyDebugService(  775): TelephonyDebugService()
I/FusedLocation(  720): engine started (com.android.location.fused)
E/BluetoothAdapter(  696): Bluetooth binder is null
E/BluetoothAdapter(  696): Bluetooth binder is null
E/BluetoothAdapter(  696): Bluetooth binder is null
I/FusedLocation(  720): engine started (com.android.location.fused)
D/dalvikvm(  502): GC_CONCURRENT freed 1953K, 36% free 3664K/5676K, paused 4ms+672ms, total 1056ms
I/Choreographer(  502): Skipped 3707 frames!  The application may be doing too much work on its main thread.
D/dalvikvm(  325): GC_CONCURRENT freed 105K, 21% free 6808K/8532K, paused 58ms+201ms, total 2370ms
E/SurfaceFlinger(   37): ro.sf.lcd_density must be defined as a build property
D/Launcher.Model(  502): Reload apps on config change. curr_mcc:310 prevmcc:0
I/Choreographer(  502): Skipped 76 frames!  The application may be doing too much work on its main thread.
D/dalvikvm(  696): GC_CONCURRENT freed 65K, 4% free 3658K/3784K, paused 4ms+171ms, total 384ms
E/BluetoothAdapter(  696): Bluetooth binder is null
I/Choreographer(  325): Skipped 60 frames!  The application may be doing too much work on its main thread.
D/dalvikvm(  775): GC_CONCURRENT freed 336K, 13% free 2703K/3100K, paused 32ms+261ms, total 412ms
I/Choreographer(  325): Skipped 1791 frames!  The application may be doing too much work on its main thread.
D/CAT     (  775): CatService: Running CAT service. STK app installed:false
D/CAT     (  775): CatService: NEW sInstance
D/PhoneStatusBar(  696): disable: < expand icons alerts ticker system_info BACK* HOME* RECENT* CLOCK* SEARCH* >
D/dalvikvm(  325): GC_FOR_ALLOC freed 1965K, 33% free 5767K/8532K, paused 72ms, total 84ms
I/dalvikvm-heap(  325): Grow heap (frag case) to 6.769MB for 1128976-byte allocation
D/dalvikvm(  325): GC_FOR_ALLOC freed 128K, 21% free 6742K/8532K, paused 94ms, total 94ms
I/Choreographer(  325): Skipped 271 frames!  The application may be doing too much work on its main thread.
W/Settings(  775): Setting auto_time_zone has moved from android.provider.Settings.System to android.provider.Settings.Global, returning read-only value.
I/Choreographer(  325): Skipped 173 frames!  The application may be doing too much work on its main thread.
D/dalvikvm(  325): GC_CONCURRENT freed 35K, 22% free 6722K/8532K, paused 83ms+146ms, total 1575ms
E/BluetoothAdapter(  696): Bluetooth binder is null
D/SystemUIService(  696): loading: class com.android.systemui.power.PowerUI
D/SystemUIService(  696): running: com.android.systemui.power.PowerUI@40e4d968
D/SystemUIService(  696): loading: class com.android.systemui.media.RingtonePlayer
D/SystemUIService(  696): running: com.android.systemui.media.RingtonePlayer@40e4e748
E/SurfaceFlinger(   37): ro.sf.lcd_density must be defined as a build property
V/TAG     (  325): bug 7643792: fitSystemWindows([0,38][0,0])
D/dalvikvm(  696): GC_FOR_ALLOC freed 237K, 8% free 3736K/4028K, paused 146ms, total 164ms
W/Settings(  775): Setting auto_time_zone has moved from android.provider.Settings.System to android.provider.Settings.Global, returning read-only value.
D/AlarmManagerService(  325): Kernel timezone updated to 0 minutes west of GMT
I/Choreographer(  325): Skipped 150 frames!  The application may be doing too much work on its main thread.
D/CAT     (  775): CatService: Return current sInstance
I/dalvikvm-heap(  696): Grow heap (frag case) to 9.813MB for 6410576-byte allocation
I/Choreographer(  325): Skipped 96 frames!  The application may be doing too much work on its main thread.
W/WindowManager(  325): Window freeze timeout expired.
W/WindowManager(  325): Force clearing orientation change: Window{40e53a30 u0 com.android.systemui.ImageWallpaper}
D/CAT     (  775): CatService: SIM ready. Reporting STK service running now...
D/dalvikvm(  696): GC_FOR_ALLOC freed 1K, 3% free 9995K/10292K, paused 329ms, total 978ms
D/dalvikvm(  696): GC_CONCURRENT freed <1K, 2% free 10103K/10292K, paused 244ms+43ms, total 1139ms
D/MccTable(  775): updateMccMncConfiguration: mcc=310, mnc=260
D/TelephonyManager(  775): getLteOnCdmaMode=0 curVal=-1 product_type='' lteOnCdmaProductType=''
D/MccTable(  775): locale set to en_us
D/MccTable(  775): WIFI_COUNTRY_CODE set to us
D/dalvikvm(  775): GC_CONCURRENT freed 321K, 13% free 2777K/3160K, paused 4ms+37ms, total 80ms
I/WifiService(  325): WifiService trying to set country code to us with persist set to true
I/ActivityManager(  325): Config changes=1400 {1.0 310mcc260mnc en_US ldltr sw320dp w320dp h508dp 240dpi nrml long port finger -keyb/v/h tball/v s.6}
D/MccTable(  775): updateMccMncConfiguration: mcc=310, mnc=260
D/TelephonyManager(  775): getLteOnCdmaMode=0 curVal=-1 product_type='' lteOnCdmaProductType=''
D/MccTable(  775): locale set to en_us
D/MccTable(  775): WIFI_COUNTRY_CODE set to us
I/WifiService(  325): WifiService trying to set country code to us with persist set to true
I/ActivityManager(  325): Config changes=1400 {1.0 310mcc260mnc en_US ldltr sw320dp w320dp h508dp 240dpi nrml long port finger -keyb/v/h tball/v s.7}
D/dalvikvm(  696): GC_FOR_ALLOC freed 8K, 2% free 10098K/10292K, paused 406ms, total 406ms
I/dalvikvm-heap(  696): Grow heap (frag case) to 12.610MB for 2828816-byte allocation
D/dalvikvm(  696): GC_CONCURRENT freed 0K, 2% free 12860K/13056K, paused 4ms+112ms, total 391ms
D/dalvikvm(  696): WAIT_FOR_CONCURRENT_GC blocked 388ms
D/gralloc_goldfish(  696): Emulator without GPU emulation detected.
I/SurfaceFlinger(   37): Boot is finished (119194 ms)
I/ActivityManager(  325): Config changes=1400 {1.0 310mcc260mnc en_US ldltr sw320dp w320dp h508dp 240dpi nrml long port finger -keyb/v/h tball/v s.8}
I/PowerManagerService(  325): Boot animation finished.
D/dalvikvm(  775): GC_CONCURRENT freed 301K, 11% free 2952K/3316K, paused 4ms+134ms, total 175ms
D/dalvikvm(  775): GC_CONCURRENT freed 504K, 17% free 2905K/3468K, paused 13ms+16ms, total 147ms
I/dalvikvm(  325): Jit: resizing JitTable from 4096 to 8192
D/ConnectivityService(  325): ConnectivityChange for mobile: CONNECTED/CONNECTED
D/MediaScannerReceiver(  603): action: android.intent.action.MEDIA_MOUNTED path: /mnt/sdcard
I/ActivityManager(  325): Start proc com.android.contacts for broadcast com.android.contacts/.calllog.CallLogReceiver: pid=896 uid=10001 gids={50001, 3003, 1015, 1028}
I/Choreographer(  696): Skipped 4628 frames!  The application may be doing too much work on its main thread.
E/Trace   (  896): error opening trace file: No such file or directory (2)
E/SurfaceFlinger(   37): ro.sf.lcd_density must be defined as a build property
I/Choreographer(  325): Skipped 32 frames!  The application may be doing too much work on its main thread.
D/AndroidRuntime(  914): 
D/AndroidRuntime(  914): >>>>>> AndroidRuntime START com.android.internal.os.RuntimeInit <<<<<<
D/AndroidRuntime(  914): CheckJNI is ON
D/dalvikvm(  914): Trying to load lib libjavacore.so 0x0
D/dalvikvm(  914): Added shared lib libjavacore.so 0x0
D/dalvikvm(  914): Trying to load lib libnativehelper.so 0x0
D/dalvikvm(  914): Added shared lib libnativehelper.so 0x0
I/RecoverySystem(  325): No recovery log file
D/AndroidRuntime(  914): Calling main entry com.android.commands.am.Am
D/dalvikvm(  914): Note: class Landroid/app/ActivityManagerNative; has 157 unimplemented (abstract) methods
D/dalvikvm(  930): Not late-enabling CheckJNI (already on)
I/ActivityManager(  325): Start proc it.unina.android.ripper_service:android_ripper_service_process for service it.unina.android.ripper_service/.AndroidRipperService: pid=930 uid=10049 gids={50049, 3003, 1028}
D/AndroidRuntime(  914): Shutting down VM
D/dalvikvm(  914): GC_CONCURRENT freed 94K, 17% free 499K/596K, paused 1ms+1ms, total 9ms
D/jdwp    (  914): Got wake-up signal, bailing out of select
D/dalvikvm(  914): Debugger has detached; object registry had 1 entries
I/Choreographer(  696): Skipped 687 frames!  The application may be doing too much work on its main thread.
E/Trace   (  930): error opening trace file: No such file or directory (2)
D/Tethering(  325): MasterInitialState.processMessage what=3
V/AndroidRipperService(  930): onCreate()
V/SERVER  (  930): Starting ServerSocket on PORT 8888
V/SERVER  (  930): Started ServerSocket on PORT 8888
V/SERVER  (  930): Ready to accept connections on port: 8888
I/ActivityManager(  325): Start proc com.android.deskclock for broadcast com.android.deskclock/.AlarmInitReceiver: pid=945 uid=10006 gids={50006, 1028}
E/Trace   (  945): error opening trace file: No such file or directory (2)
V/AlarmClock(  945): No next alarm
V/AlarmClock(  945): AlarmInitReceiver - Reset timers and clear stopwatch data
V/AlarmClock(  945): No next alarm
V/AlarmClock(  945): AlarmInitReceiver finished
I/ActivityManager(  325): Start proc com.android.email for broadcast com.android.email/.service.EmailBroadcastReceiver: pid=962 uid=10019 gids={50019, 3003, 1015, 1028}
E/Trace   (  962): error opening trace file: No such file or directory (2)
D/dalvikvm(  325): GC_CONCURRENT freed 1903K, 33% free 5792K/8528K, paused 17ms+120ms, total 333ms
D/AndroidRuntime(  982): 
D/AndroidRuntime(  982): >>>>>> AndroidRuntime START com.android.internal.os.RuntimeInit <<<<<<
D/AndroidRuntime(  982): CheckJNI is ON
D/dalvikvm(  982): Trying to load lib libjavacore.so 0x0
D/dalvikvm(  982): Added shared lib libjavacore.so 0x0
I/ActivityManager(  325): Start proc com.android.exchange for service com.android.exchange/.ExchangeService: pid=989 uid=10032 gids={50032, 3003, 1015, 1028}
D/dalvikvm(  982): Trying to load lib libnativehelper.so 0x0
D/dalvikvm(  982): Added shared lib libnativehelper.so 0x0
I/ActivityManager(  325): Start proc com.android.providers.calendar for broadcast com.android.providers.calendar/.CalendarReceiver: pid=998 uid=10023 gids={50023, 3003, 1015, 1028}
E/Trace   (  989): error opening trace file: No such file or directory (2)
E/Trace   (  998): error opening trace file: No such file or directory (2)
D/AndroidRuntime(  982): Calling main entry com.android.commands.am.Am
D/dalvikvm(  982): Note: class Landroid/app/ActivityManagerNative; has 157 unimplemented (abstract) methods
I/ActivityManager(  325): Force stopping package net.mandaria.tippytipper appid=10048 user=0
D/dalvikvm( 1028): Not late-enabling CheckJNI (already on)
I/ActivityManager(  325): Start proc net.mandaria.tippytipper for added application net.mandaria.tippytipper: pid=1028 uid=10048 gids={50048, 1015, 3003, 1028}
I/dalvikvm( 1028): Turning on JNI app bug workarounds for target SDK version 4...
I/ActivityManager(  325): Start proc com.android.mms for broadcast com.android.mms/.transaction.MmsSystemEventReceiver: pid=1042 uid=10029 gids={50029, 3003, 1015, 1028}
E/Trace   ( 1028): error opening trace file: No such file or directory (2)
E/Trace   ( 1042): error opening trace file: No such file or directory (2)
D/ExchangeService(  989): !!! EAS ExchangeService, onCreate
D/dalvikvm(  325): GREF has increased to 501
D/CountryDetector(  325): The first listener is added
V/MmsConfig( 1042): mnc/mcc: 310260
V/MmsConfig( 1042): tag: bool value: enabledMMS - true
V/MmsConfig( 1042): tag: int value: maxMessageSize - 307200
V/MmsConfig( 1042): tag: int value: maxImageHeight - 480
V/MmsConfig( 1042): tag: int value: maxImageWidth - 640
V/MmsConfig( 1042): tag: int value: defaultSMSMessagesPerThread - 500
V/MmsConfig( 1042): tag: int value: defaultMMSMessagesPerThread - 50
V/MmsConfig( 1042): tag: int value: minMessageCountPerThread - 10
V/MmsConfig( 1042): tag: int value: maxMessageCountPerThread - 5000
V/MmsConfig( 1042): tag: string value: uaProfUrl - http://www.google.com/oha/rdf/ua-profile-kila.xml
V/MmsConfig( 1042): tag: int value: recipientLimit - -1
V/MmsConfig( 1042): tag: bool value: enableMultipartSMS - true
V/MmsConfig( 1042): tag: int value: smsToMmsTextThreshold - -1
V/MmsConfig( 1042): tag: bool value: enableSlideDuration - true
V/MmsConfig( 1042): tag: int value: maxMessageTextSize - -1
D/dalvikvm( 1028): GC_CONCURRENT freed 220K, 10% free 2615K/2896K, paused 4ms+84ms, total 165ms
I/System.out( 1028): EMMA: collecting runtime coverage data ...
D/PolideaInstrumentationTestRunner( 1028): Creating the Test Runner with arguments: [coverage, class]
D/PolideaInstrumentationTestRunner( 1028): Test runner is running with the following parameters:
D/PolideaInstrumentationTestRunner( 1028): junitOutputDirectory: /data/data/net.mandaria.tippytipper/files
D/PolideaInstrumentationTestRunner( 1028): junitOutputFilePostfix: -TEST.xml
D/PolideaInstrumentationTestRunner( 1028): junitNoPackagePrefix: NO_PACKAGE
D/PolideaInstrumentationTestRunner( 1028): junitSplitLevel: package
D/PolideaInstrumentationTestRunner( 1028): junitSingleFileName: ALL-TEST.xml
D/PolideaInstrumentationTestRunner( 1028): Creating output directory if it does not exist
D/PolideaInstrumentationTestRunner( 1028): Created directory? false
D/PolideaInstrumentationTestRunner( 1028): Deleting old files
D/PolideaInstrumentationTestRunner( 1028): Deleting: [/data/data/net.mandaria.tippytipper/files/it.unina.android.ripper-TEST.xml]
I/AudioService(  325):  AudioFocus  abandonAudioFocus() from android.media.AudioManager@40cd98b0com.android.music.MediaPlaybackService$3@40cd84d0
V/        (  930): ready
D/PolideaInstrumentationTestRunner( 1028): Getting android test runner
D/PolideaInstrumentationTestRunner( 1028): JUnit test output enabled
W/dalvikvm( 1028): method Landroid/test/InstrumentationTestRunner$StringResultPrinter;.print incorrectly overrides package-private method with same name in Ljunit/textui/ResultPrinter;
D/PolideaInstrumentationTestRunner( 1028): Starting test: testApplication(it.unina.android.ripper.RipperTestCase)
I/TestRunner( 1028): started: testApplication(it.unina.android.ripper.RipperTestCase)
V/AndroidRipperService(  930): onBind()
I/ActivityManager(  325): START u0 {act=android.intent.action.MAIN flg=0x10000000 cmp=net.mandaria.tippytipper/.activities.TippyTipper} from pid 1028
V/RipperService(  930): PING
V/AndroidRipperService(  930): mHandler.handleMessage() RECIVED
V/AndroidRipperService(  930): broadcast()
V/AndroidRipperService(  930): broadcast() done
V/        (  930): ready
D/PermissionCache(   37): checking android.permission.READ_FRAME_BUFFER for uid=1000 => granted (48193 us)
W/WindowManager(  325): Failure taking screenshot for (246x410) to layer 21000
V/AndroidRipperService(  930): onBind()
V/AndroidRipperService(  930): register()
E/SurfaceFlinger(   37): ro.sf.lcd_density must be defined as a build property
I/Choreographer(  325): Skipped 38 frames!  The application may be doing too much work on its main thread.
D/dalvikvm( 1028): GC_CONCURRENT freed 310K, 13% free 2727K/3104K, paused 8ms+19ms, total 109ms
D/FlurryAgent( 1028): Starting new session
E/SurfaceFlinger(   37): ro.sf.lcd_density must be defined as a build property
D/gralloc_goldfish( 1028): Emulator without GPU emulation detected.
V/RipperService(  930): PING
V/AndroidRipperService(  930): mHandler.handleMessage() RECIVED
V/AndroidRipperService(  930): broadcast()
I/AndroidRipper( 1028): Recived message: PING
V/RipperTestCase( 1028): Not ready to operate!
V/AndroidRipperService(  930): broadcast() done
V/        (  930): ready
I/ActivityManager(  325): Displayed net.mandaria.tippytipper/.activities.TippyTipper: +1s810ms
D/ExchangeService(  989): !!! EAS ExchangeService, onStartCommand, startingUp = false, running = false
I/ActivityManager(  325): Start proc com.android.settings for broadcast com.android.settings/.widget.SettingsAppWidgetProvider: pid=1079 uid=1000 gids={41000, 1015, 1028, 3002, 3001, 3003}
E/Trace   ( 1079): error opening trace file: No such file or directory (2)
E/BluetoothAdapter( 1079): Bluetooth binder is null
E/BluetoothAdapter( 1079): Bluetooth binder is null
E/BluetoothAdapter( 1079): Bluetooth binder is null
D/Mms:app ( 1042): cancelNotification
D/Eas Debug(  989): Logging: 
D/SystemClock(  325): Setting time of day to sec=1479805213
W/SystemClock(  325): Unable to set rtc to 1479805213: Invalid argument
I/ActivityManager(  325): Start proc com.android.calendar for broadcast com.android.calendar/.widget.CalendarAppWidgetService$CalendarFactory: pid=1095 uid=10004 gids={50004, 3003, 1028}
D/ExchangeService(  989): !!! EAS ExchangeService, onStartCommand, startingUp = true, running = false
D/dalvikvm(   38): GC_EXPLICIT freed 38K, 4% free 2381K/2480K, paused 3ms+4ms, total 63ms
D/dalvikvm(   38): GC_EXPLICIT freed <1K, 4% free 2382K/2480K, paused 3ms+3ms, total 66ms
I/AndroidRipper( 1028): [RipperTestCase] Ready to operate after restarting...
D/dalvikvm(   38): GC_EXPLICIT freed <1K, 4% free 2381K/2480K, paused 9ms+15ms, total 72ms
V/RipperService(  930): PING
V/AndroidRipperService(  930): mHandler.handleMessage() RECIVED
V/AndroidRipperService(  930): broadcast()
I/AndroidRipper( 1028): Recived message: PING
V/AndroidRipperService(  930): send()
I/System.out(  930): {"type":"PONG","index":"4"}
V/AndroidRipperService(  930): broadcast() done
V/        (  930): ready
V/RipperService(  930): DSC
V/AndroidRipperService(  930): mHandler.handleMessage() RECIVED
V/AndroidRipperService(  930): broadcast()
I/AndroidRipper( 1028): Recived message: DSC
V/RipperTestCase( 1028): DSC : net.mandaria.tippytipper
V/AndroidRipperService(  930): broadcast() done
V/        (  930): ready
E/Trace   ( 1095): error opening trace file: No such file or directory (2)
D/dalvikvm( 1028): GC_CONCURRENT freed 135K, 7% free 2996K/3192K, paused 7ms+27ms, total 62ms
V/AlarmClock(  945): No next alarm
V/AlarmClock(  945): AlarmInitReceiver finished
V/AndroidRipperService(  930): send()
I/System.out(  930): {"type":"DSC","xml":"<activity title=\"Tippy Tipper\" name=\"TippyTipper\" class=\"net.mandaria.tippytipper.activities.TippyTipper\" menu=\"TRUE\" keypress=\"FALSE\" longkeypress=\"FALSE\" tab_activity=\"FALSE\" tab_count=\"0\" id=\"\" uid=\"\" root_activity=\"TRUE\"\/>\n","index":"6"}
V/RipperService(  930): EVT
V/AndroidRipperService(  930): mHandler.handleMessage() RECIVED
V/AndroidRipperService(  930): broadcast()
I/AndroidRipper( 1028): Recived message: EVT
V/RipperTestCase( 1028): DSC : net.mandaria.tippytipper
V/AndroidRipperService(  930): broadcast() done
V/        (  930): ready
W/MediaProvider(  603): no database for scanned volume external
D/dalvikvm(  502): GC_CONCURRENT freed 800K, 43% free 3291K/5676K, paused 12ms+528ms, total 1302ms
D/GpsLocationProvider(  325): NTP server returned: 1479805213237 (Tue Nov 22 09:00:13 GMT 2016) reference: 134824 certainty: 207 system time offset: -1263
D/MmsSmsDatabaseHelper(  775): [MmsSmsDb] tableName: threads hasAutoIncrement: CREATE TABLE threads (_id INTEGER PRIMARY KEY AUTOINCREMENT,date INTEGER DEFAULT 0,message_count INTEGER DEFAULT 0,recipient_ids TEXT,snippet TEXT,snippet_cs INTEGER DEFAULT 0,read INTEGER DEFAULT 1,type INTEGER DEFAULT 0,error INTEGER DEFAULT 0,has_attachment INTEGER DEFAULT 0) result: true
D/MmsSmsDatabaseHelper(  775): [MmsSmsDb] tableName: canonical_addresses hasAutoIncrement: CREATE TABLE canonical_addresses (_id INTEGER PRIMARY KEY AUTOINCREMENT,address TEXT) result: true
D/MmsSmsDatabaseHelper(  775): [MmsSmsDb] tableName: part hasAutoIncrement: CREATE TABLE part (_id INTEGER PRIMARY KEY AUTOINCREMENT,mid INTEGER,seq INTEGER DEFAULT 0,ct TEXT,name TEXT,chset INTEGER,cd TEXT,fn TEXT,cid TEXT,cl TEXT,ctt_s INTEGER,ctt_t TEXT,_data TEXT,text TEXT) result: true
D/MmsSmsDatabaseHelper(  775): [MmsSmsDb] tableName: pdu hasAutoIncrement: CREATE TABLE pdu (_id INTEGER PRIMARY KEY AUTOINCREMENT,thread_id INTEGER,date INTEGER,date_sent INTEGER DEFAULT 0,msg_box INTEGER,read INTEGER DEFAULT 0,m_id TEXT,sub TEXT,sub_cs INTEGER,ct_t TEXT,ct_l TEXT,exp INTEGER,m_cls TEXT,m_type INTEGER,v INTEGER,m_size INTEGER,pri INTEGER,rr INTEGER,rpt_a INTEGER,resp_st INTEGER,st INTEGER,tr_id TEXT,retr_st INTEGER,retr_txt TEXT,retr_txt_cs INTEGER,read_status INTEGER,ct_cls INTEGER,resp_txt TEXT,d_tm INTEGER,d_rpt INTEGER,locked INTEGER DEFAULT 0,seen INTEGER DEFAULT 0,text_only INTEGER DEFAULT 0) result: true
D/ExchangeService(  989): Received deviceId from Email app: androidc259148960
D/ExchangeService(  989): Reconciling accounts...
D/ExchangeService(  989): !!! EAS ExchangeService, onStartCommand, startingUp = true, running = false
I/Launcher(  502): setLoadOnResume
D/MmsSmsDatabaseHelper(  775): [getWritableDatabase] hasAutoIncrementThreads: true hasAutoIncrementAddresses: true hasAutoIncrementPart: true hasAutoIncrementPdu: true
I/Launcher(  502): setLoadOnResume
D/Eas Debug(  989): Logging: 
D/dalvikvm(  502): GC_FOR_ALLOC freed 71K, 41% free 3365K/5676K, paused 81ms, total 101ms
D/dalvikvm(  502): GC_CONCURRENT freed 4K, 32% free 3867K/5676K, paused 7ms+3ms, total 64ms
D/dalvikvm(  502): WAIT_FOR_CONCURRENT_GC blocked 32ms
D/dalvikvm(  502): GC_FOR_ALLOC freed <1K, 23% free 4374K/5676K, paused 125ms, total 126ms
I/dalvikvm-heap(  502): Grow heap (frag case) to 4.818MB for 518416-byte allocation
D/dalvikvm(  502): GC_FOR_ALLOC freed <1K, 22% free 4880K/6184K, paused 28ms, total 28ms
I/Launcher(  502): setLoadOnResume
I/Launcher(  502): setLoadOnResume
I/CalendarProvider2(  998): Sending notification intent: Intent { act=android.intent.action.PROVIDER_CHANGED dat=content://com.android.calendar }
D/dalvikvm(  325): GC_EXPLICIT freed 434K, 23% free 5788K/7424K, paused 4ms+9ms, total 88ms
W/ContentResolver(  998): Failed to get type for: content://com.android.calendar (Unknown URL content://com.android.calendar)
D/AlertReceiver( 1095): onReceive: a=android.intent.action.PROVIDER_CHANGED Intent { act=android.intent.action.PROVIDER_CHANGED dat=content://com.android.calendar flg=0x10 cmp=com.android.calendar/.alerts.AlertReceiver }
V/AndroidRipperService(  930): send()
I/System.out(  930): {"type":"ACK","index":"8"}
V/RipperService(  930): DSC
V/AndroidRipperService(  930): mHandler.handleMessage() RECIVED
V/AndroidRipperService(  930): broadcast()
I/AndroidRipper( 1028): Recived message: DSC
V/RipperTestCase( 1028): DSC : net.mandaria.tippytipper
V/AndroidRipperService(  930): broadcast() done
V/        (  930): ready
V/AndroidRipperService(  930): send()
I/System.out(  930): {"type":"DSC","xml":"<activity title=\"Tippy Tipper\" name=\"TippyTipper\" class=\"net.mandaria.tippytipper.activities.TippyTipper\" menu=\"TRUE\" keypress=\"FALSE\" longkeypress=\"FALSE\" tab_activity=\"FALSE\" tab_count=\"0\" id=\"\" uid=\"\" root_activity=\"TRUE\"\/>\n","index":"10"}
D/AlertService( 1095): 0 Action = android.intent.action.PROVIDER_CHANGED
V/RipperService(  930): EVT
V/AndroidRipperService(  930): mHandler.handleMessage() RECIVED
V/AndroidRipperService(  930): broadcast()
I/AndroidRipper( 1028): Recived message: EVT
V/RipperTestCase( 1028): DSC : net.mandaria.tippytipper
V/AndroidRipperService(  930): broadcast() done
V/        (  930): ready
D/AlertService( 1095): Beginning updateAlertNotification
I/Launcher(  502): setLoadOnResume
I/AccountTypeManager(  896): Loaded meta-data for 1 account types, 0 accounts in 79ms(wall) 32ms(cpu)
E/ThrottleService(  325): problem during onPollAlarm: java.lang.IllegalStateException: problem parsing stats: java.io.FileNotFoundException: /proc/net/xt_qtaguid/iface_stat_all: open failed: ENOENT (No such file or directory)
D/AlertService( 1095): No fired or scheduled alerts
D/dalvikvm( 1042): GC_CONCURRENT freed 227K, 11% free 2540K/2828K, paused 2ms+2ms, total 104ms
D/Mms:app ( 1042): cancelNotification
D/dalvikvm(  603): GC_CONCURRENT freed 226K, 11% free 2537K/2820K, paused 2ms+15ms, total 62ms
D/EmailProvider(  962): fromDatabase accounts: 0
D/EmailProvider(  962): ending toDatabase transaction; copyCount = 0
D/EmailProvider(  962): ending fromDatabase transaction; copyCount = 0
V/AndroidRipperService(  930): send()
I/System.out(  930): {"type":"ACK","index":"12"}
V/RipperService(  930): DSC
V/AndroidRipperService(  930): mHandler.handleMessage() RECIVED
V/AndroidRipperService(  930): broadcast()
I/AndroidRipper( 1028): Recived message: DSC
V/RipperTestCase( 1028): DSC : net.mandaria.tippytipper
V/AndroidRipperService(  930): broadcast() done
V/        (  930): ready
V/AndroidRipperService(  930): send()
I/System.out(  930): {"type":"DSC","xml":"<activity title=\"Tippy Tipper\" name=\"TippyTipper\" class=\"net.mandaria.tippytipper.activities.TippyTipper\" menu=\"TRUE\" keypress=\"FALSE\" longkeypress=\"FALSE\" tab_activity=\"FALSE\" tab_count=\"0\" id=\"\" uid=\"\" root_activity=\"TRUE\"\/>\n","index":"14"}
V/RipperService(  930): DSC
V/AndroidRipperService(  930): mHandler.handleMessage() RECIVED
V/AndroidRipperService(  930): broadcast()
V/AndroidRipperService(  930): broadcast() done
V/        (  930): ready
I/AndroidRipper( 1028): Recived message: DSC
V/RipperTestCase( 1028): DSC : net.mandaria.tippytipper
V/AndroidRipperService(  930): send()
I/System.out(  930): {"type":"DSC","xml":"<activity title=\"Tippy Tipper\" name=\"TippyTipper\" class=\"net.mandaria.tippytipper.activities.TippyTipper\" menu=\"TRUE\" keypress=\"FALSE\" longkeypress=\"FALSE\" tab_activity=\"FALSE\" tab_count=\"0\" id=\"\" uid=\"\" root_activity=\"TRUE\"\/>\n","index":"16"}
V/RipperService(  930): COVER
V/AndroidRipperService(  930): mHandler.handleMessage() RECIVED
V/AndroidRipperService(  930): broadcast()
I/AndroidRipper( 1028): Recived message: COVER
V/RipperTestCase( 1028): Dumping coverage data!
V/RipperTestCase( 1028): Dumping coverage data!
V/AndroidRipperService(  930): broadcast() done
V/        (  930): ready
I/System.out( 1028): EMMA: runtime coverage data written to [/data/data/net.mandaria.tippytipper/coverage1479805217656.ec] {in 38 ms}
V/AndroidRipperService(  930): send()
I/System.out(  930): {"type":"ACK","index":"18"}
V/RipperService(  930): END
V/AndroidRipperService(  930): mHandler.handleMessage() RECIVED
V/AndroidRipperService(  930): broadcast()
I/AndroidRipper( 1028): Recived message: END
V/AndroidRipperService(  930): broadcast() done
V/        (  930): ready
V/SERVER  (  930): ServerSocket on PORT 8888: offline
V/AndroidRipperService(  930): mHandler.handleMessage() DISCONNECTED
V/SERVER  (  930): Ready to accept connections on port: 8888
V/AndroidRipperService(  930): unregister()
W/WindowManager(  325): Failure taking screenshot for (246x410) to layer 21005
I/Choreographer(  502): Skipped 55 frames!  The application may be doing too much work on its main thread.
E/SurfaceFlinger(   37): ro.sf.lcd_density must be defined as a build property
V/AndroidRipperService(  930): unregister()
W/ActivityManager(  325): Duplicate finish request for ActivityRecord{40e8ab10 u0 net.mandaria.tippytipper/.activities.TippyTipper}
D/dalvikvm( 1028): GC_EXPLICIT freed 242K, 10% free 2967K/3268K, paused 4ms+36ms, total 133ms
D/dalvikvm( 1028): GC_EXPLICIT freed 3K, 10% free 2965K/3268K, paused 3ms+7ms, total 95ms
D/PolideaInstrumentationTestRunner( 1028): Finished test: testApplication(it.unina.android.ripper.RipperTestCase)
I/TestRunner( 1028): finished: testApplication(it.unina.android.ripper.RipperTestCase)
I/TestRunner( 1028): passed: testApplication(it.unina.android.ripper.RipperTestCase)
I/System.out( 1028): EMMA: runtime coverage data written to [/data/data/net.mandaria.tippytipper/files/coverage.ec] {in 37 ms}
D/PolideaInstrumentationTestRunner( 1028): Post processing
D/PolideaInstrumentationTestRunner( 1028): Packages: 1
D/PolideaInstrumentationTestRunner( 1028): Processing package package it.unina.android.ripper
D/PolideaInstrumentationTestRunner( 1028): Writing to file /data/data/net.mandaria.tippytipper/files/it.unina.android.ripper-TEST.xml
D/PolideaInstrumentationTestRunner( 1028): closing file
D/AndroidRuntime(  982): Shutting down VM
D/dalvikvm(  982): GC_CONCURRENT freed 99K, 18% free 470K/572K, paused 0ms+0ms, total 8ms
D/jdwp    (  982): Got wake-up signal, bailing out of select
D/dalvikvm(  982): Debugger has detached; object registry had 1 entries
I/Choreographer(  502): Skipped 120 frames!  The application may be doing too much work on its main thread.
I/ActivityManager(  325): Force stopping package net.mandaria.tippytipper appid=10048 user=0
I/ActivityManager(  325): Killing proc 1028:net.mandaria.tippytipper/u0a10048: force stop net.mandaria.tippytipper
I/WindowState(  325): WIN DEATH: Window{40ec4388 u0 net.mandaria.tippytipper/net.mandaria.tippytipper.activities.TippyTipper EXITING}
W/WindowManager(  325): Rebuild removed 2 windows but added 1
W/WindowManager(  325): This window was lost: Window{40ec4388 u0 net.mandaria.tippytipper/net.mandaria.tippytipper.activities.TippyTipper}
W/WindowManager(  325): mDisplayId=0 mSession=Session{40f76880 1028:u0a10048} mClient=android.os.BinderProxy@40eefd30
W/WindowManager(  325): mOwnerUid=10048 mShowToOwnerOnly=true
W/WindowManager(  325): mAttrs=WM.LayoutParams{(0,0)(fillxfill) sim=#120 ty=1 fl=#8010100 pfl=0x8 wanim=0x1030001}
W/WindowManager(  325): Requested w=480 h=800 mLayoutSeq=47
W/WindowManager(  325): mBaseLayer=21000 mSubLayer=0 mAnimLayer=21000+0=21000 mLastLayer=0
W/WindowManager(  325): mToken=AppWindowToken{4110a340 token=Token{40ee0df8 ActivityRecord{40e8ab10 u0 net.mandaria.tippytipper/.activities.TippyTipper}}}
W/WindowManager(  325): mRootToken=AppWindowToken{4110a340 token=Token{40ee0df8 ActivityRecord{40e8ab10 u0 net.mandaria.tippytipper/.activities.TippyTipper}}}
W/WindowManager(  325): mAppToken=AppWindowToken{4110a340 token=Token{40ee0df8 ActivityRecord{40e8ab10 u0 net.mandaria.tippytipper/.activities.TippyTipper}}}
W/WindowManager(  325): mViewVisibility=0x8 mHaveFrame=true mObscured=true
W/WindowManager(  325): mSeq=0 mSystemUiVisibility=0x0
W/WindowManager(  325): mPolicyVisibility=false mPolicyVisibilityAfterAnim=false mAttachedHidden=false
W/WindowManager(  325): mGivenContentInsets=[0,0][0,0] mGivenVisibleInsets=[0,0][0,0]
W/WindowManager(  325): mConfiguration={1.0 310mcc260mnc en_US ldltr sw320dp w320dp h508dp 240dpi nrml long port finger -keyb/v/h tball/v s.8}
W/WindowManager(  325): mHasSurface=true mShownFrame=[0.0,0.0][480.0,800.0] isReadyForDisplay()=false
W/WindowManager(  325): mFrame=[0,0][480,800] last=[0,0][480,800]
W/WindowManager(  325): mSystemDecorRect=[0,38][480,800] last=[0,38][480,800]
W/WindowManager(  325): Frames: containing=[0,0][480,800] parent=[0,0][480,800] display=[0,0][480,800]
W/WindowManager(  325):     content=[0,38][480,800] visible=[0,38][480,800]
W/WindowManager(  325): Cur insets: content=[0,38][0,0] visible=[0,38][0,0]
W/WindowManager(  325): Lst insets: content=[0,38][0,0] visible=[0,38][0,0]
W/WindowManager(  325): WindowStateAnimator{40faecf0 net.mandaria.tippytipper/net.mandaria.tippytipper.activities.TippyTipper}:
W/WindowManager(  325):   mSurface=Surface(name=net.mandaria.tippytipper/net.mandaria.tippytipper.activities.TippyTipper, identity=17)
W/WindowManager(  325):   mDrawState=HAS_DRAWN mLastHidden=true
W/WindowManager(  325):   Surface: shown=false layer=21005 alpha=0.0 rect=(0.0,0.0) 480.0 x 800.0
W/WindowManager(  325):   mShownAlpha=1.0 mAlpha=1.0 mLastAlpha=-1.0
W/WindowManager(  325):   mGlobalScale=1.0 mDsDx=1.0 mDtDx=0.0 mDsDy=0.0 mDtDy=1.0
W/WindowManager(  325): mExiting=false mRemoveOnExit=false mDestroying=true mRemoved=false
W/WindowManager(  325): Current app token list:
V/WindowManager(  325):   #0: Token{40edd700 ActivityRecord{40ee4f00 u0 com.android.launcher/com.android.launcher2.Launcher}}
W/WindowManager(  325): Final window list:
V/WindowManager(  325):   #0: Window{4118a520 u0 StatusBar}
V/WindowManager(  325):   #1: Window{40efeec0 u0 Keyguard}
V/WindowManager(  325):   #2: Window{40e56108 u0 com.android.launcher/com.android.launcher2.Launcher}
V/WindowManager(  325):   #3: Window{40e53a30 u0 com.android.systemui.ImageWallpaper}
D/dalvikvm(  502): GC_CONCURRENT freed 420K, 16% free 5208K/6184K, paused 4ms+3ms, total 48ms
W/Resources(   38): Preloaded drawable resource #0x10800bc (android:drawable/ab_stacked_transparent_light_holo) that varies with configuration!!
W/Resources(   38): Preloaded drawable resource #0x10800a2 (android:drawable/ab_bottom_transparent_light_holo) that varies with configuration!!
W/Resources(   38): Preloaded drawable resource #0x10800b6 (android:drawable/ab_solid_light_holo) that varies with configuration!!
W/Resources(   38): Preloaded drawable resource #0x10800ba (android:drawable/ab_stacked_solid_light_holo) that varies with configuration!!
D/dalvikvm(   38): GC_EXPLICIT freed 54K, 27% free 2322K/3156K, paused 2ms+3ms, total 94ms
W/Resources(   38): Preloaded drawable resource #0x10800a0 (android:drawable/ab_bottom_solid_light_holo) that varies with configuration!!
W/Resources(   38): Preloaded drawable resource #0x10800b7 (android:drawable/ab_solid_shadow_holo) that varies with configuration!!
W/Resources(   38): Preloaded drawable resource #0x10803f0 (android:drawable/list_selector_disabled_holo_dark) that varies with configuration!!
W/Resources(   38): Preloaded drawable resource #0x10803f0 (android:drawable/list_selector_disabled_holo_dark) that varies with configuration!!
W/Resources(   38): Preloaded drawable resource #0x10803d1 (android:drawable/list_pressed_holo_dark) that varies with configuration!!
W/Resources(   38): Preloaded drawable resource #0x10803d0 (android:drawable/list_longpressed_holo) that varies with configuration!!
W/Resources(   38): Preloaded drawable resource #0x10803d0 (android:drawable/list_longpressed_holo) that varies with configuration!!
W/Resources(   38): Preloaded drawable resource #0x10803d1 (android:drawable/list_pressed_holo_dark) that varies with configuration!!
W/Resources(   38): Preloaded drawable resource #0x10803d0 (android:drawable/list_longpressed_holo) that varies with configuration!!
W/Resources(   38): Preloaded drawable resource #0x10803d0 (android:drawable/list_longpressed_holo) that varies with configuration!!
W/Resources(   38): Preloaded drawable resource #0x10803cc (android:drawable/list_focused_holo) that varies with configuration!!
W/Resources(   38): Preloaded drawable resource #0x10803f1 (android:drawable/list_selector_disabled_holo_light) that varies with configuration!!
W/Resources(   38): Preloaded drawable resource #0x10803f1 (android:drawable/list_selector_disabled_holo_light) that varies with configuration!!
W/Resources(   38): Preloaded drawable resource #0x10803d2 (android:drawable/list_pressed_holo_light) that varies with configuration!!
W/Resources(   38): Preloaded drawable resource #0x10803d0 (android:drawable/list_longpressed_holo) that varies with configuration!!
W/Resources(   38): Preloaded drawable resource #0x10803d0 (android:drawable/list_longpressed_holo) that varies with configuration!!
W/Resources(   38): Preloaded drawable resource #0x10803d2 (android:drawable/list_pressed_holo_light) that varies with configuration!!
W/Resources(   38): Preloaded drawable resource #0x10803d0 (android:drawable/list_longpressed_holo) that varies with configuration!!
W/Resources(   38): Preloaded drawable resource #0x10803d0 (android:drawable/list_longpressed_holo) that varies with configuration!!
W/Resources(   38): Preloaded drawable resource #0x10803cc (android:drawable/list_focused_holo) that varies with configuration!!
D/dalvikvm(   38): GC_EXPLICIT freed 31K, 26% free 2359K/3156K, paused 2ms+43ms, total 143ms
W/Resources(   38): Preloaded drawable resource #0x108027a (android:drawable/fastscroll_thumb_pressed_holo) that varies with configuration!!
W/Resources(   38): Preloaded drawable resource #0x1080278 (android:drawable/fastscroll_thumb_default_holo) that varies with configuration!!
W/Resources(   38): Preloaded drawable resource #0x1080278 (android:drawable/fastscroll_thumb_default_holo) that varies with configuration!!
W/Resources(   38): Preloaded drawable resource #0x108027a (android:drawable/fastscroll_thumb_pressed_holo) that varies with configuration!!
D/dalvikvm(   38): GC_EXPLICIT freed 51K, 26% free 2358K/3156K, paused 3ms+2ms, total 196ms
W/Resources(   38): Preloaded drawable resource #0x1080278 (android:drawable/fastscroll_thumb_default_holo) that varies with configuration!!
W/Resources(   38): Preloaded drawable resource #0x108027f (android:drawable/fastscroll_track_pressed_holo_dark) that varies with configuration!!
W/Resources(   38): Preloaded drawable resource #0x108027b (android:drawable/fastscroll_track_default_holo_dark) that varies with configuration!!
W/Resources(   38): Preloaded drawable resource #0x108027b (android:drawable/fastscroll_track_default_holo_dark) that varies with configuration!!
W/Resources(   38): Preloaded drawable resource #0x108027f (android:drawable/fastscroll_track_pressed_holo_dark) that varies with configuration!!
W/Resources(   38): Preloaded drawable resource #0x108027b (android:drawable/fastscroll_track_default_holo_dark) that varies with configuration!!
W/Resources(   38): Preloaded drawable resource #0x1080274 (android:drawable/fastscroll_label_left_holo_dark) that varies with configuration!!
D/dalvikvm(   38): GC_EXPLICIT freed 74K, 26% free 2358K/3156K, paused 42ms+43ms, total 134ms
W/Resources(   38): Preloaded drawable resource #0x1080276 (android:drawable/fastscroll_label_right_holo_dark) that varies with configuration!!
D/dalvikvm(   38): GC_EXPLICIT freed 50K, 26% free 2357K/3156K, paused 15ms+3ms, total 161ms
W/Resources(   38): Preloaded drawable resource #0x1080280 (android:drawable/fastscroll_track_pressed_holo_light) that varies with configuration!!
