I/SystemServer(  332): Display Manager
I/SystemServer(  332): Telephony Registry
I/SystemServer(  332): Scheduling Policy
E/SurfaceFlinger(   37): ro.sf.lcd_density must be defined as a build property
I/DisplayManagerService(  332): Display device added: DisplayDeviceInfo{"Built-in Screen": 480 x 800, 260.416 fps, density 240, 240.0 x 240.0 dpi, touch INTERNAL, FLAG_DEFAULT_DISPLAY, FLAG_ROTATES_WITH_CONTENT, FLAG_SECURE, FLAG_SUPPORTS_PROTECTED_BUFFERS, rotation 0, type BUILT_IN, address null}
I/SystemServer(  332): Package Manager
D/dalvikvm(  332): GC_CONCURRENT freed 315K, 13% free 2545K/2924K, paused 5ms+16ms, total 235ms
D/dalvikvm(  332): WAIT_FOR_CONCURRENT_GC blocked 122ms
W/PackageManager(  332): Running ENG build: no pre-dexopt!
D/dalvikvm(  332): GC_CONCURRENT freed 265K, 11% free 2672K/2992K, paused 4ms+2ms, total 45ms
D/dalvikvm(  332): GC_CONCURRENT freed 113K, 6% free 2968K/3132K, paused 21ms+5ms, total 272ms
W/PackageParser(  332): No actions in intent filter at /system/app/Contacts.apk Binary XML file line #533
D/dalvikvm(  332): GC_CONCURRENT freed 240K, 9% free 3148K/3444K, paused 7ms+37ms, total 109ms
D/dalvikvm(  332): GC_CONCURRENT freed 219K, 8% free 3325K/3600K, paused 4ms+15ms, total 125ms
W/PackageManager(  332): Package com.android.camera desires unavailable shared library com.google.android.media.effects; ignoring!
D/PackageManager(  332): No files in app dir /vendor/app
D/dalvikvm(  332): GC_CONCURRENT freed 222K, 8% free 3556K/3836K, paused 4ms+6ms, total 190ms
W/PackageParser(  332): No actions in intent filter at /data/app/ApiDemos.apk Binary XML file line #2737
W/PackageParser(  332): No actions in intent filter at /data/app/ApiDemos.apk Binary XML file line #2743
W/PackageManager(  332): Package com.example.android.apis desires unavailable shared library com.example.will.never.exist; ignoring!
I/PackageManager(  332): Time to scan packages: 5.212 seconds
W/PackageManager(  332): Unknown permission com.google.android.googleapps.permission.GOOGLE_AUTH.mail in package com.android.contacts
W/PackageManager(  332): Unknown permission android.permission.ADD_SYSTEM_SERVICE in package com.android.phone
W/PackageManager(  332): Unknown permission com.android.smspush.WAPPUSH_MANAGER_BIND in package com.android.phone
W/PackageManager(  332): Unknown permission com.google.android.googleapps.permission.GOOGLE_AUTH in package com.android.providers.calendar
W/PackageManager(  332): Unknown permission com.google.android.googleapps.permission.GOOGLE_AUTH.cl in package com.android.providers.calendar
W/PackageManager(  332): Unknown permission com.google.android.googleapps.permission.GOOGLE_AUTH.mail in package com.android.calendar
W/PackageManager(  332): Not granting permission android.permission.SEND_DOWNLOAD_COMPLETED_INTENTS to package com.android.browser (protectionLevel=2 flags=0x9be45)
W/PackageManager(  332): Not granting permission android.permission.BIND_APPWIDGET to package com.android.widgetpreview (protectionLevel=18 flags=0x8be44)
W/PackageManager(  332): Unknown permission com.google.android.googleapps.permission.GOOGLE_AUTH in package com.android.settings
W/PackageManager(  332): Unknown permission com.google.android.gallery3d.permission.GALLERY_PROVIDER in package com.android.exchange
W/PackageManager(  332): Unknown permission com.google.android.googleapps.permission.ACCESS_GOOGLE_PASSWORD in package com.android.development
W/PackageManager(  332): Unknown permission com.google.android.googleapps.permission.GOOGLE_AUTH in package com.android.development
W/PackageManager(  332): Unknown permission com.google.android.googleapps.permission.GOOGLE_AUTH.ALL_SERVICES in package com.android.development
W/PackageManager(  332): Unknown permission com.google.android.googleapps.permission.GOOGLE_AUTH.YouTubeUser in package com.android.development
W/PackageManager(  332): Unknown permission com.google.android.gallery3d.permission.GALLERY_PROVIDER in package com.android.email
W/PackageManager(  332): Not granting permission android.permission.DEVICE_POWER to package com.android.deskclock (protectionLevel=2 flags=0x8be45)
D/dalvikvm(  332): GC_CONCURRENT freed 327K, 10% free 3739K/4124K, paused 5ms+3ms, total 434ms
D/dalvikvm(  332): WAIT_FOR_CONCURRENT_GC blocked 63ms
D/dalvikvm(  332): GC_EXPLICIT freed 121K, 13% free 3617K/4124K, paused 3ms+129ms, total 494ms
I/SystemServer(  332): User Service
I/SystemServer(  332): Account Manager
I/SystemServer(  332): Content Manager
I/SystemServer(  332): System Content Providers
I/SystemServer(  332): Lights Service
I/SystemServer(  332): Battery Service
I/SystemServer(  332): Vibrator Service
I/libsuspend(  332): Selected early suspend
I/libsuspend(  332): Starting early suspend unblocker thread
D/PermissionCache(   37): checking android.permission.ACCESS_SURFACE_FLINGER for uid=1000 => granted (2254 us)
D/SurfaceFlinger(   37): Screen acquired, type=0 flinger=0x2a007318
D/SurfaceFlinger(   37):  screen was previously acquired
I/SystemServer(  332): Alarm Manager
D/AlarmManagerService(  332): Kernel timezone updated to 0 minutes west of GMT
I/SystemServer(  332): Init Watchdog
I/SystemServer(  332): Input Manager
I/InputManager(  332): Initializing input manager, mUseDevInputEventForAudioJack=false
I/SystemServer(  332): Window Manager
E/SoundPool(  332): error loading /system/media/audio/ui/Lock.ogg
W/KeyguardViewMediator(  332): failed to load lock sound from /system/media/audio/ui/Lock.ogg
E/SoundPool(  332): error loading /system/media/audio/ui/Unlock.ogg
W/KeyguardViewMediator(  332): failed to load unlock sound from /system/media/audio/ui/Unlock.ogg
D/dalvikvm(  332): GC_CONCURRENT freed 221K, 9% free 3791K/4124K, paused 5ms+13ms, total 109ms
I/InputManager(  332): Starting input manager
I/SystemServer(  332): No Bluetooh Service (emulator)
I/SystemServer(  332): Input Method Service
I/EventHub(  332): New device: id=1, fd=89, path='/dev/input/event0', name='qwerty2', classes=0x7, configuration='/system/usr/idc/qwerty2.idc', keyLayout='/system/usr/keylayout/qwerty.kl', keyCharacterMap='/system/usr/keychars/qwerty2.kcm', builtinKeyboard=true, usingSuspendBlockIoctl=false, usingClockIoctl=false
E/EventHub(  332): could not get driver version for /dev/input/mouse0, Not a typewriter
E/EventHub(  332): could not get driver version for /dev/input/mice, Not a typewriter
I/InputReader(  332): Device added: id=-1, name='Virtual', sources=0x00000301
I/InputReader(  332):   Touch device 'qwerty2' could not query the properties of its associated display.  The device will be inoperable until the display size becomes available.
I/InputReader(  332): Device added: id=0, name='qwerty2', sources=0x00001103
E/Trace   (  332): error opening trace file: No such file or directory (2)
W/InputMethodManagerService(  332): Couldn't create dir.: /data/system/inputmethod
I/SystemServer(  332): Accessibility Manager
I/ActivityManager(  332): Config changes=15f8 {1.0 ?mcc?mnc en_US ldltr sw320dp w320dp h508dp 240dpi nrml long port ?uimode ?night finger qwerty/v/v -nav/h s.2}
I/InputReader(  332): Reconfiguring input devices.  changes=0x00000004
I/InputReader(  332): Device reconfigured: id=0, name='qwerty2', size 480x800, orientation 0, mode 1, display id 0
I/SystemServer(  332): Mount Service
D/MountService(  332): got storage path: /mnt/sdcard description: USB storage primary: true removable: false emulated: false mtpReserve: 0 allowMassStorage: false maxFileSize: 0
D/MountService(  332): addVolumeLocked() StorageVolume [mStorageId=0 mPath=/mnt/sdcard mDescriptionId=17040615 mPrimary=true mRemovable=false mEmulated=false mMtpReserveSpace=0 mAllowMassStorage=false mMaxFileSize=0 mOwner=null]
I/Choreographer(  332): Skipped 39 frames!  The application may be doing too much work on its main thread.
I/SystemServer(  332): LockSettingsService
I/SystemServer(  332): Device Policy
I/SystemServer(  332): Status Bar
I/SystemServer(  332): Clipboard Service
I/SystemServer(  332): NetworkManagement Service
I/SystemServer(  332): Text Service Manager Service
I/SystemServer(  332): NetworkStats Service
D/dalvikvm(  332): GREF has increased to 201
D/MountService(  332): volume state changed for /mnt/sdcard (null -> unmounted)
I/PackageManager(  332): Updating external media status from unmounted to unmounted
I/SystemServer(  332): NetworkPolicy Service
I/SystemServer(  332): Wi-Fi P2pService
I/SystemServer(  332): Wi-Fi Service
E/CommandListener(   34): Failed to open /proc/sys/net/ipv6/conf/wlan0/disable_ipv6: No such file or directory
E/WifiStateMachine(  332): Failed to disable IPv6: java.lang.IllegalStateException: command '1 interface ipv6 wlan0 disable' failed with '400 1 Failed to change IPv6 state (No such file or directory)'
W/MountService(  332): getSecureContainerList() called when storage not mounted
I/PackageManager(  332): No secure containers on sdcard
I/SystemServer(  332): Connectivity Service
D/ConnectivityService(  332): ConnectivityService starting up
W/PackageManager(  332): Unknown permission com.google.android.googleapps.permission.GOOGLE_AUTH.mail in package com.android.contacts
W/PackageManager(  332): Unknown permission android.permission.ADD_SYSTEM_SERVICE in package com.android.phone
W/PackageManager(  332): Unknown permission com.android.smspush.WAPPUSH_MANAGER_BIND in package com.android.phone
W/PackageManager(  332): Unknown permission com.google.android.googleapps.permission.GOOGLE_AUTH in package com.android.providers.calendar
W/PackageManager(  332): Unknown permission com.google.android.googleapps.permission.GOOGLE_AUTH.cl in package com.android.providers.calendar
W/PackageManager(  332): Unknown permission com.google.android.googleapps.permission.GOOGLE_AUTH.mail in package com.android.calendar
W/PackageManager(  332): Not granting permission android.permission.SEND_DOWNLOAD_COMPLETED_INTENTS to package com.android.browser (protectionLevel=2 flags=0x89be45)
W/PackageManager(  332): Not granting permission android.permission.BIND_APPWIDGET to package com.android.widgetpreview (protectionLevel=18 flags=0x8be44)
W/PackageManager(  332): Unknown permission com.google.android.googleapps.permission.GOOGLE_AUTH in package com.android.settings
W/PackageManager(  332): Unknown permission com.google.android.gallery3d.permission.GALLERY_PROVIDER in package com.android.exchange
W/PackageManager(  332): Unknown permission com.google.android.googleapps.permission.ACCESS_GOOGLE_PASSWORD in package com.android.development
W/PackageManager(  332): Unknown permission com.google.android.googleapps.permission.GOOGLE_AUTH in package com.android.development
W/PackageManager(  332): Unknown permission com.google.android.googleapps.permission.GOOGLE_AUTH.ALL_SERVICES in package com.android.development
W/PackageManager(  332): Unknown permission com.google.android.googleapps.permission.GOOGLE_AUTH.YouTubeUser in package com.android.development
W/PackageManager(  332): Unknown permission com.google.android.gallery3d.permission.GALLERY_PROVIDER in package com.android.email
W/PackageManager(  332): Not granting permission android.permission.DEVICE_POWER to package com.android.deskclock (protectionLevel=2 flags=0x88be45)
E/MobileDataStateTracker(  332): default: Ignoring feature request because could not acquire PhoneService
E/MobileDataStateTracker(  332): default: Could not enable APN type "default"
D/dalvikvm(  332): GC_CONCURRENT freed 291K, 9% free 4014K/4368K, paused 5ms+5ms, total 151ms
D/dalvikvm(  332): WAIT_FOR_CONCURRENT_GC blocked 11ms
D/dalvikvm(  332): WAIT_FOR_CONCURRENT_GC blocked 43ms
I/WifiService(  332): WifiService starting up with Wi-Fi disabled
I/SystemServer(  332): Network Service Discovery Service
D/NsdService(  332): Network service discovery enabled true
I/SystemServer(  332): Throttle Service
I/SystemServer(  332): UpdateLock Service
I/SystemServer(  332): Notification Manager
I/SystemServer(  332): Device Storage Monitor
I/SystemServer(  332): Location Manager
I/SystemServer(  332): Country Detector
I/SystemServer(  332): Search Service
I/SystemServer(  332): DropBox Service
I/SystemServer(  332): Wallpaper Service
I/SystemServer(  332): Audio Service
D/dalvikvm(  332): GC_CONCURRENT freed 289K, 8% free 4162K/4520K, paused 5ms+16ms, total 279ms
I/SystemServer(  332): Dock Observer
W/DockObserver(  332): This kernel does not have dock station support
I/SystemServer(  332): Wired Accessory Manager
W/WiredAccessoryManager(  332): This kernel does not have wired headset support
W/WiredAccessoryManager(  332): This kernel does not have usb audio support
W/WiredAccessoryManager(  332): This kernel does not have HDMI audio support
I/SystemServer(  332): USB Service
I/SystemServer(  332): Serial Service
I/SystemServer(  332): Twilight Service
I/SystemServer(  332): UI Mode Manager Service
I/SystemServer(  332): Backup Service
V/BackupManagerService(  332): No ancestral data
I/BackupManagerService(  332): Found stale backup journal, scheduling
I/BackupManagerService(  332):   android
I/BackupManagerService(  332):   com.android.browser
I/BackupManagerService(  332):   com.android.calendar
I/BackupManagerService(  332):   com.android.inputmethod.latin
I/BackupManagerService(  332):   com.android.providers.settings
I/BackupManagerService(  332):   com.android.providers.userdictionary
I/BackupManagerService(  332):   com.android.sharedstoragebackup
I/BackupManagerService(  332): Backup enabled => true
I/SystemServer(  332): AppWidget Service
I/SystemServer(  332): Recognition Service
I/SystemServer(  332): DiskStats Service
I/SystemServer(  332): SamplingProfiler Service
I/SystemServer(  332): NetworkTimeUpdateService
I/SystemServer(  332): CommonTimeManagementService
I/SystemServer(  332): CertBlacklister
I/SystemServer(  332): Dreams Service
I/WindowManager(  332): SAFE MODE not enabled
D/dalvikvm(  332): JIT started for system_server
D/dalvikvm(  332): GC_CONCURRENT freed 315K, 9% free 4243K/4624K, paused 5ms+63ms, total 312ms
I/ActivityManager(  332): System now ready
I/SystemServer(  332): Making services ready
I/Zygote  (  332): Process: zygote socket opened
I/ActivityManager(  332): Start proc com.android.systemui for service com.android.systemui/.SystemUIService: pid=432 uid=10034 gids={50034, 1028, 1015, 3002, 3001}
I/Vold    (   32): /dev/block/vold/179:0 being considered for volume sdcard
D/Vold    (   32): Volume sdcard state changing 1 (Idle-Unmounted) -> 3 (Checking)
D/MountService(  332): volume state changed for /mnt/sdcard (unmounted -> checking)
D/MountService(  332): sendStorageIntent Intent { act=android.intent.action.MEDIA_CHECKING dat=file:///mnt/sdcard (has extras) } to UserHandle{-1}
D/NetworkManagementService(  332): not enabling bandwidth control
I/keystore(   42): uid: 1000 action: e -> 7 state: 3 -> 3 retry: 4
W/NetworkStats(  332): bandwidth controls disabled, unable to track stats
W/NetworkPolicy(  332): bandwidth controls disabled, unable to enforce policy
I/keystore(   42): uid: 1000 action: e -> 7 state: 3 -> 3 retry: 4
I/ActivityManager(  332): Config changes=200 {1.0 ?mcc?mnc en_US ldltr sw320dp w320dp h508dp 240dpi nrml long port finger qwerty/v/v -nav/h s.3}
W/RecognitionManagerService(  332): no available voice recognition services found for user 0
I//system/bin/fsck_msdos(   32): ** /dev/block/vold/179:0
I//system/bin/fsck_msdos(   32): ** Phase 1 - Read and Compare FATs
I//system/bin/fsck_msdos(   32): Attempting to allocate 794 KB for FAT
E/Trace   (  432): error opening trace file: No such file or directory (2)
D/dalvikvm(  332): GC_CONCURRENT freed 115K, 4% free 4643K/4820K, paused 14ms+5ms, total 176ms
D/dalvikvm(  332): WAIT_FOR_CONCURRENT_GC blocked 32ms
D/dalvikvm(  332): WAIT_FOR_CONCURRENT_GC blocked 162ms
D/dalvikvm(  332): WAIT_FOR_CONCURRENT_GC blocked 73ms
W/InputMethodManagerService(  332): Ignoring setImeWindowStatus of uid 1000 token: null
D/SystemUIService(  432): loading: class com.android.systemui.statusbar.phone.PhoneStatusBar
W/InputMethodManagerService(  332): Found no subtypes in a system IME: com.android.inputmethod.pinyin
I/ActivityManager(  332): Start proc com.android.inputmethod.latin for service com.android.inputmethod.latin/.LatinIME: pid=470 uid=10010 gids={50010, 1028}
I/CommonTimeManagementService(  332): No common time service detected on this platform.  Common time services will be unavailable.
D/SystemUIService(  432): running: com.android.systemui.statusbar.phone.PhoneStatusBar@40cd3378
I/InputReader(  332): Reconfiguring input devices.  changes=0x00000020
E/ThrottleService(  332): problem during onPollAlarm: java.lang.IllegalStateException: problem parsing stats: java.io.FileNotFoundException: /proc/net/xt_qtaguid/iface_stat_all: open failed: ENOENT (No such file or directory)
I/ActivityManager(  332): Start proc com.android.phone for added application com.android.phone: pid=489 uid=1001 gids={41001, 3002, 3001, 3003, 1015, 1028}
I/InputReader(  332): Reconfiguring input devices.  changes=0x00000010
I/ActivityManager(  332): START u0 {act=android.intent.action.MAIN cat=[android.intent.category.HOME] flg=0x10000000 cmp=com.android.launcher/com.android.launcher2.Launcher} from pid 0
I/ActivityManager(  332): Start proc com.android.launcher for activity com.android.launcher/com.android.launcher2.Launcher: pid=501 uid=10020 gids={50020, 1028}
D/dalvikvm(  332): GC_CONCURRENT freed 390K, 9% free 4823K/5276K, paused 203ms+53ms, total 992ms
D/dalvikvm(  332): WAIT_FOR_CONCURRENT_GC blocked 98ms
D/dalvikvm(  332): WAIT_FOR_CONCURRENT_GC blocked 151ms
I/StatusBarManagerService(  332): registerStatusBar bar=com.android.internal.statusbar.IStatusBar$Stub$Proxy@40f89d18
D/dalvikvm(  332): WAIT_FOR_CONCURRENT_GC blocked 355ms
D/dalvikvm(  332): WAIT_FOR_CONCURRENT_GC blocked 178ms
I/SystemServer(  332): Enabled StrictMode for system server main thread.
D/dalvikvm(  332): GC_FOR_ALLOC freed 27K, 9% free 5010K/5484K, paused 134ms, total 135ms
E/Trace   (  470): error opening trace file: No such file or directory (2)
I/LatinIME(  470): Hardware accelerated drawing: false
E/Trace   (  489): error opening trace file: No such file or directory (2)
E/Trace   (  501): error opening trace file: No such file or directory (2)
D/dalvikvm(  332): GC_CONCURRENT freed 311K, 7% free 5360K/5736K, paused 33ms+237ms, total 1328ms
D/dalvikvm(  332): WAIT_FOR_CONCURRENT_GC blocked 512ms
D/dalvikvm(  332): WAIT_FOR_CONCURRENT_GC blocked 515ms
E/SurfaceFlinger(   37): ro.sf.lcd_density must be defined as a build property
D/gralloc_goldfish(  332): Emulator without GPU emulation detected.
I/Choreographer(  332): Skipped 2232 frames!  The application may be doing too much work on its main thread.
D/dalvikvm(  432): GC_FOR_ALLOC freed 90K, 6% free 2664K/2812K, paused 612ms, total 651ms
I/dalvikvm-heap(  432): Grow heap (frag case) to 3.259MB for 635812-byte allocation
D/dalvikvm(  432): GC_CONCURRENT freed 5K, 5% free 3280K/3436K, paused 4ms+2ms, total 128ms
D/dalvikvm(  432): WAIT_FOR_CONCURRENT_GC blocked 17ms
V/TAG     (  332): bug 7643792: fitSystemWindows([0,0][0,0])
W/InputAttributes(  470): No editor info for this field. Bug?
W/TelephonyProvider(  489): onCreate: confFile=/system/etc/apns-conf.xml oldCheckSum=-1
D/TelephonyManager(  489): getLteOnCdmaMode=0 curVal=-1 product_type='' lteOnCdmaProductType=''
V/TAG     (  332): bug 7643792: fitSystemWindows([0,0][0,0])
D/dalvikvm(  332): GC_CONCURRENT freed 699K, 13% free 5410K/6172K, paused 5ms+229ms, total 1146ms
D/dalvikvm(  332): WAIT_FOR_CONCURRENT_GC blocked 30ms
D/dalvikvm(  332): WAIT_FOR_CONCURRENT_GC blocked 453ms
D/dalvikvm(  332): WAIT_FOR_CONCURRENT_GC blocked 301ms
D/dalvikvm(  332): WAIT_FOR_CONCURRENT_GC blocked 486ms
D/dalvikvm(  332): WAIT_FOR_CONCURRENT_GC blocked 478ms
D/TelephonyManager(  489): getLteOnCdmaMode=0 curVal=-1 product_type='' lteOnCdmaProductType=''
I/Choreographer(  332): Skipped 163 frames!  The application may be doing too much work on its main thread.
D/TelephonyManager(  489): getLteOnCdmaMode=0 curVal=-1 product_type='' lteOnCdmaProductType=''
E/SurfaceFlinger(   37): ro.sf.lcd_density must be defined as a build property
D/dalvikvm(  332): GC_FOR_ALLOC freed 258K, 14% free 5322K/6172K, paused 401ms, total 403ms
I/dalvikvm-heap(  332): Grow heap (frag case) to 6.333MB for 1128976-byte allocation
D/dalvikvm(  332): GC_FOR_ALLOC freed <1K, 12% free 6423K/7276K, paused 92ms, total 92ms
E/ActivityThread(  470): Failed to find provider info for com.android.inputmethod.latin.dictionarypack
E/BinaryDictionaryGetter(  470): Could not find a dictionary pack
D/dalvikvm(  332): GREF has increased to 301
W/WindowManager(  332): Window freeze timeout expired.
W/WindowManager(  332): Force clearing orientation change: Window{40e4f5a0 u0 Keyguard}
I/ActivityManager(  332): Start proc android.process.acore for content provider com.android.providers.userdictionary/.UserDictionaryProvider: pid=559 uid=10001 gids={50001, 3003, 1015, 1028}
W/Settings(  489): Setting airplane_mode_on has moved from android.provider.Settings.System to android.provider.Settings.Global, returning read-only value.
W/Settings(  489): Setting auto_time has moved from android.provider.Settings.System to android.provider.Settings.Global, returning read-only global URI.
W/Settings(  489): Setting auto_time_zone has moved from android.provider.Settings.System to android.provider.Settings.Global, returning read-only global URI.
W/ActivityManager(  332): Unable to start service Intent { act=com.android.internal.telephony.IWapPushManager } U=0: not found
D/dalvikvm(  470): GC_CONCURRENT freed 273K, 12% free 2512K/2844K, paused 2ms+2ms, total 1054ms
E/StrictMode(  470): A resource was acquired at attached stack trace but never released. See java.io.Closeable for information on avoiding resource leaks.
E/StrictMode(  470): java.lang.Throwable: Explicit termination method 'close' not called
E/StrictMode(  470): 	at dalvik.system.CloseGuard.open(CloseGuard.java:184)
E/StrictMode(  470): 	at android.os.ParcelFileDescriptor.<init>(ParcelFileDescriptor.java:412)
E/StrictMode(  470): 	at android.content.res.AssetManager.openNonAssetFdNative(Native Method)
E/StrictMode(  470): 	at android.content.res.AssetManager.openNonAssetFd(AssetManager.java:428)
E/StrictMode(  470): 	at android.content.res.Resources.openRawResourceFd(Resources.java:979)
E/StrictMode(  470): 	at com.android.inputmethod.latin.BinaryDictionaryGetter.loadFallbackResource(BinaryDictionaryGetter.java:183)
E/StrictMode(  470): 	at com.android.inputmethod.latin.BinaryDictionaryGetter.getDictionaryFiles(BinaryDictionaryGetter.java:456)
E/StrictMode(  470): 	at com.android.inputmethod.latin.DictionaryFactory.createMainDictionaryFromManager(DictionaryFactory.java:57)
E/StrictMode(  470): 	at com.android.inputmethod.latin.DictionaryFactory.createMainDictionaryFromManager(DictionaryFactory.java:87)
E/StrictMode(  470): 	at com.android.inputmethod.latin.Suggest$1.run(Suggest.java:108)
D/        (  489): [ApnContext:default] set reason as dataEnabled,current state IDLE
D/        (  489): [ApnContext:default] setRetryCount: 0
D/        (  489): [ApnContext:mms] set reason as dataEnabled,current state IDLE
D/        (  489): [ApnContext:mms] setRetryCount: 0
D/        (  489): [ApnContext:supl] set reason as dataEnabled,current state IDLE
D/        (  489): [ApnContext:supl] setRetryCount: 0
D/        (  489): [ApnContext:hipri] set reason as dataEnabled,current state IDLE
D/        (  489): [ApnContext:hipri] setRetryCount: 0
D/        (  489): [ApnContext:fota] set reason as dataEnabled,current state IDLE
D/        (  489): [ApnContext:fota] setRetryCount: 0
D/        (  489): [ApnContext:ims] set reason as dataEnabled,current state IDLE
D/        (  489): [ApnContext:ims] setRetryCount: 0
I/Choreographer(  332): Skipped 885 frames!  The application may be doing too much work on its main thread.
W/InputMethodManagerService(  332): Found no subtypes in a system IME: com.android.inputmethod.pinyin
D/        (  489): [ApnContext:cbs] set reason as dataEnabled,current state IDLE
D/        (  489): [ApnContext:cbs] setRetryCount: 0
W/dalvikvm(  501): threadid=2: spin on suspend #1 threadid=13 (pcf=0)
D/dalvikvm(  501): Temporarily moving tid 543 to fg (was 0)
D/dalvikvm(  501): Temporarily raised priority on tid 543 (10 -> 0)
I/Choreographer(  332): Skipped 38 frames!  The application may be doing too much work on its main thread.
W/dalvikvm(  501): threadid=2: spin on suspend resolved in 1071 msec
D/dalvikvm(  501): Restored policy of 543 to 0
D/dalvikvm(  501): Restored priority on 543 to 10
D/dalvikvm(  332): GC_CONCURRENT freed 402K, 10% free 6600K/7276K, paused 43ms+115ms, total 2245ms
E/Trace   (  559): error opening trace file: No such file or directory (2)
D/TelephonyManager(  489): getLteOnCdmaMode=0 curVal=-1 product_type='' lteOnCdmaProductType=''
D/dalvikvm(  489): GC_CONCURRENT freed 198K, 10% free 2579K/2836K, paused 4ms+99ms, total 322ms
D/CallManager(  489): registerPhone(GSM Handler (com.android.internal.telephony.PhoneProxy) {40d02cf0})
D/dalvikvm(  501): GC_CONCURRENT freed 184K, 9% free 2616K/2856K, paused 1081ms+602ms, total 2039ms
E/BluetoothAdapter(  489): Bluetooth binder is null
I/Choreographer(  332): Skipped 46 frames!  The application may be doing too much work on its main thread.
E/BluetoothAdapter(  489): Bluetooth binder is null
W/ActivityManager(  332): Activity idle timeout for ActivityRecord{40f81f60 u0 com.android.launcher/com.android.launcher2.Launcher}
I/ActivityManager(  332): Start proc com.android.music for broadcast com.android.music/.MediaButtonIntentReceiver: pid=587 uid=10025 gids={50025, 3003, 1015, 1028}
E/KeyguardHostView(  332): Error when trying to bind default AppWidget: java.lang.IllegalArgumentException: not a appwidget provider: ComponentInfo{/}
E/BluetoothAdapter(  332): Bluetooth binder is null
E/BluetoothAdapter(  332): Bluetooth binder is null
V/WiredAccessoryManager(  332): init()
E/SoundPool(  332): error loading /system/media/audio/ui/Effect_Tick.ogg
W/AudioService(  332): Soundpool could not load file: /system/media/audio/ui/Effect_Tick.ogg
E/SoundPool(  332): error loading /system/media/audio/ui/Effect_Tick.ogg
W/AudioService(  332): Soundpool could not load file: /system/media/audio/ui/Effect_Tick.ogg
E/SoundPool(  332): error loading /system/media/audio/ui/Effect_Tick.ogg
W/AudioService(  332): Soundpool could not load file: /system/media/audio/ui/Effect_Tick.ogg
E/SoundPool(  332): error loading /system/media/audio/ui/Effect_Tick.ogg
W/AudioService(  332): Soundpool could not load file: /system/media/audio/ui/Effect_Tick.ogg
E/SoundPool(  332): error loading /system/media/audio/ui/Effect_Tick.ogg
W/AudioService(  332): Soundpool could not load file: /system/media/audio/ui/Effect_Tick.ogg
E/SoundPool(  332): error loading /system/media/audio/ui/KeypressStandard.ogg
W/AudioService(  332): Soundpool could not load file: /system/media/audio/ui/KeypressStandard.ogg
E/SoundPool(  332): error loading /system/media/audio/ui/KeypressSpacebar.ogg
W/AudioService(  332): Soundpool could not load file: /system/media/audio/ui/KeypressSpacebar.ogg
E/SoundPool(  332): error loading /system/media/audio/ui/KeypressDelete.ogg
W/AudioService(  332): Soundpool could not load file: /system/media/audio/ui/KeypressDelete.ogg
E/SoundPool(  332): error loading /system/media/audio/ui/KeypressReturn.ogg
W/AudioService(  332): Soundpool could not load file: /system/media/audio/ui/KeypressReturn.ogg
W/AudioService(  332): loadSoundEffects(), Error -1 while loading samples
I/dalvikvm(  587): Turning on JNI app bug workarounds for target SDK version 9...
I/Choreographer(  332): Skipped 149 frames!  The application may be doing too much work on its main thread.
E/Trace   (  587): error opening trace file: No such file or directory (2)
V/TAG     (  332): bug 7643792: fitSystemWindows([0,0][0,0])
E/BluetoothAdapter(  432): Bluetooth binder is null
E/BluetoothAdapter(  432): Bluetooth binder is null
D/dalvikvm(  332): WAIT_FOR_CONCURRENT_GC blocked 10480ms
I/LocationBlacklist(  332): whitelist: []
I/LocationBlacklist(  332): blacklist: []
D/dalvikvm(  501): GC_FOR_ALLOC freed 49K, 4% free 2856K/2964K, paused 36ms, total 55ms
I/dalvikvm-heap(  501): Grow heap (frag case) to 4.214MB for 1440016-byte allocation
I/ActivityManager(  332): Start proc com.android.contacts for broadcast com.android.contacts/.calllog.CallLogReceiver: pid=625 uid=10001 gids={50001, 3003, 1015, 1028}
I/AudioService(  332):   Remote Control   registerMediaButtonIntent() for PendingIntent{40ff3d98: PendingIntentRecord{40ff3af0 com.android.music broadcastIntent}}
E/BluetoothAdapter(  432): Bluetooth binder is null
I/ActivityManager(  332): Start proc android.process.media for content provider com.android.providers.media/.MediaProvider: pid=633 uid=10000 gids={50000, 1015, 1023, 1024, 1028, 1006, 2001, 3003, 3007}
D/dalvikvm(  501): GC_FOR_ALLOC freed 11K, 3% free 4251K/4372K, paused 444ms, total 444ms
D/dalvikvm(  501): GC_CONCURRENT freed <1K, 3% free 4251K/4372K, paused 4ms+16ms, total 816ms
E/Trace   (  633): error opening trace file: No such file or directory (2)
W/ActivityManager(  332): Timeout executing service: ServiceRecord{40e99970 u0 com.android.systemui/.SystemUIService}
E/Trace   (  625): error opening trace file: No such file or directory (2)
D/DebugService(  489): DebugService DebugService:
D/TelephonyDebugService(  489): TelephonyDebugService()
I/Process (  332): Sending signal. PID: 432 SIG: 3
I/dalvikvm(  432): threadid=3: reacting to signal 3
I/Process (  332): Sending signal. PID: 332 SIG: 3
I/dalvikvm(  332): threadid=3: reacting to signal 3
I/dalvikvm(  432): Wrote stack traces to '/data/anr/traces.txt'
D/dalvikvm(  559): GC_CONCURRENT freed 181K, 9% free 2612K/2848K, paused 114ms+38ms, total 378ms
I/Process (  332): Sending signal. PID: 489 SIG: 3
I/dalvikvm(  489): threadid=3: reacting to signal 3
I/dalvikvm(  332): Wrote stack traces to '/data/anr/traces.txt'
D/dalvikvm(  432): GC_CONCURRENT freed 66K, 4% free 3637K/3760K, paused 5ms+3ms, total 438ms
E/BluetoothAdapter(  432): Bluetooth binder is null
I/DownloadManager(  633): in removeSpuriousFiles
I/dalvikvm(  489): Wrote stack traces to '/data/anr/traces.txt'
D/dalvikvm(  489): GC_CONCURRENT freed 322K, 13% free 2655K/3032K, paused 3ms+3912ms, total 4179ms
I//system/bin/fsck_msdos(   32): Attempting to allocate 794 KB for FAT
D/dalvikvm(  332): GREF has increased to 401
W/Settings(  489): Setting auto_time_zone has moved from android.provider.Settings.System to android.provider.Settings.Global, returning read-only value.
I/RecoverySystem(  332): No recovery log file
D/PhoneStatusBar(  432): disable: < expand icons alerts ticker system_info back home recent clock search >
D/dalvikvm(  332): GC_CONCURRENT freed 2009K, 27% free 5666K/7696K, paused 614ms+65ms, total 2123ms
D/dalvikvm(  332): WAIT_FOR_CONCURRENT_GC blocked 608ms
I/ActivityManager(  332): Start proc com.android.deskclock for broadcast com.android.deskclock/.AlarmInitReceiver: pid=706 uid=10006 gids={50006, 1028}
D/dalvikvm(   38): GC_EXPLICIT freed 34K, 4% free 2381K/2472K, paused 3ms+3ms, total 64ms
D/dalvikvm(   38): WAIT_FOR_CONCURRENT_GC blocked 1ms
D/dalvikvm(   38): GC_EXPLICIT freed <1K, 4% free 2381K/2472K, paused 2ms+4ms, total 63ms
D/dalvikvm(   38): GC_EXPLICIT freed <1K, 4% free 2381K/2472K, paused 2ms+2ms, total 182ms
E/BluetoothAdapter(  432): Bluetooth binder is null
D/SystemUIService(  432): loading: class com.android.systemui.power.PowerUI
D/SystemUIService(  432): running: com.android.systemui.power.PowerUI@40e404f8
D/SystemUIService(  432): loading: class com.android.systemui.media.RingtonePlayer
D/SystemUIService(  432): running: com.android.systemui.media.RingtonePlayer@40e41178
D/dalvikvm(  332): GC_EXPLICIT freed 86K, 27% free 5624K/7696K, paused 11ms+384ms, total 1704ms
E/Trace   (  706): error opening trace file: No such file or directory (2)
I/Choreographer(  432): Skipped 5616 frames!  The application may be doing too much work on its main thread.
D/dalvikvm(  501): GC_CONCURRENT freed 172K, 5% free 4591K/4828K, paused 5ms+2ms, total 343ms
D/CAT     (  489): CatService: Running CAT service. STK app installed:false
D/CAT     (  489): CatService: NEW sInstance
I/Process (  332): Sending signal. PID: 501 SIG: 3
I/dalvikvm(  501): threadid=3: reacting to signal 3
E/SurfaceFlinger(   37): ro.sf.lcd_density must be defined as a build property
D/PhoneStatusBar(  432): disable: < expand icons alerts ticker system_info BACK* HOME* RECENT* CLOCK* SEARCH* >
V/TAG     (  332): bug 7643792: fitSystemWindows([0,38][0,0])
E/ActivityManager(  332): ANR in com.android.systemui
E/ActivityManager(  332): Reason: Executing service com.android.systemui/.SystemUIService
E/ActivityManager(  332): Load: 7.63 / 2.0 / 0.67
E/ActivityManager(  332): CPU usage from 239ms to -12422ms ago:
E/ActivityManager(  332):   17% 332/system_server: 12% user + 5% kernel / faults: 1356 minor 6 major
E/ActivityManager(  332):   13% 37/surfaceflinger: 10% user + 2.6% kernel
E/ActivityManager(  332):   8.1% 432/com.android.systemui: 5.5% user + 2.5% kernel / faults: 1387 minor 4 major
E/ActivityManager(  332):   5.5% 501/com.android.launcher: 3.2% user + 2.2% kernel / faults: 4169 minor 4 major
E/ActivityManager(  332):   5.4% 559/zygote: 4.2% user + 1.1% kernel / faults: 1386 minor
E/ActivityManager(  332):   5.2% 489/com.android.phone: 2.7% user + 2.5% kernel / faults: 706 minor 7 major
E/ActivityManager(  332):   3.9% 633/android.process.media: 1.9% user + 1.9% kernel / faults: 1458 minor 15 major
E/ActivityManager(  332):   2.7% 84/bootanimation: 2.2% user + 0.5% kernel
E/ActivityManager(  332):   2% 625/com.android.contacts: 1.1% user + 0.8% kernel / faults: 1054 minor 20 major
E/ActivityManager(  332):   1.1% 38/zygote: 0.9% user + 0.1% kernel / faults: 191 minor
E/ActivityManager(  332):   1% 47/adbd: 0.1% user + 0.8% kernel / faults: 146 minor
E/ActivityManager(  332):   0.8% 470/com.android.inputmethod.latin: 0.7% user + 0.1% kernel / faults: 73 minor 1 major
E/ActivityManager(  332):   0.5% 437/fsck_msdos: 0.2% user + 0.3% kernel / faults: 685 minor
E/ActivityManager(  332):   0.3% 587/com.android.music: 0.2% user + 0% kernel / faults: 175 minor
E/ActivityManager(  332):   0.2% 40/mediaserver: 0.2% user + 0% kernel
E/ActivityManager(  332):   0.1% 31/servicemanager: 0% user + 0% kernel
E/ActivityManager(  332):   0% 36/rild: 0% user + 0% kernel / faults: 6 minor
E/ActivityManager(  332):   0% 29/mmcqd: 0% user + 0% kernel
E/ActivityManager(  332):  +0% 706/com.android.deskclock: 0% user + 0% kernel
E/ActivityManager(  332): 100% TOTAL: 65% user + 33% kernel + 0.3% softirq
E/ActivityManager(  332): CPU usage from 10101ms to 11214ms later:
E/ActivityManager(  332):   16% 332/system_server: 10% user + 5.1% kernel / faults: 120 minor
E/ActivityManager(  332):     8.7% 352/ActivityManager: 5.8% user + 2.9% kernel
E/ActivityManager(  332):     6.5% 346/er.ServerThread: 5.8% user + 0.7% kernel
E/ActivityManager(  332):     5.1% 339/Compiler: 2.9% user + 2.1% kernel
E/ActivityManager(  332):     3.6% 695/Binder_C: 1.4% user + 2.1% kernel
E/ActivityManager(  332):     0.7% 343/Binder_1: 0.7% user + 0% kernel
E/ActivityManager(  332):     0.7% 345/SensorService: 0.7% user + 0% kernel
E/ActivityManager(  332):     0.7% 384/PowerManagerSer: 0.7% user + 0% kernel
E/ActivityManager(  332):     0.7% 466/Binder_3: 0% user + 0.7% kernel
E/ActivityManager(  332):     0.7% 521/Binder_4: 0.7% user + 0% kernel
E/ActivityManager(  332):     0.7% 522/Binder_5: 0.7% user + 0% kernel
E/ActivityManager(  332):     0.7% 554/Binder_6: 0.7% user + 0% kernel
E/ActivityManager(  332):     0.7% 664/Binder_9: 0.7% user + 0% kernel
E/ActivityManager(  332):    +0% 726/Error dump: sys: 0% user + 0% kernel
E/ActivityManager(  332):   13% 432/com.android.systemui: 9.8% user + 3.2% kernel / faults: 261 minor 1 major
E/ActivityManager(  332):     7.3% 432/ndroid.systemui: 6.5% user + 0.8% kernel
E/ActivityManager(  332):     4.9% 441/Compiler: 4% user + 0.8% kernel
E/ActivityManager(  332):   11% 37/surfaceflinger: 9.6% user + 1.9% kernel
E/ActivityManager(  332):     16% 68/SurfaceFlinger: 13% user + 2.8% kernel
E/ActivityManager(  332):     0.9% 76/VSyncThread: 0% user + 0.9% kernel
E/ActivityManager(  332):     0.9% 80/EventThread: 0% user + 0.9% kernel
E/ActivityManager(  332):     0.9% 83/Binder_1: 0% user + 0.9% kernel
E/ActivityManager(  332):     0.9% 392/Binder_2: 0% user + 0.9% kernel
E/ActivityManager(  332):   9.6% 489/com.android.phone: 5.6% user + 4% kernel / faults: 127 minor 1 major
E/ActivityManager(  332):     8% 489/m.android.phone: 4% user + 4% kernel
E/ActivityManager(  332):     3.2% 548/RILReceiver: 2.4% user + 0.8% kernel
E/ActivityManager(  332):     1.6% 496/Compiler: 1.6% user + 0% kernel
E/ActivityManager(  332):     0.8% 491/GC: 0% user + 0.8% kernel
E/ActivityManager(  332):     0.8% 547/RILSender: 0% user + 0.8% kernel
E/ActivityManager(  332):    +0% 728/Cat Telephony s: 0% user + 0% kernel
E/ActivityManager(  332):    +0% 729/RilMessageDecod: 0% user + 0% kernel
E/ActivityManager(  332):    +0% 733/Cat Icon Loader: 0% user + 0% kernel
E/ActivityManager(  332):   5.4% 501/com.android.launcher: 3.4% user + 2% kernel / faults: 70 minor 1 major
E/ActivityManager(  332):     4% 536/launcher-loader: 3.4% user + 0.6% kernel
E/ActivityManager(  332):     1.3% 503/GC: 0% user + 1.3% kernel
E/ActivityManager(  332):     1.3% 516/FinalizerDaemon: 0.6% user + 0.6% kernel
E/ActivityManager(  332):   4.9% 706/com.android.deskclock: 1.4% user + 3.5% kernel / faults: 221 minor 6 major
E/ActivityManager(  332):     6.3% 706/droid.deskclock: 1.4% user + 4.9% kernel
E/ActivityManager(  332):   3.7% 84/bootanimation: 2.9% user + 0.7% kernel
E/ActivityManager(  332):     2.9% 104/BootAnimation: 2.2% user + 0.7% kernel
E/ActivityManager(  332):   0.7% 47/adbd: 0.7% user + 0% kernel / faults: 12 minor
E/ActivityManager(  332):     0.7% 278/adbd: 0.7% user + 0% kernel
E/ActivityManager(  332): 100% TOTAL: 58% user + 41% kernel
I/dalvikvm(  501): Wrote stack traces to '/data/anr/traces.txt'
W/ActivityManager(  332): Killing ProcessRecord{40e9a1d0 432:com.android.systemui/u0a10034}: background ANR
D/dalvikvm(  501): GC_CONCURRENT freed 39K, 6% free 4571K/4828K, paused 3ms+57ms, total 485ms
D/dalvikvm(  332): GC_FOR_ALLOC freed 513K, 25% free 5781K/7696K, paused 469ms, total 474ms
I/Choreographer(  332): Skipped 310 frames!  The application may be doing too much work on its main thread.
V/AlarmClock(  706): No next alarm
E/JavaBinder(  332): !!! FAILED BINDER TRANSACTION !!!
W/BroadcastQueue(  332): Failure sending broadcast Intent { act=android.intent.action.ALARM_CHANGED flg=0x10 (has extras) }
W/BroadcastQueue(  332): android.os.TransactionTooLargeException
W/BroadcastQueue(  332): 	at android.os.BinderProxy.transact(Native Method)
W/BroadcastQueue(  332): 	at android.app.ApplicationThreadProxy.scheduleRegisteredReceiver(ApplicationThreadNative.java:1009)
W/BroadcastQueue(  332): 	at com.android.server.am.BroadcastQueue.performReceiveLocked(BroadcastQueue.java:373)
W/BroadcastQueue(  332): 	at com.android.server.am.BroadcastQueue.deliverToRegisteredReceiverLocked(BroadcastQueue.java:439)
W/BroadcastQueue(  332): 	at com.android.server.am.BroadcastQueue.processNextBroadcast(BroadcastQueue.java:487)
W/BroadcastQueue(  332): 	at com.android.server.am.BroadcastQueue$1.handleMessage(BroadcastQueue.java:140)
W/BroadcastQueue(  332): 	at android.os.Handler.dispatchMessage(Handler.java:99)
W/BroadcastQueue(  332): 	at android.os.Looper.loop(Looper.java:137)
W/BroadcastQueue(  332): 	at com.android.server.am.ActivityManagerService$AThread.run(ActivityManagerService.java:1480)
V/AlarmClock(  706): AlarmInitReceiver - Reset timers and clear stopwatch data
W/WindowManager(  332): Window freeze timeout expired.
W/WindowManager(  332): Force clearing orientation change: Window{40eb70b8 u0 StatusBar}
E/JavaBinder(  332): !!! FAILED BINDER TRANSACTION !!!
W/BroadcastQueue(  332): Failure sending broadcast Intent { act=android.intent.action.ALARM_CHANGED flg=0x10 (has extras) }
W/BroadcastQueue(  332): android.os.TransactionTooLargeException
W/BroadcastQueue(  332): 	at android.os.BinderProxy.transact(Native Method)
W/BroadcastQueue(  332): 	at android.app.ApplicationThreadProxy.scheduleRegisteredReceiver(ApplicationThreadNative.java:1009)
W/BroadcastQueue(  332): 	at com.android.server.am.BroadcastQueue.performReceiveLocked(BroadcastQueue.java:373)
W/BroadcastQueue(  332): 	at com.android.server.am.BroadcastQueue.deliverToRegisteredReceiverLocked(BroadcastQueue.java:439)
W/BroadcastQueue(  332): 	at com.android.server.am.BroadcastQueue.processNextBroadcast(BroadcastQueue.java:487)
W/BroadcastQueue(  332): 	at com.android.server.am.BroadcastQueue$1.handleMessage(BroadcastQueue.java:140)
W/BroadcastQueue(  332): 	at android.os.Handler.dispatchMessage(Handler.java:99)
W/BroadcastQueue(  332): 	at android.os.Looper.loop(Looper.java:137)
W/BroadcastQueue(  332): 	at com.android.server.am.ActivityManagerService$AThread.run(ActivityManagerService.java:1480)
E/JavaBinder(  332): !!! FAILED BINDER TRANSACTION !!!
W/BroadcastQueue(  332): Failure sending broadcast Intent { act=android.intent.action.ALARM_CHANGED flg=0x10 (has extras) }
W/BroadcastQueue(  332): android.os.TransactionTooLargeException
W/BroadcastQueue(  332): 	at android.os.BinderProxy.transact(Native Method)
W/BroadcastQueue(  332): 	at android.app.ApplicationThreadProxy.scheduleRegisteredReceiver(ApplicationThreadNative.java:1009)
W/BroadcastQueue(  332): 	at com.android.server.am.BroadcastQueue.performReceiveLocked(BroadcastQueue.java:373)
W/BroadcastQueue(  332): 	at com.android.server.am.BroadcastQueue.deliverToRegisteredReceiverLocked(BroadcastQueue.java:439)
W/BroadcastQueue(  332): 	at com.android.server.am.BroadcastQueue.processNextBroadcast(BroadcastQueue.java:487)
W/BroadcastQueue(  332): 	at com.android.server.am.BroadcastQueue$1.handleMessage(BroadcastQueue.java:140)
W/BroadcastQueue(  332): 	at android.os.Handler.dispatchMessage(Handler.java:99)
W/BroadcastQueue(  332): 	at android.os.Looper.loop(Looper.java:137)
W/BroadcastQueue(  332): 	at com.android.server.am.ActivityManagerService$AThread.run(ActivityManagerService.java:1480)
V/AlarmClock(  706): No next alarm
V/AlarmClock(  706): AlarmInitReceiver finished
D/CAT     (  489): CatService: SIM ready. Reporting STK service running now...
E/JavaBinder(  332): !!! FAILED BINDER TRANSACTION !!!
W/BroadcastQueue(  332): Failure sending broadcast Intent { act=android.intent.action.SIM_STATE_CHANGED flg=0x20000010 (has extras) }
W/BroadcastQueue(  332): android.os.TransactionTooLargeException
W/BroadcastQueue(  332): 	at android.os.BinderProxy.transact(Native Method)
W/BroadcastQueue(  332): 	at android.app.ApplicationThreadProxy.scheduleRegisteredReceiver(ApplicationThreadNative.java:1009)
W/BroadcastQueue(  332): 	at com.android.server.am.BroadcastQueue.performReceiveLocked(BroadcastQueue.java:373)
W/BroadcastQueue(  332): 	at com.android.server.am.BroadcastQueue.deliverToRegisteredReceiverLocked(BroadcastQueue.java:439)
W/BroadcastQueue(  332): 	at com.android.server.am.BroadcastQueue.processNextBroadcast(BroadcastQueue.java:487)
W/BroadcastQueue(  332): 	at com.android.server.am.BroadcastQueue$1.handleMessage(BroadcastQueue.java:140)
W/BroadcastQueue(  332): 	at android.os.Handler.dispatchMessage(Handler.java:99)
W/BroadcastQueue(  332): 	at android.os.Looper.loop(Looper.java:137)
W/BroadcastQueue(  332): 	at com.android.server.am.ActivityManagerService$AThread.run(ActivityManagerService.java:1480)
E/JavaBinder(  332): !!! FAILED BINDER TRANSACTION !!!
W/BroadcastQueue(  332): Failure sending broadcast Intent { act=android.intent.action.SIM_STATE_CHANGED flg=0x20000010 (has extras) }
W/BroadcastQueue(  332): android.os.TransactionTooLargeException
W/BroadcastQueue(  332): 	at android.os.BinderProxy.transact(Native Method)
W/BroadcastQueue(  332): 	at android.app.ApplicationThreadProxy.scheduleRegisteredReceiver(ApplicationThreadNative.java:1009)
W/BroadcastQueue(  332): 	at com.android.server.am.BroadcastQueue.performReceiveLocked(BroadcastQueue.java:373)
W/BroadcastQueue(  332): 	at com.android.server.am.BroadcastQueue.deliverToRegisteredReceiverLocked(BroadcastQueue.java:439)
W/BroadcastQueue(  332): 	at com.android.server.am.BroadcastQueue.processNextBroadcast(BroadcastQueue.java:487)
W/BroadcastQueue(  332): 	at com.android.server.am.BroadcastQueue$1.handleMessage(BroadcastQueue.java:140)
W/BroadcastQueue(  332): 	at android.os.Handler.dispatchMessage(Handler.java:99)
W/BroadcastQueue(  332): 	at android.os.Looper.loop(Looper.java:137)
W/BroadcastQueue(  332): 	at com.android.server.am.ActivityManagerService$AThread.run(ActivityManagerService.java:1480)
D/dalvikvm(  489): GC_CONCURRENT freed 289K, 12% free 2773K/3120K, paused 9ms+85ms, total 346ms
D/MccTable(  489): updateMccMncConfiguration: mcc=310, mnc=260
D/TelephonyManager(  489): getLteOnCdmaMode=0 curVal=-1 product_type='' lteOnCdmaProductType=''
D/MccTable(  489): locale set to en_us
D/MccTable(  489): WIFI_COUNTRY_CODE set to us
I/WifiService(  332): WifiService trying to set country code to us with persist set to true
I/ActivityManager(  332): Config changes=1403 {1.0 310mcc260mnc en_US ldltr sw320dp w320dp h508dp 240dpi nrml long port finger qwerty/v/v -nav/h s.4}
E/JavaBinder(  332): !!! FAILED BINDER TRANSACTION !!!
W/SurfaceFlinger(   37): createScreenshotSurface failed (Function not implemented)
E/JavaBinder(  332): !!! FAILED BINDER TRANSACTION !!!
E/JavaBinder(  332): !!! FAILED BINDER TRANSACTION !!!
W/BroadcastQueue(  332): Failure sending broadcast Intent { act=android.intent.action.CONFIGURATION_CHANGED flg=0x70000010 }
W/BroadcastQueue(  332): android.os.TransactionTooLargeException
W/BroadcastQueue(  332): 	at android.os.BinderProxy.transact(Native Method)
W/BroadcastQueue(  332): 	at android.app.ApplicationThreadProxy.scheduleRegisteredReceiver(ApplicationThreadNative.java:1009)
W/BroadcastQueue(  332): 	at com.android.server.am.BroadcastQueue.performReceiveLocked(BroadcastQueue.java:373)
W/BroadcastQueue(  332): 	at com.android.server.am.BroadcastQueue.deliverToRegisteredReceiverLocked(BroadcastQueue.java:439)
W/BroadcastQueue(  332): 	at com.android.server.am.BroadcastQueue.processNextBroadcast(BroadcastQueue.java:487)
W/BroadcastQueue(  332): 	at com.android.server.am.BroadcastQueue$1.handleMessage(BroadcastQueue.java:140)
W/BroadcastQueue(  332): 	at android.os.Handler.dispatchMessage(Handler.java:99)
W/BroadcastQueue(  332): 	at android.os.Looper.loop(Looper.java:137)
W/BroadcastQueue(  332): 	at com.android.server.am.ActivityManagerService$AThread.run(ActivityManagerService.java:1480)
E/JavaBinder(  332): !!! FAILED BINDER TRANSACTION !!!
W/BroadcastQueue(  332): Failure sending broadcast Intent { act=android.intent.action.CONFIGURATION_CHANGED flg=0x70000010 }
W/BroadcastQueue(  332): android.os.TransactionTooLargeException
W/BroadcastQueue(  332): 	at android.os.BinderProxy.transact(Native Method)
W/BroadcastQueue(  332): 	at android.app.ApplicationThreadProxy.scheduleRegisteredReceiver(ApplicationThreadNative.java:1009)
W/BroadcastQueue(  332): 	at com.android.server.am.BroadcastQueue.performReceiveLocked(BroadcastQueue.java:373)
W/BroadcastQueue(  332): 	at com.android.server.am.BroadcastQueue.deliverToRegisteredReceiverLocked(BroadcastQueue.java:439)
W/BroadcastQueue(  332): 	at com.android.server.am.BroadcastQueue.processNextBroadcast(BroadcastQueue.java:487)
W/BroadcastQueue(  332): 	at com.android.server.am.BroadcastQueue$1.handleMessage(BroadcastQueue.java:140)
W/BroadcastQueue(  332): 	at android.os.Handler.dispatchMessage(Handler.java:99)
W/BroadcastQueue(  332): 	at android.os.Looper.loop(Looper.java:137)
W/BroadcastQueue(  332): 	at com.android.server.am.ActivityManagerService$AThread.run(ActivityManagerService.java:1480)
E/JavaBinder(  332): !!! FAILED BINDER TRANSACTION !!!
W/BroadcastQueue(  332): Failure sending broadcast Intent { act=android.intent.action.CONFIGURATION_CHANGED flg=0x70000010 }
W/BroadcastQueue(  332): android.os.TransactionTooLargeException
W/BroadcastQueue(  332): 	at android.os.BinderProxy.transact(Native Method)
W/BroadcastQueue(  332): 	at android.app.ApplicationThreadProxy.scheduleRegisteredReceiver(ApplicationThreadNative.java:1009)
W/BroadcastQueue(  332): 	at com.android.server.am.BroadcastQueue.performReceiveLocked(BroadcastQueue.java:373)
W/BroadcastQueue(  332): 	at com.android.server.am.BroadcastQueue.deliverToRegisteredReceiverLocked(BroadcastQueue.java:439)
W/BroadcastQueue(  332): 	at com.android.server.am.BroadcastQueue.processNextBroadcast(BroadcastQueue.java:487)
W/BroadcastQueue(  332): 	at com.android.server.am.BroadcastQueue$1.handleMessage(BroadcastQueue.java:140)
W/BroadcastQueue(  332): 	at android.os.Handler.dispatchMessage(Handler.java:99)
W/BroadcastQueue(  332): 	at android.os.Looper.loop(Looper.java:137)
W/BroadcastQueue(  332): 	at com.android.server.am.ActivityManagerService$AThread.run(ActivityManagerService.java:1480)
E/JavaBinder(  332): !!! FAILED BINDER TRANSACTION !!!
W/BroadcastQueue(  332): Failure sending broadcast Intent { act=android.intent.action.CONFIGURATION_CHANGED flg=0x70000010 }
W/BroadcastQueue(  332): android.os.TransactionTooLargeException
W/BroadcastQueue(  332): 	at android.os.BinderProxy.transact(Native Method)
W/BroadcastQueue(  332): 	at android.app.ApplicationThreadProxy.scheduleRegisteredReceiver(ApplicationThreadNative.java:1009)
W/BroadcastQueue(  332): 	at com.android.server.am.BroadcastQueue.performReceiveLocked(BroadcastQueue.java:373)
W/BroadcastQueue(  332): 	at com.android.server.am.BroadcastQueue.deliverToRegisteredReceiverLocked(BroadcastQueue.java:439)
W/BroadcastQueue(  332): 	at com.android.server.am.BroadcastQueue.processNextBroadcast(BroadcastQueue.java:487)
