I/dalvikvm(  321): threadid=3: reacting to signal 3
I/dalvikvm(  455): Wrote stack traces to '/data/anr/traces.txt'
D/dalvikvm(  533): GC_CONCURRENT freed 181K, 9% free 2613K/2856K, paused 1060ms+884ms, total 2318ms
I/dalvikvm(  321): Wrote stack traces to '/data/anr/traces.txt'
I/Process (  321): Sending signal. PID: 415 SIG: 3
I/dalvikvm(  415): threadid=3: reacting to signal 3
I/Choreographer(  321): Skipped 41 frames!  The application may be doing too much work on its main thread.
I/Process (  321): Sending signal. PID: 467 SIG: 3
I/dalvikvm(  467): threadid=3: reacting to signal 3
I/dalvikvm(  415): Wrote stack traces to '/data/anr/traces.txt'
I/dalvikvm(  467): Wrote stack traces to '/data/anr/traces.txt'
D/dalvikvm(  415): GC_CONCURRENT freed 150K, 6% free 3877K/4088K, paused 14ms+91ms, total 208ms
E/SurfaceFlinger(   37): ro.sf.lcd_density must be defined as a build property
D/dalvikvm(  467): GC_CONCURRENT freed 37K, 13% free 2665K/3032K, paused 19ms+116ms, total 315ms
W/Settings(  467): Setting auto_time_zone has moved from android.provider.Settings.System to android.provider.Settings.Global, returning read-only value.
I/RecoverySystem(  321): No recovery log file
I/ActivityManager(  321): Start proc com.android.deskclock for broadcast com.android.deskclock/.AlarmInitReceiver: pid=682 uid=10006 gids={50006, 1028}
D/dalvikvm(   38): GC_EXPLICIT freed 34K, 4% free 2381K/2476K, paused 3ms+125ms, total 181ms
D/dalvikvm(   38): GC_EXPLICIT freed <1K, 4% free 2382K/2476K, paused 3ms+3ms, total 35ms
D/dalvikvm(   38): GC_EXPLICIT freed <1K, 4% free 2382K/2476K, paused 4ms+3ms, total 176ms
D/dalvikvm(  415): GC_FOR_ALLOC freed 14K, 6% free 3878K/4088K, paused 1043ms, total 1061ms
W/WindowManager(  321): Window freeze timeout expired.
W/WindowManager(  321): Force clearing orientation change: Window{40fffe50 u0 com.android.systemui.ImageWallpaper}
I/Choreographer(  321): Skipped 33 frames!  The application may be doing too much work on its main thread.
I/dalvikvm-heap(  415): Grow heap (frag case) to 9.956MB for 6410576-byte allocation
W/ProcessStats(  321): Skipping unknown process pid 676
E/Trace   (  682): error opening trace file: No such file or directory (2)
D/dalvikvm(  415): GC_CONCURRENT freed <1K, 3% free 10137K/10352K, paused 5ms+3ms, total 746ms
D/dalvikvm(  321): GC_CONCURRENT freed 1851K, 26% free 5694K/7612K, paused 6ms+76ms, total 628ms
D/dalvikvm(  492): GC_CONCURRENT freed 87K, 5% free 2988K/3136K, paused 4ms+3ms, total 944ms
D/CAT     (  467): CatService: Running CAT service. STK app installed:false
D/CAT     (  467): CatService: NEW sInstance
D/dalvikvm(  321): GC_EXPLICIT freed 87K, 26% free 5700K/7612K, paused 80ms+225ms, total 1657ms
V/AlarmClock(  682): No next alarm
D/dalvikvm(  415): GC_FOR_ALLOC freed <1K, 3% free 10138K/10352K, paused 269ms, total 269ms
D/CAT     (  467): CatService: SIM ready. Reporting STK service running now...
I/dalvikvm-heap(  415): Grow heap (frag case) to 12.654MB for 2828816-byte allocation
V/AlarmClock(  682): AlarmInitReceiver - Reset timers and clear stopwatch data
V/AlarmClock(  682): No next alarm
W/ProcessStats(  321): Skipping unknown process pid 717
I/Process (  321): Sending signal. PID: 492 SIG: 3
I/dalvikvm(  492): threadid=3: reacting to signal 3
V/AlarmClock(  682): AlarmInitReceiver finished
D/dalvikvm(  415): GC_CONCURRENT freed 0K, 2% free 12901K/13116K, paused 11ms+98ms, total 818ms
D/dalvikvm(  415): WAIT_FOR_CONCURRENT_GC blocked 801ms
D/gralloc_goldfish(  415): Emulator without GPU emulation detected.
D/MccTable(  467): updateMccMncConfiguration: mcc=310, mnc=260
D/TelephonyManager(  467): getLteOnCdmaMode=0 curVal=-1 product_type='' lteOnCdmaProductType=''
D/MccTable(  467): locale set to en_us
D/MccTable(  467): WIFI_COUNTRY_CODE set to us
I/dalvikvm(  492): Wrote stack traces to '/data/anr/traces.txt'
I/WifiService(  321): WifiService trying to set country code to us with persist set to true
I/ActivityManager(  321): Config changes=1403 {1.0 310mcc260mnc en_US ldltr sw320dp w320dp h508dp 240dpi nrml long port finger -keyb/v/h tball/v s.4}
D/dalvikvm(  492): GC_CONCURRENT freed 127K, 6% free 3162K/3352K, paused 16ms+106ms, total 296ms
E/ActivityManager(  321): ANR in com.android.inputmethod.latin
E/ActivityManager(  321): Reason: Executing service com.android.inputmethod.latin/.LatinIME
E/ActivityManager(  321): Load: 7.92 / 2.07 / 0.7
E/ActivityManager(  321): CPU usage from 4043ms to -11460ms ago:
E/ActivityManager(  321):   19% 321/system_server: 13% user + 5.9% kernel / faults: 1885 minor 6 major
E/ActivityManager(  321):   13% 37/surfaceflinger: 11% user + 2.3% kernel / faults: 4 minor
E/ActivityManager(  321):   7.5% 467/com.android.phone: 4.6% user + 2.9% kernel / faults: 927 minor 7 major
E/ActivityManager(  321):   7.2% 492/com.android.launcher: 4.8% user + 2.4% kernel / faults: 6913 minor 3 major
E/ActivityManager(  321):   6.4% 415/com.android.systemui: 5% user + 1.3% kernel / faults: 3528 minor 3 major
E/ActivityManager(  321):   2.8% 89/bootanimation: 2.1% user + 0.7% kernel
E/ActivityManager(  321):   2.4% 533/android.process.acore: 1.6% user + 0.8% kernel / faults: 1226 minor
E/ActivityManager(  321):   2.2% 577/android.process.media: 1.2% user + 0.9% kernel / faults: 736 minor 5 major
E/ActivityManager(  321):   1.1% 38/zygote: 1.1% user + 0% kernel / faults: 192 minor
E/ActivityManager(  321):   0.8% 49/adbd: 0% user + 0.7% kernel / faults: 168 minor
E/ActivityManager(  321):   0.7% 455/com.android.inputmethod.latin: 0.4% user + 0.2% kernel / faults: 176 minor 1 major
E/ActivityManager(  321):   0.6% 605/com.android.contacts: 0.2% user + 0.3% kernel / faults: 556 minor 17 major
E/ActivityManager(  321):   0.3% 539/com.android.music: 0.1% user + 0.1% kernel / faults: 180 minor
E/ActivityManager(  321):   0.1% 36/rild: 0% user + 0% kernel / faults: 6 minor
E/ActivityManager(  321):   0.3% 40/mediaserver: 0.1% user + 0.1% kernel
E/ActivityManager(  321):   0.3% 422/fsck_msdos: 0.1% user + 0.1% kernel / faults: 767 minor
E/ActivityManager(  321):   0.1% 31/servicemanager: 0% user + 0.1% kernel
E/ActivityManager(  321):  +0% 682/com.android.deskclock: 0% user + 0% kernel
E/ActivityManager(  321): 100% TOTAL: 67% user + 32% kernel + 0% irq + 0.3% softirq
E/ActivityManager(  321): CPU usage from 8765ms to 9974ms later:
E/ActivityManager(  321):   25% 321/system_server: 15% user + 10% kernel / faults: 115 minor
E/ActivityManager(  321):     12% 341/ActivityManager: 7% user + 5.8% kernel
E/ActivityManager(  321):     5.8% 335/Binder_1: 5.8% user + 0% kernel
E/ActivityManager(  321):     5.8% 336/Binder_2: 1.1% user + 4.7% kernel
E/ActivityManager(  321):     5.8% 530/Binder_5: 0% user + 5.8% kernel
E/ActivityManager(  321):     3.5% 328/Compiler: 0% user + 3.5% kernel
E/ActivityManager(  321):     2.3% 507/Binder_3: 2.3% user + 0% kernel
E/ActivityManager(  321):     2.3% 531/Binder_6: 2.3% user + 0% kernel
E/ActivityManager(  321):     1.1% 321/system_server: 1.1% user + 0% kernel
E/ActivityManager(  321):     1.1% 371/PowerManagerSer: 1.1% user + 0% kernel
E/ActivityManager(  321):     1.1% 529/Binder_4: 1.1% user + 0% kernel
E/ActivityManager(  321):     1.1% 532/Binder_7: 1.1% user + 0% kernel
E/ActivityManager(  321):     1.1% 598/Binder_8: 1.1% user + 0% kernel
E/ActivityManager(  321):     1.1% 652/Binder_9: 1.1% user + 0% kernel
E/ActivityManager(  321):   12% 467/com.android.phone: 6.8% user + 5.4% kernel / faults: 67 minor
E/ActivityManager(  321):     4.7% 564/RILReceiver: 0.6% user + 4% kernel
E/ActivityManager(  321):     4% 467/m.android.phone: 4% user + 0% kernel
E/ActivityManager(  321):     4% 561/RILSender: 2.7% user + 1.3% kernel
E/ActivityManager(  321):     1.3% 482/Compiler: 0.6% user + 0.6% kernel
E/ActivityManager(  321):   11% 37/surfaceflinger: 9.8% user + 1.9% kernel
E/ActivityManager(  321):     10% 71/SurfaceFlinger: 10% user + 0% kernel
E/ActivityManager(  321):     1.9% 374/Binder_2: 1.9% user + 0% kernel
E/ActivityManager(  321):     0.9% 83/VSyncThread: 0% user + 0.9% kernel
E/ActivityManager(  321):     0.9% 86/EventThread: 0% user + 0.9% kernel
E/ActivityManager(  321):   7.4% 415/com.android.systemui: 4.7% user + 2.7% kernel / faults: 780 minor
E/ActivityManager(  321):     5.4% 415/ndroid.systemui: 2.7% user + 2.7% kernel
E/ActivityManager(  321):     2.7% 419/GC: 2% user + 0.6% kernel
E/ActivityManager(  321):   4.5% 492/com.android.launcher: 1.9% user + 2.5% kernel / faults: 99 minor 1 major
E/ActivityManager(  321):     9% 548/launcher-loader: 3.8% user + 5.1% kernel
E/ActivityManager(  321):   4.9% 682/com.android.deskclock: 1.4% user + 3.5% kernel / faults: 91 minor 1 major
E/ActivityManager(  321):     5.6% 708/AsyncHandler: 2.1% user + 3.5% kernel
E/ActivityManager(  321):   1% 36/rild: 0% user + 1% kernel
E/ActivityManager(  321):     5% 96/rild: 0% user + 5% kernel
E/ActivityManager(  321):     1% 93/rild: 1% user + 0% kernel
E/ActivityManager(  321):   1.1% 49/adbd: 0% user + 1.1% kernel / faults: 12 minor
E/ActivityManager(  321):   1.1% 89/bootanimation: 1.1% user + 0% kernel
E/ActivityManager(  321):     3.5% 107/BootAnimation: 2.3% user + 1.1% kernel
E/ActivityManager(  321): 100% TOTAL: 58% user + 41% kernel
I/Choreographer(  415): Skipped 4509 frames!  The application may be doing too much work on its main thread.
I/SurfaceFlinger(   37): Boot is finished (79773 ms)
I/PowerManagerService(  321): Boot animation finished.
I//system/bin/fsck_msdos(   32): Attempting to allocate 2044 KB for FAT
W/SurfaceFlinger(   37): createScreenshotSurface failed (Function not implemented)
I/ActivityManager(  321): Config changes=1400 {1.0 310mcc260mnc en_US ldltr sw320dp w320dp h508dp 240dpi nrml long port finger -keyb/v/h tball/v s.5}
I/Choreographer(  321): Skipped 313 frames!  The application may be doing too much work on its main thread.
W/ActivityManager(  321): Killing ProcessRecord{40ef17f8 455:com.android.inputmethod.latin/u0a10010}: background ANR
I/ActivityManager(  321): Process com.android.inputmethod.latin (pid 455) has died.
W/ActivityManager(  321): Scheduling restart of crashed service com.android.inputmethod.latin/.LatinIME in 5000ms
D/dalvikvm(  467): GC_CONCURRENT freed 276K, 11% free 2793K/3128K, paused 4ms+50ms, total 178ms
I//system/bin/fsck_msdos(   32): ** Phase 2 - Check Cluster Chains
I//system/bin/fsck_msdos(   32): ** Phase 3 - Checking Directories
I//system/bin/fsck_msdos(   32): ** Phase 4 - Checking for Lost Files
I//system/bin/fsck_msdos(   32): 12 files, 1044448 free (522224 clusters)
I/Vold    (   32): Filesystem check completed OK
I/Vold    (   32): Device /dev/block/vold/179:0, target /mnt/sdcard mounted @ /mnt/secure/staging
D/Vold    (   32): Volume sdcard state changing 3 (Checking) -> 4 (Mounted)
D/dalvikvm(  321): GC_FOR_ALLOC freed 500K, 23% free 5900K/7612K, paused 600ms, total 658ms
D/MountService(  321): volume state changed for /mnt/sdcard (checking -> mounted)
I/PackageManager(  321): Updating external media status from unmounted to mounted
D/MountService(  321): sendStorageIntent Intent { act=android.intent.action.MEDIA_MOUNTED dat=file:///mnt/sdcard (has extras) } to UserHandle{-1}
I/Choreographer(  415): Skipped 622 frames!  The application may be doing too much work on its main thread.
E/VoldConnector(  321): NDC Command {3 volume mount /mnt/sdcard} took too long (41689ms)
D/AndroidRuntime(  736): 
D/AndroidRuntime(  736): >>>>>> AndroidRuntime START com.android.internal.os.RuntimeInit <<<<<<
D/AndroidRuntime(  736): CheckJNI is ON
D/dalvikvm(  736): Trying to load lib libjavacore.so 0x0
D/dalvikvm(  736): Added shared lib libjavacore.so 0x0
D/dalvikvm(  736): Trying to load lib libnativehelper.so 0x0
W/Settings(  467): Setting auto_time_zone has moved from android.provider.Settings.System to android.provider.Settings.Global, returning read-only value.
D/dalvikvm(  736): Added shared lib libnativehelper.so 0x0
D/MccTable(  467): updateMccMncConfiguration: mcc=310, mnc=260
D/TelephonyManager(  467): getLteOnCdmaMode=0 curVal=-1 product_type='' lteOnCdmaProductType=''
D/MccTable(  467): locale set to en_us
D/MccTable(  467): WIFI_COUNTRY_CODE set to us
I/WifiService(  321): WifiService trying to set country code to us with persist set to true
I/ActivityManager(  321): Config changes=1400 {1.0 310mcc260mnc en_US ldltr sw320dp w320dp h508dp 240dpi nrml long port finger -keyb/v/h tball/v s.6}
W/WindowManager(  321): Window freeze timeout expired.
W/WindowManager(  321): Force clearing orientation change: Window{40efc938 u0 Keyguard}
I/Choreographer(  321): Skipped 58 frames!  The application may be doing too much work on its main thread.
D/AndroidRuntime(  736): Calling main entry com.android.commands.am.Am
D/dalvikvm(  736): Note: class Landroid/app/ActivityManagerNative; has 157 unimplemented (abstract) methods
D/dalvikvm(  746): Not late-enabling CheckJNI (already on)
I/ActivityManager(  321): Start proc it.unina.android.ripper_service:android_ripper_service_process for service it.unina.android.ripper_service/.AndroidRipperService: pid=746 uid=10049 gids={50049, 3003, 1028}
D/AndroidRuntime(  736): Shutting down VM
D/dalvikvm(  736): GC_CONCURRENT freed 94K, 17% free 499K/596K, paused 0ms+1ms, total 10ms
D/jdwp    (  736): Got wake-up signal, bailing out of select
D/dalvikvm(  736): Debugger has detached; object registry had 1 entries
I/Choreographer(  415): Skipped 164 frames!  The application may be doing too much work on its main thread.
E/Trace   (  746): error opening trace file: No such file or directory (2)
V/AndroidRipperService(  746): onCreate()
V/SERVER  (  746): Starting ServerSocket on PORT 8888
V/SERVER  (  746): Started ServerSocket on PORT 8888
V/SERVER  (  746): Ready to accept connections on port: 8888
D/dalvikvm(  467): GC_CONCURRENT freed 327K, 12% free 2912K/3300K, paused 4ms+20ms, total 88ms
D/dalvikvm(  321): GC_CONCURRENT freed 764K, 21% free 6020K/7612K, paused 12ms+57ms, total 301ms
D/dalvikvm(  321): WAIT_FOR_CONCURRENT_GC blocked 73ms
D/dalvikvm(  321): WAIT_FOR_CONCURRENT_GC blocked 131ms
D/dalvikvm(  321): GC_CONCURRENT freed 365K, 14% free 6569K/7612K, paused 6ms+7ms, total 83ms
D/dalvikvm(  321): WAIT_FOR_CONCURRENT_GC blocked 51ms
D/dalvikvm(  321): WAIT_FOR_CONCURRENT_GC blocked 110ms
I/Choreographer(  321): Skipped 385 frames!  The application may be doing too much work on its main thread.
W/GpsLocationProvider(  321): Could not open GPS configuration file /etc/gps.conf
W/ServiceWatcher(  321): com.google.android.location not found
I/Choreographer(  321): Skipped 31 frames!  The application may be doing too much work on its main thread.
D/dalvikvm(  467): GC_CONCURRENT freed 439K, 15% free 2881K/3380K, paused 6ms+5ms, total 184ms
D/dalvikvm(  321): GC_FOR_ALLOC freed 535K, 13% free 6645K/7612K, paused 124ms, total 152ms
D/AndroidRuntime(  771): 
D/AndroidRuntime(  771): >>>>>> AndroidRuntime START com.android.internal.os.RuntimeInit <<<<<<
I/dalvikvm-heap(  321): Grow heap (frag case) to 7.630MB for 1128976-byte allocation
D/AndroidRuntime(  771): CheckJNI is ON
D/dalvikvm(  771): Trying to load lib libjavacore.so 0x0
D/dalvikvm(  771): Added shared lib libjavacore.so 0x0
D/dalvikvm(  321): GC_FOR_ALLOC freed 885K, 22% free 6862K/8716K, paused 97ms, total 97ms
D/dalvikvm(  771): Trying to load lib libnativehelper.so 0x0
D/dalvikvm(  771): Added shared lib libnativehelper.so 0x0
I/ActivityManager(  321): Start proc com.android.inputmethod.latin for service com.android.inputmethod.latin/.LatinIME: pid=773 uid=10010 gids={50010, 1028}
W/WindowManager(  321): App freeze timeout expired.
W/WindowManager(  321): Force clearing freeze: AppWindowToken{40f4ce28 token=Token{40f48110 ActivityRecord{40f47728 u0 com.android.launcher/com.android.launcher2.Launcher}}}
W/ServiceWatcher(  321): com.google.android.location not found
I/Choreographer(  321): Skipped 322 frames!  The application may be doing too much work on its main thread.
I/Choreographer(  415): Skipped 162 frames!  The application may be doing too much work on its main thread.
D/AndroidRuntime(  771): Calling main entry com.android.commands.am.Am
D/dalvikvm(  771): Note: class Landroid/app/ActivityManagerNative; has 157 unimplemented (abstract) methods
I/ActivityManager(  321): Force stopping package net.mandaria.tippytipper appid=10048 user=0
D/dalvikvm(  792): Not late-enabling CheckJNI (already on)
I/ActivityManager(  321): Start proc net.mandaria.tippytipper for added application net.mandaria.tippytipper: pid=792 uid=10048 gids={50048, 1015, 3003, 1028}
W/LocationManagerService(  321): no network location provider found
W/ServiceWatcher(  321): com.google.android.location not found
I/dalvikvm(  792): Turning on JNI app bug workarounds for target SDK version 4...
I/Choreographer(  321): Skipped 197 frames!  The application may be doing too much work on its main thread.
E/Trace   (  773): error opening trace file: No such file or directory (2)
D/dalvikvm(  321): GC_CONCURRENT freed 106K, 21% free 6914K/8716K, paused 69ms+52ms, total 1770ms
D/dalvikvm(  321): WAIT_FOR_CONCURRENT_GC blocked 2973ms
I/LatinIME(  773): Hardware accelerated drawing: false
E/VoldConnector(  321): NDC Command {4 asec list} took too long (3504ms)
I/PackageManager(  321): No secure containers on sdcard
D/dalvikvm(  321): GC_EXPLICIT freed 1130K, 34% free 5806K/8716K, paused 5ms+9ms, total 92ms
V/        (  746): ready
V/RipperService(  746): PING
V/AndroidRipperService(  746): mHandler.handleMessage() RECIVED
V/AndroidRipperService(  746): broadcast()
V/AndroidRipperService(  746): broadcast() done
V/        (  746): ready
W/PackageManager(  321): Unknown permission com.google.android.googleapps.permission.GOOGLE_AUTH.mail in package com.android.contacts
W/PackageManager(  321): Unknown permission android.permission.ADD_SYSTEM_SERVICE in package com.android.phone
W/PackageManager(  321): Unknown permission com.android.smspush.WAPPUSH_MANAGER_BIND in package com.android.phone
W/PackageManager(  321): Unknown permission com.google.android.googleapps.permission.GOOGLE_AUTH in package com.android.providers.calendar
W/PackageManager(  321): Unknown permission com.google.android.googleapps.permission.GOOGLE_AUTH.cl in package com.android.providers.calendar
W/PackageManager(  321): Unknown permission com.google.android.googleapps.permission.GOOGLE_AUTH.mail in package com.android.calendar
W/PackageManager(  321): Not granting permission android.permission.SEND_DOWNLOAD_COMPLETED_INTENTS to package com.android.browser (protectionLevel=2 flags=0x89be45)
W/PackageManager(  321): Not granting permission android.permission.BIND_APPWIDGET to package com.android.widgetpreview (protectionLevel=18 flags=0x8be44)
W/PackageManager(  321): Unknown permission com.google.android.googleapps.permission.GOOGLE_AUTH in package com.android.settings
W/PackageManager(  321): Unknown permission com.google.android.gallery3d.permission.GALLERY_PROVIDER in package com.android.exchange
W/PackageManager(  321): Unknown permission com.google.android.googleapps.permission.ACCESS_GOOGLE_PASSWORD in package com.android.development
W/PackageManager(  321): Unknown permission com.google.android.googleapps.permission.GOOGLE_AUTH in package com.android.development
W/PackageManager(  321): Unknown permission com.google.android.googleapps.permission.GOOGLE_AUTH.ALL_SERVICES in package com.android.development
W/PackageManager(  321): Unknown permission com.google.android.googleapps.permission.GOOGLE_AUTH.YouTubeUser in package com.android.development
W/PackageManager(  321): Unknown permission com.google.android.gallery3d.permission.GALLERY_PROVIDER in package com.android.email
W/PackageManager(  321): Not granting permission android.permission.DEVICE_POWER to package com.android.deskclock (protectionLevel=2 flags=0x88be45)
I/ActivityManager(  321): Start proc com.android.location.fused for service com.android.location.fused/.FusedLocationService: pid=811 uid=10022 gids={50022, 1028}
E/Trace   (  792): error opening trace file: No such file or directory (2)
W/InputAttributes(  773): No editor info for this field. Bug?
E/Trace   (  811): error opening trace file: No such file or directory (2)
E/ActivityThread(  773): Failed to find provider info for com.android.inputmethod.latin.dictionarypack
E/BinaryDictionaryGetter(  773): Could not find a dictionary pack
D/dalvikvm(  773): GC_CONCURRENT freed 276K, 12% free 2519K/2860K, paused 8ms+2ms, total 97ms
E/StrictMode(  773): A resource was acquired at attached stack trace but never released. See java.io.Closeable for information on avoiding resource leaks.
E/StrictMode(  773): java.lang.Throwable: Explicit termination method 'close' not called
E/StrictMode(  773): 	at dalvik.system.CloseGuard.open(CloseGuard.java:184)
E/StrictMode(  773): 	at android.os.ParcelFileDescriptor.<init>(ParcelFileDescriptor.java:412)
E/StrictMode(  773): 	at android.content.res.AssetManager.openNonAssetFdNative(Native Method)
E/StrictMode(  773): 	at android.content.res.AssetManager.openNonAssetFd(AssetManager.java:428)
E/StrictMode(  773): 	at android.content.res.Resources.openRawResourceFd(Resources.java:979)
E/StrictMode(  773): 	at com.android.inputmethod.latin.BinaryDictionaryGetter.loadFallbackResource(BinaryDictionaryGetter.java:183)
E/StrictMode(  773): 	at com.android.inputmethod.latin.BinaryDictionaryGetter.getDictionaryFiles(BinaryDictionaryGetter.java:456)
E/StrictMode(  773): 	at com.android.inputmethod.latin.DictionaryFactory.createMainDictionaryFromManager(DictionaryFactory.java:57)
E/StrictMode(  773): 	at com.android.inputmethod.latin.DictionaryFactory.createMainDictionaryFromManager(DictionaryFactory.java:87)
E/StrictMode(  773): 	at com.android.inputmethod.latin.Suggest$1.run(Suggest.java:108)
W/ServiceWatcher(  321): com.google.android.location not found
E/LocationManagerService(  321): no geocoder provider found
D/dalvikvm(  792): GC_CONCURRENT freed 215K, 10% free 2616K/2892K, paused 7ms+2ms, total 73ms
I/System.out(  792): EMMA: collecting runtime coverage data ...
D/PolideaInstrumentationTestRunner(  792): Creating the Test Runner with arguments: [coverage, class]
D/PolideaInstrumentationTestRunner(  792): Test runner is running with the following parameters:
D/PolideaInstrumentationTestRunner(  792): junitOutputDirectory: /data/data/net.mandaria.tippytipper/files
D/PolideaInstrumentationTestRunner(  792): junitOutputFilePostfix: -TEST.xml
D/PolideaInstrumentationTestRunner(  792): junitNoPackagePrefix: NO_PACKAGE
D/PolideaInstrumentationTestRunner(  792): junitSplitLevel: package
D/PolideaInstrumentationTestRunner(  792): junitSingleFileName: ALL-TEST.xml
D/PolideaInstrumentationTestRunner(  792): Creating output directory if it does not exist
D/PolideaInstrumentationTestRunner(  792): Created directory? false
D/PolideaInstrumentationTestRunner(  792): Deleting old files
D/PolideaInstrumentationTestRunner(  792): Deleting: [/data/data/net.mandaria.tippytipper/files/it.unina.android.ripper-TEST.xml]
V/RipperService(  746): PING
D/PolideaInstrumentationTestRunner(  792): Getting android test runner
D/PolideaInstrumentationTestRunner(  792): JUnit test output enabled
W/dalvikvm(  792): method Landroid/test/InstrumentationTestRunner$StringResultPrinter;.print incorrectly overrides package-private method with same name in Ljunit/textui/ResultPrinter;
D/PolideaInstrumentationTestRunner(  792): Starting test: testApplication(it.unina.android.ripper.RipperTestCase)
I/TestRunner(  792): started: testApplication(it.unina.android.ripper.RipperTestCase)
I/ActivityManager(  321): START u0 {act=android.intent.action.MAIN flg=0x10000000 cmp=net.mandaria.tippytipper/.activities.TippyTipper} from pid 792
V/AndroidRipperService(  746): mHandler.handleMessage() RECIVED
V/AndroidRipperService(  746): broadcast()
V/AndroidRipperService(  746): broadcast() done
V/AndroidRipperService(  746): onBind()
V/        (  746): ready
V/AndroidRipperService(  746): onBind()
V/AndroidRipperService(  746): register()
W/InputMethodManagerService(  321): Found no subtypes in a system IME: com.android.inputmethod.pinyin
I/AccountTypeManager(  605): Loaded meta-data for 1 account types, 0 accounts in 852ms(wall) 34ms(cpu)
E/SurfaceFlinger(   37): ro.sf.lcd_density must be defined as a build property
D/dalvikvm(  321): GC_CONCURRENT freed 851K, 34% free 5815K/8716K, paused 68ms+7ms, total 452ms
D/dalvikvm(  321): WAIT_FOR_CONCURRENT_GC blocked 34ms
D/dalvikvm(  321): WAIT_FOR_CONCURRENT_GC blocked 36ms
I/ActivityManager(  321): Start proc com.android.email for broadcast com.android.email/.service.EmailBroadcastReceiver: pid=834 uid=10019 gids={50019, 3003, 1015, 1028}
E/Trace   (  834): error opening trace file: No such file or directory (2)
D/dalvikvm(  321): GC_CONCURRENT freed 709K, 32% free 5968K/8716K, paused 5ms+39ms, total 272ms
D/dalvikvm(  321): WAIT_FOR_CONCURRENT_GC blocked 18ms
V/RipperService(  746): PING
V/AndroidRipperService(  746): mHandler.handleMessage() RECIVED
V/AndroidRipperService(  746): broadcast()
I/AndroidRipper(  792): Recived message: PING
V/RipperTestCase(  792): Not ready to operate!
V/AndroidRipperService(  746): broadcast() done
V/        (  746): ready
I/Choreographer(  321): Skipped 392 frames!  The application may be doing too much work on its main thread.
D/ConnectivityService(  321): ConnectivityChange for mobile: CONNECTED/CONNECTED
W/ActivityManager(  321): Activity pause timeout for ActivityRecord{40f47728 u0 com.android.launcher/com.android.launcher2.Launcher}
D/dalvikvm(  792): GC_CONCURRENT freed 300K, 12% free 2740K/3108K, paused 4ms+2ms, total 74ms
D/dalvikvm(  321): GC_FOR_ALLOC freed 344K, 34% free 5825K/8716K, paused 149ms, total 159ms
I/dalvikvm-heap(  321): Grow heap (frag case) to 6.830MB for 1128976-byte allocation
D/dalvikvm(  321): GC_FOR_ALLOC freed 107K, 22% free 6821K/8716K, paused 98ms, total 99ms
I/Choreographer(  321): Skipped 181 frames!  The application may be doing too much work on its main thread.
I/FusedLocation(  811): engine started (com.android.location.fused)
D/dalvikvm(  321): GC_CONCURRENT freed 18K, 22% free 6817K/8716K, paused 6ms+44ms, total 518ms
I/ActivityManager(  321): Start proc com.android.exchange for service com.android.exchange/.ExchangeService: pid=852 uid=10032 gids={50032, 3003, 1015, 1028}
I/Choreographer(  321): Skipped 154 frames!  The application may be doing too much work on its main thread.
I/ActivityManager(  321): Start proc com.android.providers.calendar for broadcast com.android.providers.calendar/.CalendarReceiver: pid=862 uid=10023 gids={50023, 3003, 1015, 1028}
V/RipperService(  746): PING
V/AndroidRipperService(  746): mHandler.handleMessage() RECIVED
V/AndroidRipperService(  746): broadcast()
I/AndroidRipper(  792): Recived message: PING
V/RipperTestCase(  792): Not ready to operate!
V/AndroidRipperService(  746): broadcast() done
V/        (  746): ready
D/FlurryAgent(  792): Starting new session
I/Choreographer(  321): Skipped 179 frames!  The application may be doing too much work on its main thread.
I/Choreographer(  792): Skipped 73 frames!  The application may be doing too much work on its main thread.
E/Trace   (  852): error opening trace file: No such file or directory (2)
E/Trace   (  862): error opening trace file: No such file or directory (2)
E/SurfaceFlinger(   37): ro.sf.lcd_density must be defined as a build property
D/gralloc_goldfish(  792): Emulator without GPU emulation detected.
D/Tethering(  321): MasterInitialState.processMessage what=3
I/dalvikvm(  321): Jit: resizing JitTable from 4096 to 8192
I/ActivityManager(  321): Displayed net.mandaria.tippytipper/.activities.TippyTipper: +3s687ms (total +50s62ms)
V/RipperService(  746): PING
V/AndroidRipperService(  746): mHandler.handleMessage() RECIVED
V/AndroidRipperService(  746): broadcast()
I/AndroidRipper(  792): Recived message: PING
V/RipperTestCase(  792): Not ready to operate!
V/AndroidRipperService(  746): broadcast() done
V/        (  746): ready
I/Choreographer(  321): Skipped 60 frames!  The application may be doing too much work on its main thread.
I/ActivityManager(  321): Start proc com.android.mms for broadcast com.android.mms/.transaction.MmsSystemEventReceiver: pid=887 uid=10029 gids={50029, 3003, 1015, 1028}
E/Trace   (  887): error opening trace file: No such file or directory (2)
D/CountryDetector(  321): The first listener is added
V/MmsConfig(  887): mnc/mcc: 310260
V/MmsConfig(  887): tag: bool value: enabledMMS - true
V/MmsConfig(  887): tag: int value: maxMessageSize - 307200
V/MmsConfig(  887): tag: int value: maxImageHeight - 480
V/MmsConfig(  887): tag: int value: maxImageWidth - 640
V/MmsConfig(  887): tag: int value: defaultSMSMessagesPerThread - 500
V/MmsConfig(  887): tag: int value: defaultMMSMessagesPerThread - 50
V/MmsConfig(  887): tag: int value: minMessageCountPerThread - 10
V/MmsConfig(  887): tag: int value: maxMessageCountPerThread - 5000
V/MmsConfig(  887): tag: string value: uaProfUrl - http://www.google.com/oha/rdf/ua-profile-kila.xml
V/MmsConfig(  887): tag: int value: recipientLimit - -1
V/MmsConfig(  887): tag: bool value: enableMultipartSMS - true
V/MmsConfig(  887): tag: int value: smsToMmsTextThreshold - -1
V/MmsConfig(  887): tag: bool value: enableSlideDuration - true
V/MmsConfig(  887): tag: int value: maxMessageTextSize - -1
D/dalvikvm(  321): GREF has increased to 501
D/ExchangeService(  852): !!! EAS ExchangeService, onStartCommand, startingUp = false, running = false
D/ExchangeService(  852): !!! EAS ExchangeService, onCreate
I/ActivityManager(  321): Start proc com.android.settings for broadcast com.android.settings/.widget.SettingsAppWidgetProvider: pid=915 uid=1000 gids={41000, 1015, 1028, 3002, 3001, 3003}
D/ExchangeService(  852): !!! EAS ExchangeService, onStartCommand, startingUp = true, running = false
E/Trace   (  915): error opening trace file: No such file or directory (2)
D/Eas Debug(  852): Logging: 
E/BluetoothAdapter(  915): Bluetooth binder is null
D/Mms:app (  887): cancelNotification
D/MediaScannerReceiver(  577): action: android.intent.action.MEDIA_MOUNTED path: /mnt/sdcard
E/BluetoothAdapter(  915): Bluetooth binder is null
E/BluetoothAdapter(  915): Bluetooth binder is null
I/AndroidRipper(  792): [RipperTestCase] Ready to operate after restarting...
D/MmsSmsDatabaseHelper(  467): [MmsSmsDb] tableName: threads hasAutoIncrement: CREATE TABLE threads (_id INTEGER PRIMARY KEY AUTOINCREMENT,date INTEGER DEFAULT 0,message_count INTEGER DEFAULT 0,recipient_ids TEXT,snippet TEXT,snippet_cs INTEGER DEFAULT 0,read INTEGER DEFAULT 1,type INTEGER DEFAULT 0,error INTEGER DEFAULT 0,has_attachment INTEGER DEFAULT 0) result: true
D/MmsSmsDatabaseHelper(  467): [MmsSmsDb] tableName: canonical_addresses hasAutoIncrement: CREATE TABLE canonical_addresses (_id INTEGER PRIMARY KEY AUTOINCREMENT,address TEXT) result: true
D/MmsSmsDatabaseHelper(  467): [MmsSmsDb] tableName: part hasAutoIncrement: CREATE TABLE part (_id INTEGER PRIMARY KEY AUTOINCREMENT,mid INTEGER,seq INTEGER DEFAULT 0,ct TEXT,name TEXT,chset INTEGER,cd TEXT,fn TEXT,cid TEXT,cl TEXT,ctt_s INTEGER,ctt_t TEXT,_data TEXT,text TEXT) result: true
D/ExchangeService(  852): Received deviceId from Email app: androidc259148960
D/ExchangeService(  852): Reconciling accounts...
D/ExchangeService(  852): !!! EAS ExchangeService, onStartCommand, startingUp = true, running = false
D/Eas Debug(  852): Logging: 
D/GpsLocationProvider(  321): NTP server returned: 1479805066193 (Tue Nov 22 08:57:46 GMT 2016) reference: 101632 certainty: 100 system time offset: -146
V/RipperService(  746): PING
V/AndroidRipperService(  746): mHandler.handleMessage() RECIVED
V/AndroidRipperService(  746): broadcast()
I/AndroidRipper(  792): Recived message: PING
V/AndroidRipperService(  746): send()
I/System.out(  746): {"type":"PONG","index":"7"}
V/AndroidRipperService(  746): broadcast() done
V/        (  746): ready
V/RipperService(  746): DSC
V/AndroidRipperService(  746): mHandler.handleMessage() RECIVED
V/AndroidRipperService(  746): broadcast()
I/AndroidRipper(  792): Recived message: DSC
V/RipperTestCase(  792): DSC : net.mandaria.tippytipper
V/AndroidRipperService(  746): broadcast() done
V/        (  746): ready
D/MmsSmsDatabaseHelper(  467): [MmsSmsDb] tableName: pdu hasAutoIncrement: CREATE TABLE pdu (_id INTEGER PRIMARY KEY AUTOINCREMENT,thread_id INTEGER,date INTEGER,date_sent INTEGER DEFAULT 0,msg_box INTEGER,read INTEGER DEFAULT 0,m_id TEXT,sub TEXT,sub_cs INTEGER,ct_t TEXT,ct_l TEXT,exp INTEGER,m_cls TEXT,m_type INTEGER,v INTEGER,m_size INTEGER,pri INTEGER,rr INTEGER,rpt_a INTEGER,resp_st INTEGER,st INTEGER,tr_id TEXT,retr_st INTEGER,retr_txt TEXT,retr_txt_cs INTEGER,read_status INTEGER,ct_cls INTEGER,resp_txt TEXT,d_tm INTEGER,d_rpt INTEGER,locked INTEGER DEFAULT 0,seen INTEGER DEFAULT 0,text_only INTEGER DEFAULT 0) result: true
D/dalvikvm(  792): GC_CONCURRENT freed 139K, 7% free 3022K/3224K, paused 27ms+51ms, total 107ms
V/AndroidRipperService(  746): send()
I/System.out(  746): {"type":"DSC","xml":"<activity title=\"Tippy Tipper\" name=\"TippyTipper\" class=\"net.mandaria.tippytipper.activities.TippyTipper\" menu=\"TRUE\" keypress=\"FALSE\" longkeypress=\"FALSE\" tab_activity=\"FALSE\" tab_count=\"0\" id=\"\" uid=\"\" root_activity=\"TRUE\"\/>\n","index":"9"}
D/MmsSmsDatabaseHelper(  467): [getWritableDatabase] hasAutoIncrementThreads: true hasAutoIncrementAddresses: true hasAutoIncrementPart: true hasAutoIncrementPdu: true
V/RipperService(  746): EVT
V/AndroidRipperService(  746): mHandler.handleMessage() RECIVED
V/AndroidRipperService(  746): broadcast()
I/AndroidRipper(  792): Recived message: EVT
V/RipperTestCase(  792): DSC : net.mandaria.tippytipper
V/AndroidRipperService(  746): broadcast() done
V/        (  746): ready
I/CalendarProvider2(  862): Sending notification intent: Intent { act=android.intent.action.PROVIDER_CHANGED dat=content://com.android.calendar }
W/ContentResolver(  862): Failed to get type for: content://com.android.calendar (Unknown URL content://com.android.calendar)
I/ActivityManager(  321): Start proc com.android.calendar for broadcast com.android.calendar/.alerts.AlertReceiver: pid=946 uid=10004 gids={50004, 3003, 1028}
E/Trace   (  946): error opening trace file: No such file or directory (2)
D/AlertReceiver(  946): onReceive: a=android.intent.action.PROVIDER_CHANGED Intent { act=android.intent.action.PROVIDER_CHANGED dat=content://com.android.calendar flg=0x10 cmp=com.android.calendar/.alerts.AlertReceiver }
D/AlertService(  946): 0 Action = android.intent.action.PROVIDER_CHANGED
D/AlertService(  946): Beginning updateAlertNotification
D/dalvikvm(  492): GC_CONCURRENT freed 346K, 12% free 3225K/3632K, paused 5ms+4ms, total 108ms
D/AlertService(  946): No fired or scheduled alerts
V/AndroidRipperService(  746): send()
I/System.out(  746): {"type":"ACK","index":"11"}
V/RipperService(  746): DSC
V/AndroidRipperService(  746): mHandler.handleMessage() RECIVED
V/AndroidRipperService(  746): broadcast()
I/AndroidRipper(  792): Recived message: DSC
V/RipperTestCase(  792): DSC : net.mandaria.tippytipper
V/AndroidRipperService(  746): broadcast() done
V/        (  746): ready
V/AndroidRipperService(  746): send()
I/System.out(  746): {"type":"DSC","xml":"<activity title=\"Tippy Tipper\" name=\"TippyTipper\" class=\"net.mandaria.tippytipper.activities.TippyTipper\" menu=\"TRUE\" keypress=\"FALSE\" longkeypress=\"FALSE\" tab_activity=\"FALSE\" tab_count=\"0\" id=\"\" uid=\"\" root_activity=\"TRUE\"\/>\n","index":"13"}
V/RipperService(  746): EVT
V/AndroidRipperService(  746): mHandler.handleMessage() RECIVED
V/AndroidRipperService(  746): broadcast()
I/AndroidRipper(  792): Recived message: EVT
V/RipperTestCase(  792): DSC : net.mandaria.tippytipper
V/AndroidRipperService(  746): broadcast() done
V/        (  746): ready
D/dalvikvm(  467): GREF has increased to 201
D/dalvikvm(  492): GC_CONCURRENT freed 79K, 5% free 3599K/3768K, paused 25ms+4ms, total 247ms
D/Launcher.Model(  492): Reload apps on config change. curr_mcc:310 prevmcc:0
I/Choreographer(  492): Skipped 570 frames!  The application may be doing too much work on its main thread.
W/InputDispatcher(  321): Permission denied: injecting event from pid 792 uid 10048 to window Window{40efc938 u0 Keyguard} owned by uid 1000
W/InputManager(  321): Input event injection from pid 792 permission denied.
D/EmailProvider(  834): fromDatabase accounts: 0
D/EmailProvider(  834): ending toDatabase transaction; copyCount = 0
D/EmailProvider(  834): ending fromDatabase transaction; copyCount = 0
D/dalvikvm(  887): GC_CONCURRENT freed 225K, 11% free 2544K/2832K, paused 2ms+2ms, total 50ms
D/Mms:app (  887): cancelNotification
D/dalvikvm(  577): GC_CONCURRENT freed 196K, 10% free 2563K/2820K, paused 6ms+11ms, total 60ms
W/ActivityManager(  321): Unable to start service Intent { cmp=com.android.email/.service.AttachmentDownloadService } U=0: not found
D/dalvikvm(  577): GREF has increased to 201
W/ActivityManager(  321): Unable to start service Intent { cmp=com.android.email/.service.AttachmentDownloadService } U=0: not found
D/dalvikvm(  834): GC_CONCURRENT freed 200K, 10% free 2575K/2844K, paused 5ms+2ms, total 51ms
D/ExchangeService(  852): !!! EAS ExchangeService, onStartCommand, startingUp = true, running = false
W/MediaProvider(  577): no database for scanned volume external
V/AndroidRipperService(  746): send()
I/System.out(  746): {"type":"ACK","index":"15"}
V/RipperService(  746): DSC
V/AndroidRipperService(  746): mHandler.handleMessage() RECIVED
V/AndroidRipperService(  746): broadcast()
I/AndroidRipper(  792): Recived message: DSC
V/RipperTestCase(  792): DSC : net.mandaria.tippytipper
V/AndroidRipperService(  746): broadcast() done
V/        (  746): ready
V/AndroidRipperService(  746): send()
I/System.out(  746): {"type":"DSC","xml":"<activity title=\"Tippy Tipper\" name=\"TippyTipper\" class=\"net.mandaria.tippytipper.activities.TippyTipper\" menu=\"TRUE\" keypress=\"FALSE\" longkeypress=\"FALSE\" tab_activity=\"FALSE\" tab_count=\"0\" id=\"\" uid=\"\" root_activity=\"TRUE\"\/>\n","index":"17"}
V/RipperService(  746): DSC
V/AndroidRipperService(  746): mHandler.handleMessage() RECIVED
V/AndroidRipperService(  746): broadcast()
I/AndroidRipper(  792): Recived message: DSC
V/RipperTestCase(  792): DSC : net.mandaria.tippytipper
V/AndroidRipperService(  746): send()
I/System.out(  746): {"type":"DSC","xml":"<activity title=\"Tippy Tipper\" name=\"TippyTipper\" class=\"net.mandaria.tippytipper.activities.TippyTipper\" menu=\"TRUE\" keypress=\"FALSE\" longkeypress=\"FALSE\" tab_activity=\"FALSE\" tab_count=\"0\" id=\"\" uid=\"\" root_activity=\"TRUE\"\/>\n","index":"19"}
V/AndroidRipperService(  746): broadcast() done
V/        (  746): ready
V/RipperService(  746): COVER
V/AndroidRipperService(  746): mHandler.handleMessage() RECIVED
V/AndroidRipperService(  746): broadcast()
I/AndroidRipper(  792): Recived message: COVER
V/RipperTestCase(  792): Dumping coverage data!
V/RipperTestCase(  792): Dumping coverage data!
V/AndroidRipperService(  746): broadcast() done
V/        (  746): ready
I/System.out(  792): EMMA: runtime coverage data written to [/data/data/net.mandaria.tippytipper/coverage1479805070454.ec] {in 59 ms}
V/AndroidRipperService(  746): send()
I/System.out(  746): {"type":"ACK","index":"21"}
W/ActivityManager(  321): Unable to start service Intent { cmp=com.android.email/.service.AttachmentDownloadService } U=0: not found
V/RipperService(  746): END
V/AndroidRipperService(  746): mHandler.handleMessage() RECIVED
V/AndroidRipperService(  746): broadcast()
I/AndroidRipper(  792): Recived message: END
V/AndroidRipperService(  746): broadcast() done
V/        (  746): ready
V/SERVER  (  746): ServerSocket on PORT 8888: offline
V/AndroidRipperService(  746): mHandler.handleMessage() DISCONNECTED
V/SERVER  (  746): Ready to accept connections on port: 8888
V/AndroidRipperService(  746): unregister()
D/PermissionCache(   37): checking android.permission.READ_FRAME_BUFFER for uid=1000 => granted (1074 us)
W/WindowManager(  321): Failure taking screenshot for (246x410) to layer 21000
E/SurfaceFlinger(   37): ro.sf.lcd_density must be defined as a build property
D/gralloc_goldfish(  492): Emulator without GPU emulation detected.
V/AndroidRipperService(  746): unregister()
W/ActivityManager(  321): Duplicate finish request for ActivityRecord{40e9f858 u0 net.mandaria.tippytipper/.activities.TippyTipper}
D/dalvikvm(  792): GC_EXPLICIT freed 239K, 10% free 2969K/3272K, paused 4ms+14ms, total 98ms
D/dalvikvm(  792): GC_EXPLICIT freed 3K, 10% free 2966K/3272K, paused 3ms+7ms, total 60ms
D/PolideaInstrumentationTestRunner(  792): Finished test: testApplication(it.unina.android.ripper.RipperTestCase)
I/TestRunner(  792): finished: testApplication(it.unina.android.ripper.RipperTestCase)
I/TestRunner(  792): passed: testApplication(it.unina.android.ripper.RipperTestCase)
I/System.out(  792): EMMA: runtime coverage data written to [/data/data/net.mandaria.tippytipper/files/coverage.ec] {in 39 ms}
D/PolideaInstrumentationTestRunner(  792): Post processing
D/PolideaInstrumentationTestRunner(  792): Packages: 1
D/PolideaInstrumentationTestRunner(  792): Processing package package it.unina.android.ripper
D/PolideaInstrumentationTestRunner(  792): Writing to file /data/data/net.mandaria.tippytipper/files/it.unina.android.ripper-TEST.xml
D/PolideaInstrumentationTestRunner(  792): closing file
D/AndroidRuntime(  771): Shutting down VM
D/dalvikvm(  771): GC_CONCURRENT freed 99K, 18% free 470K/572K, paused 1ms+1ms, total 9ms
D/jdwp    (  771): Got wake-up signal, bailing out of select
D/dalvikvm(  771): Debugger has detached; object registry had 1 entries
I/ActivityManager(  321): Force stopping package net.mandaria.tippytipper appid=10048 user=0
I/ActivityManager(  321): Killing proc 792:net.mandaria.tippytipper/u0a10048: force stop net.mandaria.tippytipper
I/WindowState(  321): WIN DEATH: Window{40e83580 u0 net.mandaria.tippytipper/net.mandaria.tippytipper.activities.TippyTipper}
I/ActivityManager(  321): Displayed com.android.launcher/com.android.launcher2.Launcher: +58s581ms
W/WindowManager(  321): Rebuild removed 2 windows but added 1
W/WindowManager(  321): This window was lost: Window{40e83580 u0 net.mandaria.tippytipper/net.mandaria.tippytipper.activities.TippyTipper}
W/WindowManager(  321): mDisplayId=0 mSession=Session{410089a0 792:u0a10048} mClient=android.os.BinderProxy@40cc5ae0
W/WindowManager(  321): mOwnerUid=10048 mShowToOwnerOnly=true
W/WindowManager(  321): mAttrs=WM.LayoutParams{(0,0)(fillxfill) sim=#120 ty=1 fl=#8010100 pfl=0x8 wanim=0x1030001}
W/WindowManager(  321): Requested w=480 h=800 mLayoutSeq=32
W/WindowManager(  321): mBaseLayer=21000 mSubLayer=0 mAnimLayer=21000+0=21000 mLastLayer=0
W/WindowManager(  321): mToken=AppWindowToken{4119c010 token=Token{4119a7d8 ActivityRecord{40e9f858 u0 net.mandaria.tippytipper/.activities.TippyTipper}}}
W/WindowManager(  321): mRootToken=AppWindowToken{4119c010 token=Token{4119a7d8 ActivityRecord{40e9f858 u0 net.mandaria.tippytipper/.activities.TippyTipper}}}
W/WindowManager(  321): mAppToken=AppWindowToken{4119c010 token=Token{4119a7d8 ActivityRecord{40e9f858 u0 net.mandaria.tippytipper/.activities.TippyTipper}}}
W/WindowManager(  321): mViewVisibility=0x0 mHaveFrame=true mObscured=true
W/WindowManager(  321): mSeq=0 mSystemUiVisibility=0x0
W/WindowManager(  321): mPolicyVisibility=false mPolicyVisibilityAfterAnim=false mAttachedHidden=false
W/WindowManager(  321): mGivenContentInsets=[0,0][0,0] mGivenVisibleInsets=[0,0][0,0]
W/WindowManager(  321): mConfiguration={1.0 310mcc260mnc en_US ldltr sw320dp w320dp h508dp 240dpi nrml long port finger -keyb/v/h tball/v s.6}
W/WindowManager(  321): mHasSurface=true mShownFrame=[0.0,0.0][480.0,800.0] isReadyForDisplay()=false
W/WindowManager(  321): mFrame=[0,0][480,800] last=[0,0][480,800]
W/WindowManager(  321): mSystemDecorRect=[0,38][480,800] last=[0,38][480,800]
W/WindowManager(  321): Frames: containing=[0,0][480,800] parent=[0,0][480,800] display=[0,0][480,800]
W/WindowManager(  321):     content=[0,38][480,800] visible=[0,38][480,800]
W/WindowManager(  321): Cur insets: content=[0,38][0,0] visible=[0,38][0,0]
W/WindowManager(  321): Lst insets: content=[0,38][0,0] visible=[0,38][0,0]
W/WindowManager(  321): WindowStateAnimator{40ff16e8 net.mandaria.tippytipper/net.mandaria.tippytipper.activities.TippyTipper}:
W/WindowManager(  321):   mSurface=Surface(name=net.mandaria.tippytipper/net.mandaria.tippytipper.activities.TippyTipper, identity=14)
W/WindowManager(  321):   mDrawState=HAS_DRAWN mLastHidden=true
W/WindowManager(  321):   Surface: shown=false layer=21000 alpha=0.0 rect=(0.0,0.0) 480.0 x 800.0
W/WindowManager(  321):   mShownAlpha=1.0 mAlpha=1.0 mLastAlpha=-1.0
W/WindowManager(  321):   mGlobalScale=1.0 mDsDx=1.0 mDtDx=0.0 mDsDy=0.0 mDtDy=1.0
W/WindowManager(  321): mExiting=false mRemoveOnExit=false mDestroying=true mRemoved=false
W/WindowManager(  321): Current app token list:
V/WindowManager(  321):   #0: Token{40f48110 ActivityRecord{40f47728 u0 com.android.launcher/com.android.launcher2.Launcher}}
W/WindowManager(  321): Final window list:
V/WindowManager(  321):   #0: Window{4106fb10 u0 StatusBar}
V/WindowManager(  321):   #1: Window{40efc938 u0 Keyguard}
V/WindowManager(  321):   #2: Window{40f125f0 u0 com.android.launcher/com.android.launcher2.Launcher}
V/WindowManager(  321):   #3: Window{40fffe50 u0 com.android.systemui.ImageWallpaper}
D/dalvikvm(  492): GC_CONCURRENT freed 350K, 11% free 3636K/4048K, paused 275ms+28ms, total 602ms
D/dalvikvm(  492): GC_FOR_ALLOC freed 53K, 9% free 3716K/4048K, paused 22ms, total 25ms
I/dalvikvm-heap(  492): Grow heap (frag case) to 4.179MB for 518416-byte allocation
D/dalvikvm(  492): GC_CONCURRENT freed 6K, 8% free 4216K/4556K, paused 15ms+3ms, total 41ms
D/dalvikvm(  492): WAIT_FOR_CONCURRENT_GC blocked 26ms
D/dalvikvm(  492): GC_FOR_ALLOC freed <1K, 8% free 4217K/4556K, paused 23ms, total 24ms
I/dalvikvm-heap(  492): Grow heap (frag case) to 4.667MB for 518416-byte allocation
D/dalvikvm(  492): GC_CONCURRENT freed <1K, 7% free 4723K/5064K, paused 11ms+3ms, total 38ms
D/dalvikvm(  492): WAIT_FOR_CONCURRENT_GC blocked 28ms
D/dalvikvm(  492): GC_FOR_ALLOC freed <1K, 7% free 4724K/5064K, paused 24ms, total 25ms
I/dalvikvm-heap(  492): Grow heap (frag case) to 5.163MB for 518416-byte allocation
D/dalvikvm(  492): GC_FOR_ALLOC freed <1K, 7% free 5230K/5572K, paused 24ms, total 24ms
W/SystemClock(  321): Unable to set rtc to 1479805073: Invalid argument
D/SystemClock(  321): Setting time of day to sec=1479805073
D/dalvikvm(  492): GREF has increased to 201
I/Choreographer(  492): Skipped 112 frames!  The application may be doing too much work on its main thread.
V/AlarmClock(  682): No next alarm
V/AlarmClock(  682): AlarmInitReceiver finished
W/Resources(   38): Preloaded drawable resource #0x1080280 (android:drawable/fastscroll_track_pressed_holo_light) that varies with configuration!!
W/Resources(   38): Preloaded drawable resource #0x108027c (android:drawable/fastscroll_track_default_holo_light) that varies with configuration!!
W/Resources(   38): Preloaded drawable resource #0x1080275 (android:drawable/fastscroll_label_left_holo_light) that varies with configuration!!
D/dalvikvm(   38): GC_EXPLICIT freed 57K, 26% free 2359K/3156K, paused 5ms+3ms, total 98ms
W/Resources(   38): Preloaded drawable resource #0x1080277 (android:drawable/fastscroll_label_right_holo_light) that varies with configuration!!
D/dalvikvm(   38): GC_EXPLICIT freed 49K, 26% free 2359K/3156K, paused 8ms+2ms, total 96ms
W/Resources(   38): Preloaded drawable resource #0x1080259 (android:drawable/editbox_dropdown_background_dark) that varies with configuration!!
W/Resources(   38): Preloaded drawable resource #0x10805f8 (android:drawable/textfield_search_selected_holo_dark) that varies with configuration!!
W/Resources(   38): Preloaded drawable resource #0x10805ec (android:drawable/textfield_search_default_holo_dark) that varies with configuration!!
W/Resources(   38): Preloaded drawable resource #0x10805ec (android:drawable/textfield_search_default_holo_dark) that varies with configuration!!
W/Resources(   38): Preloaded drawable resource #0x10805f5 (android:drawable/textfield_search_right_selected_holo_dark) that varies with configuration!!
W/Resources(   38): Preloaded drawable resource #0x10805f3 (android:drawable/textfield_search_right_default_holo_dark) that varies with configuration!!
W/Resources(   38): Preloaded drawable resource #0x10805f3 (android:drawable/textfield_search_right_default_holo_dark) that varies with configuration!!
W/Resources(   38): Preloaded drawable resource #0x10805f9 (android:drawable/textfield_search_selected_holo_light) that varies with configuration!!
W/Resources(   38): Preloaded drawable resource #0x10805ed (android:drawable/textfield_search_default_holo_light) that varies with configuration!!
W/Resources(   38): Preloaded drawable resource #0x10805ed (android:drawable/textfield_search_default_holo_light) that varies with configuration!!
W/Resources(   38): Preloaded drawable resource #0x10805f6 (android:drawable/textfield_search_right_selected_holo_light) that varies with configuration!!
W/Resources(   38): Preloaded drawable resource #0x10805f4 (android:drawable/textfield_search_right_default_holo_light) that varies with configuration!!
W/Resources(   38): Preloaded drawable resource #0x10805f4 (android:drawable/textfield_search_right_default_holo_light) that varies with configuration!!
W/Resources(   38): Preloaded drawable resource #0x10805f8 (android:drawable/textfield_search_selected_holo_dark) that varies with configuration!!
W/Resources(   38): Preloaded drawable resource #0x10805ec (android:drawable/textfield_search_default_holo_dark) that varies with configuration!!
W/Resources(   38): Preloaded drawable resource #0x10805f5 (android:drawable/textfield_search_right_selected_holo_dark) that varies with configuration!!
