W/System.err(  843): 	at it.unina.android.ripper.automation.RipperAutomation.fireEvent(RipperAutomation.java:77)
W/System.err(  843): 	at it.unina.android.ripper.RipperTestCase$3.receive(RipperTestCase.java:372)
W/System.err(  843): 	at it.unina.android.ripper_service.IAnrdoidRipperServiceCallback$Stub.onTransact(IAnrdoidRipperServiceCallback.java:51)
W/System.err(  843): 	at android.os.Binder.execTransact(Binder.java:351)
W/System.err(  843): 	at dalvik.system.NativeStart.run(Native Method)
V/RipperTestCase(  843): Dumping coverage data!
I/System.out(  843): EMMA: runtime coverage data written to [/data/data/net.mandaria.tippytipper/coverage-dump.ec] {in 57 ms}
V/AndroidRipperService(  800): send()
I/System.out(  800): {"type":"EVT","index":"16","eventType":"openMenu"}
V/RipperService(  800): COVER
V/AndroidRipperService(  800): mHandler.handleMessage() RECIVED
V/AndroidRipperService(  800): broadcast()
I/AndroidRipper(  843): Recived message: COVER
V/RipperTestCase(  843): Dumping coverage data!
V/RipperTestCase(  843): Dumping coverage data!
V/AndroidRipperService(  800): broadcast() done
V/        (  800): ready
I/System.out(  843): EMMA: runtime coverage data written to [/data/data/net.mandaria.tippytipper/coverage1483173895573.ec] {in 34 ms}
V/AndroidRipperService(  800): send()
I/System.out(  800): {"type":"ACK","index":"18"}
V/RipperService(  800): END
V/AndroidRipperService(  800): mHandler.handleMessage() RECIVED
V/AndroidRipperService(  800): broadcast()
I/AndroidRipper(  843): Recived message: END
V/AndroidRipperService(  800): broadcast() done
V/        (  800): ready
V/SERVER  (  800): ServerSocket on PORT 8888: offline
V/AndroidRipperService(  800): mHandler.handleMessage() DISCONNECTED
V/SERVER  (  800): Ready to accept connections on port: 8888
D/FlurryAgent(  843): Ending session
D/Mms:app (  941): cancelNotification
D/dalvikvm(  941): GC_CONCURRENT freed 228K, 11% free 2544K/2828K, paused 2ms+3ms, total 2497ms
V/AndroidRipperService(  800): unregister()
V/AndroidRipperService(  800): unregister()
D/dalvikvm(  843): GC_EXPLICIT freed 392K, 14% free 3003K/3476K, paused 5ms+4ms, total 44ms
D/dalvikvm(  843): GC_EXPLICIT freed 8K, 14% free 2996K/3476K, paused 3ms+4ms, total 41ms
D/PolideaInstrumentationTestRunner(  843): Finished test: testApplication(it.unina.android.ripper.RipperTestCase)
I/TestRunner(  843): finished: testApplication(it.unina.android.ripper.RipperTestCase)
I/TestRunner(  843): passed: testApplication(it.unina.android.ripper.RipperTestCase)
I/System.out(  843): EMMA: runtime coverage data written to [/data/data/net.mandaria.tippytipper/files/coverage.ec] {in 17 ms}
D/PolideaInstrumentationTestRunner(  843): Post processing
D/PolideaInstrumentationTestRunner(  843): Packages: 1
D/PolideaInstrumentationTestRunner(  843): Processing package package it.unina.android.ripper
D/PolideaInstrumentationTestRunner(  843): Writing to file /data/data/net.mandaria.tippytipper/files/it.unina.android.ripper-TEST.xml
D/PolideaInstrumentationTestRunner(  843): closing file
D/AndroidRuntime(  822): Shutting down VM
D/dalvikvm(  822): GC_CONCURRENT freed 95K, 18% free 462K/560K, paused 0ms+2ms, total 9ms
I/ActivityManager(  308): Force stopping package net.mandaria.tippytipper appid=10048 user=0
I/ActivityManager(  308): Killing proc 843:net.mandaria.tippytipper/u0a10048: force stop net.mandaria.tippytipper
D/AlertService(  998): No fired or scheduled alerts
D/dalvikvm(  478): GC_CONCURRENT freed 418K, 16% free 5210K/6184K, paused 40ms+3ms, total 87ms
W/Resources(   38): Preloaded drawable resource #0x10804a6 (android:drawable/quickcontact_badge_overlay_pressed_light) that varies with configuration!!
W/Resources(   38): Preloaded drawable resource #0x10804a1 (android:drawable/quickcontact_badge_overlay_focused_light) that varies with configuration!!
W/Resources(   38): Preloaded drawable resource #0x10804a4 (android:drawable/quickcontact_badge_overlay_normal_light) that varies with configuration!!
W/Resources(   38): Preloaded drawable resource #0x10804a4 (android:drawable/quickcontact_badge_overlay_normal_light) that varies with configuration!!
W/Resources(   38): Preloaded drawable resource #0x10804a4 (android:drawable/quickcontact_badge_overlay_normal_light) that varies with configuration!!
W/Resources(   38): Preloaded drawable resource #0x10804a6 (android:drawable/quickcontact_badge_overlay_pressed_light) that varies with configuration!!
I/Zygote  (   38): ...preloaded 270 resources in 12464ms.
D/dalvikvm(   38): GC_EXPLICIT freed 48K, 25% free 2369K/3156K, paused 2ms+3ms, total 28ms
I/Zygote  (   38): ...preloaded 31 resources in 76ms.
D/dalvikvm(   38): GC_EXPLICIT freed 9K, 25% free 2377K/3156K, paused 5ms+2ms, total 42ms
D/dalvikvm(   38): GC_EXPLICIT freed 7K, 25% free 2369K/3156K, paused 3ms+2ms, total 31ms
D/dalvikvm(   38): GC_EXPLICIT freed <1K, 25% free 2369K/3156K, paused 3ms+2ms, total 41ms
I/dalvikvm(   38): System server process 371 has been created
I/Zygote  (   38): Accepting command socket connections
E/BatteryService(  371): usbOnlinePath not found
E/BatteryService(  371): wirelessOnlinePath not found
E/BatteryService(  371): batteryVoltagePath not found
E/BatteryService(  371): batteryTemperaturePath not found
I/sysproc (  371): Entered system_init()
I/sysproc (  371): ServiceManager: 0x2a183478
D/SensorService(  371): nuSensorService starting...
I/SensorService(  371): Goldfish 3-axis Accelerometer
I/SensorService(  371): Goldfish 3-axis Magnetic field sensor
I/SensorService(  371): Goldfish Orientation sensor
I/SensorService(  371): Goldfish Temperature sensor
I/SensorService(  371): Goldfish Proximity sensor
D/SensorService(  371): nuSensorService thread starting...
I/sysproc (  371): System server: starting Android runtime.
I/sysproc (  371): System server: starting Android services.
I/SystemServer(  371): Entered the Android system server!
I/sysproc (  371): System server: entering thread pool.
I/SystemServer(  371): Enabled StrictMode logging for UI Looper
I/SystemServer(  371): Waiting for installd to be ready.
I/Installer(  371): connecting...
I/installd(   41): new connection
I/SystemServer(  371): Entropy Mixer
I/SystemServer(  371): Enabled StrictMode logging for WM Looper
I/SystemServer(  371): Power Manager
E/PowerManagerService-JNI(  371): Couldn't load power module (No such file or directory)
I/SystemServer(  371): Activity Manager
I/ActivityManager(  371): Memory class: 48
W/UsageStats(  371): Usage stats version changed; dropping
I/ActivityManager(  371): Enabled StrictMode logging for AThread's Looper
I/SystemServer(  371): Display Manager
E/SurfaceFlinger(   37): ro.sf.lcd_density must be defined as a build property
I/DisplayManagerService(  371): Display device added: DisplayDeviceInfo{"Built-in Screen": 480 x 800, 260.416 fps, density 240, 240.0 x 240.0 dpi, touch INTERNAL, FLAG_DEFAULT_DISPLAY, FLAG_ROTATES_WITH_CONTENT, FLAG_SECURE, FLAG_SUPPORTS_PROTECTED_BUFFERS, rotation 0, type BUILT_IN, address null}
I/SystemServer(  371): Telephony Registry
I/SystemServer(  371): Scheduling Policy
I/SystemServer(  371): Package Manager
D/dalvikvm(  371): GC_CONCURRENT freed 158K, 8% free 2646K/2864K, paused 5ms+12ms, total 62ms
D/dalvikvm(  371): GC_CONCURRENT freed 312K, 12% free 2732K/3100K, paused 17ms+5ms, total 107ms
W/PackageManager(  371): Running ENG build: no pre-dexopt!
D/dalvikvm(  371): GC_CONCURRENT freed 228K, 9% free 2907K/3192K, paused 4ms+12ms, total 63ms
W/PackageParser(  371): No actions in intent filter at /system/app/Contacts.apk Binary XML file line #533
D/dalvikvm(  371): GC_CONCURRENT freed 187K, 8% free 3127K/3368K, paused 4ms+11ms, total 129ms
D/dalvikvm(  371): GC_CONCURRENT freed 231K, 8% free 3320K/3608K, paused 5ms+6ms, total 131ms
W/PackageManager(  371): Package com.android.camera desires unavailable shared library com.google.android.media.effects; ignoring!
D/PackageManager(  371): No files in app dir /vendor/app
D/dalvikvm(  371): GC_CONCURRENT freed 228K, 8% free 3549K/3832K, paused 5ms+20ms, total 143ms
W/PackageParser(  371): No actions in intent filter at /data/app/ApiDemos.apk Binary XML file line #2737
W/PackageParser(  371): No actions in intent filter at /data/app/ApiDemos.apk Binary XML file line #2743
W/PackageManager(  371): Package com.example.android.apis desires unavailable shared library com.example.will.never.exist; ignoring!
D/dalvikvm(  371): GC_CONCURRENT freed 204K, 7% free 3745K/4008K, paused 5ms+63ms, total 211ms
I/PackageManager(  371): Time to scan packages: 6.178 seconds
W/PackageManager(  371): Unknown permission com.google.android.googleapps.permission.GOOGLE_AUTH.mail in package com.android.contacts
W/PackageManager(  371): Unknown permission android.permission.ADD_SYSTEM_SERVICE in package com.android.phone
W/PackageManager(  371): Unknown permission com.android.smspush.WAPPUSH_MANAGER_BIND in package com.android.phone
W/PackageManager(  371): Unknown permission com.google.android.googleapps.permission.GOOGLE_AUTH in package com.android.providers.calendar
W/PackageManager(  371): Unknown permission com.google.android.googleapps.permission.GOOGLE_AUTH.cl in package com.android.providers.calendar
W/PackageManager(  371): Unknown permission com.google.android.googleapps.permission.GOOGLE_AUTH.mail in package com.android.calendar
W/PackageManager(  371): Not granting permission android.permission.SEND_DOWNLOAD_COMPLETED_INTENTS to package com.android.browser (protectionLevel=2 flags=0x9be45)
W/PackageManager(  371): Not granting permission android.permission.BIND_APPWIDGET to package com.android.widgetpreview (protectionLevel=18 flags=0x8be44)
W/PackageManager(  371): Unknown permission com.google.android.googleapps.permission.GOOGLE_AUTH in package com.android.settings
W/PackageManager(  371): Unknown permission com.google.android.gallery3d.permission.GALLERY_PROVIDER in package com.android.exchange
W/PackageManager(  371): Unknown permission com.google.android.googleapps.permission.ACCESS_GOOGLE_PASSWORD in package com.android.development
W/PackageManager(  371): Unknown permission com.google.android.googleapps.permission.GOOGLE_AUTH in package com.android.development
W/PackageManager(  371): Unknown permission com.google.android.googleapps.permission.GOOGLE_AUTH.ALL_SERVICES in package com.android.development
W/PackageManager(  371): Unknown permission com.google.android.googleapps.permission.GOOGLE_AUTH.YouTubeUser in package com.android.development
W/PackageManager(  371): Unknown permission com.google.android.gallery3d.permission.GALLERY_PROVIDER in package com.android.email
W/PackageManager(  371): Not granting permission android.permission.DEVICE_POWER to package com.android.deskclock (protectionLevel=2 flags=0x8be45)
D/dalvikvm(  371): GC_EXPLICIT freed 335K, 11% free 3694K/4128K, paused 17ms+4ms, total 246ms
I/SystemServer(  371): User Service
I/SystemServer(  371): Account Manager
I/SystemServer(  371): Content Manager
I/SystemServer(  371): System Content Providers
I/SystemServer(  371): Lights Service
I/SystemServer(  371): Battery Service
I/SystemServer(  371): Vibrator Service
I/libsuspend(  371): Selected early suspend
I/libsuspend(  371): Starting early suspend unblocker thread
D/PermissionCache(   37): checking android.permission.ACCESS_SURFACE_FLINGER for uid=1000 => granted (1995 us)
D/SurfaceFlinger(   37): Screen acquired, type=0 flinger=0x2a007318
D/SurfaceFlinger(   37):  screen was previously acquired
I/SystemServer(  371): Alarm Manager
D/AlarmManagerService(  371): Kernel timezone updated to 0 minutes west of GMT
I/SystemServer(  371): Init Watchdog
I/SystemServer(  371): Input Manager
I/InputManager(  371): Initializing input manager, mUseDevInputEventForAudioJack=false
I/SystemServer(  371): Window Manager
E/SoundPool(  371): error loading /system/media/audio/ui/Lock.ogg
W/KeyguardViewMediator(  371): failed to load lock sound from /system/media/audio/ui/Lock.ogg
E/SoundPool(  371): error loading /system/media/audio/ui/Unlock.ogg
W/KeyguardViewMediator(  371): failed to load unlock sound from /system/media/audio/ui/Unlock.ogg
D/dalvikvm(  371): GC_CONCURRENT freed 232K, 8% free 3896K/4196K, paused 5ms+84ms, total 290ms
I/InputManager(  371): Starting input manager
I/SystemServer(  371): No Bluetooh Service (emulator)
I/SystemServer(  371): Input Method Service
W/InputMethodManagerService(  371): Couldn't create dir.: /data/system/inputmethod
I/EventHub(  371): New device: id=1, fd=89, path='/dev/input/event0', name='qwerty2', classes=0x2d, configuration='/system/usr/idc/qwerty2.idc', keyLayout='/system/usr/keylayout/qwerty.kl', keyCharacterMap='/system/usr/keychars/qwerty2.kcm', builtinKeyboard=true, usingSuspendBlockIoctl=false, usingClockIoctl=false
E/EventHub(  371): could not get driver version for /dev/input/mouse0, Not a typewriter
E/EventHub(  371): could not get driver version for /dev/input/mice, Not a typewriter
I/InputReader(  371): Device added: id=-1, name='Virtual', sources=0x00000301
I/InputReader(  371):   Touch device 'qwerty2' could not query the properties of its associated display.  The device will be inoperable until the display size becomes available.
I/InputReader(  371): Device added: id=0, name='qwerty2', sources=0x00011307
E/Trace   (  371): error opening trace file: No such file or directory (2)
I/SystemServer(  371): Accessibility Manager
I/ActivityManager(  371): Config changes=15f8 {1.0 ?mcc?mnc en_US ldltr sw320dp w320dp h508dp 240dpi nrml long port ?uimode ?night finger -keyb/v/h tball/v s.2}
I/InputReader(  371): Reconfiguring input devices.  changes=0x00000004
I/InputReader(  371): Device reconfigured: id=0, name='qwerty2', size 480x800, orientation 0, mode 1, display id 0
I/InputReader(  371): Reconfiguring input devices.  changes=0x00000004
I/InputReader(  371): Device reconfigured: id=0, name='qwerty2', size 480x800, orientation 0, mode 1, display id 0
I/SystemServer(  371): Mount Service
D/MountService(  371): got storage path: /mnt/sdcard description: USB storage primary: true removable: false emulated: false mtpReserve: 0 allowMassStorage: false maxFileSize: 0
D/MountService(  371): addVolumeLocked() StorageVolume [mStorageId=0 mPath=/mnt/sdcard mDescriptionId=17040615 mPrimary=true mRemovable=false mEmulated=false mMtpReserveSpace=0 mAllowMassStorage=false mMaxFileSize=0 mOwner=null]
I/SystemServer(  371): LockSettingsService
I/SystemServer(  371): Device Policy
I/SystemServer(  371): Status Bar
I/SystemServer(  371): Clipboard Service
I/SystemServer(  371): NetworkManagement Service
I/SystemServer(  371): Text Service Manager Service
I/SystemServer(  371): NetworkStats Service
I/SystemServer(  371): NetworkPolicy Service
I/SystemServer(  371): Wi-Fi P2pService
I/SystemServer(  371): Wi-Fi Service
D/dalvikvm(  371): GREF has increased to 201
E/CommandListener(   34): Failed to open /proc/sys/net/ipv6/conf/wlan0/disable_ipv6: No such file or directory
E/WifiStateMachine(  371): Failed to disable IPv6: java.lang.IllegalStateException: command '1 interface ipv6 wlan0 disable' failed with '400 1 Failed to change IPv6 state (No such file or directory)'
D/MountService(  371): volume state changed for /mnt/sdcard (null -> unmounted)
I/PackageManager(  371): Updating external media status from unmounted to unmounted
I/SystemServer(  371): Connectivity Service
D/ConnectivityService(  371): ConnectivityService starting up
W/MountService(  371): getSecureContainerList() called when storage not mounted
I/PackageManager(  371): No secure containers on sdcard
W/PackageManager(  371): Unknown permission com.google.android.googleapps.permission.GOOGLE_AUTH.mail in package com.android.contacts
W/PackageManager(  371): Unknown permission android.permission.ADD_SYSTEM_SERVICE in package com.android.phone
W/PackageManager(  371): Unknown permission com.android.smspush.WAPPUSH_MANAGER_BIND in package com.android.phone
W/PackageManager(  371): Unknown permission com.google.android.googleapps.permission.GOOGLE_AUTH in package com.android.providers.calendar
W/PackageManager(  371): Unknown permission com.google.android.googleapps.permission.GOOGLE_AUTH.cl in package com.android.providers.calendar
W/PackageManager(  371): Unknown permission com.google.android.googleapps.permission.GOOGLE_AUTH.mail in package com.android.calendar
W/PackageManager(  371): Not granting permission android.permission.SEND_DOWNLOAD_COMPLETED_INTENTS to package com.android.browser (protectionLevel=2 flags=0x89be45)
W/PackageManager(  371): Not granting permission android.permission.BIND_APPWIDGET to package com.android.widgetpreview (protectionLevel=18 flags=0x8be44)
W/PackageManager(  371): Unknown permission com.google.android.googleapps.permission.GOOGLE_AUTH in package com.android.settings
E/MobileDataStateTracker(  371): default: Ignoring feature request because could not acquire PhoneService
E/MobileDataStateTracker(  371): default: Could not enable APN type "default"
W/PackageManager(  371): Unknown permission com.google.android.gallery3d.permission.GALLERY_PROVIDER in package com.android.exchange
W/PackageManager(  371): Unknown permission com.google.android.googleapps.permission.ACCESS_GOOGLE_PASSWORD in package com.android.development
W/PackageManager(  371): Unknown permission com.google.android.googleapps.permission.GOOGLE_AUTH in package com.android.development
W/PackageManager(  371): Unknown permission com.google.android.googleapps.permission.GOOGLE_AUTH.ALL_SERVICES in package com.android.development
W/PackageManager(  371): Unknown permission com.google.android.googleapps.permission.GOOGLE_AUTH.YouTubeUser in package com.android.development
W/PackageManager(  371): Unknown permission com.google.android.gallery3d.permission.GALLERY_PROVIDER in package com.android.email
W/PackageManager(  371): Not granting permission android.permission.DEVICE_POWER to package com.android.deskclock (protectionLevel=2 flags=0x88be45)
I/WifiService(  371): WifiService starting up with Wi-Fi disabled
I/SystemServer(  371): Network Service Discovery Service
D/dalvikvm(  371): GC_CONCURRENT freed 300K, 9% free 4101K/4468K, paused 5ms+14ms, total 126ms
D/dalvikvm(  371): WAIT_FOR_CONCURRENT_GC blocked 12ms
D/NsdService(  371): Network service discovery enabled true
I/SystemServer(  371): Throttle Service
I/SystemServer(  371): UpdateLock Service
I/SystemServer(  371): Notification Manager
I/SystemServer(  371): Device Storage Monitor
I/SystemServer(  371): Location Manager
I/SystemServer(  371): Country Detector
I/SystemServer(  371): Search Service
I/SystemServer(  371): DropBox Service
I/SystemServer(  371): Wallpaper Service
I/SystemServer(  371): Audio Service
D/dalvikvm(  371): GC_CONCURRENT freed 322K, 9% free 4228K/4616K, paused 4ms+51ms, total 355ms
I/SystemServer(  371): Dock Observer
W/DockObserver(  371): This kernel does not have dock station support
I/SystemServer(  371): Wired Accessory Manager
W/WiredAccessoryManager(  371): This kernel does not have wired headset support
W/WiredAccessoryManager(  371): This kernel does not have usb audio support
W/WiredAccessoryManager(  371): This kernel does not have HDMI audio support
I/SystemServer(  371): USB Service
I/SystemServer(  371): Serial Service
I/SystemServer(  371): Twilight Service
I/SystemServer(  371): UI Mode Manager Service
I/SystemServer(  371): Backup Service
I/BackupManagerService(  371): Found stale backup journal, scheduling
I/BackupManagerService(  371):   android
I/BackupManagerService(  371):   com.android.browser
I/BackupManagerService(  371):   com.android.calendar
I/BackupManagerService(  371):   com.android.inputmethod.latin
I/BackupManagerService(  371):   com.android.providers.settings
I/BackupManagerService(  371):   com.android.providers.userdictionary
I/BackupManagerService(  371):   com.android.sharedstoragebackup
I/BackupManagerService(  371): Backup enabled => true
I/SystemServer(  371): AppWidget Service
I/SystemServer(  371): Recognition Service
I/SystemServer(  371): DiskStats Service
I/SystemServer(  371): SamplingProfiler Service
I/SystemServer(  371): NetworkTimeUpdateService
I/SystemServer(  371): CommonTimeManagementService
I/SystemServer(  371): CertBlacklister
I/SystemServer(  371): Dreams Service
I/WindowManager(  371): SAFE MODE not enabled
D/dalvikvm(  371): JIT started for system_server
D/dalvikvm(  371): GC_CONCURRENT freed 325K, 9% free 4331K/4720K, paused 4ms+46ms, total 171ms
I/ActivityManager(  371): System now ready
I/SystemServer(  371): Making services ready
I/Zygote  (  371): Process: zygote socket opened
I/ActivityManager(  371): Start proc com.android.systemui for service com.android.systemui/.SystemUIService: pid=502 uid=10034 gids={50034, 1028, 1015, 3002, 3001}
I/Vold    (   32): /dev/block/vold/179:0 being considered for volume sdcard
D/Vold    (   32): Volume sdcard state changing 1 (Idle-Unmounted) -> 3 (Checking)
D/MountService(  371): volume state changed for /mnt/sdcard (unmounted -> checking)
D/MountService(  371): sendStorageIntent Intent { act=android.intent.action.MEDIA_CHECKING dat=file:///mnt/sdcard (has extras) } to UserHandle{-1}
D/NetworkManagementService(  371): not enabling bandwidth control
I/keystore(   42): uid: 1000 action: e -> 7 state: 3 -> 3 retry: 4
W/NetworkStats(  371): bandwidth controls disabled, unable to track stats
W/NetworkPolicy(  371): bandwidth controls disabled, unable to enforce policy
I/keystore(   42): uid: 1000 action: e -> 7 state: 3 -> 3 retry: 4
I/ActivityManager(  371): Config changes=200 {1.0 ?mcc?mnc en_US ldltr sw320dp w320dp h508dp 240dpi nrml long port finger -keyb/v/h tball/v s.3}
W/RecognitionManagerService(  371): no available voice recognition services found for user 0
E/Trace   (  502): error opening trace file: No such file or directory (2)
D/SystemUIService(  502): loading: class com.android.systemui.statusbar.phone.PhoneStatusBar
D/SystemUIService(  502): running: com.android.systemui.statusbar.phone.PhoneStatusBar@40cd2b38
I/StatusBarManagerService(  371): registerStatusBar bar=com.android.internal.statusbar.IStatusBar$Stub$Proxy@40ec6030
W/InputMethodManagerService(  371): Ignoring setImeWindowStatus of uid 1000 token: null
W/InputMethodManagerService(  371): Found no subtypes in a system IME: com.android.inputmethod.pinyin
I/ActivityManager(  371): Start proc com.android.inputmethod.latin for service com.android.inputmethod.latin/.LatinIME: pid=547 uid=10010 gids={50010, 1028}
I/CommonTimeManagementService(  371): No common time service detected on this platform.  Common time services will be unavailable.
I/InputReader(  371): Reconfiguring input devices.  changes=0x00000020
I/ActivityManager(  371): Start proc com.android.phone for added application com.android.phone: pid=562 uid=1001 gids={41001, 3002, 3001, 3003, 1015, 1028}
I/InputReader(  371): Reconfiguring input devices.  changes=0x00000010
I/ActivityManager(  371): START u0 {act=android.intent.action.MAIN cat=[android.intent.category.HOME] flg=0x10000000 cmp=com.android.launcher/com.android.launcher2.Launcher} from pid 0
W/SocketClient(   34): write error (Broken pipe)
E/ThrottleService(  371): problem during onPollAlarm: java.lang.IllegalStateException: problem parsing stats: java.io.FileNotFoundException: /proc/net/xt_qtaguid/iface_stat_all: open failed: ENOENT (No such file or directory)
I/ActivityManager(  371): Start proc com.android.launcher for activity com.android.launcher/com.android.launcher2.Launcher: pid=573 uid=10020 gids={50020, 1028}
I/SystemServer(  371): Enabled StrictMode for system server main thread.
D/dalvikvm(  371): GC_CONCURRENT freed 299K, 8% free 4546K/4908K, paused 5ms+101ms, total 1649ms
D/dalvikvm(  371): WAIT_FOR_CONCURRENT_GC blocked 77ms
E/Trace   (  547): error opening trace file: No such file or directory (2)
E/SurfaceFlinger(   37): ro.sf.lcd_density must be defined as a build property
D/gralloc_goldfish(  371): Emulator without GPU emulation detected.
E/Trace   (  562): error opening trace file: No such file or directory (2)
E/Trace   (  573): error opening trace file: No such file or directory (2)
I//system/bin/fsck_msdos(   32): ** /dev/block/vold/179:0
W/TelephonyProvider(  562): onCreate: confFile=/system/etc/apns-conf.xml oldCheckSum=-1
D/TelephonyManager(  562): getLteOnCdmaMode=0 curVal=-1 product_type='' lteOnCdmaProductType=''
I//system/bin/fsck_msdos(   32): ** Phase 1 - Read and Compare FATs
D/dalvikvm(  502): GC_FOR_ALLOC freed 90K, 6% free 2664K/2812K, paused 85ms, total 96ms
I/dalvikvm-heap(  502): Grow heap (frag case) to 3.259MB for 635812-byte allocation
D/dalvikvm(  502): GC_CONCURRENT freed 5K, 5% free 3280K/3436K, paused 4ms+34ms, total 53ms
I/LatinIME(  547): Hardware accelerated drawing: false
D/TelephonyManager(  562): getLteOnCdmaMode=0 curVal=-1 product_type='' lteOnCdmaProductType=''
I//system/bin/fsck_msdos(   32): Attempting to allocate 2044 KB for FAT
D/TelephonyManager(  562): getLteOnCdmaMode=0 curVal=-1 product_type='' lteOnCdmaProductType=''
I/LocationBlacklist(  371): whitelist: []
I/LocationBlacklist(  371): blacklist: []
D/dalvikvm(  371): GC_CONCURRENT freed 424K, 10% free 4669K/5156K, paused 214ms+91ms, total 1182ms
D/dalvikvm(  371): WAIT_FOR_CONCURRENT_GC blocked 308ms
D/dalvikvm(  371): WAIT_FOR_CONCURRENT_GC blocked 500ms
D/dalvikvm(  371): WAIT_FOR_CONCURRENT_GC blocked 429ms
D/dalvikvm(  371): WAIT_FOR_CONCURRENT_GC blocked 439ms
D/dalvikvm(  371): WAIT_FOR_CONCURRENT_GC blocked 409ms
D/dalvikvm(  371): WAIT_FOR_CONCURRENT_GC blocked 701ms
D/dalvikvm(  371): WAIT_FOR_CONCURRENT_GC blocked 459ms
D/dalvikvm(  371): GC_FOR_ALLOC freed 76K, 10% free 4808K/5300K, paused 271ms, total 272ms
E/BluetoothAdapter(  502): Bluetooth binder is null
E/BluetoothAdapter(  502): Bluetooth binder is null
D/dalvikvm(  371): GREF has increased to 301
E/BluetoothAdapter(  502): Bluetooth binder is null
W/Settings(  562): Setting airplane_mode_on has moved from android.provider.Settings.System to android.provider.Settings.Global, returning read-only value.
W/Settings(  562): Setting auto_time has moved from android.provider.Settings.System to android.provider.Settings.Global, returning read-only global URI.
W/InputAttributes(  547): No editor info for this field. Bug?
W/Settings(  562): Setting auto_time_zone has moved from android.provider.Settings.System to android.provider.Settings.Global, returning read-only global URI.
D/dalvikvm(  371): GC_CONCURRENT freed 433K, 10% free 4983K/5480K, paused 105ms+53ms, total 520ms
D/dalvikvm(  371): WAIT_FOR_CONCURRENT_GC blocked 9ms
E/ActivityThread(  547): Failed to find provider info for com.android.inputmethod.latin.dictionarypack
D/dalvikvm(  371): WAIT_FOR_CONCURRENT_GC blocked 115ms
D/dalvikvm(  371): WAIT_FOR_CONCURRENT_GC blocked 118ms
D/dalvikvm(  371): WAIT_FOR_CONCURRENT_GC blocked 49ms
D/dalvikvm(  371): WAIT_FOR_CONCURRENT_GC blocked 50ms
W/ActivityManager(  371): Unable to start service Intent { act=com.android.internal.telephony.IWapPushManager } U=0: not found
D/dalvikvm(  371): WAIT_FOR_CONCURRENT_GC blocked 176ms
D/dalvikvm(  371): WAIT_FOR_CONCURRENT_GC blocked 180ms
E/BinaryDictionaryGetter(  547): Could not find a dictionary pack
I/ActivityManager(  371): Start proc android.process.acore for content provider com.android.providers.userdictionary/.UserDictionaryProvider: pid=662 uid=10001 gids={50001, 3003, 1015, 1028}
D/dalvikvm(  502): GC_CONCURRENT freed 64K, 4% free 3649K/3772K, paused 4ms+267ms, total 465ms
D/dalvikvm(  547): GC_CONCURRENT freed 271K, 12% free 2498K/2824K, paused 2ms+5ms, total 759ms
E/StrictMode(  547): A resource was acquired at attached stack trace but never released. See java.io.Closeable for information on avoiding resource leaks.
E/StrictMode(  547): java.lang.Throwable: Explicit termination method 'close' not called
E/StrictMode(  547): 	at dalvik.system.CloseGuard.open(CloseGuard.java:184)
E/StrictMode(  547): 	at android.os.ParcelFileDescriptor.<init>(ParcelFileDescriptor.java:412)
E/StrictMode(  547): 	at android.content.res.AssetManager.openNonAssetFdNative(Native Method)
E/StrictMode(  547): 	at android.content.res.AssetManager.openNonAssetFd(AssetManager.java:428)
E/StrictMode(  547): 	at android.content.res.Resources.openRawResourceFd(Resources.java:979)
E/StrictMode(  547): 	at com.android.inputmethod.latin.BinaryDictionaryGetter.loadFallbackResource(BinaryDictionaryGetter.java:183)
E/StrictMode(  547): 	at com.android.inputmethod.latin.BinaryDictionaryGetter.getDictionaryFiles(BinaryDictionaryGetter.java:456)
E/StrictMode(  547): 	at com.android.inputmethod.latin.DictionaryFactory.createMainDictionaryFromManager(DictionaryFactory.java:57)
E/StrictMode(  547): 	at com.android.inputmethod.latin.DictionaryFactory.createMainDictionaryFromManager(DictionaryFactory.java:87)
E/StrictMode(  547): 	at com.android.inputmethod.latin.Suggest$1.run(Suggest.java:108)
D/        (  562): [ApnContext:default] set reason as dataEnabled,current state IDLE
D/        (  562): [ApnContext:default] setRetryCount: 0
D/        (  562): [ApnContext:mms] set reason as dataEnabled,current state IDLE
D/        (  562): [ApnContext:mms] setRetryCount: 0
D/        (  562): [ApnContext:supl] set reason as dataEnabled,current state IDLE
D/        (  562): [ApnContext:supl] setRetryCount: 0
D/        (  562): [ApnContext:hipri] set reason as dataEnabled,current state IDLE
D/        (  562): [ApnContext:hipri] setRetryCount: 0
D/        (  562): [ApnContext:fota] set reason as dataEnabled,current state IDLE
D/        (  562): [ApnContext:fota] setRetryCount: 0
D/dalvikvm(  371): GC_FOR_ALLOC freed 105K, 9% free 5194K/5688K, paused 500ms, total 502ms
W/InputMethodManagerService(  371): Found no subtypes in a system IME: com.android.inputmethod.pinyin
D/        (  562): [ApnContext:ims] set reason as dataEnabled,current state IDLE
D/        (  562): [ApnContext:ims] setRetryCount: 0
D/        (  562): [ApnContext:cbs] set reason as dataEnabled,current state IDLE
D/        (  562): [ApnContext:cbs] setRetryCount: 0
D/TelephonyManager(  562): getLteOnCdmaMode=0 curVal=-1 product_type='' lteOnCdmaProductType=''
E/Trace   (  662): error opening trace file: No such file or directory (2)
I/ActivityManager(  371): Start proc com.android.music for broadcast com.android.music/.MediaButtonIntentReceiver: pid=682 uid=10025 gids={50025, 3003, 1015, 1028}
D/dalvikvm(  562): GC_CONCURRENT freed 202K, 10% free 2576K/2836K, paused 4ms+3ms, total 634ms
D/CallManager(  562): registerPhone(GSM Handler (com.android.internal.telephony.PhoneProxy) {40d02d70})
E/BluetoothAdapter(  502): Bluetooth binder is null
E/BluetoothAdapter(  562): Bluetooth binder is null
I/dalvikvm(  682): Turning on JNI app bug workarounds for target SDK version 9...
D/dalvikvm(  573): GC_CONCURRENT freed 188K, 9% free 2643K/2892K, paused 4ms+3ms, total 391ms
D/dalvikvm(  371): GC_CONCURRENT freed 397K, 8% free 5504K/5964K, paused 6ms+6ms, total 1025ms
D/dalvikvm(  371): WAIT_FOR_CONCURRENT_GC blocked 55ms
D/dalvikvm(  371): WAIT_FOR_CONCURRENT_GC blocked 202ms
D/dalvikvm(  371): WAIT_FOR_CONCURRENT_GC blocked 153ms
D/dalvikvm(  371): WAIT_FOR_CONCURRENT_GC blocked 99ms
D/dalvikvm(  371): WAIT_FOR_CONCURRENT_GC blocked 269ms
E/Trace   (  682): error opening trace file: No such file or directory (2)
E/BluetoothAdapter(  562): Bluetooth binder is null
I/Choreographer(  371): Skipped 5301 frames!  The application may be doing too much work on its main thread.
I/AudioService(  371):   Remote Control   registerMediaButtonIntent() for PendingIntent{40eb1a10: PendingIntentRecord{40e786b0 com.android.music broadcastIntent}}
D/PhoneStatusBar(  502): disable: < expand icons alerts ticker system_info back home recent clock search >
I/ActivityManager(  371): Start proc android.process.media for content provider com.android.providers.media/.MediaProvider: pid=722 uid=10000 gids={50000, 1015, 1023, 1024, 1028, 1006, 2001, 3003, 3007}
W/ActivityManager(  371): Timeout executing service: ServiceRecord{40ea8400 u0 com.android.systemui/.ImageWallpaper}
V/TAG     (  371): bug 7643792: fitSystemWindows([0,0][0,0])
E/BluetoothAdapter(  502): Bluetooth binder is null
D/SystemUIService(  502): loading: class com.android.systemui.power.PowerUI
D/SystemUIService(  502): running: com.android.systemui.power.PowerUI@40e40758
D/SystemUIService(  502): loading: class com.android.systemui.media.RingtonePlayer
D/SystemUIService(  502): running: com.android.systemui.media.RingtonePlayer@40e413d8
I/Process (  371): Sending signal. PID: 502 SIG: 3
I/dalvikvm(  502): threadid=3: reacting to signal 3
I/Process (  371): Sending signal. PID: 371 SIG: 3
I/dalvikvm(  371): threadid=3: reacting to signal 3
I/dalvikvm(  502): Wrote stack traces to '/data/anr/traces.txt'
I//system/bin/fsck_msdos(   32): Attempting to allocate 2044 KB for FAT
I/dalvikvm(  371): Wrote stack traces to '/data/anr/traces.txt'
I/Process (  371): Sending signal. PID: 562 SIG: 3
I/dalvikvm(  562): threadid=3: reacting to signal 3
D/dalvikvm(  371): GC_CONCURRENT freed 674K, 12% free 5600K/6340K, paused 76ms+1919ms, total 3183ms
V/TAG     (  371): bug 7643792: fitSystemWindows([0,38][0,0])
E/Trace   (  722): error opening trace file: No such file or directory (2)
W/dalvikvm(  562): threadid=3: spin on suspend #1 threadid=14 (pcf=0)
D/dalvikvm(  562): Temporarily moving tid 713 to fg (was 0)
D/dalvikvm(  562): Temporarily raised priority on tid 713 (10 -> 0)
W/dalvikvm(  562): threadid=3: spin on suspend resolved in 1067 msec
D/dalvikvm(  562): Restored policy of 713 to 0
D/dalvikvm(  562): Restored priority on 713 to 10
I/Choreographer(  371): Skipped 246 frames!  The application may be doing too much work on its main thread.
E/SurfaceFlinger(   37): ro.sf.lcd_density must be defined as a build property
I/Choreographer(  502): Skipped 4547 frames!  The application may be doing too much work on its main thread.
W/WindowManager(  371): Window freeze timeout expired.
W/WindowManager(  371): Force clearing orientation change: Window{40e9c1e0 u0 Keyguard}
I/dalvikvm(  562): Wrote stack traces to '/data/anr/traces.txt'
W/ProcessStats(  371): Skipping unknown process pid 707
D/dalvikvm(  371): GC_FOR_ALLOC freed 399K, 11% free 5647K/6340K, paused 272ms, total 273ms
I/dalvikvm-heap(  371): Grow heap (frag case) to 6.651MB for 1128976-byte allocation
D/dalvikvm(  371): GC_FOR_ALLOC freed 1K, 10% free 6748K/7444K, paused 442ms, total 442ms
E/SurfaceFlinger(   37): ro.sf.lcd_density must be defined as a build property
I/DownloadManager(  722): in removeSpuriousFiles
W/GpsLocationProvider(  371): Could not open GPS configuration file /etc/gps.conf
I/Choreographer(  371): Skipped 1096 frames!  The application may be doing too much work on its main thread.
D/DebugService(  562): DebugService DebugService:
D/TelephonyDebugService(  562): TelephonyDebugService()
W/ServiceWatcher(  371): com.google.android.location not found
W/ServiceWatcher(  371): com.google.android.location not found
W/LocationManagerService(  371): no network location provider found
W/ServiceWatcher(  371): com.google.android.location not found
D/dalvikvm(  573): GC_CONCURRENT freed 88K, 5% free 2996K/3140K, paused 3ms+106ms, total 527ms
W/WindowManager(  371): Window freeze timeout expired.
W/WindowManager(  371): Force clearing orientation change: Window{40f56b20 u0 StatusBar}
D/dalvikvm(  371): GC_CONCURRENT freed 130K, 9% free 6823K/7444K, paused 71ms+1108ms, total 3681ms
D/dalvikvm(  371): WAIT_FOR_CONCURRENT_GC blocked 2172ms
D/dalvikvm(  562): GC_CONCURRENT freed 330K, 13% free 2657K/3044K, paused 4ms+3ms, total 274ms
D/dalvikvm(  662): GC_CONCURRENT freed 167K, 8% free 2632K/2856K, paused 1346ms+38ms, total 1843ms
I/Choreographer(  371): Skipped 485 frames!  The application may be doing too much work on its main thread.
D/PhoneStatusBar(  502): disable: < expand icons alerts ticker system_info BACK* HOME* RECENT* CLOCK* SEARCH* >
I/Choreographer(  502): Skipped 1682 frames!  The application may be doing too much work on its main thread.
D/dalvikvm(  502): GC_CONCURRENT freed 151K, 6% free 3883K/4092K, paused 16ms+5ms, total 506ms
D/gralloc_goldfish(  502): Emulator without GPU emulation detected.
D/dalvikvm(  371): GC_EXPLICIT freed 50K, 9% free 6813K/7444K, paused 4ms+191ms, total 1326ms
I/ActivityManager(  371): Start proc com.android.location.fused for service com.android.location.fused/.FusedLocationService: pid=821 uid=10022 gids={50022, 1028}
D/dalvikvm(  371): GREF has increased to 401
I/Choreographer(  502): Skipped 289 frames!  The application may be doing too much work on its main thread.
E/Trace   (  821): error opening trace file: No such file or directory (2)
W/Settings(  562): Setting auto_time_zone has moved from android.provider.Settings.System to android.provider.Settings.Global, returning read-only value.
W/ProcessStats(  371): Skipping unknown process pid 838
I/Process (  371): Sending signal. PID: 573 SIG: 3
I/dalvikvm(  573): threadid=3: reacting to signal 3
I/dalvikvm(  573): Wrote stack traces to '/data/anr/traces.txt'
I/Process (  371): Sending signal. PID: 662 SIG: 3
I/dalvikvm(  662): threadid=3: reacting to signal 3
I/Process (  371): Sending signal. PID: 547 SIG: 3
I/dalvikvm(  547): threadid=3: reacting to signal 3
I/Choreographer(  502): Skipped 44 frames!  The application may be doing too much work on its main thread.
I/dalvikvm(  547): Wrote stack traces to '/data/anr/traces.txt'
W/dalvikvm(  662): threadid=3: spin on suspend #1 threadid=14 (pcf=0)
D/dalvikvm(  662): Temporarily moving tid 798 to fg (was 0)
D/dalvikvm(  662): Temporarily raised priority on tid 798 (10 -> 0)
W/dalvikvm(  662): threadid=3: spin on suspend resolved in 1035 msec
D/dalvikvm(  662): Restored policy of 798 to 0
D/dalvikvm(  662): Restored priority on 798 to 10
W/ServiceWatcher(  371): com.google.android.location not found
D/dalvikvm(  573): GC_CONCURRENT freed 194K, 8% free 3204K/3456K, paused 4ms+356ms, total 736ms
I/dalvikvm(  662): Wrote stack traces to '/data/anr/traces.txt'
E/ActivityManager(  371): ANR in com.android.systemui
E/ActivityManager(  371): Reason: Executing service com.android.systemui/.ImageWallpaper
E/ActivityManager(  371): Load: 8.15 / 2.31 / 0.79
E/ActivityManager(  371): CPU usage from 1ms to 15651ms later:
E/ActivityManager(  371):   19% 371/system_server: 13% user + 6.3% kernel / faults: 5052 minor 6 major
E/ActivityManager(  371):   14% 37/surfaceflinger: 11% user + 3.1% kernel / faults: 5 minor
E/ActivityManager(  371):   7.3% 573/com.android.launcher: 4.2% user + 3% kernel / faults: 7417 minor 5 major
E/ActivityManager(  371):   5.1% 662/android.process.acore: 3.6% user + 1.4% kernel / faults: 1551 minor
E/ActivityManager(  371):   5.1% 502/com.android.systemui: 3.6% user + 1.4% kernel / faults: 1079 minor 3 major
E/ActivityManager(  371):   4.5% 722/android.process.media: 1.9% user + 2.5% kernel / faults: 2035 minor 15 major
E/ActivityManager(  371):   3.7% 92/bootanimation: 3.2% user + 0.4% kernel
E/ActivityManager(  371):   3.5% 562/com.android.phone: 2% user + 1.5% kernel / faults: 678 minor 6 major
E/ActivityManager(  371):   2.2% 47/adbd: 0.1% user + 2% kernel / faults: 312 minor
E/ActivityManager(  371):   0.9% 508/vold: 0.5% user + 0.4% kernel / faults: 2324 minor
E/ActivityManager(  371):   0.8% 547/com.android.inputmethod.latin: 0.2% user + 0.5% kernel / faults: 161 minor 1 major
E/ActivityManager(  371):   0.1% 29/mmcqd: 0% user + 0.1% kernel
E/ActivityManager(  371):   0.2% 40/mediaserver: 0% user + 0.1% kernel
E/ActivityManager(  371):   0.1% 31/servicemanager: 0% user + 0% kernel
E/ActivityManager(  371):   0.1% 38/zygote: 0% user + 0.1% kernel / faults: 63 minor
E/ActivityManager(  371):   0% 36/rild: 0% user + 0% kernel / faults: 3 minor
E/ActivityManager(  371):   0% 682/com.android.music: 0% user + 0% kernel / faults: 179 minor
E/ActivityManager(  371):  +0% 821/com.android.location.fused: 0% user + 0% kernel
E/ActivityManager(  371): 100% TOTAL: 63% user + 35% kernel + 0.2% irq + 0.6% softirq
E/ActivityManager(  371): CPU usage from 12335ms to 13546ms later:
E/ActivityManager(  371):   25% 371/system_server: 14% user + 11% kernel / faults: 430 minor
E/ActivityManager(  371):     8.6% 391/ActivityManager: 0% user + 8.6% kernel
E/ActivityManager(  371):     8% 814/Binder_C: 4.3% user + 3.7% kernel
E/ActivityManager(  371):     4.3% 766/Binder_9: 4.3% user + 0% kernel
E/ActivityManager(  371):     1.8% 377/Compiler: 1.8% user + 0% kernel
E/ActivityManager(  371):     1.2% 389/UI: 1.2% user + 0% kernel
E/ActivityManager(  371):     0.6% 383/Binder_2: 0.6% user + 0% kernel
E/ActivityManager(  371):     0.6% 601/Binder_3: 0% user + 0.6% kernel
E/ActivityManager(  371):     0.6% 602/Binder_4: 0.6% user + 0% kernel
E/ActivityManager(  371):     0.6% 632/Binder_5: 0.6% user + 0% kernel
E/ActivityManager(  371):     0.6% 633/Binder_6: 0.6% user + 0% kernel
E/ActivityManager(  371):     0.6% 760/Binder_7: 0.6% user + 0% kernel
E/ActivityManager(  371):     0.6% 761/Binder_8: 0.6% user + 0% kernel
E/ActivityManager(  371):    +0% 834/Binder_D: 0% user + 0% kernel
E/ActivityManager(  371):   11% 37/surfaceflinger: 10% user + 1.8% kernel
E/ActivityManager(  371):     11% 71/SurfaceFlinger: 10% user + 1.8% kernel
E/ActivityManager(  371):     1.8% 85/VSyncThread: 1.8% user + 0% kernel
E/ActivityManager(  371):     1.8% 88/EventThread: 1.8% user + 0% kernel
E/ActivityManager(  371):     0.9% 37/surfaceflinger: 0% user + 0.9% kernel
E/ActivityManager(  371):   7.3% 562/com.android.phone: 5.5% user + 1.8% kernel / faults: 151 minor
E/ActivityManager(  371):     6.1% 562/m.android.phone: 4.9% user + 1.2% kernel
E/ActivityManager(  371):     4.9% 578/Compiler: 3% user + 1.8% kernel
E/ActivityManager(  371):   6.5% 573/com.android.launcher: 3.2% user + 3.2% kernel / faults: 1402 minor 3 major
E/ActivityManager(  371):     4.8% 631/launcher-loader: 3.2% user + 1.6% kernel
E/ActivityManager(  371):     0.5% 573/ndroid.launcher: 0.5% user + 0% kernel
E/ActivityManager(  371):     0.5% 585/Compiler: 0.5% user + 0% kernel
E/ActivityManager(  371):   6% 662/android.process.acore: 5.5% user + 0.5% kernel / faults: 168 minor
E/ActivityManager(  371):     10% 676/Binder_1: 8.5% user + 1.5% kernel
E/ActivityManager(  371):    +0% 840/Binder_3: 0% user + 0% kernel
E/ActivityManager(  371):    +0% 841/Binder_4: 0% user + 0% kernel
E/ActivityManager(  371):   5% 92/bootanimation: 3.5% user + 1.4% kernel
E/ActivityManager(  371):     4.2% 113/BootAnimation: 2.8% user + 1.4% kernel
E/ActivityManager(  371):   0.9% 547/com.android.inputmethod.latin: 0.1% user + 0.8% kernel / faults: 68 minor 1 major
E/ActivityManager(  371):     0.4% 547/putmethod.latin: 0.2% user + 0.1% kernel
E/ActivityManager(  371):   2.4% 502/com.android.systemui: 0.6% user + 1.8% kernel / faults: 18 minor
E/ActivityManager(  371):     3% 502/ndroid.systemui: 1.2% user + 1.8% kernel
E/ActivityManager(  371):     0.6% 516/Compiler: 0% user + 0.6% kernel
E/ActivityManager(  371):     0.6% 714/AsyncTask #1: 0% user + 0.6% kernel
E/ActivityManager(  371):   0.2% 38/zygote: 0% user + 0.2% kernel / faults: 63 minor
E/ActivityManager(  371):     0.2% 38/zygote: 0.1% user + 0.1% kernel
E/ActivityManager(  371):    +0% 822/ReferenceQueueD: 0% user + 0% kernel
E/ActivityManager(  371):    +0% 824/FinalizerDaemon: 0% user + 0% kernel
E/ActivityManager(  371):    +0% 826/FinalizerWatchd: 0% user + 0% kernel
E/ActivityManager(  371):   1.9% 47/adbd: 0.9% user + 0.9% kernel / faults: 13 minor
E/ActivityManager(  371):     0.9% 47/adbd: 0.9% user + 0% kernel
E/ActivityManager(  371):     0.9% 278/adbd: 0% user + 0.9% kernel
E/ActivityManager(  371):  +0% 821/com.android.location.fused: 0% user + 0% kernel
E/ActivityManager(  371): 100% TOTAL: 52% user + 46% kernel + 1% softirq
W/ActivityManager(  371): Killing ProcessRecord{40ef3580 502:com.android.systemui/u0a10034}: background ANR
W/InputDispatcher(  371): channel '40f56b20 StatusBar (server)' ~ Consumer closed input channel or an error occurred.  events=0x9
E/InputDispatcher(  371): channel '40f56b20 StatusBar (server)' ~ Channel is unrecoverably broken and will be disposed!
D/dalvikvm(  371): GC_FOR_ALLOC freed 1399K, 23% free 6050K/7832K, paused 304ms, total 331ms
I/WindowState(  371): WIN DEATH: Window{40f56b20 u0 StatusBar}
W/InputDispatcher(  371): Attempted to unregister already unregistered input channel '40f56b20 StatusBar (server)'
D/CAT     (  562): CatService: Running CAT service. STK app installed:false
D/CAT     (  562): CatService: NEW sInstance
W/BroadcastQueue(  371): Failure sending broadcast Intent { act=android.intent.action.BATTERY_CHANGED flg=0x60000010 (has extras) }
W/BroadcastQueue(  371): android.os.DeadObjectException
W/BroadcastQueue(  371): 	at android.os.BinderProxy.transact(Native Method)
W/BroadcastQueue(  371): 	at android.app.ApplicationThreadProxy.scheduleRegisteredReceiver(ApplicationThreadNative.java:1009)
W/BroadcastQueue(  371): 	at com.android.server.am.BroadcastQueue.performReceiveLocked(BroadcastQueue.java:373)
W/BroadcastQueue(  371): 	at com.android.server.am.BroadcastQueue.deliverToRegisteredReceiverLocked(BroadcastQueue.java:439)
W/BroadcastQueue(  371): 	at com.android.server.am.BroadcastQueue.processNextBroadcast(BroadcastQueue.java:487)
W/BroadcastQueue(  371): 	at com.android.server.am.BroadcastQueue$1.handleMessage(BroadcastQueue.java:140)
W/BroadcastQueue(  371): 	at android.os.Handler.dispatchMessage(Handler.java:99)
W/BroadcastQueue(  371): 	at android.os.Looper.loop(Looper.java:137)
W/BroadcastQueue(  371): 	at com.android.server.am.ActivityManagerService$AThread.run(ActivityManagerService.java:1480)
I//system/bin/fsck_msdos(   32): ** Phase 2 - Check Cluster Chains
D/dalvikvm(  371): GC_FOR_ALLOC freed 288K, 18% free 6443K/7832K, paused 494ms, total 496ms
I//system/bin/fsck_msdos(   32): ** Phase 3 - Checking Directories
D/dalvikvm(  371): GC_FOR_ALLOC freed 796K, 25% free 5924K/7832K, paused 266ms, total 266ms
V/TAG     (  371): bug 7643792: fitSystemWindows([0,0][0,0])
E/LocationManagerService(  371): no geocoder provider found
W/ActivityManager(  371): Activity idle timeout for ActivityRecord{40f0d278 u0 com.android.launcher/com.android.launcher2.Launcher}
I/Choreographer(  371): Skipped 122 frames!  The application may be doing too much work on its main thread.
W/BroadcastQueue(  371): Failure sending broadcast Intent { act=android.provider.Telephony.SPN_STRINGS_UPDATED flg=0x20000010 (has extras) }
W/BroadcastQueue(  371): android.os.DeadObjectException
W/BroadcastQueue(  371): 	at android.os.BinderProxy.transact(Native Method)
W/BroadcastQueue(  371): 	at android.app.ApplicationThreadProxy.scheduleRegisteredReceiver(ApplicationThreadNative.java:1009)
W/BroadcastQueue(  371): 	at com.android.server.am.BroadcastQueue.performReceiveLocked(BroadcastQueue.java:373)
W/BroadcastQueue(  371): 	at com.android.server.am.BroadcastQueue.deliverToRegisteredReceiverLocked(BroadcastQueue.java:439)
W/BroadcastQueue(  371): 	at com.android.server.am.BroadcastQueue.processNextBroadcast(BroadcastQueue.java:487)
W/BroadcastQueue(  371): 	at com.android.server.am.BroadcastQueue$1.handleMessage(BroadcastQueue.java:140)
W/BroadcastQueue(  371): 	at android.os.Handler.dispatchMessage(Handler.java:99)
W/BroadcastQueue(  371): 	at android.os.Looper.loop(Looper.java:137)
W/BroadcastQueue(  371): 	at com.android.server.am.ActivityManagerService$AThread.run(ActivityManagerService.java:1480)
I//system/bin/fsck_msdos(   32): ** Phase 4 - Checking for Lost Files
I/ActivityManager(  371): Process com.android.systemui (pid 502) has died.
W/ActivityManager(  371): Scheduling restart of crashed service com.android.systemui/.ImageWallpaper in 0ms
W/ActivityManager(  371): Scheduling restart of crashed service com.android.systemui/.SystemUIService in 0ms
I/ActivityManager(  371): Start proc com.android.systemui for restart com.android.systemui: pid=873 uid=10034 gids={50034, 1028, 1015, 3002, 3001}
D/dalvikvm(   38): GC_EXPLICIT freed 34K, 4% free 2381K/2472K, paused 3ms+14ms, total 134ms
I/Choreographer(  573): Skipped 285 frames!  The application may be doing too much work on its main thread.
D/dalvikvm(   38): GC_EXPLICIT freed <1K, 4% free 2382K/2472K, paused 2ms+12ms, total 59ms
D/dalvikvm(   38): GC_EXPLICIT freed <1K, 4% free 2382K/2472K, paused 2ms+11ms, total 98ms
I//system/bin/fsck_msdos(   32): 16 files, 1044440 free (522220 clusters)
E/SurfaceFlinger(   37): ro.sf.lcd_density must be defined as a build property
W/WallpaperService(  371): Failed attaching wallpaper; clearing
W/WallpaperService(  371): android.os.DeadObjectException
W/WallpaperService(  371): 	at android.os.BinderProxy.transact(Native Method)
W/WallpaperService(  371): 	at android.service.wallpaper.IWallpaperService$Stub$Proxy.attach(IWallpaperService.java:95)
W/WallpaperService(  371): 	at com.android.server.WallpaperManagerService.attachServiceLocked(WallpaperManagerService.java:960)
W/WallpaperService(  371): 	at com.android.server.WallpaperManagerService$WallpaperConnection.onServiceConnected(WallpaperManagerService.java:233)
W/WallpaperService(  371): 	at android.app.LoadedApk$ServiceDispatcher.doConnected(LoadedApk.java:1101)
W/WallpaperService(  371): 	at android.app.LoadedApk$ServiceDispatcher$RunConnection.run(LoadedApk.java:1118)
W/WallpaperService(  371): 	at android.os.Handler.handleCallback(Handler.java:725)
W/WallpaperService(  371): 	at android.os.Handler.dispatchMessage(Handler.java:92)
W/WallpaperService(  371): 	at android.os.Looper.loop(Looper.java:137)
W/WallpaperService(  371): 	at com.android.server.ServerThread.run(SystemServer.java:1000)
I/Choreographer(  573): Skipped 58 frames!  The application may be doing too much work on its main thread.
I/ActivityManager(  371): Start proc com.android.contacts for broadcast com.android.contacts/.calllog.CallLogReceiver: pid=904 uid=10001 gids={50001, 3003, 1015, 1028}
E/Trace   (  873): error opening trace file: No such file or directory (2)
