I/DisplayManagerService(  329): Display device added: DisplayDeviceInfo{"Built-in Screen": 480 x 800, 260.416 fps, density 240, 240.0 x 240.0 dpi, touch INTERNAL, FLAG_DEFAULT_DISPLAY, FLAG_ROTATES_WITH_CONTENT, FLAG_SECURE, FLAG_SUPPORTS_PROTECTED_BUFFERS, rotation 0, type BUILT_IN, address null}
I/SystemServer(  329): Scheduling Policy
I/SystemServer(  329): Package Manager
D/dalvikvm(  329): GC_CONCURRENT freed 227K, 10% free 2625K/2912K, paused 22ms+5ms, total 277ms
D/dalvikvm(  329): GC_CONCURRENT freed 269K, 11% free 2763K/3088K, paused 3ms+16ms, total 60ms
W/PackageManager(  329): Running ENG build: no pre-dexopt!
D/dalvikvm(  329): GC_CONCURRENT freed 217K, 9% free 2946K/3220K, paused 5ms+9ms, total 123ms
W/PackageParser(  329): No actions in intent filter at /system/app/Contacts.apk Binary XML file line #533
D/dalvikvm(  329): GC_CONCURRENT freed 202K, 8% free 3148K/3408K, paused 5ms+3ms, total 80ms
D/dalvikvm(  329): GC_CONCURRENT freed 236K, 9% free 3381K/3676K, paused 72ms+8ms, total 347ms
W/PackageManager(  329): Package com.android.camera desires unavailable shared library com.google.android.media.effects; ignoring!
D/PackageManager(  329): No files in app dir /vendor/app
D/dalvikvm(  329): GC_CONCURRENT freed 221K, 7% free 3652K/3916K, paused 45ms+76ms, total 395ms
W/PackageParser(  329): No actions in intent filter at /data/app/ApiDemos.apk Binary XML file line #2737
W/PackageParser(  329): No actions in intent filter at /data/app/ApiDemos.apk Binary XML file line #2743
W/PackageManager(  329): Package com.example.android.apis desires unavailable shared library com.example.will.never.exist; ignoring!
I/PackageManager(  329): Time to scan packages: 6.167 seconds
W/PackageManager(  329): Unknown permission com.google.android.googleapps.permission.GOOGLE_AUTH.mail in package com.android.contacts
W/PackageManager(  329): Unknown permission android.permission.ADD_SYSTEM_SERVICE in package com.android.phone
W/PackageManager(  329): Unknown permission com.android.smspush.WAPPUSH_MANAGER_BIND in package com.android.phone
W/PackageManager(  329): Unknown permission com.google.android.googleapps.permission.GOOGLE_AUTH in package com.android.providers.calendar
W/PackageManager(  329): Unknown permission com.google.android.googleapps.permission.GOOGLE_AUTH.cl in package com.android.providers.calendar
W/PackageManager(  329): Unknown permission com.google.android.googleapps.permission.GOOGLE_AUTH.mail in package com.android.calendar
W/PackageManager(  329): Not granting permission android.permission.SEND_DOWNLOAD_COMPLETED_INTENTS to package com.android.browser (protectionLevel=2 flags=0x9be45)
W/PackageManager(  329): Not granting permission android.permission.BIND_APPWIDGET to package com.android.widgetpreview (protectionLevel=18 flags=0x8be44)
W/PackageManager(  329): Unknown permission com.google.android.googleapps.permission.GOOGLE_AUTH in package com.android.settings
W/PackageManager(  329): Unknown permission com.google.android.gallery3d.permission.GALLERY_PROVIDER in package com.android.exchange
W/PackageManager(  329): Unknown permission com.google.android.googleapps.permission.ACCESS_GOOGLE_PASSWORD in package com.android.development
W/PackageManager(  329): Unknown permission com.google.android.googleapps.permission.GOOGLE_AUTH in package com.android.development
W/PackageManager(  329): Unknown permission com.google.android.googleapps.permission.GOOGLE_AUTH.ALL_SERVICES in package com.android.development
W/PackageManager(  329): Unknown permission com.google.android.googleapps.permission.GOOGLE_AUTH.YouTubeUser in package com.android.development
W/PackageManager(  329): Unknown permission com.google.android.gallery3d.permission.GALLERY_PROVIDER in package com.android.email
W/PackageManager(  329): Not granting permission android.permission.DEVICE_POWER to package com.android.deskclock (protectionLevel=2 flags=0x8be45)
D/dalvikvm(  329): GC_CONCURRENT freed 297K, 9% free 3815K/4168K, paused 4ms+13ms, total 86ms
D/dalvikvm(  329): GC_EXPLICIT freed 218K, 13% free 3688K/4200K, paused 3ms+3ms, total 51ms
I/SystemServer(  329): User Service
I/SystemServer(  329): Account Manager
I/SystemServer(  329): Content Manager
I/SystemServer(  329): System Content Providers
I/SystemServer(  329): Lights Service
I/SystemServer(  329): Battery Service
I/SystemServer(  329): Vibrator Service
I/libsuspend(  329): Selected early suspend
I/libsuspend(  329): Starting early suspend unblocker thread
D/PermissionCache(   37): checking android.permission.ACCESS_SURFACE_FLINGER for uid=1000 => granted (19881 us)
D/SurfaceFlinger(   37): Screen acquired, type=0 flinger=0x2a007318
D/SurfaceFlinger(   37):  screen was previously acquired
I/SystemServer(  329): Alarm Manager
D/AlarmManagerService(  329): Kernel timezone updated to 0 minutes west of GMT
I/SystemServer(  329): Init Watchdog
I/SystemServer(  329): Input Manager
I/InputManager(  329): Initializing input manager, mUseDevInputEventForAudioJack=false
I/SystemServer(  329): Window Manager
E/SoundPool(  329): error loading /system/media/audio/ui/Lock.ogg
W/KeyguardViewMediator(  329): failed to load lock sound from /system/media/audio/ui/Lock.ogg
E/SoundPool(  329): error loading /system/media/audio/ui/Unlock.ogg
W/KeyguardViewMediator(  329): failed to load unlock sound from /system/media/audio/ui/Unlock.ogg
I/InputManager(  329): Starting input manager
I/SystemServer(  329): No Bluetooh Service (emulator)
I/SystemServer(  329): Input Method Service
W/InputMethodManagerService(  329): Couldn't create dir.: /data/system/inputmethod
I/EventHub(  329): New device: id=1, fd=89, path='/dev/input/event0', name='qwerty2', classes=0x2d, configuration='/system/usr/idc/qwerty2.idc', keyLayout='/system/usr/keylayout/qwerty.kl', keyCharacterMap='/system/usr/keychars/qwerty2.kcm', builtinKeyboard=true, usingSuspendBlockIoctl=false, usingClockIoctl=false
E/EventHub(  329): could not get driver version for /dev/input/mouse0, Not a typewriter
E/EventHub(  329): could not get driver version for /dev/input/mice, Not a typewriter
I/InputReader(  329): Device added: id=-1, name='Virtual', sources=0x00000301
D/dalvikvm(  329): GC_CONCURRENT freed 297K, 9% free 3891K/4256K, paused 44ms+69ms, total 550ms
D/dalvikvm(  329): WAIT_FOR_CONCURRENT_GC blocked 56ms
I/InputReader(  329):   Touch device 'qwerty2' could not query the properties of its associated display.  The device will be inoperable until the display size becomes available.
I/InputReader(  329): Device added: id=0, name='qwerty2', sources=0x00011307
E/Trace   (  329): error opening trace file: No such file or directory (2)
I/SystemServer(  329): Accessibility Manager
I/ActivityManager(  329): Config changes=15f8 {1.0 ?mcc?mnc en_US ldltr sw320dp w320dp h508dp 240dpi nrml long port ?uimode ?night finger -keyb/v/h tball/v s.2}
I/InputReader(  329): Reconfiguring input devices.  changes=0x00000004
I/InputReader(  329): Device reconfigured: id=0, name='qwerty2', size 480x800, orientation 0, mode 1, display id 0
I/InputReader(  329): Reconfiguring input devices.  changes=0x00000004
I/InputReader(  329): Device reconfigured: id=0, name='qwerty2', size 480x800, orientation 0, mode 1, display id 0
I/SystemServer(  329): Mount Service
D/MountService(  329): got storage path: /mnt/sdcard description: USB storage primary: true removable: false emulated: false mtpReserve: 0 allowMassStorage: false maxFileSize: 0
D/MountService(  329): addVolumeLocked() StorageVolume [mStorageId=0 mPath=/mnt/sdcard mDescriptionId=17040615 mPrimary=true mRemovable=false mEmulated=false mMtpReserveSpace=0 mAllowMassStorage=false mMaxFileSize=0 mOwner=null]
I/SystemServer(  329): LockSettingsService
I/SystemServer(  329): Device Policy
I/SystemServer(  329): Status Bar
I/SystemServer(  329): Clipboard Service
I/SystemServer(  329): NetworkManagement Service
D/dalvikvm(  329): GREF has increased to 201
I/SystemServer(  329): Text Service Manager Service
I/SystemServer(  329): NetworkStats Service
I/SystemServer(  329): NetworkPolicy Service
I/SystemServer(  329): Wi-Fi P2pService
D/MountService(  329): volume state changed for /mnt/sdcard (null -> unmounted)
I/PackageManager(  329): Updating external media status from unmounted to unmounted
W/MountService(  329): getSecureContainerList() called when storage not mounted
I/SystemServer(  329): Wi-Fi Service
I/PackageManager(  329): No secure containers on sdcard
W/PackageManager(  329): Unknown permission com.google.android.googleapps.permission.GOOGLE_AUTH.mail in package com.android.contacts
W/PackageManager(  329): Unknown permission android.permission.ADD_SYSTEM_SERVICE in package com.android.phone
W/PackageManager(  329): Unknown permission com.android.smspush.WAPPUSH_MANAGER_BIND in package com.android.phone
W/PackageManager(  329): Unknown permission com.google.android.googleapps.permission.GOOGLE_AUTH in package com.android.providers.calendar
W/PackageManager(  329): Unknown permission com.google.android.googleapps.permission.GOOGLE_AUTH.cl in package com.android.providers.calendar
W/PackageManager(  329): Unknown permission com.google.android.googleapps.permission.GOOGLE_AUTH.mail in package com.android.calendar
W/PackageManager(  329): Not granting permission android.permission.SEND_DOWNLOAD_COMPLETED_INTENTS to package com.android.browser (protectionLevel=2 flags=0x89be45)
W/PackageManager(  329): Not granting permission android.permission.BIND_APPWIDGET to package com.android.widgetpreview (protectionLevel=18 flags=0x8be44)
W/PackageManager(  329): Unknown permission com.google.android.googleapps.permission.GOOGLE_AUTH in package com.android.settings
W/PackageManager(  329): Unknown permission com.google.android.gallery3d.permission.GALLERY_PROVIDER in package com.android.exchange
W/PackageManager(  329): Unknown permission com.google.android.googleapps.permission.ACCESS_GOOGLE_PASSWORD in package com.android.development
W/PackageManager(  329): Unknown permission com.google.android.googleapps.permission.GOOGLE_AUTH in package com.android.development
W/PackageManager(  329): Unknown permission com.google.android.googleapps.permission.GOOGLE_AUTH.ALL_SERVICES in package com.android.development
W/PackageManager(  329): Unknown permission com.google.android.googleapps.permission.GOOGLE_AUTH.YouTubeUser in package com.android.development
W/PackageManager(  329): Unknown permission com.google.android.gallery3d.permission.GALLERY_PROVIDER in package com.android.email
W/PackageManager(  329): Not granting permission android.permission.DEVICE_POWER to package com.android.deskclock (protectionLevel=2 flags=0x88be45)
D/dalvikvm(  329): GC_CONCURRENT freed 239K, 7% free 4048K/4352K, paused 5ms+44ms, total 239ms
E/CommandListener(   34): Failed to open /proc/sys/net/ipv6/conf/wlan0/disable_ipv6: No such file or directory
I/SystemServer(  329): Connectivity Service
D/ConnectivityService(  329): ConnectivityService starting up
E/WifiStateMachine(  329): Failed to disable IPv6: java.lang.IllegalStateException: command '1 interface ipv6 wlan0 disable' failed with '400 1 Failed to change IPv6 state (No such file or directory)'
E/MobileDataStateTracker(  329): default: Ignoring feature request because could not acquire PhoneService
E/MobileDataStateTracker(  329): default: Could not enable APN type "default"
I/WifiService(  329): WifiService starting up with Wi-Fi disabled
I/SystemServer(  329): Network Service Discovery Service
D/NsdService(  329): Network service discovery enabled true
I/SystemServer(  329): Throttle Service
I/SystemServer(  329): UpdateLock Service
I/SystemServer(  329): Notification Manager
I/SystemServer(  329): Device Storage Monitor
I/SystemServer(  329): Location Manager
I/SystemServer(  329): Country Detector
I/SystemServer(  329): Search Service
I/SystemServer(  329): DropBox Service
I/SystemServer(  329): Wallpaper Service
I/SystemServer(  329): Audio Service
D/dalvikvm(  329): GC_CONCURRENT freed 280K, 8% free 4221K/4568K, paused 4ms+4ms, total 358ms
I/SystemServer(  329): Dock Observer
W/DockObserver(  329): This kernel does not have dock station support
I/SystemServer(  329): Wired Accessory Manager
W/WiredAccessoryManager(  329): This kernel does not have wired headset support
W/WiredAccessoryManager(  329): This kernel does not have usb audio support
W/WiredAccessoryManager(  329): This kernel does not have HDMI audio support
I/SystemServer(  329): USB Service
I/SystemServer(  329): Serial Service
I/SystemServer(  329): Twilight Service
I/SystemServer(  329): UI Mode Manager Service
I/SystemServer(  329): Backup Service
I/BackupManagerService(  329): Found stale backup journal, scheduling
I/BackupManagerService(  329):   android
I/BackupManagerService(  329):   com.android.browser
I/BackupManagerService(  329):   com.android.calendar
I/BackupManagerService(  329):   com.android.inputmethod.latin
I/BackupManagerService(  329):   com.android.providers.settings
I/BackupManagerService(  329):   com.android.providers.userdictionary
I/BackupManagerService(  329):   com.android.sharedstoragebackup
I/BackupManagerService(  329): Backup enabled => true
I/SystemServer(  329): AppWidget Service
I/SystemServer(  329): Recognition Service
I/SystemServer(  329): DiskStats Service
I/SystemServer(  329): SamplingProfiler Service
I/SystemServer(  329): NetworkTimeUpdateService
I/SystemServer(  329): CommonTimeManagementService
I/SystemServer(  329): CertBlacklister
I/SystemServer(  329): Dreams Service
I/WindowManager(  329): SAFE MODE not enabled
D/dalvikvm(  329): JIT started for system_server
D/dalvikvm(  329): GC_CONCURRENT freed 325K, 9% free 4305K/4692K, paused 6ms+180ms, total 550ms
I/ActivityManager(  329): System now ready
I/SystemServer(  329): Making services ready
I/Zygote  (  329): Process: zygote socket opened
I/ActivityManager(  329): Start proc com.android.systemui for service com.android.systemui/.SystemUIService: pid=458 uid=10034 gids={50034, 1028, 1015, 3002, 3001}
I/Vold    (   32): /dev/block/vold/179:0 being considered for volume sdcard
D/Vold    (   32): Volume sdcard state changing 1 (Idle-Unmounted) -> 3 (Checking)
D/MountService(  329): volume state changed for /mnt/sdcard (unmounted -> checking)
D/MountService(  329): sendStorageIntent Intent { act=android.intent.action.MEDIA_CHECKING dat=file:///mnt/sdcard (has extras) } to UserHandle{-1}
D/NetworkManagementService(  329): not enabling bandwidth control
I/keystore(   42): uid: 1000 action: e -> 7 state: 3 -> 3 retry: 4
W/NetworkStats(  329): bandwidth controls disabled, unable to track stats
W/NetworkPolicy(  329): bandwidth controls disabled, unable to enforce policy
I/keystore(   42): uid: 1000 action: e -> 7 state: 3 -> 3 retry: 4
I/ActivityManager(  329): Config changes=200 {1.0 ?mcc?mnc en_US ldltr sw320dp w320dp h508dp 240dpi nrml long port finger -keyb/v/h tball/v s.3}
I//system/bin/fsck_msdos(   32): ** /dev/block/vold/179:0
W/RecognitionManagerService(  329): no available voice recognition services found for user 0
I//system/bin/fsck_msdos(   32): ** Phase 1 - Read and Compare FATs
I//system/bin/fsck_msdos(   32): Attempting to allocate 2044 KB for FAT
E/Trace   (  458): error opening trace file: No such file or directory (2)
D/SystemUIService(  458): loading: class com.android.systemui.statusbar.phone.PhoneStatusBar
D/SystemUIService(  458): running: com.android.systemui.statusbar.phone.PhoneStatusBar@40cd2af8
I/StatusBarManagerService(  329): registerStatusBar bar=com.android.internal.statusbar.IStatusBar$Stub$Proxy@40f22518
W/InputMethodManagerService(  329): Ignoring setImeWindowStatus of uid 1000 token: null
D/dalvikvm(  329): GC_CONCURRENT freed 156K, 5% free 4649K/4868K, paused 7ms+25ms, total 330ms
D/dalvikvm(  329): WAIT_FOR_CONCURRENT_GC blocked 316ms
W/InputMethodManagerService(  329): Found no subtypes in a system IME: com.android.inputmethod.pinyin
I/ActivityManager(  329): Start proc com.android.inputmethod.latin for service com.android.inputmethod.latin/.LatinIME: pid=506 uid=10010 gids={50010, 1028}
I/CommonTimeManagementService(  329): No common time service detected on this platform.  Common time services will be unavailable.
I/InputReader(  329): Reconfiguring input devices.  changes=0x00000020
I/ActivityManager(  329): Start proc com.android.phone for added application com.android.phone: pid=515 uid=1001 gids={41001, 3002, 3001, 3003, 1015, 1028}
I/ActivityManager(  329): START u0 {act=android.intent.action.MAIN cat=[android.intent.category.HOME] flg=0x10000000 cmp=com.android.launcher/com.android.launcher2.Launcher} from pid 0
I/InputReader(  329): Reconfiguring input devices.  changes=0x00000010
I/ActivityManager(  329): Start proc com.android.launcher for activity com.android.launcher/com.android.launcher2.Launcher: pid=534 uid=10020 gids={50020, 1028}
I/SystemServer(  329): Enabled StrictMode for system server main thread.
E/ThrottleService(  329): problem during onPollAlarm: java.lang.IllegalStateException: problem parsing stats: java.io.FileNotFoundException: /proc/net/xt_qtaguid/iface_stat_all: open failed: ENOENT (No such file or directory)
E/Trace   (  506): error opening trace file: No such file or directory (2)
D/dalvikvm(  329): GC_CONCURRENT freed 327K, 8% free 4894K/5284K, paused 595ms+33ms, total 1480ms
D/dalvikvm(  329): WAIT_FOR_CONCURRENT_GC blocked 373ms
D/dalvikvm(  329): WAIT_FOR_CONCURRENT_GC blocked 338ms
D/dalvikvm(  329): WAIT_FOR_CONCURRENT_GC blocked 176ms
D/dalvikvm(  329): WAIT_FOR_CONCURRENT_GC blocked 132ms
D/dalvikvm(  329): WAIT_FOR_CONCURRENT_GC blocked 138ms
D/dalvikvm(  329): WAIT_FOR_CONCURRENT_GC blocked 760ms
D/dalvikvm(  329): WAIT_FOR_CONCURRENT_GC blocked 414ms
D/dalvikvm(  329): WAIT_FOR_CONCURRENT_GC blocked 413ms
E/Trace   (  515): error opening trace file: No such file or directory (2)
E/Trace   (  534): error opening trace file: No such file or directory (2)
E/SurfaceFlinger(   37): ro.sf.lcd_density must be defined as a build property
D/dalvikvm(  329): WAIT_FOR_CONCURRENT_GC blocked 1007ms
D/gralloc_goldfish(  329): Emulator without GPU emulation detected.
D/dalvikvm(  329): WAIT_FOR_CONCURRENT_GC blocked 1361ms
D/dalvikvm(  329): GC_FOR_ALLOC freed 260K, 8% free 5095K/5492K, paused 540ms, total 553ms
I/LatinIME(  506): Hardware accelerated drawing: false
D/dalvikvm(  458): GC_FOR_ALLOC freed 90K, 6% free 2664K/2812K, paused 1140ms, total 1143ms
I/dalvikvm-heap(  458): Grow heap (frag case) to 3.259MB for 635812-byte allocation
W/TelephonyProvider(  515): onCreate: confFile=/system/etc/apns-conf.xml oldCheckSum=-1
D/TelephonyManager(  515): getLteOnCdmaMode=0 curVal=-1 product_type='' lteOnCdmaProductType=''
D/dalvikvm(  458): GC_CONCURRENT freed 5K, 5% free 3280K/3436K, paused 8ms+39ms, total 855ms
D/dalvikvm(  458): WAIT_FOR_CONCURRENT_GC blocked 141ms
D/dalvikvm(  329): GC_CONCURRENT freed 354K, 8% free 5423K/5840K, paused 6ms+48ms, total 870ms
D/dalvikvm(  329): WAIT_FOR_CONCURRENT_GC blocked 80ms
D/dalvikvm(  329): WAIT_FOR_CONCURRENT_GC blocked 136ms
D/dalvikvm(  329): WAIT_FOR_CONCURRENT_GC blocked 191ms
D/dalvikvm(  329): WAIT_FOR_CONCURRENT_GC blocked 190ms
I/LocationBlacklist(  329): whitelist: []
I/LocationBlacklist(  329): blacklist: []
D/TelephonyManager(  515): getLteOnCdmaMode=0 curVal=-1 product_type='' lteOnCdmaProductType=''
D/TelephonyManager(  515): getLteOnCdmaMode=0 curVal=-1 product_type='' lteOnCdmaProductType=''
E/BluetoothAdapter(  458): Bluetooth binder is null
E/BluetoothAdapter(  458): Bluetooth binder is null
D/dalvikvm(  329): GC_CONCURRENT freed 590K, 11% free 5540K/6196K, paused 97ms+111ms, total 1353ms
W/InputAttributes(  506): No editor info for this field. Bug?
D/dalvikvm(  329): GREF has increased to 301
I/ActivityManager(  329): Start proc com.android.music for broadcast com.android.music/.MediaButtonIntentReceiver: pid=608 uid=10025 gids={50025, 3003, 1015, 1028}
I/Choreographer(  329): Skipped 3598 frames!  The application may be doing too much work on its main thread.
E/BluetoothAdapter(  458): Bluetooth binder is null
I/ActivityManager(  329): Start proc android.process.acore for content provider com.android.providers.userdictionary/.UserDictionaryProvider: pid=624 uid=10001 gids={50001, 3003, 1015, 1028}
I/dalvikvm(  608): Turning on JNI app bug workarounds for target SDK version 9...
D/dalvikvm(  506): GC_CONCURRENT freed 266K, 12% free 2496K/2820K, paused 4ms+2ms, total 243ms
V/TAG     (  329): bug 7643792: fitSystemWindows([0,0][0,0])
W/InputMethodManagerService(  329): Found no subtypes in a system IME: com.android.inputmethod.pinyin
E/Trace   (  608): error opening trace file: No such file or directory (2)
V/TAG     (  329): bug 7643792: fitSystemWindows([0,0][0,0])
D/dalvikvm(  458): GC_CONCURRENT freed 70K, 4% free 3667K/3792K, paused 5ms+21ms, total 926ms
I/Choreographer(  329): Skipped 104 frames!  The application may be doing too much work on its main thread.
E/SurfaceFlinger(   37): ro.sf.lcd_density must be defined as a build property
D/dalvikvm(  534): GC_CONCURRENT freed 174K, 9% free 2597K/2828K, paused 8ms+257ms, total 501ms
E/BluetoothAdapter(  458): Bluetooth binder is null
D/dalvikvm(  329): GC_FOR_ALLOC freed 743K, 13% free 5453K/6260K, paused 462ms, total 467ms
I/dalvikvm-heap(  329): Grow heap (frag case) to 6.460MB for 1128976-byte allocation
D/dalvikvm(  329): GC_FOR_ALLOC freed 8K, 12% free 6546K/7364K, paused 573ms, total 573ms
W/WindowManager(  329): Window freeze timeout expired.
W/WindowManager(  329): Force clearing orientation change: Window{40ef4668 u0 Keyguard}
I/Choreographer(  329): Skipped 43 frames!  The application may be doing too much work on its main thread.
I/ActivityManager(  329): Start proc android.process.media for content provider com.android.providers.media/.MediaProvider: pid=665 uid=10000 gids={50000, 1015, 1023, 1024, 1028, 1006, 2001, 3003, 3007}
I/AudioService(  329):   Remote Control   registerMediaButtonIntent() for PendingIntent{40d84fc8: PendingIntentRecord{41076560 com.android.music broadcastIntent}}
D/dalvikvm(  329): GC_CONCURRENT freed 31K, 12% free 6541K/7364K, paused 26ms+39ms, total 782ms
I/Choreographer(  329): Skipped 578 frames!  The application may be doing too much work on its main thread.
I/Choreographer(  329): Skipped 80 frames!  The application may be doing too much work on its main thread.
E/Trace   (  624): error opening trace file: No such file or directory (2)
E/ActivityThread(  506): Failed to find provider info for com.android.inputmethod.latin.dictionarypack
W/ActivityManager(  329): Activity idle timeout for ActivityRecord{40f1aa80 u0 com.android.launcher/com.android.launcher2.Launcher}
I/ActivityManager(  329): Start proc com.android.contacts for broadcast com.android.contacts/.calllog.CallLogReceiver: pid=689 uid=10001 gids={50001, 3003, 1015, 1028}
E/BinaryDictionaryGetter(  506): Could not find a dictionary pack
E/BluetoothAdapter(  329): Bluetooth binder is null
E/BluetoothAdapter(  329): Bluetooth binder is null
V/WiredAccessoryManager(  329): init()
W/Settings(  515): Setting airplane_mode_on has moved from android.provider.Settings.System to android.provider.Settings.Global, returning read-only value.
E/SoundPool(  329): error loading /system/media/audio/ui/Effect_Tick.ogg
W/AudioService(  329): Soundpool could not load file: /system/media/audio/ui/Effect_Tick.ogg
E/SoundPool(  329): error loading /system/media/audio/ui/Effect_Tick.ogg
W/AudioService(  329): Soundpool could not load file: /system/media/audio/ui/Effect_Tick.ogg
E/SoundPool(  329): error loading /system/media/audio/ui/Effect_Tick.ogg
W/AudioService(  329): Soundpool could not load file: /system/media/audio/ui/Effect_Tick.ogg
E/SoundPool(  329): error loading /system/media/audio/ui/Effect_Tick.ogg
W/AudioService(  329): Soundpool could not load file: /system/media/audio/ui/Effect_Tick.ogg
E/SoundPool(  329): error loading /system/media/audio/ui/Effect_Tick.ogg
W/AudioService(  329): Soundpool could not load file: /system/media/audio/ui/Effect_Tick.ogg
E/SoundPool(  329): error loading /system/media/audio/ui/KeypressStandard.ogg
W/AudioService(  329): Soundpool could not load file: /system/media/audio/ui/KeypressStandard.ogg
D/PhoneStatusBar(  458): disable: < expand icons alerts ticker system_info back home recent clock search >
W/Settings(  515): Setting auto_time has moved from android.provider.Settings.System to android.provider.Settings.Global, returning read-only global URI.
W/Settings(  515): Setting auto_time_zone has moved from android.provider.Settings.System to android.provider.Settings.Global, returning read-only global URI.
E/Trace   (  689): error opening trace file: No such file or directory (2)
E/SoundPool(  329): error loading /system/media/audio/ui/KeypressSpacebar.ogg
W/AudioService(  329): Soundpool could not load file: /system/media/audio/ui/KeypressSpacebar.ogg
E/SoundPool(  329): error loading /system/media/audio/ui/KeypressDelete.ogg
W/AudioService(  329): Soundpool could not load file: /system/media/audio/ui/KeypressDelete.ogg
E/SoundPool(  329): error loading /system/media/audio/ui/KeypressReturn.ogg
W/AudioService(  329): Soundpool could not load file: /system/media/audio/ui/KeypressReturn.ogg
W/ActivityManager(  329): Unable to start service Intent { act=com.android.internal.telephony.IWapPushManager } U=0: not found
W/AudioService(  329): loadSoundEffects(), Error -1 while loading samples
D/        (  515): [ApnContext:default] set reason as dataEnabled,current state IDLE
D/        (  515): [ApnContext:default] setRetryCount: 0
D/        (  515): [ApnContext:mms] set reason as dataEnabled,current state IDLE
D/        (  515): [ApnContext:mms] setRetryCount: 0
D/        (  515): [ApnContext:supl] set reason as dataEnabled,current state IDLE
D/        (  515): [ApnContext:supl] setRetryCount: 0
D/        (  515): [ApnContext:hipri] set reason as dataEnabled,current state IDLE
D/        (  515): [ApnContext:hipri] setRetryCount: 0
D/        (  515): [ApnContext:fota] set reason as dataEnabled,current state IDLE
D/        (  515): [ApnContext:fota] setRetryCount: 0
D/        (  515): [ApnContext:ims] set reason as dataEnabled,current state IDLE
D/        (  515): [ApnContext:ims] setRetryCount: 0
D/        (  515): [ApnContext:cbs] set reason as dataEnabled,current state IDLE
D/        (  515): [ApnContext:cbs] setRetryCount: 0
E/Trace   (  665): error opening trace file: No such file or directory (2)
E/BluetoothAdapter(  458): Bluetooth binder is null
W/ActivityManager(  329): Timeout executing service: ServiceRecord{40f212e0 u0 com.android.systemui/.ImageWallpaper}
I/Process (  329): Sending signal. PID: 458 SIG: 3
I/dalvikvm(  458): threadid=3: reacting to signal 3
I/Process (  329): Sending signal. PID: 329 SIG: 3
I/dalvikvm(  329): threadid=3: reacting to signal 3
D/dalvikvm(  515): GC_CONCURRENT freed 196K, 10% free 2562K/2816K, paused 5ms+15ms, total 167ms
I/dalvikvm(  458): Wrote stack traces to '/data/anr/traces.txt'
I/Process (  329): Sending signal. PID: 515 SIG: 3
I/dalvikvm(  515): threadid=3: reacting to signal 3
D/SystemUIService(  458): loading: class com.android.systemui.power.PowerUI
D/SystemUIService(  458): running: com.android.systemui.power.PowerUI@40e3ecd0
D/SystemUIService(  458): loading: class com.android.systemui.media.RingtonePlayer
D/SystemUIService(  458): running: com.android.systemui.media.RingtonePlayer@40e3f950
I/Choreographer(  458): Skipped 3458 frames!  The application may be doing too much work on its main thread.
I/dalvikvm(  329): Wrote stack traces to '/data/anr/traces.txt'
I/dalvikvm(  515): Wrote stack traces to '/data/anr/traces.txt'
D/dalvikvm(  515): GC_CONCURRENT freed 3K, 9% free 2567K/2816K, paused 81ms+40ms, total 218ms
D/TelephonyManager(  515): getLteOnCdmaMode=0 curVal=-1 product_type='' lteOnCdmaProductType=''
D/CallManager(  515): registerPhone(GSM Handler (com.android.internal.telephony.PhoneProxy) {40d025c0})
E/BluetoothAdapter(  515): Bluetooth binder is null
E/SurfaceFlinger(   37): ro.sf.lcd_density must be defined as a build property
V/TAG     (  329): bug 7643792: fitSystemWindows([0,38][0,0])
I/DownloadManager(  665): in removeSpuriousFiles
I/Choreographer(  329): Skipped 234 frames!  The application may be doing too much work on its main thread.
W/WindowManager(  329): Window freeze timeout expired.
W/WindowManager(  329): Force clearing orientation change: Window{41077158 u0 StatusBar}
E/BluetoothAdapter(  515): Bluetooth binder is null
D/PhoneStatusBar(  458): disable: < expand icons alerts ticker system_info BACK* HOME* RECENT* CLOCK* SEARCH* >
D/dalvikvm(  534): GC_CONCURRENT freed 98K, 5% free 2990K/3144K, paused 4ms+370ms, total 529ms
D/dalvikvm(  329): GREF has increased to 401
I/Choreographer(  329): Skipped 259 frames!  The application may be doing too much work on its main thread.
D/dalvikvm(  329): JIT unchain all for threadid=65
D/dalvikvm(  329): GC_EXPLICIT freed 1693K, 24% free 5673K/7428K, paused 470ms+109ms, total 1251ms
E/SurfaceFlinger(   37): ro.sf.lcd_density must be defined as a build property
W/ProcessStats(  329): Skipping unknown process pid 777
W/ProcessStats(  329): Skipping unknown process pid 779
W/WindowManager(  329): Window freeze timeout expired.
W/WindowManager(  329): Force clearing orientation change: Window{40f18710 u0 com.android.systemui.ImageWallpaper}
D/dalvikvm(  624): GC_CONCURRENT freed 169K, 8% free 2631K/2860K, paused 8ms+486ms, total 1328ms
I/Choreographer(  329): Skipped 62 frames!  The application may be doing too much work on its main thread.
D/DebugService(  515): DebugService DebugService:
D/TelephonyDebugService(  515): TelephonyDebugService()
D/dalvikvm(  515): GC_CONCURRENT freed 317K, 13% free 2644K/3016K, paused 6ms+70ms, total 334ms
D/dalvikvm(  458): GC_FOR_ALLOC freed 253K, 8% free 3777K/4088K, paused 657ms, total 1397ms
I/Process (  329): Sending signal. PID: 624 SIG: 3
I/dalvikvm(  624): threadid=3: reacting to signal 3
I/dalvikvm-heap(  458): Grow heap (frag case) to 9.853MB for 6410576-byte allocation
I/Process (  329): Sending signal. PID: 506 SIG: 3
I/dalvikvm(  506): threadid=3: reacting to signal 3
D/dalvikvm(  458): GC_CONCURRENT freed 8K, 4% free 10029K/10352K, paused 4ms+216ms, total 890ms
I/dalvikvm(  506): Wrote stack traces to '/data/anr/traces.txt'
E/ActivityManager(  329): ANR in com.android.systemui
E/ActivityManager(  329): Reason: Executing service com.android.systemui/.ImageWallpaper
E/ActivityManager(  329): Load: 7.82 / 1.99 / 0.67
E/ActivityManager(  329): CPU usage from 4059ms to -14413ms ago:
E/ActivityManager(  329):   19% 329/system_server: 13% user + 5.9% kernel / faults: 4100 minor 5 major
E/ActivityManager(  329):   15% 37/surfaceflinger: 12% user + 3.3% kernel / faults: 4 minor
E/ActivityManager(  329):   6.1% 458/com.android.systemui: 3.8% user + 2.3% kernel / faults: 2955 minor 7 major
E/ActivityManager(  329):   5.4% 624/android.process.acore: 3.3% user + 2.1% kernel / faults: 2546 minor 21 major
E/ActivityManager(  329):   5% 515/com.android.phone: 3.3% user + 1.6% kernel / faults: 1644 minor 4 major
E/ActivityManager(  329):   4.6% 534/com.android.launcher: 3.3% user + 1.3% kernel / faults: 3738 minor
E/ActivityManager(  329):   3.1% 85/bootanimation: 2.3% user + 0.7% kernel
E/ActivityManager(  329):   1.6% 47/adbd: 0.3% user + 1.2% kernel / faults: 314 minor
E/ActivityManager(  329):   1% 506/com.android.inputmethod.latin: 0.4% user + 0.5% kernel / faults: 254 minor 1 major
E/ActivityManager(  329):   0.5% 608/com.android.music: 0.3% user + 0.2% kernel / faults: 270 minor
E/ActivityManager(  329):   0.2% 31/servicemanager: 0.1% user + 0.1% kernel / faults: 6 minor
E/ActivityManager(  329):   0.2% 38/zygote: 0.1% user + 0% kernel / faults: 130 minor
E/ActivityManager(  329):   0.2% 40/mediaserver: 0.1% user + 0.1% kernel / faults: 6 minor
E/ActivityManager(  329):   0% 36/rild: 0% user + 0% kernel
E/ActivityManager(  329):   0% 463/fsck_msdos: 0% user + 0% kernel / faults: 174 minor
E/ActivityManager(  329):  +0% 665/android.process.media: 0% user + 0% kernel
E/ActivityManager(  329):  +0% 689/com.android.contacts: 0% user + 0% kernel
E/ActivityManager(  329): 100% TOTAL: 64% user + 34% kernel + 0.4% softirq
E/ActivityManager(  329): CPU usage from 10278ms to 12315ms later:
E/ActivityManager(  329):   25% 329/system_server: 14% user + 10% kernel / faults: 302 minor
E/ActivityManager(  329):     7.7% 346/ActivityManager: 0.6% user + 7% kernel
E/ActivityManager(  329):     6.4% 344/UI: 5.8% user + 0.6% kernel
E/ActivityManager(  329):     3.2% 343/er.ServerThread: 2.5% user + 0.6% kernel
E/ActivityManager(  329):     3.2% 683/Binder_6: 3.2% user + 0% kernel
E/ActivityManager(  329):     2.5% 335/Compiler: 1.2% user + 1.2% kernel
E/ActivityManager(  329):     2.5% 345/WindowManager: 1.9% user + 0.6% kernel
E/ActivityManager(  329):     1.2% 340/Binder_1: 0.6% user + 0.6% kernel
E/ActivityManager(  329):     1.2% 641/Binder_4: 1.2% user + 0% kernel
E/ActivityManager(  329):     0.6% 341/Binder_2: 0% user + 0.6% kernel
E/ActivityManager(  329):     0.6% 557/Binder_3: 0% user + 0.6% kernel
E/ActivityManager(  329):     0.6% 682/Binder_5: 0.6% user + 0% kernel
E/ActivityManager(  329):     0.6% 688/Binder_8: 0% user + 0.6% kernel
E/ActivityManager(  329):   13% 37/surfaceflinger: 11% user + 2.1% kernel / faults: 2 minor
E/ActivityManager(  329):     12% 68/SurfaceFlinger: 11% user + 0.5% kernel
E/ActivityManager(  329):     2.7% 78/VSyncThread: 0% user + 2.7% kernel
E/ActivityManager(  329):     1% 37/surfaceflinger: 0.5% user + 0.5% kernel
E/ActivityManager(  329):     0.5% 82/EventThread: 0% user + 0.5% kernel
E/ActivityManager(  329):     0.5% 84/Binder_1: 0% user + 0.5% kernel
E/ActivityManager(  329):     0.5% 401/Binder_2: 0.5% user + 0% kernel
E/ActivityManager(  329):   9.9% 624/android.process.acore: 5.6% user + 4.2% kernel / faults: 855 minor
E/ActivityManager(  329):     6.1% 643/Binder_2: 4.2% user + 1.8% kernel
E/ActivityManager(  329):     1.8% 629/GC: 0.9% user + 0.9% kernel
E/ActivityManager(  329):     0.9% 624/d.process.acore: 0.9% user + 0% kernel
E/ActivityManager(  329):     0.9% 634/Compiler: 0.4% user + 0.4% kernel
E/ActivityManager(  329):    +0% 790/ContactsProvide: 0% user + 0% kernel
E/ActivityManager(  329):   6.9% 515/com.android.phone: 6.4% user + 0.5% kernel / faults: 78 minor
E/ActivityManager(  329):     7.4% 515/m.android.phone: 6.4% user + 1% kernel
E/ActivityManager(  329):     2.6% 523/Compiler: 1.6% user + 1% kernel
E/ActivityManager(  329):     2.6% 554/Binder_1: 2.6% user + 0% kernel
E/ActivityManager(  329):     1% 517/GC: 1% user + 0% kernel
E/ActivityManager(  329):     0.5% 556/Binder_2: 0.5% user + 0% kernel
E/ActivityManager(  329):    +0% 796/Binder_3: 0% user + 0% kernel
E/ActivityManager(  329):   1.2% 506/com.android.inputmethod.latin: 0.6% user + 0.6% kernel / faults: 73 minor 1 major
E/ActivityManager(  329):     0.9% 506/putmethod.latin: 0.8% user + 0.1% kernel
E/ActivityManager(  329):     0.1% 529/Compiler: 0% user + 0.1% kernel
E/ActivityManager(  329):   5.3% 458/com.android.systemui: 5.3% user + 0% kernel / faults: 40 minor 1 major
E/ActivityManager(  329):     7% 458/ndroid.systemui: 7% user + 0% kernel
E/ActivityManager(  329):     0.8% 469/Compiler: 0.8% user + 0% kernel
E/ActivityManager(  329):     0.8% 476/FinalizerDaemon: 0% user + 0.8% kernel
E/ActivityManager(  329):   3.5% 85/bootanimation: 2.8% user + 0.7% kernel
E/ActivityManager(  329):     3.5% 104/BootAnimation: 2.8% user + 0.7% kernel
E/ActivityManager(  329):   1.3% 47/adbd: 0% user + 1.3% kernel / faults: 12 minor
E/ActivityManager(  329):     2.7% 47/adbd: 0% user + 2.7% kernel
E/ActivityManager(  329):     0.6% 280/adbd: 0% user + 0.6% kernel
E/ActivityManager(  329):   0.5% 31/servicemanager: 0% user + 0.5% kernel
E/ActivityManager(  329): 100% TOTAL: 57% user + 41% kernel + 1.3% softirq
W/ActivityManager(  329): Killing ProcessRecord{40ec3388 458:com.android.systemui/u0a10034}: background ANR
W/Settings(  515): Setting auto_time_zone has moved from android.provider.Settings.System to android.provider.Settings.Global, returning read-only value.
I/dalvikvm(  624): Wrote stack traces to '/data/anr/traces.txt'
D/dalvikvm(  624): GC_CONCURRENT freed 48K, 10% free 2590K/2860K, paused 40ms+42ms, total 128ms
D/dalvikvm(  329): GC_FOR_ALLOC freed 553K, 22% free 5816K/7428K, paused 685ms, total 687ms
D/CAT     (  515): CatService: Running CAT service. STK app installed:false
D/CAT     (  515): CatService: NEW sInstance
D/CAT     (  515): CatService: SIM ready. Reporting STK service running now...
D/dalvikvm(  515): GC_CONCURRENT freed 281K, 11% free 2768K/3104K, paused 3ms+2ms, total 317ms
D/MccTable(  515): updateMccMncConfiguration: mcc=310, mnc=260
D/TelephonyManager(  515): getLteOnCdmaMode=0 curVal=-1 product_type='' lteOnCdmaProductType=''
D/MccTable(  515): locale set to en_us
D/MccTable(  515): WIFI_COUNTRY_CODE set to us
I/WifiService(  329): WifiService trying to set country code to us with persist set to true
I/ActivityManager(  329): Config changes=1403 {1.0 310mcc260mnc en_US ldltr sw320dp w320dp h508dp 240dpi nrml long port finger -keyb/v/h tball/v s.4}
W/SurfaceFlinger(   37): createScreenshotSurface failed (Function not implemented)
E/JavaBinder(  329): !!! FAILED BINDER TRANSACTION !!!
W/BroadcastQueue(  329): Failure sending broadcast Intent { act=android.intent.action.SIM_STATE_CHANGED flg=0x20000010 (has extras) }
W/BroadcastQueue(  329): android.os.TransactionTooLargeException
W/BroadcastQueue(  329): 	at android.os.BinderProxy.transact(Native Method)
W/BroadcastQueue(  329): 	at android.app.ApplicationThreadProxy.scheduleRegisteredReceiver(ApplicationThreadNative.java:1009)
W/BroadcastQueue(  329): 	at com.android.server.am.BroadcastQueue.performReceiveLocked(BroadcastQueue.java:373)
W/BroadcastQueue(  329): 	at com.android.server.am.BroadcastQueue.deliverToRegisteredReceiverLocked(BroadcastQueue.java:439)
W/BroadcastQueue(  329): 	at com.android.server.am.BroadcastQueue.processNextBroadcast(BroadcastQueue.java:487)
W/BroadcastQueue(  329): 	at com.android.server.am.BroadcastQueue$1.handleMessage(BroadcastQueue.java:140)
W/BroadcastQueue(  329): 	at android.os.Handler.dispatchMessage(Handler.java:99)
W/BroadcastQueue(  329): 	at android.os.Looper.loop(Looper.java:137)
W/BroadcastQueue(  329): 	at com.android.server.am.ActivityManagerService$AThread.run(ActivityManagerService.java:1480)
E/JavaBinder(  329): !!! FAILED BINDER TRANSACTION !!!
I/Choreographer(  329): Skipped 58 frames!  The application may be doing too much work on its main thread.
W/BroadcastQueue(  329): Failure sending broadcast Intent { act=android.intent.action.SIM_STATE_CHANGED flg=0x20000010 (has extras) }
W/BroadcastQueue(  329): android.os.TransactionTooLargeException
W/BroadcastQueue(  329): 	at android.os.BinderProxy.transact(Native Method)
W/BroadcastQueue(  329): 	at android.app.ApplicationThreadProxy.scheduleRegisteredReceiver(ApplicationThreadNative.java:1009)
W/BroadcastQueue(  329): 	at com.android.server.am.BroadcastQueue.performReceiveLocked(BroadcastQueue.java:373)
W/BroadcastQueue(  329): 	at com.android.server.am.BroadcastQueue.deliverToRegisteredReceiverLocked(BroadcastQueue.java:439)
W/BroadcastQueue(  329): 	at com.android.server.am.BroadcastQueue.processNextBroadcast(BroadcastQueue.java:487)
W/BroadcastQueue(  329): 	at com.android.server.am.BroadcastQueue$1.handleMessage(BroadcastQueue.java:140)
W/BroadcastQueue(  329): 	at android.os.Handler.dispatchMessage(Handler.java:99)
W/BroadcastQueue(  329): 	at android.os.Looper.loop(Looper.java:137)
W/BroadcastQueue(  329): 	at com.android.server.am.ActivityManagerService$AThread.run(ActivityManagerService.java:1480)
D/MccTable(  515): updateMccMncConfiguration: mcc=310, mnc=260
D/TelephonyManager(  515): getLteOnCdmaMode=0 curVal=-1 product_type='' lteOnCdmaProductType=''
D/MccTable(  515): locale set to en_us
D/MccTable(  515): WIFI_COUNTRY_CODE set to us
I/WifiService(  329): WifiService trying to set country code to us with persist set to true
I/ActivityManager(  329): Config changes=1400 {1.0 310mcc260mnc en_US ldltr sw320dp w320dp h508dp 240dpi nrml long port finger -keyb/v/h tball/v s.5}
E/JavaBinder(  329): !!! FAILED BINDER TRANSACTION !!!
W/BroadcastQueue(  329): Failure sending broadcast Intent { act=android.intent.action.CONFIGURATION_CHANGED flg=0x70000010 }
W/BroadcastQueue(  329): android.os.TransactionTooLargeException
W/BroadcastQueue(  329): 	at android.os.BinderProxy.transact(Native Method)
W/BroadcastQueue(  329): 	at android.app.ApplicationThreadProxy.scheduleRegisteredReceiver(ApplicationThreadNative.java:1009)
W/BroadcastQueue(  329): 	at com.android.server.am.BroadcastQueue.performReceiveLocked(BroadcastQueue.java:373)
W/BroadcastQueue(  329): 	at com.android.server.am.BroadcastQueue.deliverToRegisteredReceiverLocked(BroadcastQueue.java:439)
W/BroadcastQueue(  329): 	at com.android.server.am.BroadcastQueue.processNextBroadcast(BroadcastQueue.java:487)
W/BroadcastQueue(  329): 	at com.android.server.am.BroadcastQueue$1.handleMessage(BroadcastQueue.java:140)
W/BroadcastQueue(  329): 	at android.os.Handler.dispatchMessage(Handler.java:99)
W/BroadcastQueue(  329): 	at android.os.Looper.loop(Looper.java:137)
W/BroadcastQueue(  329): 	at com.android.server.am.ActivityManagerService$AThread.run(ActivityManagerService.java:1480)
E/JavaBinder(  329): !!! FAILED BINDER TRANSACTION !!!
W/BroadcastQueue(  329): Failure sending broadcast Intent { act=android.intent.action.CONFIGURATION_CHANGED flg=0x70000010 }
W/BroadcastQueue(  329): android.os.TransactionTooLargeException
W/BroadcastQueue(  329): 	at android.os.BinderProxy.transact(Native Method)
W/BroadcastQueue(  329): 	at android.app.ApplicationThreadProxy.scheduleRegisteredReceiver(ApplicationThreadNative.java:1009)
W/BroadcastQueue(  329): 	at com.android.server.am.BroadcastQueue.performReceiveLocked(BroadcastQueue.java:373)
W/BroadcastQueue(  329): 	at com.android.server.am.BroadcastQueue.deliverToRegisteredReceiverLocked(BroadcastQueue.java:439)
W/BroadcastQueue(  329): 	at com.android.server.am.BroadcastQueue.processNextBroadcast(BroadcastQueue.java:487)
W/BroadcastQueue(  329): 	at com.android.server.am.BroadcastQueue$1.handleMessage(BroadcastQueue.java:140)
W/BroadcastQueue(  329): 	at android.os.Handler.dispatchMessage(Handler.java:99)
W/BroadcastQueue(  329): 	at android.os.Looper.loop(Looper.java:137)
W/BroadcastQueue(  329): 	at com.android.server.am.ActivityManagerService$AThread.run(ActivityManagerService.java:1480)
E/JavaBinder(  329): !!! FAILED BINDER TRANSACTION !!!
W/BroadcastQueue(  329): Failure sending broadcast Intent { act=android.intent.action.CONFIGURATION_CHANGED flg=0x70000010 }
W/BroadcastQueue(  329): android.os.TransactionTooLargeException
W/BroadcastQueue(  329): 	at android.os.BinderProxy.transact(Native Method)
W/BroadcastQueue(  329): 	at android.app.ApplicationThreadProxy.scheduleRegisteredReceiver(ApplicationThreadNative.java:1009)
W/BroadcastQueue(  329): 	at com.android.server.am.BroadcastQueue.performReceiveLocked(BroadcastQueue.java:373)
W/BroadcastQueue(  329): 	at com.android.server.am.BroadcastQueue.deliverToRegisteredReceiverLocked(BroadcastQueue.java:439)
W/BroadcastQueue(  329): 	at com.android.server.am.BroadcastQueue.processNextBroadcast(BroadcastQueue.java:487)
W/BroadcastQueue(  329): 	at com.android.server.am.BroadcastQueue$1.handleMessage(BroadcastQueue.java:140)
W/BroadcastQueue(  329): 	at android.os.Handler.dispatchMessage(Handler.java:99)
W/BroadcastQueue(  329): 	at android.os.Looper.loop(Looper.java:137)
W/BroadcastQueue(  329): 	at com.android.server.am.ActivityManagerService$AThread.run(ActivityManagerService.java:1480)
E/JavaBinder(  329): !!! FAILED BINDER TRANSACTION !!!
W/BroadcastQueue(  329): Failure sending broadcast Intent { act=android.intent.action.CONFIGURATION_CHANGED flg=0x70000010 }
W/BroadcastQueue(  329): android.os.TransactionTooLargeException
W/BroadcastQueue(  329): 	at android.os.BinderProxy.transact(Native Method)
W/BroadcastQueue(  329): 	at android.app.ApplicationThreadProxy.scheduleRegisteredReceiver(ApplicationThreadNative.java:1009)
W/BroadcastQueue(  329): 	at com.android.server.am.BroadcastQueue.performReceiveLocked(BroadcastQueue.java:373)
W/BroadcastQueue(  329): 	at com.android.server.am.BroadcastQueue.deliverToRegisteredReceiverLocked(BroadcastQueue.java:439)
W/BroadcastQueue(  329): 	at com.android.server.am.BroadcastQueue.processNextBroadcast(BroadcastQueue.java:487)
W/BroadcastQueue(  329): 	at com.android.server.am.BroadcastQueue$1.handleMessage(BroadcastQueue.java:140)
W/BroadcastQueue(  329): 	at android.os.Handler.dispatchMessage(Handler.java:99)
W/BroadcastQueue(  329): 	at android.os.Looper.loop(Looper.java:137)
W/BroadcastQueue(  329): 	at com.android.server.am.ActivityManagerService$AThread.run(ActivityManagerService.java:1480)
D/dalvikvm(  329): GC_CONCURRENT freed 818K, 22% free 5852K/7428K, paused 6ms+7ms, total 909ms
D/dalvikvm(  329): WAIT_FOR_CONCURRENT_GC blocked 261ms
W/WindowManager(  329): Window freeze timeout expired.
W/WindowManager(  329): Force clearing orientation change: Window{41077158 u0 StatusBar}
W/WindowManager(  329): Force clearing orientation change: Window{40f18710 u0 com.android.systemui.ImageWallpaper}
D/dalvikvm(  515): GC_CONCURRENT freed 316K, 12% free 2948K/3324K, paused 4ms+35ms, total 115ms
D/dalvikvm(  329): GC_CONCURRENT freed 258K, 13% free 6466K/7428K, paused 6ms+6ms, total 220ms
D/dalvikvm(  329): WAIT_FOR_CONCURRENT_GC blocked 41ms
D/dalvikvm(  329): WAIT_FOR_CONCURRENT_GC blocked 149ms
D/dalvikvm(  329): WAIT_FOR_CONCURRENT_GC blocked 204ms
D/dalvikvm(  329): WAIT_FOR_CONCURRENT_GC blocked 185ms
E/JavaBinder(  329): !!! FAILED BINDER TRANSACTION !!!
W/BroadcastQueue(  329): Failure sending broadcast Intent { act=android.provider.Telephony.SPN_STRINGS_UPDATED flg=0x20000010 (has extras) }
W/BroadcastQueue(  329): android.os.TransactionTooLargeException
W/BroadcastQueue(  329): 	at android.os.BinderProxy.transact(Native Method)
W/BroadcastQueue(  329): 	at android.app.ApplicationThreadProxy.scheduleRegisteredReceiver(ApplicationThreadNative.java:1009)
W/BroadcastQueue(  329): 	at com.android.server.am.BroadcastQueue.performReceiveLocked(BroadcastQueue.java:373)
W/BroadcastQueue(  329): 	at com.android.server.am.BroadcastQueue.deliverToRegisteredReceiverLocked(BroadcastQueue.java:439)
W/BroadcastQueue(  329): 	at com.android.server.am.BroadcastQueue.processNextBroadcast(BroadcastQueue.java:487)
W/BroadcastQueue(  329): 	at com.android.server.am.BroadcastQueue$1.handleMessage(BroadcastQueue.java:140)
W/BroadcastQueue(  329): 	at android.os.Handler.dispatchMessage(Handler.java:99)
W/BroadcastQueue(  329): 	at android.os.Looper.loop(Looper.java:137)
W/BroadcastQueue(  329): 	at com.android.server.am.ActivityManagerService$AThread.run(ActivityManagerService.java:1480)
D/dalvikvm(  515): GC_CONCURRENT freed 477K, 16% free 2874K/3408K, paused 5ms+3ms, total 149ms
I/Choreographer(  329): Skipped 1125 frames!  The application may be doing too much work on its main thread.
D/dalvikvm(  329): GC_FOR_ALLOC freed 714K, 12% free 6636K/7476K, paused 110ms, total 114ms
E/JavaBinder(  329): !!! FAILED BINDER TRANSACTION !!!
W/BroadcastQueue(  329): Failure sending broadcast Intent { act=android.intent.action.SIM_STATE_CHANGED flg=0x20000010 (has extras) }
W/BroadcastQueue(  329): android.os.TransactionTooLargeException
W/BroadcastQueue(  329): 	at android.os.BinderProxy.transact(Native Method)
W/BroadcastQueue(  329): 	at android.app.ApplicationThreadProxy.scheduleRegisteredReceiver(ApplicationThreadNative.java:1009)
W/BroadcastQueue(  329): 	at com.android.server.am.BroadcastQueue.performReceiveLocked(BroadcastQueue.java:373)
W/BroadcastQueue(  329): 	at com.android.server.am.BroadcastQueue.deliverToRegisteredReceiverLocked(BroadcastQueue.java:439)
W/BroadcastQueue(  329): 	at com.android.server.am.BroadcastQueue.processNextBroadcast(BroadcastQueue.java:487)
W/BroadcastQueue(  329): 	at com.android.server.am.BroadcastQueue$1.handleMessage(BroadcastQueue.java:140)
W/BroadcastQueue(  329): 	at android.os.Handler.dispatchMessage(Handler.java:99)
W/BroadcastQueue(  329): 	at android.os.Looper.loop(Looper.java:137)
W/BroadcastQueue(  329): 	at com.android.server.am.ActivityManagerService$AThread.run(ActivityManagerService.java:1480)
E/JavaBinder(  329): !!! FAILED BINDER TRANSACTION !!!
W/WindowManager(  329): App freeze timeout expired.
W/WindowManager(  329): Force clearing freeze: AppWindowToken{40f5abf0 token=Token{40f1aeb8 ActivityRecord{40f1aa80 u0 com.android.launcher/com.android.launcher2.Launcher}}}
W/BroadcastQueue(  329): Failure sending broadcast Intent { act=android.intent.action.SIM_STATE_CHANGED flg=0x20000010 (has extras) }
W/BroadcastQueue(  329): android.os.TransactionTooLargeException
W/BroadcastQueue(  329): 	at android.os.BinderProxy.transact(Native Method)
W/BroadcastQueue(  329): 	at android.app.ApplicationThreadProxy.scheduleRegisteredReceiver(ApplicationThreadNative.java:1009)
W/BroadcastQueue(  329): 	at com.android.server.am.BroadcastQueue.performReceiveLocked(BroadcastQueue.java:373)
W/BroadcastQueue(  329): 	at com.android.server.am.BroadcastQueue.deliverToRegisteredReceiverLocked(BroadcastQueue.java:439)
W/BroadcastQueue(  329): 	at com.android.server.am.BroadcastQueue.processNextBroadcast(BroadcastQueue.java:487)
W/BroadcastQueue(  329): 	at com.android.server.am.BroadcastQueue$1.handleMessage(BroadcastQueue.java:140)
W/BroadcastQueue(  329): 	at android.os.Handler.dispatchMessage(Handler.java:99)
W/BroadcastQueue(  329): 	at android.os.Looper.loop(Looper.java:137)
W/BroadcastQueue(  329): 	at com.android.server.am.ActivityManagerService$AThread.run(ActivityManagerService.java:1480)
E/JavaBinder(  329): !!! FAILED BINDER TRANSACTION !!!
I/Choreographer(  329): Skipped 41 frames!  The application may be doing too much work on its main thread.
