W/WallpaperService(  310): 	at com.android.server.WallpaperManagerService$WallpaperConnection.onServiceConnected(WallpaperManagerService.java:233)
W/WallpaperService(  310): 	at android.app.LoadedApk$ServiceDispatcher.doConnected(LoadedApk.java:1101)
W/WallpaperService(  310): 	at android.app.LoadedApk$ServiceDispatcher$RunConnection.run(LoadedApk.java:1118)
W/WallpaperService(  310): 	at android.os.Handler.handleCallback(Handler.java:725)
W/WallpaperService(  310): 	at android.os.Handler.dispatchMessage(Handler.java:92)
W/WallpaperService(  310): 	at android.os.Looper.loop(Looper.java:137)
W/WallpaperService(  310): 	at com.android.server.ServerThread.run(SystemServer.java:1000)
W/WindowManager(  310): Window freeze timeout expired.
W/WindowManager(  310): Force clearing orientation change: Window{40ea6488 u0 Keyguard}
D/MccTable(  464): updateMccMncConfiguration: mcc=310, mnc=260
D/TelephonyManager(  464): getLteOnCdmaMode=0 curVal=-1 product_type='' lteOnCdmaProductType=''
D/MccTable(  464): locale set to en_us
D/MccTable(  464): WIFI_COUNTRY_CODE set to us
I/WifiService(  310): WifiService trying to set country code to us with persist set to true
W/SystemClock(  310): time going backwards: prev 97474218193(ioctl) vs now 84550123258(ioctl), tid=333
D/dalvikvm(  310): GC_CONCURRENT freed 1053K, 23% free 5859K/7560K, paused 49ms+198ms, total 1399ms
D/SystemUIService(  741): loading: class com.android.systemui.statusbar.phone.PhoneStatusBar
D/SystemUIService(  741): running: com.android.systemui.statusbar.phone.PhoneStatusBar@40cd3980
E/VoldConnector(  310): NDC Command {4 asec list} took too long (5139ms)
D/dalvikvm(  310): GC_CONCURRENT freed 239K, 16% free 6408K/7560K, paused 7ms+17ms, total 410ms
D/dalvikvm(  310): WAIT_FOR_CONCURRENT_GC blocked 376ms
W/WindowManager(  310): App freeze timeout expired.
W/WindowManager(  310): Force clearing freeze: AppWindowToken{40f6a998 token=Token{40f5ea70 ActivityRecord{40f5e638 u0 com.android.launcher/com.android.launcher2.Launcher}}}
I/StatusBarManagerService(  310): registerStatusBar bar=com.android.internal.statusbar.IStatusBar$Stub$Proxy@40ff7810
D/dalvikvm(  485): GC_CONCURRENT freed 1899K, 35% free 3654K/5608K, paused 4ms+139ms, total 339ms
I/ActivityManager(  310): Config changes=1400 {1.0 310mcc260mnc en_US ldltr sw320dp w320dp h508dp 240dpi nrml long port finger qwerty/v/v -nav/h s.5}
W/WindowManager(  310): ***** BOOT TIMEOUT: forcing display enabled
I/SurfaceFlinger(   37): Boot is finished (93587 ms)
I/ActivityManager(  310): Config changes=1400 {1.0 310mcc260mnc en_US ldltr sw320dp w320dp h508dp 240dpi nrml long port finger qwerty/v/v -nav/h s.6}
I/PowerManagerService(  310): Boot animation finished.
I/Choreographer(  485): Skipped 1833 frames!  The application may be doing too much work on its main thread.
I/Choreographer(  310): Skipped 1878 frames!  The application may be doing too much work on its main thread.
E/SurfaceFlinger(   37): ro.sf.lcd_density must be defined as a build property
V/TAG     (  310): bug 7643792: fitSystemWindows([0,0][0,0])
D/Launcher.Model(  485): Reload apps on config change. curr_mcc:310 prevmcc:0
D/dalvikvm(  310): GC_EXPLICIT freed 712K, 14% free 6533K/7560K, paused 235ms+76ms, total 601ms
I/RecoverySystem(  310): No recovery log file
I/Choreographer(  310): Skipped 86 frames!  The application may be doing too much work on its main thread.
D/AndroidRuntime(  795): 
D/AndroidRuntime(  795): >>>>>> AndroidRuntime START com.android.internal.os.RuntimeInit <<<<<<
D/AndroidRuntime(  795): CheckJNI is ON
D/dalvikvm(  310): GC_FOR_ALLOC freed 161K, 15% free 6468K/7560K, paused 1098ms, total 1123ms
D/dalvikvm(  464): GC_CONCURRENT freed 290K, 11% free 2952K/3300K, paused 24ms+185ms, total 664ms
D/dalvikvm(  795): Trying to load lib libjavacore.so 0x0
D/dalvikvm(  795): Added shared lib libjavacore.so 0x0
I/dalvikvm-heap(  310): Grow heap (frag case) to 7.454MB for 1128976-byte allocation
D/dalvikvm(  795): Trying to load lib libnativehelper.so 0x0
D/dalvikvm(  795): Added shared lib libnativehelper.so 0x0
D/dalvikvm(  310): GC_FOR_ALLOC freed 879K, 23% free 6692K/8664K, paused 343ms, total 343ms
I/ActivityManager(  310): Start proc com.android.deskclock for broadcast com.android.deskclock/.AlarmInitReceiver: pid=786 uid=10006 gids={50006, 1028}
D/AndroidRuntime(  795): Calling main entry com.android.commands.am.Am
D/dalvikvm(  795): Note: class Landroid/app/ActivityManagerNative; has 157 unimplemented (abstract) methods
D/dalvikvm(  814): Not late-enabling CheckJNI (already on)
I/ActivityManager(  310): Start proc it.unina.android.ripper_service:android_ripper_service_process for service it.unina.android.ripper_service/.AndroidRipperService: pid=814 uid=10047 gids={50047, 3003, 1028}
D/AndroidRuntime(  795): Shutting down VM
E/Trace   (  786): error opening trace file: No such file or directory (2)
D/dalvikvm(  795): GC_CONCURRENT freed 94K, 17% free 499K/596K, paused 1ms+0ms, total 10ms
D/jdwp    (  795): Got wake-up signal, bailing out of select
D/dalvikvm(  795): Debugger has detached; object registry had 1 entries
I/Choreographer(  310): Skipped 690 frames!  The application may be doing too much work on its main thread.
D/dalvikvm(  310): GC_CONCURRENT freed 43K, 23% free 6717K/8664K, paused 31ms+151ms, total 1181ms
I/Choreographer(  310): Skipped 171 frames!  The application may be doing too much work on its main thread.
E/Trace   (  814): error opening trace file: No such file or directory (2)
D/dalvikvm(  464): GC_CONCURRENT freed 490K, 17% free 2863K/3412K, paused 4ms+3ms, total 274ms
D/dalvikvm(  741): GC_FOR_ALLOC freed 92K, 6% free 2663K/2816K, paused 864ms, total 911ms
I/dalvikvm-heap(  741): Grow heap (frag case) to 3.261MB for 635812-byte allocation
D/dalvikvm(  741): GC_FOR_ALLOC freed 5K, 5% free 3279K/3440K, paused 45ms, total 45ms
D/dalvikvm(  741): GC_CONCURRENT freed 0K, 5% free 3280K/3440K, paused 4ms+12ms, total 61ms
V/AndroidRipperService(  814): onCreate()
E/BluetoothAdapter(  741): Bluetooth binder is null
E/BluetoothAdapter(  741): Bluetooth binder is null
V/SERVER  (  814): Starting ServerSocket on PORT 8888
V/SERVER  (  814): Started ServerSocket on PORT 8888
D/AndroidRuntime(  842): 
D/AndroidRuntime(  842): >>>>>> AndroidRuntime START com.android.internal.os.RuntimeInit <<<<<<
D/AndroidRuntime(  842): CheckJNI is ON
D/dalvikvm(  842): Trying to load lib libjavacore.so 0x0
D/dalvikvm(  842): Added shared lib libjavacore.so 0x0
D/dalvikvm(  842): Trying to load lib libnativehelper.so 0x0
D/dalvikvm(  842): Added shared lib libnativehelper.so 0x0
E/BluetoothAdapter(  741): Bluetooth binder is null
V/AlarmClock(  786): No next alarm
D/ConnectivityService(  310): ConnectivityChange for mobile: CONNECTED/CONNECTED
V/AlarmClock(  786): AlarmInitReceiver - Reset timers and clear stopwatch data
V/SERVER  (  814): Ready to accept connections on port: 8888
D/AndroidRuntime(  842): Calling main entry com.android.commands.am.Am
D/dalvikvm(  842): Note: class Landroid/app/ActivityManagerNative; has 157 unimplemented (abstract) methods
W/ActivityManager(  310): Unable to find instrumentation target package: kdk.android.simplydo
I/AndroidRuntime(  842): VM exiting with result code 1.
V/AlarmClock(  786): No next alarm
V/AlarmClock(  786): AlarmInitReceiver finished
D/dalvikvm(  741): GC_CONCURRENT freed 66K, 4% free 3649K/3776K, paused 5ms+26ms, total 92ms
D/dalvikvm(  310): GC_CONCURRENT freed 1906K, 33% free 5860K/8664K, paused 304ms+7ms, total 583ms
D/dalvikvm(  310): WAIT_FOR_CONCURRENT_GC blocked 115ms
I/FusedLocation(  677): engine started (com.android.location.fused)
E/BluetoothAdapter(  741): Bluetooth binder is null
D/dalvikvm(  310): GC_CONCURRENT freed 240K, 26% free 6411K/8664K, paused 7ms+11ms, total 112ms
D/dalvikvm(  310): WAIT_FOR_CONCURRENT_GC blocked 92ms
D/PhoneStatusBar(  741): disable: < expand icons alerts ticker system_info BACK* HOME* RECENT* CLOCK* SEARCH* >
I/Choreographer(  310): Skipped 837 frames!  The application may be doing too much work on its main thread.
V/TAG     (  310): bug 7643792: fitSystemWindows([0,38][0,0])
V/        (  814): ready
V/RipperService(  814): PING
D/dalvikvm(  310): GC_FOR_ALLOC freed 535K, 24% free 6610K/8664K, paused 142ms, total 161ms
I/dalvikvm-heap(  310): Grow heap (frag case) to 7.591MB for 1128976-byte allocation
V/AndroidRipperService(  814): mHandler.handleMessage() RECIVED
D/dalvikvm(  310): GC_FOR_ALLOC freed 873K, 30% free 6839K/9768K, paused 130ms, total 130ms
V/AndroidRipperService(  814): broadcast()
E/BluetoothAdapter(  741): Bluetooth binder is null
D/SystemUIService(  741): loading: class com.android.systemui.power.PowerUI
D/SystemUIService(  741): running: com.android.systemui.power.PowerUI@40e4b6b0
D/SystemUIService(  741): loading: class com.android.systemui.media.RingtonePlayer
I/Choreographer(  310): Skipped 173 frames!  The application may be doing too much work on its main thread.
V/AndroidRipperService(  814): broadcast() done
V/        (  814): ready
D/SystemUIService(  741): running: com.android.systemui.media.RingtonePlayer@40e4c490
D/dalvikvm(  310): GC_CONCURRENT freed 220K, 32% free 6734K/9768K, paused 45ms+25ms, total 389ms
I/Choreographer(  741): Skipped 1165 frames!  The application may be doing too much work on its main thread.
I/Choreographer(  310): Skipped 129 frames!  The application may be doing too much work on its main thread.
I/Choreographer(  310): Skipped 38 frames!  The application may be doing too much work on its main thread.
E/SurfaceFlinger(   37): ro.sf.lcd_density must be defined as a build property
I/Choreographer(  310): Skipped 68 frames!  The application may be doing too much work on its main thread.
D/Tethering(  310): MasterInitialState.processMessage what=3
I/Choreographer(  310): Skipped 35 frames!  The application may be doing too much work on its main thread.
D/dalvikvm(  741): GC_CONCURRENT freed 281K, 9% free 3788K/4132K, paused 11ms+18ms, total 87ms
E/SurfaceFlinger(   37): ro.sf.lcd_density must be defined as a build property
V/RipperService(  814): PING
V/AndroidRipperService(  814): mHandler.handleMessage() RECIVED
V/AndroidRipperService(  814): broadcast()
V/AndroidRipperService(  814): broadcast() done
V/        (  814): ready
D/dalvikvm(  741): GC_FOR_ALLOC freed 38K, 9% free 3785K/4132K, paused 90ms, total 94ms
I/dalvikvm-heap(  741): Grow heap (frag case) to 9.865MB for 6410576-byte allocation
D/dalvikvm(  741): GC_FOR_ALLOC freed <1K, 4% free 10044K/10396K, paused 94ms, total 94ms
D/dalvikvm(  741): GC_CONCURRENT freed <1K, 4% free 10044K/10396K, paused 3ms+4ms, total 49ms
D/dalvikvm(  741): GC_FOR_ALLOC freed <1K, 4% free 10044K/10396K, paused 21ms, total 21ms
I/FusedLocation(  677): engine started (com.android.location.fused)
I/dalvikvm-heap(  741): Grow heap (frag case) to 12.561MB for 2828816-byte allocation
D/dalvikvm(  741): GC_CONCURRENT freed 0K, 3% free 12807K/13160K, paused 3ms+4ms, total 36ms
D/dalvikvm(  741): WAIT_FOR_CONCURRENT_GC blocked 34ms
D/gralloc_goldfish(  741): Emulator without GPU emulation detected.
I/Choreographer(  741): Skipped 482 frames!  The application may be doing too much work on its main thread.
I/Choreographer(  741): Skipped 75 frames!  The application may be doing too much work on its main thread.
V/RipperService(  814): PING
V/AndroidRipperService(  814): mHandler.handleMessage() RECIVED
V/AndroidRipperService(  814): broadcast()
V/AndroidRipperService(  814): broadcast() done
V/        (  814): ready
I/ActivityManager(  310): Start proc com.android.email for broadcast com.android.email/.service.EmailBroadcastReceiver: pid=867 uid=10019 gids={50019, 3003, 1015, 1028}
E/Trace   (  867): error opening trace file: No such file or directory (2)
I/ActivityManager(  310): Start proc com.android.exchange for service com.android.exchange/.ExchangeService: pid=884 uid=10032 gids={50032, 3003, 1015, 1028}
I/ActivityManager(  310): Start proc com.android.providers.calendar for broadcast com.android.providers.calendar/.CalendarReceiver: pid=891 uid=10023 gids={50023, 3003, 1015, 1028}
E/Trace   (  884): error opening trace file: No such file or directory (2)
E/Trace   (  891): error opening trace file: No such file or directory (2)
D/ExchangeService(  884): !!! EAS ExchangeService, onCreate
I/ActivityManager(  310): Start proc com.android.mms for broadcast com.android.mms/.transaction.MmsSystemEventReceiver: pid=915 uid=10029 gids={50029, 3003, 1015, 1028}
E/Trace   (  915): error opening trace file: No such file or directory (2)
D/dalvikvm(  310): GREF has increased to 501
D/CountryDetector(  310): The first listener is added
V/MmsConfig(  915): mnc/mcc: 310260
V/MmsConfig(  915): tag: bool value: enabledMMS - true
V/MmsConfig(  915): tag: int value: maxMessageSize - 307200
V/MmsConfig(  915): tag: int value: maxImageHeight - 480
V/MmsConfig(  915): tag: int value: maxImageWidth - 640
V/MmsConfig(  915): tag: int value: defaultSMSMessagesPerThread - 500
V/MmsConfig(  915): tag: int value: defaultMMSMessagesPerThread - 50
V/MmsConfig(  915): tag: int value: minMessageCountPerThread - 10
V/MmsConfig(  915): tag: int value: maxMessageCountPerThread - 5000
V/MmsConfig(  915): tag: string value: uaProfUrl - http://www.google.com/oha/rdf/ua-profile-kila.xml
V/MmsConfig(  915): tag: int value: recipientLimit - -1
V/MmsConfig(  915): tag: bool value: enableMultipartSMS - true
V/MmsConfig(  915): tag: int value: smsToMmsTextThreshold - -1
V/MmsConfig(  915): tag: bool value: enableSlideDuration - true
V/MmsConfig(  915): tag: int value: maxMessageTextSize - -1
V/RipperService(  814): PING
D/ExchangeService(  884): !!! EAS ExchangeService, onStartCommand, startingUp = false, running = false
V/AndroidRipperService(  814): mHandler.handleMessage() RECIVED
V/AndroidRipperService(  814): broadcast()
V/AndroidRipperService(  814): broadcast() done
V/        (  814): ready
D/Eas Debug(  884): Logging: 
I/ActivityManager(  310): Start proc com.android.settings for broadcast com.android.settings/.widget.SettingsAppWidgetProvider: pid=946 uid=1000 gids={41000, 1015, 1028, 3002, 3001, 3003}
E/Trace   (  946): error opening trace file: No such file or directory (2)
E/BluetoothAdapter(  946): Bluetooth binder is null
D/dalvikvm(  485): GC_CONCURRENT freed 771K, 42% free 3267K/5608K, paused 2ms+4ms, total 59ms
D/ExchangeService(  884): !!! EAS ExchangeService, onStartCommand, startingUp = true, running = false
D/MediaScannerReceiver(  577): action: android.intent.action.MEDIA_MOUNTED path: /mnt/sdcard
E/BluetoothAdapter(  946): Bluetooth binder is null
E/BluetoothAdapter(  946): Bluetooth binder is null
D/dalvikvm(  485): GC_FOR_ALLOC freed 121K, 41% free 3322K/5608K, paused 25ms, total 31ms
D/dalvikvm(  485): GC_CONCURRENT freed 7K, 32% free 3822K/5608K, paused 14ms+3ms, total 48ms
D/dalvikvm(  485): WAIT_FOR_CONCURRENT_GC blocked 23ms
D/dalvikvm(  485): GC_FOR_ALLOC freed <1K, 23% free 4329K/5608K, paused 23ms, total 24ms
I/dalvikvm-heap(  485): Grow heap (frag case) to 4.773MB for 518416-byte allocation
D/dalvikvm(  485): GC_FOR_ALLOC freed <1K, 21% free 4835K/6116K, paused 34ms, total 34ms
I/Choreographer(  485): Skipped 56 frames!  The application may be doing too much work on its main thread.
D/GpsLocationProvider(  310): NTP server returned: 1479729200234 (Mon Nov 21 11:53:20 GMT 2016) reference: 118621 certainty: 112 system time offset: -18
D/SystemClock(  310): Setting time of day to sec=1479729200
W/SystemClock(  310): Unable to set rtc to 1479729200: Invalid argument
I/ActivityManager(  310): Start proc com.android.calendar for broadcast com.android.calendar/.widget.CalendarAppWidgetService$CalendarFactory: pid=967 uid=10004 gids={50004, 3003, 1028}
I/Choreographer(  485): Skipped 115 frames!  The application may be doing too much work on its main thread.
E/Trace   (  967): error opening trace file: No such file or directory (2)
V/RipperService(  814): PING
V/AlarmClock(  786): No next alarm
V/AlarmClock(  786): AlarmInitReceiver finished
V/AndroidRipperService(  814): mHandler.handleMessage() RECIVED
V/AndroidRipperService(  814): broadcast()
V/AndroidRipperService(  814): broadcast() done
V/        (  814): ready
I/PackageManager(  310): No secure containers on sdcard
D/MmsSmsDatabaseHelper(  464): [MmsSmsDb] tableName: threads hasAutoIncrement: CREATE TABLE threads (_id INTEGER PRIMARY KEY AUTOINCREMENT,date INTEGER DEFAULT 0,message_count INTEGER DEFAULT 0,recipient_ids TEXT,snippet TEXT,snippet_cs INTEGER DEFAULT 0,read INTEGER DEFAULT 1,type INTEGER DEFAULT 0,error INTEGER DEFAULT 0,has_attachment INTEGER DEFAULT 0) result: true
D/MmsSmsDatabaseHelper(  464): [MmsSmsDb] tableName: canonical_addresses hasAutoIncrement: CREATE TABLE canonical_addresses (_id INTEGER PRIMARY KEY AUTOINCREMENT,address TEXT) result: true
D/MmsSmsDatabaseHelper(  464): [MmsSmsDb] tableName: part hasAutoIncrement: CREATE TABLE part (_id INTEGER PRIMARY KEY AUTOINCREMENT,mid INTEGER,seq INTEGER DEFAULT 0,ct TEXT,name TEXT,chset INTEGER,cd TEXT,fn TEXT,cid TEXT,cl TEXT,ctt_s INTEGER,ctt_t TEXT,_data TEXT,text TEXT) result: true
D/MmsSmsDatabaseHelper(  464): [MmsSmsDb] tableName: pdu hasAutoIncrement: CREATE TABLE pdu (_id INTEGER PRIMARY KEY AUTOINCREMENT,thread_id INTEGER,date INTEGER,date_sent INTEGER DEFAULT 0,msg_box INTEGER,read INTEGER DEFAULT 0,m_id TEXT,sub TEXT,sub_cs INTEGER,ct_t TEXT,ct_l TEXT,exp INTEGER,m_cls TEXT,m_type INTEGER,v INTEGER,m_size INTEGER,pri INTEGER,rr INTEGER,rpt_a INTEGER,resp_st INTEGER,st INTEGER,tr_id TEXT,retr_st INTEGER,retr_txt TEXT,retr_txt_cs INTEGER,read_status INTEGER,ct_cls INTEGER,resp_txt TEXT,d_tm INTEGER,d_rpt INTEGER,locked INTEGER DEFAULT 0,seen INTEGER DEFAULT 0,text_only INTEGER DEFAULT 0) result: true
W/PackageManager(  310): Unknown permission com.google.android.googleapps.permission.GOOGLE_AUTH.mail in package com.android.contacts
W/PackageManager(  310): Unknown permission android.permission.ADD_SYSTEM_SERVICE in package com.android.phone
D/MmsSmsDatabaseHelper(  464): [getWritableDatabase] hasAutoIncrementThreads: true hasAutoIncrementAddresses: true hasAutoIncrementPart: true hasAutoIncrementPdu: true
W/PackageManager(  310): Unknown permission com.android.smspush.WAPPUSH_MANAGER_BIND in package com.android.phone
W/PackageManager(  310): Unknown permission com.google.android.googleapps.permission.GOOGLE_AUTH in package com.android.providers.calendar
W/PackageManager(  310): Unknown permission com.google.android.googleapps.permission.GOOGLE_AUTH.cl in package com.android.providers.calendar
W/PackageManager(  310): Unknown permission com.google.android.googleapps.permission.GOOGLE_AUTH.mail in package com.android.calendar
W/PackageManager(  310): Not granting permission android.permission.SEND_DOWNLOAD_COMPLETED_INTENTS to package com.android.browser (protectionLevel=2 flags=0x89be45)
W/PackageManager(  310): Not granting permission android.permission.BIND_APPWIDGET to package com.android.widgetpreview (protectionLevel=18 flags=0x8be44)
W/PackageManager(  310): Unknown permission com.google.android.googleapps.permission.GOOGLE_AUTH in package com.android.settings
W/PackageManager(  310): Unknown permission com.google.android.gallery3d.permission.GALLERY_PROVIDER in package com.android.exchange
W/PackageManager(  310): Unknown permission com.google.android.googleapps.permission.ACCESS_GOOGLE_PASSWORD in package com.android.development
W/PackageManager(  310): Unknown permission com.google.android.googleapps.permission.GOOGLE_AUTH in package com.android.development
W/PackageManager(  310): Unknown permission com.google.android.googleapps.permission.GOOGLE_AUTH.ALL_SERVICES in package com.android.development
W/PackageManager(  310): Unknown permission com.google.android.googleapps.permission.GOOGLE_AUTH.YouTubeUser in package com.android.development
W/PackageManager(  310): Unknown permission com.google.android.gallery3d.permission.GALLERY_PROVIDER in package com.android.email
W/PackageManager(  310): Not granting permission android.permission.DEVICE_POWER to package com.android.deskclock (protectionLevel=2 flags=0x88be45)
D/EmailProvider(  867): fromDatabase accounts: 0
D/EmailProvider(  867): ending toDatabase transaction; copyCount = 0
D/EmailProvider(  867): ending fromDatabase transaction; copyCount = 0
V/RipperService(  814): PING
V/AndroidRipperService(  814): mHandler.handleMessage() RECIVED
V/AndroidRipperService(  814): broadcast()
V/AndroidRipperService(  814): broadcast() done
V/        (  814): ready
D/dalvikvm(  577): GC_CONCURRENT freed 197K, 9% free 2564K/2816K, paused 24ms+4ms, total 66ms
D/dalvikvm(  577): GREF has increased to 201
I/dalvikvm(  310): Jit: resizing JitTable from 4096 to 8192
I/AccountTypeManager(  608): Loaded meta-data for 1 account types, 0 accounts in 123ms(wall) 32ms(cpu)
D/Mms:app (  915): cancelNotification
W/ActivityManager(  310): Unable to start service Intent { cmp=com.android.email/.service.AttachmentDownloadService } U=0: not found
W/ActivityManager(  310): Unable to start service Intent { cmp=com.android.email/.service.AttachmentDownloadService } U=0: not found
D/ExchangeService(  884): Received deviceId from Email app: androidc259148960
D/ExchangeService(  884): Reconciling accounts...
D/ExchangeService(  884): !!! EAS ExchangeService, onStartCommand, startingUp = true, running = false
D/dalvikvm(  867): GC_CONCURRENT freed 195K, 10% free 2583K/2840K, paused 3ms+9ms, total 86ms
W/ActivityManager(  310): Unable to start service Intent { cmp=com.android.email/.service.AttachmentDownloadService } U=0: not found
D/ExchangeService(  884): !!! EAS ExchangeService, onStartCommand, startingUp = true, running = false
D/Eas Debug(  884): Logging: 
D/dalvikvm(  464): GREF has increased to 201
D/Mms:app (  915): cancelNotification
I/CalendarProvider2(  891): Sending notification intent: Intent { act=android.intent.action.PROVIDER_CHANGED dat=content://com.android.calendar }
W/ContentResolver(  891): Failed to get type for: content://com.android.calendar (Unknown URL content://com.android.calendar)
D/AlertReceiver(  967): onReceive: a=android.intent.action.PROVIDER_CHANGED Intent { act=android.intent.action.PROVIDER_CHANGED dat=content://com.android.calendar flg=0x10 cmp=com.android.calendar/.alerts.AlertReceiver }
D/AlertService(  967): 0 Action = android.intent.action.PROVIDER_CHANGED
D/AlertService(  967): Beginning updateAlertNotification
W/MediaProvider(  577): no database for scanned volume external
D/AlertService(  967): No fired or scheduled alerts
V/RipperService(  814): PING
V/AndroidRipperService(  814): mHandler.handleMessage() RECIVED
V/AndroidRipperService(  814): broadcast()
V/AndroidRipperService(  814): broadcast() done
V/        (  814): ready
D/dalvikvm(  485): GC_CONCURRENT freed 306K, 15% free 5223K/6116K, paused 3ms+3ms, total 55ms
D/dalvikvm(  310): GC_EXPLICIT freed 1798K, 34% free 5758K/8720K, paused 4ms+12ms, total 99ms
W/MediaScanner(  577): Error opening directory '/mnt/sdcard/.android_secure/', skipping: Permission denied.
V/MediaScanner(  577): pruneDeadThumbnailFiles... android.database.sqlite.SQLiteCursor@40cd8fb0
V/MediaScanner(  577): /pruneDeadThumbnailFiles... android.database.sqlite.SQLiteCursor@40cd8fb0
W/MediaScanner(  577): Error opening directory '/mnt/sdcard/.android_secure/', skipping: Permission denied.
V/MediaScanner(  577): pruneDeadThumbnailFiles... android.database.sqlite.SQLiteCursor@40cca3c0
V/MediaScanner(  577): /pruneDeadThumbnailFiles... android.database.sqlite.SQLiteCursor@40cca3c0
V/RipperService(  814): PING
V/AndroidRipperService(  814): mHandler.handleMessage() RECIVED
V/AndroidRipperService(  814): broadcast()
V/AndroidRipperService(  814): broadcast() done
V/        (  814): ready
V/RipperService(  814): PING
V/AndroidRipperService(  814): mHandler.handleMessage() RECIVED
V/AndroidRipperService(  814): broadcast()
V/AndroidRipperService(  814): broadcast() done
V/        (  814): ready
D/dalvikvm(  310): WAIT_FOR_CONCURRENT_GC blocked 1ms
D/dalvikvm(  310): GC_EXPLICIT freed 96K, 35% free 5732K/8720K, paused 4ms+7ms, total 81ms
V/RipperService(  814): PING
V/AndroidRipperService(  814): mHandler.handleMessage() RECIVED
V/AndroidRipperService(  814): broadcast()
V/AndroidRipperService(  814): broadcast() done
V/        (  814): ready
V/RipperService(  814): PING
V/AndroidRipperService(  814): mHandler.handleMessage() RECIVED
V/AndroidRipperService(  814): broadcast()
V/AndroidRipperService(  814): broadcast() done
V/        (  814): ready
V/RipperService(  814): PING
V/AndroidRipperService(  814): mHandler.handleMessage() RECIVED
V/AndroidRipperService(  814): broadcast()
V/AndroidRipperService(  814): broadcast() done
V/        (  814): ready
V/RipperService(  814): PING
V/AndroidRipperService(  814): mHandler.handleMessage() RECIVED
V/AndroidRipperService(  814): broadcast()
V/AndroidRipperService(  814): broadcast() done
V/        (  814): ready
I/AudioService(  310):  AudioFocus  abandonAudioFocus() from android.media.AudioManager@40cd89d8com.android.music.MediaPlaybackService$3@40cd75f8
V/RipperService(  814): PING
V/AndroidRipperService(  814): mHandler.handleMessage() RECIVED
V/AndroidRipperService(  814): broadcast()
V/AndroidRipperService(  814): broadcast() done
V/        (  814): ready
V/RipperService(  814): PING
V/AndroidRipperService(  814): mHandler.handleMessage() RECIVED
V/AndroidRipperService(  814): broadcast()
V/AndroidRipperService(  814): broadcast() done
V/        (  814): ready
V/RipperService(  814): PING
V/AndroidRipperService(  814): mHandler.handleMessage() RECIVED
V/AndroidRipperService(  814): broadcast()
V/AndroidRipperService(  814): broadcast() done
V/        (  814): ready
V/RipperService(  814): PING
V/AndroidRipperService(  814): mHandler.handleMessage() RECIVED
V/AndroidRipperService(  814): broadcast()
V/AndroidRipperService(  814): broadcast() done
V/        (  814): ready
V/RipperService(  814): PING
V/AndroidRipperService(  814): mHandler.handleMessage() RECIVED
V/AndroidRipperService(  814): broadcast()
V/AndroidRipperService(  814): broadcast() done
V/        (  814): ready
E/ThrottleService(  310): problem during onPollAlarm: java.lang.IllegalStateException: problem parsing stats: java.io.FileNotFoundException: /proc/net/xt_qtaguid/iface_stat_all: open failed: ENOENT (No such file or directory)
V/RipperService(  814): PING
V/AndroidRipperService(  814): mHandler.handleMessage() RECIVED
V/AndroidRipperService(  814): broadcast()
V/AndroidRipperService(  814): broadcast() done
V/        (  814): ready
V/RipperService(  814): PING
V/AndroidRipperService(  814): mHandler.handleMessage() RECIVED
V/AndroidRipperService(  814): broadcast()
V/AndroidRipperService(  814): broadcast() done
V/        (  814): ready
V/RipperService(  814): PING
V/AndroidRipperService(  814): mHandler.handleMessage() RECIVED
V/AndroidRipperService(  814): broadcast()
V/AndroidRipperService(  814): broadcast() done
V/        (  814): ready
V/RipperService(  814): PING
V/AndroidRipperService(  814): mHandler.handleMessage() RECIVED
V/AndroidRipperService(  814): broadcast()
V/AndroidRipperService(  814): broadcast() done
V/        (  814): ready
V/RipperService(  814): PING
V/AndroidRipperService(  814): mHandler.handleMessage() RECIVED
V/AndroidRipperService(  814): broadcast()
V/AndroidRipperService(  814): broadcast() done
V/        (  814): ready
V/RipperService(  814): PING
V/AndroidRipperService(  814): mHandler.handleMessage() RECIVED
V/AndroidRipperService(  814): broadcast()
V/AndroidRipperService(  814): broadcast() done
V/        (  814): ready
V/RipperService(  814): END
V/AndroidRipperService(  814): mHandler.handleMessage() RECIVED
V/AndroidRipperService(  814): broadcast()
V/AndroidRipperService(  814): broadcast() done
V/        (  814): ready
V/SERVER  (  814): ServerSocket on PORT 8888: offline
V/AndroidRipperService(  814): mHandler.handleMessage() DISCONNECTED
V/SERVER  (  814): Ready to accept connections on port: 8888
D/dalvikvm(  310): GC_CONCURRENT freed 243K, 7% free 4024K/4316K, paused 6ms+52ms, total 242ms
I/SystemServer(  310): Connectivity Service
E/CommandListener(   34): Failed to open /proc/sys/net/ipv6/conf/wlan0/disable_ipv6: No such file or directory
E/WifiStateMachine(  310): Failed to disable IPv6: java.lang.IllegalStateException: command '1 interface ipv6 wlan0 disable' failed with '400 1 Failed to change IPv6 state (No such file or directory)'
D/ConnectivityService(  310): ConnectivityService starting up
E/MobileDataStateTracker(  310): default: Ignoring feature request because could not acquire PhoneService
E/MobileDataStateTracker(  310): default: Could not enable APN type "default"
I/WifiService(  310): WifiService starting up with Wi-Fi disabled
I/SystemServer(  310): Network Service Discovery Service
D/NsdService(  310): Network service discovery enabled true
I/SystemServer(  310): Throttle Service
I/SystemServer(  310): UpdateLock Service
I/SystemServer(  310): Notification Manager
I/SystemServer(  310): Device Storage Monitor
I/SystemServer(  310): Location Manager
I/SystemServer(  310): Country Detector
I/SystemServer(  310): Search Service
I/SystemServer(  310): DropBox Service
I/SystemServer(  310): Wallpaper Service
I/SystemServer(  310): Audio Service
D/dalvikvm(  310): GC_CONCURRENT freed 312K, 9% free 4163K/4540K, paused 5ms+10ms, total 304ms
I/SystemServer(  310): Dock Observer
W/DockObserver(  310): This kernel does not have dock station support
I/SystemServer(  310): Wired Accessory Manager
W/WiredAccessoryManager(  310): This kernel does not have wired headset support
W/WiredAccessoryManager(  310): This kernel does not have usb audio support
W/WiredAccessoryManager(  310): This kernel does not have HDMI audio support
I/SystemServer(  310): USB Service
I/SystemServer(  310): Serial Service
I/SystemServer(  310): Twilight Service
I/SystemServer(  310): UI Mode Manager Service
I/SystemServer(  310): Backup Service
V/BackupManagerService(  310): No ancestral data
I/BackupManagerService(  310): Found stale backup journal, scheduling
I/BackupManagerService(  310):   android
I/BackupManagerService(  310):   com.android.browser
I/BackupManagerService(  310):   com.android.calendar
I/BackupManagerService(  310):   com.android.inputmethod.latin
I/BackupManagerService(  310):   com.android.providers.settings
I/BackupManagerService(  310):   com.android.providers.userdictionary
I/BackupManagerService(  310):   com.android.sharedstoragebackup
I/BackupManagerService(  310): Backup enabled => true
I/SystemServer(  310): AppWidget Service
I/SystemServer(  310): Recognition Service
I/SystemServer(  310): DiskStats Service
I/SystemServer(  310): SamplingProfiler Service
I/SystemServer(  310): NetworkTimeUpdateService
I/SystemServer(  310): CommonTimeManagementService
I/SystemServer(  310): CertBlacklister
I/SystemServer(  310): Dreams Service
I/WindowManager(  310): SAFE MODE not enabled
D/dalvikvm(  310): JIT started for system_server
D/dalvikvm(  310): GC_CONCURRENT freed 318K, 9% free 4274K/4656K, paused 5ms+27ms, total 669ms
I/ActivityManager(  310): System now ready
I/SystemServer(  310): Making services ready
I/Zygote  (  310): Process: zygote socket opened
I/ActivityManager(  310): Start proc com.android.systemui for service com.android.systemui/.SystemUIService: pid=412 uid=10034 gids={50034, 1028, 1015, 3002, 3001}
D/NetworkManagementService(  310): not enabling bandwidth control
I/keystore(   42): uid: 1000 action: e -> 7 state: 3 -> 3 retry: 4
I/Vold    (   32): /dev/block/vold/179:0 being considered for volume sdcard
D/Vold    (   32): Volume sdcard state changing 1 (Idle-Unmounted) -> 3 (Checking)
I//system/bin/fsck_msdos(   32): ** /dev/block/vold/179:0
D/MountService(  310): volume state changed for /mnt/sdcard (unmounted -> checking)
D/MountService(  310): sendStorageIntent Intent { act=android.intent.action.MEDIA_CHECKING dat=file:///mnt/sdcard (has extras) } to UserHandle{-1}
E/NetdConnector(  310): NDC Command {2 firewall disable} took too long (588ms)
W/NetworkStats(  310): bandwidth controls disabled, unable to track stats
W/NetworkPolicy(  310): bandwidth controls disabled, unable to enforce policy
I/keystore(   42): uid: 1000 action: e -> 7 state: 3 -> 3 retry: 4
E/Trace   (  412): error opening trace file: No such file or directory (2)
I/ActivityManager(  310): Config changes=200 {1.0 ?mcc?mnc en_US ldltr sw320dp w320dp h508dp 240dpi nrml long port finger qwerty/v/v -nav/h s.3}
W/RecognitionManagerService(  310): no available voice recognition services found for user 0
I//system/bin/fsck_msdos(   32): ** Phase 1 - Read and Compare FATs
I//system/bin/fsck_msdos(   32): Attempting to allocate 794 KB for FAT
D/SystemUIService(  412): loading: class com.android.systemui.statusbar.phone.PhoneStatusBar
D/SystemUIService(  412): running: com.android.systemui.statusbar.phone.PhoneStatusBar@40cd2c68
I/StatusBarManagerService(  310): registerStatusBar bar=com.android.internal.statusbar.IStatusBar$Stub$Proxy@40e82458
D/dalvikvm(  310): GC_CONCURRENT freed 84K, 4% free 4640K/4800K, paused 5ms+80ms, total 1088ms
D/dalvikvm(  310): WAIT_FOR_CONCURRENT_GC blocked 833ms
W/InputMethodManagerService(  310): Ignoring setImeWindowStatus of uid 1000 token: null
W/InputMethodManagerService(  310): Found no subtypes in a system IME: com.android.inputmethod.pinyin
I/ActivityManager(  310): Start proc com.android.inputmethod.latin for service com.android.inputmethod.latin/.LatinIME: pid=450 uid=10010 gids={50010, 1028}
I/CommonTimeManagementService(  310): No common time service detected on this platform.  Common time services will be unavailable.
I/ActivityManager(  310): Start proc com.android.phone for added application com.android.phone: pid=466 uid=1001 gids={41001, 3002, 3001, 3003, 1015, 1028}
I/ActivityManager(  310): START u0 {act=android.intent.action.MAIN cat=[android.intent.category.HOME] flg=0x10000000 cmp=com.android.launcher/com.android.launcher2.Launcher} from pid 0
I/ActivityManager(  310): Start proc com.android.launcher for activity com.android.launcher/com.android.launcher2.Launcher: pid=479 uid=10020 gids={50020, 1028}
I/SystemServer(  310): Enabled StrictMode for system server main thread.
D/dalvikvm(  310): GC_CONCURRENT freed 347K, 8% free 4862K/5272K, paused 10ms+225ms, total 2224ms
D/dalvikvm(  310): WAIT_FOR_CONCURRENT_GC blocked 43ms
D/dalvikvm(  310): WAIT_FOR_CONCURRENT_GC blocked 581ms
D/dalvikvm(  310): WAIT_FOR_CONCURRENT_GC blocked 577ms
D/dalvikvm(  310): WAIT_FOR_CONCURRENT_GC blocked 481ms
D/dalvikvm(  310): WAIT_FOR_CONCURRENT_GC blocked 1656ms
E/Trace   (  450): error opening trace file: No such file or directory (2)
D/dalvikvm(  310): GC_FOR_ALLOC freed 42K, 8% free 5044K/5480K, paused 263ms, total 269ms
E/Trace   (  466): error opening trace file: No such file or directory (2)
D/dalvikvm(  412): GC_FOR_ALLOC freed 90K, 6% free 2664K/2812K, paused 466ms, total 532ms
I/dalvikvm-heap(  412): Grow heap (frag case) to 3.259MB for 635812-byte allocation
I/InputReader(  310): Reconfiguring input devices.  changes=0x00000020
I/InputReader(  310): Reconfiguring input devices.  changes=0x00000010
I/LatinIME(  450): Hardware accelerated drawing: false
D/dalvikvm(  412): GC_CONCURRENT freed 5K, 5% free 3280K/3436K, paused 4ms+209ms, total 499ms
E/ThrottleService(  310): problem during onPollAlarm: java.lang.IllegalStateException: problem parsing stats: java.io.FileNotFoundException: /proc/net/xt_qtaguid/iface_stat_all: open failed: ENOENT (No such file or directory)
E/Trace   (  479): error opening trace file: No such file or directory (2)
D/dalvikvm(  310): GC_CONCURRENT freed 339K, 7% free 5373K/5776K, paused 315ms+44ms, total 856ms
D/dalvikvm(  310): WAIT_FOR_CONCURRENT_GC blocked 29ms
D/dalvikvm(  310): WAIT_FOR_CONCURRENT_GC blocked 368ms
I/LocationBlacklist(  310): whitelist: []
I/LocationBlacklist(  310): blacklist: []
W/InputAttributes(  450): No editor info for this field. Bug?
E/SurfaceFlinger(   37): ro.sf.lcd_density must be defined as a build property
D/gralloc_goldfish(  310): Emulator without GPU emulation detected.
E/BluetoothAdapter(  412): Bluetooth binder is null
E/BluetoothAdapter(  412): Bluetooth binder is null
W/TelephonyProvider(  466): onCreate: confFile=/system/etc/apns-conf.xml oldCheckSum=-1
D/TelephonyManager(  466): getLteOnCdmaMode=0 curVal=-1 product_type='' lteOnCdmaProductType=''
E/ActivityThread(  450): Failed to find provider info for com.android.inputmethod.latin.dictionarypack
E/BinaryDictionaryGetter(  450): Could not find a dictionary pack
I/ActivityManager(  310): Start proc android.process.acore for content provider com.android.providers.userdictionary/.UserDictionaryProvider: pid=526 uid=10001 gids={50001, 3003, 1015, 1028}
D/dalvikvm(  450): GC_CONCURRENT freed 271K, 12% free 2499K/2824K, paused 4ms+216ms, total 541ms
E/StrictMode(  450): A resource was acquired at attached stack trace but never released. See java.io.Closeable for information on avoiding resource leaks.
E/StrictMode(  450): java.lang.Throwable: Explicit termination method 'close' not called
E/StrictMode(  450): 	at dalvik.system.CloseGuard.open(CloseGuard.java:184)
E/StrictMode(  450): 	at android.os.ParcelFileDescriptor.<init>(ParcelFileDescriptor.java:412)
E/StrictMode(  450): 	at android.content.res.AssetManager.openNonAssetFdNative(Native Method)
E/StrictMode(  450): 	at android.content.res.AssetManager.openNonAssetFd(AssetManager.java:428)
E/StrictMode(  450): 	at android.content.res.Resources.openRawResourceFd(Resources.java:979)
E/StrictMode(  450): 	at com.android.inputmethod.latin.BinaryDictionaryGetter.loadFallbackResource(BinaryDictionaryGetter.java:183)
E/StrictMode(  450): 	at com.android.inputmethod.latin.BinaryDictionaryGetter.getDictionaryFiles(BinaryDictionaryGetter.java:456)
E/StrictMode(  450): 	at com.android.inputmethod.latin.DictionaryFactory.createMainDictionaryFromManager(DictionaryFactory.java:57)
E/StrictMode(  450): 	at com.android.inputmethod.latin.DictionaryFactory.createMainDictionaryFromManager(DictionaryFactory.java:87)
E/StrictMode(  450): 	at com.android.inputmethod.latin.Suggest$1.run(Suggest.java:108)
D/dalvikvm(  310): GC_CONCURRENT freed 672K, 12% free 5453K/6188K, paused 5ms+310ms, total 1220ms
D/dalvikvm(  310): WAIT_FOR_CONCURRENT_GC blocked 163ms
D/dalvikvm(  310): WAIT_FOR_CONCURRENT_GC blocked 827ms
D/dalvikvm(  310): WAIT_FOR_CONCURRENT_GC blocked 833ms
D/dalvikvm(  310): WAIT_FOR_CONCURRENT_GC blocked 555ms
D/dalvikvm(  310): GREF has increased to 301
D/dalvikvm(  310): WAIT_FOR_CONCURRENT_GC blocked 220ms
D/dalvikvm(  310): WAIT_FOR_CONCURRENT_GC blocked 994ms
D/dalvikvm(  310): WAIT_FOR_CONCURRENT_GC blocked 914ms
W/InputMethodManagerService(  310): Found no subtypes in a system IME: com.android.inputmethod.pinyin
E/BluetoothAdapter(  412): Bluetooth binder is null
D/TelephonyManager(  466): getLteOnCdmaMode=0 curVal=-1 product_type='' lteOnCdmaProductType=''
D/TelephonyManager(  466): getLteOnCdmaMode=0 curVal=-1 product_type='' lteOnCdmaProductType=''
E/Trace   (  526): error opening trace file: No such file or directory (2)
I/Choreographer(  310): Skipped 3650 frames!  The application may be doing too much work on its main thread.
D/dalvikvm(  310): GC_CONCURRENT freed 762K, 14% free 5463K/6288K, paused 6ms+21ms, total 953ms
D/dalvikvm(  310): WAIT_FOR_CONCURRENT_GC blocked 437ms
D/dalvikvm(  310): WAIT_FOR_CONCURRENT_GC blocked 476ms
D/dalvikvm(  310): WAIT_FOR_CONCURRENT_GC blocked 136ms
D/dalvikvm(  310): WAIT_FOR_CONCURRENT_GC blocked 533ms
I/ActivityManager(  310): Start proc com.android.music for broadcast com.android.music/.MediaButtonIntentReceiver: pid=553 uid=10025 gids={50025, 3003, 1015, 1028}
V/TAG     (  310): bug 7643792: fitSystemWindows([0,0][0,0])
W/Settings(  466): Setting airplane_mode_on has moved from android.provider.Settings.System to android.provider.Settings.Global, returning read-only value.
D/dalvikvm(  412): GC_CONCURRENT freed 64K, 4% free 3638K/3760K, paused 59ms+242ms, total 897ms
I/dalvikvm(  553): Turning on JNI app bug workarounds for target SDK version 9...
W/Settings(  466): Setting auto_time has moved from android.provider.Settings.System to android.provider.Settings.Global, returning read-only global URI.
W/Settings(  466): Setting auto_time_zone has moved from android.provider.Settings.System to android.provider.Settings.Global, returning read-only global URI.
V/TAG     (  310): bug 7643792: fitSystemWindows([0,0][0,0])
E/Trace   (  553): error opening trace file: No such file or directory (2)
W/ActivityManager(  310): Unable to start service Intent { act=com.android.internal.telephony.IWapPushManager } U=0: not found
I/Choreographer(  310): Skipped 155 frames!  The application may be doing too much work on its main thread.
W/ActivityManager(  310): Activity idle timeout for ActivityRecord{40f80bf0 u0 com.android.launcher/com.android.launcher2.Launcher}
D/        (  466): [ApnContext:default] set reason as dataEnabled,current state IDLE
D/        (  466): [ApnContext:default] setRetryCount: 0
D/        (  466): [ApnContext:mms] set reason as dataEnabled,current state IDLE
D/        (  466): [ApnContext:mms] setRetryCount: 0
D/        (  466): [ApnContext:supl] set reason as dataEnabled,current state IDLE
D/        (  466): [ApnContext:supl] setRetryCount: 0
D/        (  466): [ApnContext:hipri] set reason as dataEnabled,current state IDLE
E/BluetoothAdapter(  310): Bluetooth binder is null
E/BluetoothAdapter(  310): Bluetooth binder is null
V/WiredAccessoryManager(  310): init()
D/        (  466): [ApnContext:hipri] setRetryCount: 0
D/        (  466): [ApnContext:fota] set reason as dataEnabled,current state IDLE
D/        (  466): [ApnContext:fota] setRetryCount: 0
D/        (  466): [ApnContext:ims] set reason as dataEnabled,current state IDLE
D/        (  466): [ApnContext:ims] setRetryCount: 0
D/        (  466): [ApnContext:cbs] set reason as dataEnabled,current state IDLE
D/        (  466): [ApnContext:cbs] setRetryCount: 0
E/SurfaceFlinger(   37): ro.sf.lcd_density must be defined as a build property
E/BluetoothAdapter(  412): Bluetooth binder is null
D/dalvikvm(  466): GC_CONCURRENT freed 197K, 9% free 2574K/2828K, paused 4ms+97ms, total 287ms
D/dalvikvm(  310): GC_FOR_ALLOC freed 545K, 14% free 5414K/6288K, paused 717ms, total 723ms
I/dalvikvm-heap(  310): Grow heap (frag case) to 6.423MB for 1128976-byte allocation
D/dalvikvm(  310): GC_FOR_ALLOC freed 9K, 12% free 6507K/7392K, paused 324ms, total 324ms
W/WindowManager(  310): Window freeze timeout expired.
W/WindowManager(  310): Force clearing orientation change: Window{40ea2388 u0 Keyguard}
D/TelephonyManager(  466): getLteOnCdmaMode=0 curVal=-1 product_type='' lteOnCdmaProductType=''
D/CallManager(  466): registerPhone(GSM Handler (com.android.internal.telephony.PhoneProxy) {40d03398})
I/Choreographer(  310): Skipped 34 frames!  The application may be doing too much work on its main thread.
E/SoundPool(  310): error loading /system/media/audio/ui/Effect_Tick.ogg
W/AudioService(  310): Soundpool could not load file: /system/media/audio/ui/Effect_Tick.ogg
E/SoundPool(  310): error loading /system/media/audio/ui/Effect_Tick.ogg
W/AudioService(  310): Soundpool could not load file: /system/media/audio/ui/Effect_Tick.ogg
E/SoundPool(  310): error loading /system/media/audio/ui/Effect_Tick.ogg
W/AudioService(  310): Soundpool could not load file: /system/media/audio/ui/Effect_Tick.ogg
E/SoundPool(  310): error loading /system/media/audio/ui/Effect_Tick.ogg
W/AudioService(  310): Soundpool could not load file: /system/media/audio/ui/Effect_Tick.ogg
E/SoundPool(  310): error loading /system/media/audio/ui/Effect_Tick.ogg
W/AudioService(  310): Soundpool could not load file: /system/media/audio/ui/Effect_Tick.ogg
E/SoundPool(  310): error loading /system/media/audio/ui/KeypressStandard.ogg
W/AudioService(  310): Soundpool could not load file: /system/media/audio/ui/KeypressStandard.ogg
E/SoundPool(  310): error loading /system/media/audio/ui/KeypressSpacebar.ogg
W/AudioService(  310): Soundpool could not load file: /system/media/audio/ui/KeypressSpacebar.ogg
E/SoundPool(  310): error loading /system/media/audio/ui/KeypressDelete.ogg
W/AudioService(  310): Soundpool could not load file: /system/media/audio/ui/KeypressDelete.ogg
E/SoundPool(  310): error loading /system/media/audio/ui/KeypressReturn.ogg
W/AudioService(  310): Soundpool could not load file: /system/media/audio/ui/KeypressReturn.ogg
W/AudioService(  310): loadSoundEffects(), Error -1 while loading samples
I/ActivityManager(  310): Start proc com.android.contacts for broadcast com.android.contacts/.calllog.CallLogReceiver: pid=589 uid=10001 gids={50001, 3003, 1015, 1028}
I/AudioService(  310):   Remote Control   registerMediaButtonIntent() for PendingIntent{40e94550: PendingIntentRecord{4105c7e8 com.android.music broadcastIntent}}
I/ActivityManager(  310): Start proc android.process.media for content provider com.android.providers.media/.MediaProvider: pid=599 uid=10000 gids={50000, 1015, 1023, 1024, 1028, 1006, 2001, 3003, 3007}
E/BluetoothAdapter(  466): Bluetooth binder is null
E/Trace   (  589): error opening trace file: No such file or directory (2)
I/Choreographer(  310): Skipped 1172 frames!  The application may be doing too much work on its main thread.
D/dalvikvm(  526): GC_CONCURRENT freed 180K, 9% free 2611K/2848K, paused 5ms+119ms, total 599ms
W/dalvikvm(  310): threadid=2: spin on suspend #1 threadid=47 (pcf=0)
D/dalvikvm(  310): Temporarily moving tid 397 to fg (was 0)
D/dalvikvm(  310): Temporarily raised priority on tid 397 (10 -> 0)
W/dalvikvm(  310): threadid=2: spin on suspend resolved in 1045 msec
D/dalvikvm(  310): Restored policy of 397 to 0
D/dalvikvm(  310): Restored priority on 397 to 10
W/ActivityManager(  310): Timeout executing service: ServiceRecord{40e84b08 u0 com.android.systemui/.SystemUIService}
D/dalvikvm(  310): GC_CONCURRENT freed 62K, 12% free 6577K/7392K, paused 95ms+1291ms, total 4653ms
I/Process (  310): Sending signal. PID: 412 SIG: 3
I/dalvikvm(  412): threadid=3: reacting to signal 3
E/Trace   (  599): error opening trace file: No such file or directory (2)
E/BluetoothAdapter(  466): Bluetooth binder is null
I/Process (  310): Sending signal. PID: 310 SIG: 3
I/dalvikvm(  310): threadid=3: reacting to signal 3
I/dalvikvm(  412): Wrote stack traces to '/data/anr/traces.txt'
I/dalvikvm(  310): Wrote stack traces to '/data/anr/traces.txt'
I/Process (  310): Sending signal. PID: 466 SIG: 3
I/dalvikvm(  466): threadid=3: reacting to signal 3
D/dalvikvm(  310): GC_CONCURRENT freed 132K, 11% free 6623K/7392K, paused 119ms+123ms, total 821ms
D/PhoneStatusBar(  412): disable: < expand icons alerts ticker system_info back home recent clock search >
W/dalvikvm(  466): threadid=3: spin on suspend #1 threadid=1 (pcf=0)
W/dalvikvm(  466): threadid=3: spin on suspend #2 threadid=1 (pcf=0)
I/dalvikvm(  466): "Signal Catcher" daemon prio=5 tid=3 RUNNABLE
I/dalvikvm(  466):   | group="system" sCount=0 dsCount=0 obj=0x40cc73a8 self=0x2a18df90
I/dalvikvm(  466):   | sysTid=474 nice=0 sched=0/0 cgrp=apps handle=704808456
I/dalvikvm(  466):   | state=R schedstat=( 5925000 87705008 32 ) utm=0 stm=0 core=0
I/dalvikvm(  466):   at dalvik.system.NativeStart.run(Native Method)
I/dalvikvm(  466): 
I/dalvikvm(  466): "main" prio=5 tid=1 RUNNABLE
I/dalvikvm(  466):   | group="main" sCount=1 dsCount=0 obj=0x40a729a0 self=0x2a00bba8
I/dalvikvm(  466):   | sysTid=466 nice=0 sched=0/0 cgrp=apps handle=1073849308
I/dalvikvm(  466):   | state=S schedstat=( 998551058 10389203778 341 ) utm=54 stm=45 core=0
I/Choreographer(  310): Skipped 1201 frames!  The application may be doing too much work on its main thread.
I/dalvikvm(  466):   at java.util.ArrayList.contains(ArrayList.java:~335)
I/dalvikvm(  466):   at android.content.IntentFilter.addAction(IntentFilter.java:442)
I/dalvikvm(  466):   at com.android.phone.PhoneGlobals.onCreate(PhoneGlobals.java:569)
I/dalvikvm(  466):   at com.android.phone.PhoneApp.onCreate(PhoneApp.java:38)
I/dalvikvm(  466):   at android.app.Instrumentation.callApplicationOnCreate(Instrumentation.java:1000)
I/dalvikvm(  466):   at android.app.ActivityThread.handleBindApplication(ActivityThread.java:4391)
I/dalvikvm(  466):   at android.app.ActivityThread.access$1300(ActivityThread.java:141)
I/dalvikvm(  466):   at android.app.ActivityThread$H.handleMessage(ActivityThread.java:1294)
I/dalvikvm(  466):   at android.os.Handler.dispatchMessage(Handler.java:99)
I/dalvikvm(  466):   at android.os.Looper.loop(Looper.java:137)
I/dalvikvm(  466):   at android.app.ActivityThread.main(ActivityThread.java:5041)
I/dalvikvm(  466):   at java.lang.reflect.Method.invokeNative(Native Method)
I/dalvikvm(  466):   at java.lang.reflect.Method.invoke(Method.java:511)
I/dalvikvm(  466):   at com.android.internal.os.ZygoteInit$MethodAndArgsCaller.run(ZygoteInit.java:793)
I/dalvikvm(  466):   at com.android.internal.os.ZygoteInit.main(ZygoteInit.java:560)
I/dalvikvm(  466):   at dalvik.system.NativeStart.main(Native Method)
I/dalvikvm(  466): 
W/ProcessStats(  310): Skipping unknown process pid 645
W/ProcessStats(  310): Skipping unknown process pid 647
E/BluetoothAdapter(  412): Bluetooth binder is null
W/dalvikvm(  466): threadid=3: spin on suspend #3 threadid=1 (pcf=0)
I/dalvikvm(  466): "Signal Catcher" daemon prio=5 tid=3 RUNNABLE
I/dalvikvm(  466):   | group="system" sCount=0 dsCount=0 obj=0x40cc73a8 self=0x2a18df90
I/dalvikvm(  466):   | sysTid=474 nice=0 sched=0/0 cgrp=apps handle=704808456
I/dalvikvm(  466):   | state=R schedstat=( 12995002 510225037 43 ) utm=1 stm=0 core=0
I/dalvikvm(  466):   at dalvik.system.NativeStart.run(Native Method)
I/dalvikvm(  466): 
I/dalvikvm(  466): "main" prio=5 tid=1 RUNNABLE
I/dalvikvm(  466):   | group="main" sCount=1 dsCount=0 obj=0x40a729a0 self=0x2a00bba8
I/dalvikvm(  466):   | sysTid=466 nice=0 sched=0/0 cgrp=apps handle=1073849308
